2025-08-27T07:21:09.3139463Z Current runner version: '2.328.0'
2025-08-27T07:21:09.3163509Z ##[group]Runner Image Provisioner
2025-08-27T07:21:09.3164376Z Hosted Compute Agent
2025-08-27T07:21:09.3164930Z Version: 20250818.377
2025-08-27T07:21:09.3165551Z Commit: 3c593e9f75fe0b87e893bca80d6e12ba089c61fc
2025-08-27T07:21:09.3166293Z Build Date: 2025-08-18T14:52:18Z
2025-08-27T07:21:09.3166870Z ##[endgroup]
2025-08-27T07:21:09.3167799Z ##[group]Operating System
2025-08-27T07:21:09.3168448Z Ubuntu
2025-08-27T07:21:09.3168910Z 24.04.2
2025-08-27T07:21:09.3169376Z LTS
2025-08-27T07:21:09.3169847Z ##[endgroup]
2025-08-27T07:21:09.3170415Z ##[group]Runner Image
2025-08-27T07:21:09.3171016Z Image: ubuntu-24.04
2025-08-27T07:21:09.3171483Z Version: 20250818.1.0
2025-08-27T07:21:09.3172578Z Included Software: https://github.com/actions/runner-images/blob/ubuntu24/20250818.1/images/ubuntu/Ubuntu2404-Readme.md
2025-08-27T07:21:09.3174104Z Image Release: https://github.com/actions/runner-images/releases/tag/ubuntu24%2F20250818.1
2025-08-27T07:21:09.3175155Z ##[endgroup]
2025-08-27T07:21:09.3178556Z ##[group]GITHUB_TOKEN Permissions
2025-08-27T07:21:09.3180780Z Actions: write
2025-08-27T07:21:09.3181314Z Attestations: write
2025-08-27T07:21:09.3181840Z Checks: write
2025-08-27T07:21:09.3182488Z Contents: write
2025-08-27T07:21:09.3182995Z Deployments: write
2025-08-27T07:21:09.3183526Z Discussions: write
2025-08-27T07:21:09.3184117Z Issues: write
2025-08-27T07:21:09.3184604Z Metadata: read
2025-08-27T07:21:09.3185123Z Models: read
2025-08-27T07:21:09.3185691Z Packages: write
2025-08-27T07:21:09.3186204Z Pages: write
2025-08-27T07:21:09.3186695Z PullRequests: write
2025-08-27T07:21:09.3187602Z RepositoryProjects: write
2025-08-27T07:21:09.3188252Z SecurityEvents: write
2025-08-27T07:21:09.3188893Z Statuses: write
2025-08-27T07:21:09.3189505Z ##[endgroup]
2025-08-27T07:21:09.3191557Z Secret source: Actions
2025-08-27T07:21:09.3192224Z Prepare workflow directory
2025-08-27T07:21:09.3513763Z Prepare all required actions
2025-08-27T07:21:09.3552116Z Getting action download info
2025-08-27T07:21:09.7368987Z Download action repository 'actions/checkout@v4' (SHA:08eba0b27e820071cde6df949e0beb9ba4906955)
2025-08-27T07:21:09.8198097Z Download action repository 'julia-actions/setup-julia@v1' (SHA:ac0d62164df5a47de404f4e96ce86a1a28a28d56)
2025-08-27T07:21:10.0254870Z Download action repository 'julia-actions/cache@v1' (SHA:dc1a3cdeacb521b0ca93cfc66143fcadb15a5bd0)
2025-08-27T07:21:10.2165257Z Download action repository 'julia-actions/julia-processcoverage@v1' (SHA:03114f09f119417c3242a9fb6e0b722676aedf38)
2025-08-27T07:21:10.3685359Z Download action repository 'codecov/codecov-action@v3' (SHA:ab904c41d6ece82784817410c45d8b8c02684457)
2025-08-27T07:21:10.7680294Z Getting action download info
2025-08-27T07:21:10.9179211Z Download action repository 'dcarbone/install-jq-action@v2.1.0' (SHA:8867ddb4788346d7c22b72ea2e2ffe4d514c7bcb)
2025-08-27T07:21:11.1600328Z Download action repository 'actions/cache@4d4ae6ae148a43d0fd1eda1800170683e9882738' (SHA:4d4ae6ae148a43d0fd1eda1800170683e9882738)
2025-08-27T07:21:11.7997596Z Download action repository 'pyTooling/Actions@adef08d3bdef092282614f3b683897cefae82ee3' (SHA:adef08d3bdef092282614f3b683897cefae82ee3)
2025-08-27T07:21:12.1679299Z Complete job name: Julia nightly - ubuntu-latest - x64
2025-08-27T07:21:12.2343514Z ##[group]Run actions/checkout@v4
2025-08-27T07:21:12.2344213Z with:
2025-08-27T07:21:12.2344539Z   repository: bakulev/JuliaTestRocket
2025-08-27T07:21:12.2345119Z   token: ***
2025-08-27T07:21:12.2345416Z   ssh-strict: true
2025-08-27T07:21:12.2345718Z   ssh-user: git
2025-08-27T07:21:12.2346008Z   persist-credentials: true
2025-08-27T07:21:12.2346327Z   clean: true
2025-08-27T07:21:12.2346634Z   sparse-checkout-cone-mode: true
2025-08-27T07:21:12.2346977Z   fetch-depth: 1
2025-08-27T07:21:12.2347434Z   fetch-tags: false
2025-08-27T07:21:12.2347723Z   show-progress: true
2025-08-27T07:21:12.2348023Z   lfs: false
2025-08-27T07:21:12.2348297Z   submodules: false
2025-08-27T07:21:12.2348592Z   set-safe-directory: true
2025-08-27T07:21:12.2349470Z ##[endgroup]
2025-08-27T07:21:12.3592211Z Syncing repository: bakulev/JuliaTestRocket
2025-08-27T07:21:12.3594397Z ##[group]Getting Git version info
2025-08-27T07:21:12.3595439Z Working directory is '/home/runner/work/JuliaTestRocket/JuliaTestRocket'
2025-08-27T07:21:12.3596646Z [command]/usr/bin/git version
2025-08-27T07:21:12.3631293Z git version 2.51.0
2025-08-27T07:21:12.3677212Z ##[endgroup]
2025-08-27T07:21:12.3710291Z Temporarily overriding HOME='/home/runner/work/_temp/5eddfee2-141b-43a6-b9b0-b2c6821d82cd' before making global git config changes
2025-08-27T07:21:12.3711969Z Adding repository directory to the temporary git global config as a safe directory
2025-08-27T07:21:12.3713129Z [command]/usr/bin/git config --global --add safe.directory /home/runner/work/JuliaTestRocket/JuliaTestRocket
2025-08-27T07:21:12.3747807Z Deleting the contents of '/home/runner/work/JuliaTestRocket/JuliaTestRocket'
2025-08-27T07:21:12.3751996Z ##[group]Initializing the repository
2025-08-27T07:21:12.3756701Z [command]/usr/bin/git init /home/runner/work/JuliaTestRocket/JuliaTestRocket
2025-08-27T07:21:12.3818826Z hint: Using 'master' as the name for the initial branch. This default branch name
2025-08-27T07:21:12.3819929Z hint: is subject to change. To configure the initial branch name to use in all
2025-08-27T07:21:12.3821013Z hint: of your new repositories, which will suppress this warning, call:
2025-08-27T07:21:12.3821735Z hint:
2025-08-27T07:21:12.3822131Z hint: 	git config --global init.defaultBranch <name>
2025-08-27T07:21:12.3822630Z hint:
2025-08-27T07:21:12.3823342Z hint: Names commonly chosen instead of 'master' are 'main', 'trunk' and
2025-08-27T07:21:12.3824453Z hint: 'development'. The just-created branch can be renamed via this command:
2025-08-27T07:21:12.3825346Z hint:
2025-08-27T07:21:12.3825872Z hint: 	git branch -m <name>
2025-08-27T07:21:12.3826439Z hint:
2025-08-27T07:21:12.3827406Z hint: Disable this message with "git config set advice.defaultBranchName false"
2025-08-27T07:21:12.3828834Z Initialized empty Git repository in /home/runner/work/JuliaTestRocket/JuliaTestRocket/.git/
2025-08-27T07:21:12.3835073Z [command]/usr/bin/git remote add origin https://github.com/bakulev/JuliaTestRocket
2025-08-27T07:21:12.3867478Z ##[endgroup]
2025-08-27T07:21:12.3868481Z ##[group]Disabling automatic garbage collection
2025-08-27T07:21:12.3872762Z [command]/usr/bin/git config --local gc.auto 0
2025-08-27T07:21:12.3900788Z ##[endgroup]
2025-08-27T07:21:12.3901677Z ##[group]Setting up auth
2025-08-27T07:21:12.3908480Z [command]/usr/bin/git config --local --name-only --get-regexp core\.sshCommand
2025-08-27T07:21:12.3937258Z [command]/usr/bin/git submodule foreach --recursive sh -c "git config --local --name-only --get-regexp 'core\.sshCommand' && git config --local --unset-all 'core.sshCommand' || :"
2025-08-27T07:21:12.4201556Z [command]/usr/bin/git config --local --name-only --get-regexp http\.https\:\/\/github\.com\/\.extraheader
2025-08-27T07:21:12.4230125Z [command]/usr/bin/git submodule foreach --recursive sh -c "git config --local --name-only --get-regexp 'http\.https\:\/\/github\.com\/\.extraheader' && git config --local --unset-all 'http.https://github.com/.extraheader' || :"
2025-08-27T07:21:12.4455053Z [command]/usr/bin/git config --local http.https://github.com/.extraheader AUTHORIZATION: basic ***
2025-08-27T07:21:12.4488825Z ##[endgroup]
2025-08-27T07:21:12.4489541Z ##[group]Fetching the repository
2025-08-27T07:21:12.4498040Z [command]/usr/bin/git -c protocol.version=2 fetch --no-tags --prune --no-recurse-submodules --depth=1 origin +048c831dcbcc177572e3761b8279a61c28f21783:refs/remotes/origin/main
2025-08-27T07:21:12.6479797Z From https://github.com/bakulev/JuliaTestRocket
2025-08-27T07:21:12.6480460Z  * [new ref]         048c831dcbcc177572e3761b8279a61c28f21783 -> origin/main
2025-08-27T07:21:12.6508957Z ##[endgroup]
2025-08-27T07:21:12.6509844Z ##[group]Determining the checkout info
2025-08-27T07:21:12.6511383Z ##[endgroup]
2025-08-27T07:21:12.6516834Z [command]/usr/bin/git sparse-checkout disable
2025-08-27T07:21:12.6558458Z [command]/usr/bin/git config --local --unset-all extensions.worktreeConfig
2025-08-27T07:21:12.6585817Z ##[group]Checking out the ref
2025-08-27T07:21:12.6590390Z [command]/usr/bin/git checkout --progress --force -B main refs/remotes/origin/main
2025-08-27T07:21:12.6699675Z Switched to a new branch 'main'
2025-08-27T07:21:12.6702270Z branch 'main' set up to track 'origin/main'.
2025-08-27T07:21:12.6708166Z ##[endgroup]
2025-08-27T07:21:12.6743502Z [command]/usr/bin/git log -1 --format=%H
2025-08-27T07:21:12.6765523Z 048c831dcbcc177572e3761b8279a61c28f21783
2025-08-27T07:21:12.6988680Z ##[group]Run julia-actions/setup-julia@v1
2025-08-27T07:21:12.6989099Z with:
2025-08-27T07:21:12.6989371Z   version: nightly
2025-08-27T07:21:12.6989652Z   arch: x64
2025-08-27T07:21:12.6989950Z   include-all-prereleases: false
2025-08-27T07:21:12.6990301Z   show-versioninfo: false
2025-08-27T07:21:12.6990600Z ##[endgroup]
2025-08-27T07:21:15.4224590Z [command]/usr/bin/tar xf /home/runner/work/_temp/0475631b-6ae2-4645-b162-53bc64d56742 --strip-components=1 -C /opt/hostedtoolcache/julia/nightly/x64
2025-08-27T07:21:21.6457743Z [command]/opt/hostedtoolcache/julia/nightly/x64/bin/julia --compile=min -O0 -e using InteractiveUtils; versioninfo()
2025-08-27T07:21:22.3191855Z Julia Version 1.13.0-DEV.1050
2025-08-27T07:21:22.3193686Z Commit cbea8cf28e0 (2025-08-26 22:51 UTC)
2025-08-27T07:21:22.3194515Z Build Info:
2025-08-27T07:21:22.3195000Z   Official https://julialang.org release
2025-08-27T07:21:22.3195522Z Platform Info:
2025-08-27T07:21:22.3195853Z   OS: Linux (x86_64-linux-gnu)
2025-08-27T07:21:22.3196653Z   CPU: 4 × AMD EPYC 7763 64-Core Processor
2025-08-27T07:21:22.3197497Z   WORD_SIZE: 64
2025-08-27T07:21:22.3197771Z   LLVM: libLLVM-20.1.8 (ORCJIT, znver3)
2025-08-27T07:21:22.3198046Z   GC: Built with stock GC
2025-08-27T07:21:22.3198375Z Threads: 1 default, 1 interactive, 1 GC (on 4 virtual cores)
2025-08-27T07:21:22.3609360Z ##[group]Run julia-actions/cache@v1
2025-08-27T07:21:22.3609693Z with:
2025-08-27T07:21:22.3609936Z   cache-name: julia-cache;workflow=CI;job=test
2025-08-27T07:21:22.3610214Z   include-matrix: true
2025-08-27T07:21:22.3610412Z   cache-artifacts: true
2025-08-27T07:21:22.3610614Z   cache-packages: true
2025-08-27T07:21:22.3610819Z   cache-registries: true
2025-08-27T07:21:22.3611017Z   cache-compiled: true
2025-08-27T07:21:22.3611216Z   cache-scratchspaces: true
2025-08-27T07:21:22.3611419Z   cache-logs: true
2025-08-27T07:21:22.3611609Z   delete-old-caches: true
2025-08-27T07:21:22.3611933Z   token: ***
2025-08-27T07:21:22.3612128Z ##[endgroup]
2025-08-27T07:21:22.3731191Z ##[group]Run if [ -n "" ]; then
2025-08-27T07:21:22.3731530Z [36;1mif [ -n "" ]; then[0m
2025-08-27T07:21:22.3731758Z [36;1m    depot=""[0m
2025-08-27T07:21:22.3732042Z [36;1melif [ -n "$JULIA_DEPOT_PATH" ]; then[0m
2025-08-27T07:21:22.3732375Z [36;1m    # Use the first depot path[0m
2025-08-27T07:21:22.3732767Z [36;1m    depot=$(echo $JULIA_DEPOT_PATH | cut -d$PATH_DELIMITER -f1)[0m
2025-08-27T07:21:22.3733100Z [36;1melse[0m
2025-08-27T07:21:22.3733289Z [36;1m    depot="~/.julia"[0m
2025-08-27T07:21:22.3733498Z [36;1mfi[0m
2025-08-27T07:21:22.3733713Z [36;1mecho "depot=$depot" | tee -a "$GITHUB_OUTPUT"[0m
2025-08-27T07:21:22.3733991Z [36;1m[0m
2025-08-27T07:21:22.3734162Z [36;1mcache_paths=()[0m
2025-08-27T07:21:22.3734396Z [36;1martifacts_path="${depot}/artifacts"[0m
2025-08-27T07:21:22.3734710Z [36;1m[ "true" = "true" ] && cache_paths+=("$artifacts_path")[0m
2025-08-27T07:21:22.3735035Z [36;1mpackages_path="${depot}/packages"[0m
2025-08-27T07:21:22.3735360Z [36;1m[ "true" = "true" ] && cache_paths+=("$packages_path")[0m
2025-08-27T07:21:22.3735689Z [36;1mregistries_path="${depot}/registries"[0m
2025-08-27T07:21:22.3735959Z [36;1mif [ "true" = "true" ]; then[0m
2025-08-27T07:21:22.3736245Z [36;1m    if [ ! -d "${registries_path/#\~/$HOME}" ]; then[0m
2025-08-27T07:21:22.3736560Z [36;1m        cache_paths+=("$registries_path")[0m
2025-08-27T07:21:22.3736817Z [36;1m    else[0m
2025-08-27T07:21:22.3738049Z [36;1m        echo "::warning::Julia depot registries already exist. Skipping restoring of cached registries to avoid potential merge conflicts when updating. Please ensure that \`julia-actions/cache\` precedes any workflow steps which add registries."[0m
2025-08-27T07:21:22.3738979Z [36;1m    fi[0m
2025-08-27T07:21:22.3739147Z [36;1mfi[0m
2025-08-27T07:21:22.3739345Z [36;1mcompiled_path="${depot}/compiled"[0m
2025-08-27T07:21:22.3739647Z [36;1m[ "true" = "true" ] && cache_paths+=("$compiled_path")[0m
2025-08-27T07:21:22.3739985Z [36;1mscratchspaces_path="${depot}/scratchspaces"[0m
2025-08-27T07:21:22.3740330Z [36;1m[ "true" = "true" ] && cache_paths+=("$scratchspaces_path")[0m
2025-08-27T07:21:22.3740632Z [36;1mlogs_path="${depot}/logs"[0m
2025-08-27T07:21:22.3740906Z [36;1m[ "true" = "true" ] && cache_paths+=("$logs_path")[0m
2025-08-27T07:21:22.3741182Z [36;1m{[0m
2025-08-27T07:21:22.3741360Z [36;1m    echo "cache-paths<<EOF"[0m
2025-08-27T07:21:22.3741631Z [36;1m    printf "%s\n" "${cache_paths[@]}"[0m
2025-08-27T07:21:22.3741880Z [36;1m    echo "EOF"[0m
2025-08-27T07:21:22.3742093Z [36;1m} | tee -a "$GITHUB_OUTPUT"[0m
2025-08-27T07:21:22.3811697Z shell: /usr/bin/bash --noprofile --norc -e -o pipefail {0}
2025-08-27T07:21:22.3812045Z env:
2025-08-27T07:21:22.3812217Z   PATH_DELIMITER: :
2025-08-27T07:21:22.3812421Z ##[endgroup]
2025-08-27T07:21:22.3904576Z depot=~/.julia
2025-08-27T07:21:22.3918894Z cache-paths<<EOF
2025-08-27T07:21:22.3919423Z ~/.julia/artifacts
2025-08-27T07:21:22.3919755Z ~/.julia/packages
2025-08-27T07:21:22.3919977Z ~/.julia/registries
2025-08-27T07:21:22.3920200Z ~/.julia/compiled
2025-08-27T07:21:22.3920394Z ~/.julia/scratchspaces
2025-08-27T07:21:22.3920604Z ~/.julia/logs
2025-08-27T07:21:22.3920778Z EOF
2025-08-27T07:21:22.3991859Z ##[group]Run # `matrix_key` joins all of matrix keys/values (including nested objects) to ensure that concurrent runs each use a unique cache key.
2025-08-27T07:21:22.3992778Z [36;1m# `matrix_key` joins all of matrix keys/values (including nested objects) to ensure that concurrent runs each use a unique cache key.[0m
2025-08-27T07:21:22.3993416Z [36;1m# When `matrix` isn't set for the job then `MATRIX_JSON=null`.[0m
2025-08-27T07:21:22.3993806Z [36;1mif [ "true" == "true" ] && [ "$MATRIX_JSON" != "null" ]; then[0m
2025-08-27T07:21:22.3994383Z [36;1m  matrix_key=$(echo "$MATRIX_JSON" | jq 'paths(type != "object") as $p | ($p | join("-")) + "=" + (getpath($p) | tostring)' | jq -rs 'join(";") | . + ";"')[0m
2025-08-27T07:21:22.3994893Z [36;1mfi[0m
2025-08-27T07:21:22.3995204Z [36;1mrestore_key="julia-cache;workflow=CI;job=test;os=Linux;${matrix_key}"[0m
2025-08-27T07:21:22.3995609Z [36;1m# URL encode any restricted characters:[0m
2025-08-27T07:21:22.3996245Z [36;1m# https://github.com/actions/toolkit/blob/5430c5d84832076372990c7c27f900878ff66dc9/packages/cache/src/cache.ts#L38-L43[0m
2025-08-27T07:21:22.3996893Z [36;1mrestore_key=$(sed 's/,/%2C/g' <<<"${restore_key}")[0m
2025-08-27T07:21:22.3997510Z [36;1mkey="${restore_key}run_id=17260080498;run_attempt=1"[0m
2025-08-27T07:21:22.3997881Z [36;1mecho "restore-key=${restore_key}" >> $GITHUB_OUTPUT[0m
2025-08-27T07:21:22.3998211Z [36;1mecho "key=${key}" >> $GITHUB_OUTPUT[0m
2025-08-27T07:21:22.4035165Z shell: /usr/bin/bash --noprofile --norc -e -o pipefail {0}
2025-08-27T07:21:22.4035496Z env:
2025-08-27T07:21:22.4035786Z   MATRIX_JSON: {
  "version": "nightly",
  "os": "ubuntu-latest",
  "arch": "x64"
}
2025-08-27T07:21:22.4036156Z ##[endgroup]
2025-08-27T07:21:22.4208792Z ##[group]Run actions/cache@4d4ae6ae148a43d0fd1eda1800170683e9882738
2025-08-27T07:21:22.4209141Z with:
2025-08-27T07:21:22.4209588Z   path: ~/.julia/artifacts
~/.julia/packages
~/.julia/registries
~/.julia/compiled
~/.julia/scratchspaces
~/.julia/logs

2025-08-27T07:21:22.4210373Z   key: julia-cache;workflow=CI;job=test;os=Linux;version=nightly;os=ubuntu-latest;arch=x64;run_id=17260080498;run_attempt=1
2025-08-27T07:21:22.4211059Z   restore-keys: julia-cache;workflow=CI;job=test;os=Linux;version=nightly;os=ubuntu-latest;arch=x64;
2025-08-27T07:21:22.4211671Z   enableCrossOsArchive: false
2025-08-27T07:21:22.4211914Z   fail-on-cache-miss: false
2025-08-27T07:21:22.4212139Z   lookup-only: false
2025-08-27T07:21:22.4212334Z ##[endgroup]
2025-08-27T07:21:22.6730747Z ##[warning]Failed to restore: Cache service responded with 400
2025-08-27T07:21:22.6732268Z Cache not found for input keys: julia-cache;workflow=CI;job=test;os=Linux;version=nightly;os=ubuntu-latest;arch=x64;run_id=17260080498;run_attempt=1, julia-cache;workflow=CI;job=test;os=Linux;version=nightly;os=ubuntu-latest;arch=x64;
2025-08-27T07:21:22.6788086Z ##[group]Run mkdir -p ~/.julia
2025-08-27T07:21:22.6788373Z [36;1mmkdir -p ~/.julia[0m
2025-08-27T07:21:22.6788616Z [36;1mdu -shc ~/.julia/* || true[0m
2025-08-27T07:21:22.6828517Z shell: /usr/bin/bash --noprofile --norc -e -o pipefail {0}
2025-08-27T07:21:22.6828887Z ##[endgroup]
2025-08-27T07:21:22.7049436Z du: cannot access '/home/runner/.julia/*': No such file or directory
2025-08-27T07:21:22.7050069Z 0	total
2025-08-27T07:21:22.7099278Z ##[group]Run pyTooling/Actions/with-post-step@adef08d3bdef092282614f3b683897cefae82ee3
2025-08-27T07:21:22.7099697Z with:
2025-08-27T07:21:22.7099868Z   main: echo ""
2025-08-27T07:21:22.7100554Z   post: julia $GITHUB_ACTION_PATH/handle_caches.jl rm "bakulev/JuliaTestRocket" "julia-cache;workflow=CI;job=test;os=Linux;version=nightly;os=ubuntu-latest;arch=x64;" "refs/heads/main" "true"
2025-08-27T07:21:22.7101283Z   key: POST
2025-08-27T07:21:22.7101447Z env:
2025-08-27T07:21:22.7101817Z   GH_TOKEN: ***
2025-08-27T07:21:22.7102013Z ##[endgroup]
2025-08-27T07:21:22.7341022Z 
2025-08-27T07:21:22.7402112Z ##[group]Run echo "cache-hit=$CACHE_HIT" >> $GITHUB_OUTPUT
2025-08-27T07:21:22.7402510Z [36;1mecho "cache-hit=$CACHE_HIT" >> $GITHUB_OUTPUT[0m
2025-08-27T07:21:22.7442274Z shell: /usr/bin/bash --noprofile --norc -e -o pipefail {0}
2025-08-27T07:21:22.7442616Z env:
2025-08-27T07:21:22.7442795Z   CACHE_HIT: 
2025-08-27T07:21:22.7442988Z ##[endgroup]
2025-08-27T07:21:22.7587799Z ##[group]Run julia --project=. -e "
2025-08-27T07:21:22.7588135Z [36;1mjulia --project=. -e "[0m
2025-08-27T07:21:22.7588380Z [36;1m  using Pkg[0m
2025-08-27T07:21:22.7588591Z [36;1m  Pkg.instantiate()[0m
2025-08-27T07:21:22.7588813Z [36;1m  Pkg.precompile()[0m
2025-08-27T07:21:22.7589025Z [36;1m"[0m
2025-08-27T07:21:22.7626532Z shell: /usr/bin/bash --noprofile --norc -e -o pipefail {0}
2025-08-27T07:21:22.7626868Z ##[endgroup]
2025-08-27T07:21:23.2956353Z   Installing known registries into `~/.julia`
2025-08-27T07:21:24.9914527Z        Added `General` registry to ~/.julia/registries
2025-08-27T07:21:26.2446364Z    Installed StaticArraysCore ─ v1.4.3
2025-08-27T07:21:26.2447420Z    Installed Observables ────── v0.5.5
2025-08-27T07:21:26.2448153Z    Installed Preferences ────── v1.5.0
2025-08-27T07:21:26.2466278Z    Installed StaticArrays ───── v1.9.14
2025-08-27T07:21:26.2467610Z    Installed PrecompileTools ── v1.3.2
2025-08-27T07:21:26.8044807Z     Updating `~/work/JuliaTestRocket/JuliaTestRocket/Project.toml`
2025-08-27T07:21:26.8046953Z   [510215fc] + Observables v0.5.5
2025-08-27T07:21:26.8047643Z   [90137ffa] + StaticArrays v1.9.14
2025-08-27T07:21:26.8050005Z   [ade2ca70] ~ Dates ⇒ v1.11.0
2025-08-27T07:21:26.8051181Z   [56ddb016] ~ Logging ⇒ v1.11.0
2025-08-27T07:21:26.8052278Z     Updating `~/work/JuliaTestRocket/JuliaTestRocket/Manifest.toml`
2025-08-27T07:21:26.8103288Z   [510215fc] + Observables v0.5.5
2025-08-27T07:21:26.8103769Z   [aea7be01] + PrecompileTools v1.3.2
2025-08-27T07:21:26.8104204Z   [21216c6a] + Preferences v1.5.0
2025-08-27T07:21:26.8104515Z   [90137ffa] + StaticArrays v1.9.14
2025-08-27T07:21:26.8104788Z   [1e83bf80] + StaticArraysCore v1.4.3
2025-08-27T07:21:26.8106289Z   [56f22d72] + Artifacts v1.11.0
2025-08-27T07:21:26.8108361Z   [ade2ca70] ~ Dates ⇒ v1.11.0
2025-08-27T07:21:26.8109710Z   [8f399da3] + Libdl v1.11.0
2025-08-27T07:21:26.8111952Z   [37e2e46d] + LinearAlgebra v1.13.0
2025-08-27T07:21:26.8113334Z   [56ddb016] ~ Logging ⇒ v1.11.0
2025-08-27T07:21:26.8114880Z   [de0858da] + Printf v1.11.0
2025-08-27T07:21:26.8117175Z   [9a3f8284] + Random v1.11.0
2025-08-27T07:21:26.8119461Z   [ea8e919c] + SHA v0.7.0
2025-08-27T07:21:26.8121460Z   [fa267f1f] + TOML v1.0.3
2025-08-27T07:21:26.8121843Z   [4ec0a83e] + Unicode v1.11.0
2025-08-27T07:21:26.8125406Z   [e66e0078] + CompilerSupportLibraries_jll v1.3.0+1
2025-08-27T07:21:26.8129965Z   [4536629a] + OpenBLAS_jll v0.3.29+0
2025-08-27T07:21:26.8133639Z   [8e850b90] + libblastrampoline_jll v5.13.1+0
2025-08-27T07:21:26.8601408Z Precompiling packages...
2025-08-27T07:21:27.4117223Z     550.9 ms  ✓ StaticArraysCore
2025-08-27T07:21:27.5372469Z     645.3 ms  ✓ Observables
2025-08-27T07:21:28.4975107Z    1607.0 ms  ✓ Preferences
2025-08-27T07:21:28.8977724Z     400.1 ms  ✓ PrecompileTools
2025-08-27T07:21:36.0810932Z    7183.2 ms  ✓ StaticArrays
2025-08-27T07:21:37.2656177Z    1184.4 ms  ✓ PointController
2025-08-27T07:21:37.2656683Z   6 dependencies successfully precompiled in 10 seconds. 5 already precompiled.
2025-08-27T07:21:37.4518654Z ##[group]Run julia --project=. -e "
2025-08-27T07:21:37.4518989Z [36;1mjulia --project=. -e "[0m
2025-08-27T07:21:37.4519233Z [36;1m  using Pkg[0m
2025-08-27T07:21:37.4519479Z [36;1m  # Use CairoMakie for CI (no display required)[0m
2025-08-27T07:21:37.4519770Z [36;1m  Pkg.add(\"CairoMakie\")[0m
2025-08-27T07:21:37.4520017Z [36;1m  using CairoMakie[0m
2025-08-27T07:21:37.4520241Z [36;1m  CairoMakie.activate!()[0m
2025-08-27T07:21:37.4520486Z [36;1m  Pkg.test(coverage=true)[0m
2025-08-27T07:21:37.4520712Z [36;1m"[0m
2025-08-27T07:21:37.4560464Z shell: /usr/bin/bash --noprofile --norc -e -o pipefail {0}
2025-08-27T07:21:37.4560780Z env:
2025-08-27T07:21:37.4560956Z   JULIA_NUM_THREADS: 2
2025-08-27T07:21:37.4561160Z ##[endgroup]
2025-08-27T07:21:38.6622192Z    Resolving package versions...
2025-08-27T07:21:40.6583016Z    Installed libaom_jll ────────────────── v3.12.1+0
2025-08-27T07:21:40.6606246Z    Installed HarfBuzz_jll ──────────────── v8.5.1+0
2025-08-27T07:21:40.6611988Z    Installed Libuuid_jll ───────────────── v2.41.1+0
2025-08-27T07:21:40.6632865Z    Installed Formatting ────────────────── v0.4.3
2025-08-27T07:21:40.6637235Z    Installed libass_jll ────────────────── v0.17.4+0
2025-08-27T07:21:40.6643801Z    Installed ImageIO ───────────────────── v0.6.9
2025-08-27T07:21:40.6655412Z    Installed MosaicViews ───────────────── v0.3.4
2025-08-27T07:21:40.6738101Z    Installed PolygonOps ────────────────── v0.1.2
2025-08-27T07:21:40.7196047Z    Installed Bzip2_jll ─────────────────── v1.0.9+0
2025-08-27T07:21:40.7200296Z    Installed Cairo_jll ─────────────────── v1.18.5+0
2025-08-27T07:21:40.7211343Z    Installed Extents ───────────────────── v0.1.6
2025-08-27T07:21:40.7216968Z    Installed OrderedCollections ────────── v1.8.1
2025-08-27T07:21:40.7228617Z    Installed Graphite2_jll ─────────────── v1.3.15+0
2025-08-27T07:21:40.7257973Z    Installed MKL_jll ───────────────────── v2025.2.0+0
2025-08-27T07:21:40.7350765Z    Installed Libtiff_jll ───────────────── v4.7.1+0
2025-08-27T07:21:40.7485524Z    Installed Fontconfig_jll ────────────── v2.17.1+0
2025-08-27T07:21:40.8690620Z    Installed Giflib_jll ────────────────── v5.2.3+0
2025-08-27T07:21:40.8815416Z    Installed NaNMath ───────────────────── v1.1.3
2025-08-27T07:21:40.9168375Z    Installed Graphics ──────────────────── v1.1.3
2025-08-27T07:21:40.9174858Z    Installed QuadGK ────────────────────── v2.11.2
2025-08-27T07:21:40.9234463Z    Installed OpenSpecFun_jll ───────────── v0.5.6+0
2025-08-27T07:21:40.9371975Z    Installed AbstractLattices ──────────── v0.3.1
2025-08-27T07:21:40.9448121Z    Installed FileIO ────────────────────── v1.17.0
2025-08-27T07:21:40.9527522Z    Installed Opus_jll ──────────────────── v1.5.2+0
2025-08-27T07:21:40.9653306Z    Installed Optim ─────────────────────── v1.13.2
2025-08-27T07:21:40.9665400Z    Installed Tables ────────────────────── v1.12.1
2025-08-27T07:21:40.9671540Z    Installed WoodburyMatrices ──────────── v1.0.0
2025-08-27T07:21:40.9687725Z    Installed SimplePolynomials ─────────── v0.2.18
2025-08-27T07:21:40.9746045Z    Installed Xorg_libxcb_jll ───────────── v1.17.1+0
2025-08-27T07:21:40.9754547Z    Installed Ogg_jll ───────────────────── v1.3.6+0
2025-08-27T07:21:40.9779467Z    Installed EnumX ─────────────────────── v1.0.5
2025-08-27T07:21:40.9918173Z    Installed NLSolversBase ─────────────── v7.10.0
2025-08-27T07:21:41.0006340Z    Installed Missings ──────────────────── v1.2.0
2025-08-27T07:21:41.0013665Z    Installed LZO_jll ───────────────────── v2.10.3+0
2025-08-27T07:21:41.0040122Z    Installed Reexport ──────────────────── v1.2.2
2025-08-27T07:21:41.0103674Z    Installed LERC_jll ──────────────────── v4.0.1+0
2025-08-27T07:21:41.0109415Z    Installed TableTraits ───────────────── v1.0.1
2025-08-27T07:21:41.0409650Z    Installed LLVMOpenMP_jll ────────────── v18.1.8+0
2025-08-27T07:21:41.0582433Z    Installed Imath_jll ─────────────────── v3.1.11+0
2025-08-27T07:21:41.0592458Z    Installed Polynomials ───────────────── v4.0.21
2025-08-27T07:21:41.0601472Z    Installed MappedArrays ──────────────── v0.4.2
2025-08-27T07:21:41.0605795Z    Installed LaTeXStrings ──────────────── v1.4.0
2025-08-27T07:21:41.0609914Z    Installed SortingAlgorithms ─────────── v1.2.2
2025-08-27T07:21:41.0618722Z    Installed Grisu ─────────────────────── v1.0.2
2025-08-27T07:21:41.0800823Z    Installed RangeArrays ───────────────── v0.3.2
2025-08-27T07:21:41.1017955Z    Installed CRlibm ────────────────────── v1.0.2
2025-08-27T07:21:41.1032431Z    Installed Inflate ───────────────────── v0.1.5
2025-08-27T07:21:41.1049617Z    Installed ADTypes ───────────────────── v1.17.0
2025-08-27T07:21:41.1114784Z    Installed MacroTools ────────────────── v0.5.16
2025-08-27T07:21:41.1230754Z    Installed UnPack ────────────────────── v1.0.2
2025-08-27T07:21:41.1300638Z    Installed DataStructures ────────────── v0.18.22
2025-08-27T07:21:41.1346809Z    Installed ColorBrewer ───────────────── v0.4.1
2025-08-27T07:21:41.1390399Z    Installed DiffResults ───────────────── v1.1.0
2025-08-27T07:21:41.1855298Z    Installed FillArrays ────────────────── v1.13.0
2025-08-27T07:21:41.1859941Z    Installed OpenEXR_jll ───────────────── v3.2.4+0
2025-08-27T07:21:41.1864066Z    Installed MakieCore ─────────────────── v0.6.9
2025-08-27T07:21:41.1870294Z    Installed MathTeXEngine ─────────────── v0.5.7
2025-08-27T07:21:41.1875962Z    Installed Packing ───────────────────── v0.5.1
2025-08-27T07:21:41.1879662Z    Installed AbstractTrees ─────────────── v0.4.5
2025-08-27T07:21:41.1883703Z    Installed LazyModules ───────────────── v0.3.1
2025-08-27T07:21:41.2403094Z    Installed Cairo ─────────────────────── v1.1.1
2025-08-27T07:21:41.2423741Z    Installed oneTBB_jll ────────────────── v2022.0.0+0
2025-08-27T07:21:41.2432750Z    Installed Xorg_libXau_jll ───────────── v1.0.13+0
2025-08-27T07:21:41.2442882Z    Installed x264_jll ──────────────────── v10164.0.1+0
2025-08-27T07:21:41.2471552Z    Installed CairoMakie ────────────────── v0.10.12
2025-08-27T07:21:41.2481415Z    Installed UnicodeFun ────────────────── v0.4.1
2025-08-27T07:21:41.2554516Z    Installed ArrayInterface ────────────── v7.19.0
2025-08-27T07:21:41.2571528Z    Installed StatsBase ─────────────────── v0.34.6
2025-08-27T07:21:41.2666208Z    Installed IntelOpenMP_jll ───────────── v2025.2.0+0
2025-08-27T07:21:41.2859206Z    Installed DataValueInterfaces ───────── v1.0.0
2025-08-27T07:21:41.2952989Z    Installed Libffi_jll ────────────────── v3.4.7+0
2025-08-27T07:21:41.2956209Z    Installed Expat_jll ─────────────────── v2.7.1+0
2025-08-27T07:21:41.2963862Z    Installed CommonSubexpressions ──────── v0.3.1
2025-08-27T07:21:41.2969660Z    Installed CEnum ─────────────────────── v0.5.0
2025-08-27T07:21:41.2979121Z    Installed Pixman_jll ────────────────── v0.44.2+0
2025-08-27T07:21:41.2985413Z    Installed IrrationalConstants ───────── v0.2.4
2025-08-27T07:21:41.3423800Z    Installed IntegerMathUtils ──────────── v0.1.3
2025-08-27T07:21:41.3445901Z    Installed isoband_jll ───────────────── v0.2.3+0
2025-08-27T07:21:41.3456157Z    Installed libpng_jll ────────────────── v1.6.50+0
2025-08-27T07:21:41.3466308Z    Installed SimpleTraits ──────────────── v0.9.5
2025-08-27T07:21:41.3473209Z    Installed RoundingEmulator ──────────── v0.2.1
2025-08-27T07:21:41.3661738Z    Installed Contour ───────────────────── v0.6.3
2025-08-27T07:21:41.4136551Z    Installed ColorVectorSpace ──────────── v0.10.0
2025-08-27T07:21:41.4167672Z    Installed libfdk_aac_jll ────────────── v2.0.4+0
2025-08-27T07:21:41.4177224Z    Installed StableRNGs ────────────────── v1.0.3
2025-08-27T07:21:41.4184952Z    Installed ImageMetadata ─────────────── v0.9.10
2025-08-27T07:21:41.4264263Z    Installed Interpolations ────────────── v0.16.2
2025-08-27T07:21:41.4389023Z    Installed libsixel_jll ──────────────── v1.10.5+0
2025-08-27T07:21:41.4678340Z    Installed libwebp_jll ───────────────── v1.6.0+0
2025-08-27T07:21:41.4701782Z    Installed PikaParser ────────────────── v0.6.1
2025-08-27T07:21:41.4706294Z    Installed Scratch ───────────────────── v1.3.0
2025-08-27T07:21:41.4737669Z    Installed FFMPEG_jll ────────────────── v7.1.1+0
2025-08-27T07:21:41.4958454Z    Installed Setfield ──────────────────── v1.1.2
2025-08-27T07:21:41.4974521Z    Installed ShaderAbstractions ────────── v0.4.1
2025-08-27T07:21:41.5167222Z    Installed CRlibm_jll ────────────────── v1.0.1+0
2025-08-27T07:21:41.5213304Z    Installed PDMats ────────────────────── v0.11.35
2025-08-27T07:21:41.5259426Z    Installed WeakKeyIdDicts ────────────── v0.1.0
2025-08-27T07:21:41.5760902Z    Installed ImageCore ─────────────────── v0.10.5
2025-08-27T07:21:41.5841165Z    Installed AxisArrays ────────────────── v0.4.7
2025-08-27T07:21:41.5879925Z    Installed DocStringExtensions ───────── v0.9.5
2025-08-27T07:21:41.6105413Z    Installed JpegTurbo ─────────────────── v0.1.6
2025-08-27T07:21:41.6122372Z    Installed PNGFiles ──────────────────── v0.4.4
2025-08-27T07:21:41.6643263Z    Installed ForwardDiff ───────────────── v1.1.0
2025-08-27T07:21:41.7354451Z    Installed StableHashTraits ──────────── v1.3.4
2025-08-27T07:21:41.7373152Z    Installed Rmath_jll ─────────────────── v0.5.1+0
2025-08-27T07:21:41.7569910Z    Installed DifferentiationInterface ──── v0.7.7
2025-08-27T07:21:41.7605572Z    Installed Multisets ─────────────────── v0.4.5
2025-08-27T07:21:41.7825321Z    Installed OpenBLASConsistentFPCSR_jll ─ v0.3.29+0
2025-08-27T07:21:41.7841381Z    Installed FreeType ──────────────────── v4.1.1
2025-08-27T07:21:41.8730349Z    Installed LightXML ──────────────────── v0.9.2
2025-08-27T07:21:41.8742236Z    Installed PkgVersion ────────────────── v0.3.3
2025-08-27T07:21:41.8808006Z    Installed ColorSchemes ──────────────── v3.30.0
2025-08-27T07:21:41.8872247Z    Installed StackViews ────────────────── v0.1.2
2025-08-27T07:21:41.8909863Z    Installed RelocatableFolders ────────── v1.0.1
2025-08-27T07:21:41.9041483Z    Installed KernelDensity ─────────────── v0.6.10
2025-08-27T07:21:41.9042586Z    Installed AliasTables ───────────────── v1.1.3
2025-08-27T07:21:41.9104419Z    Installed IteratorInterfaceExtensions ─ v1.0.0
2025-08-27T07:21:41.9110160Z    Installed Combinatorics ─────────────── v1.0.3
2025-08-27T07:21:41.9269160Z    Installed SIMD ──────────────────────── v3.7.1
2025-08-27T07:21:41.9282558Z    Installed RecipesBase ───────────────── v1.3.4
2025-08-27T07:21:41.9286034Z    Installed DataAPI ───────────────────── v1.16.0
2025-08-27T07:21:41.9330996Z    Installed Netpbm ────────────────────── v1.1.1
2025-08-27T07:21:41.9540268Z    Installed ImageAxes ─────────────────── v0.6.12
2025-08-27T07:21:41.9576914Z    Installed Mods ──────────────────────── v2.2.6
2025-08-27T07:21:41.9670182Z    Installed Colors ────────────────────── v0.12.11
2025-08-27T07:21:41.9708149Z    Installed Libglvnd_jll ──────────────── v1.7.1+1
2025-08-27T07:21:41.9762932Z    Installed AbstractFFTs ──────────────── v1.5.0
2025-08-27T07:21:41.9774495Z    Installed QOI ───────────────────────── v1.0.1
2025-08-27T07:21:41.9777959Z    Installed ColorTypes ────────────────── v0.11.5
2025-08-27T07:21:41.9835685Z    Installed AxisAlgorithms ────────────── v1.1.0
2025-08-27T07:21:42.0194222Z    Installed Glib_jll ──────────────────── v2.84.3+0
2025-08-27T07:21:42.0223108Z    Installed Requires ──────────────────── v1.3.1
2025-08-27T07:21:42.0480420Z    Installed BaseDirs ──────────────────── v1.3.2
2025-08-27T07:21:42.0511696Z    Installed LogExpFunctions ───────────── v0.3.29
2025-08-27T07:21:42.0571143Z    Installed DiffRules ─────────────────── v1.15.1
2025-08-27T07:21:42.1034822Z    Installed SimplePartitions ──────────── v0.3.3
2025-08-27T07:21:42.1261298Z    Installed JSON ──────────────────────── v0.21.4
2025-08-27T07:21:42.1294378Z    Installed Rmath ─────────────────────── v0.8.0
2025-08-27T07:21:42.1302565Z    Installed FreeTypeAbstraction ───────── v0.10.8
2025-08-27T07:21:42.1306872Z    Installed Parsers ───────────────────── v2.8.3
2025-08-27T07:21:42.1317893Z    Installed FiniteDiff ────────────────── v2.28.1
2025-08-27T07:21:42.1358973Z    Installed Distributions ─────────────── v0.25.120
2025-08-27T07:21:42.1441760Z    Installed GeoFormatTypes ────────────── v0.4.4
2025-08-27T07:21:42.1788822Z    Installed StatsFuns ─────────────────── v1.5.0
2025-08-27T07:21:42.1801562Z    Installed Xorg_libXdmcp_jll ─────────── v1.1.6+0
2025-08-27T07:21:42.1822913Z    Installed SignedDistanceFields ──────── v0.4.0
2025-08-27T07:21:42.1834169Z    Installed OpenEXR ───────────────────── v0.3.3
2025-08-27T07:21:42.1842035Z    Installed JLLWrappers ───────────────── v1.7.1
2025-08-27T07:21:42.1847531Z    Installed GridLayoutBase ────────────── v0.9.2
2025-08-27T07:21:42.2389024Z    Installed XZ_jll ────────────────────── v5.8.1+0
2025-08-27T07:21:42.2397434Z    Installed x265_jll ──────────────────── v4.1.0+0
2025-08-27T07:21:42.2436006Z    Installed Primes ────────────────────── v0.5.7
2025-08-27T07:21:42.2443214Z    Installed ExactPredicates ───────────── v2.2.8
2025-08-27T07:21:42.2446584Z    Installed GeometryBasics ────────────── v0.4.11
2025-08-27T07:21:42.2456173Z    Installed StructTypes ───────────────── v1.11.0
2025-08-27T07:21:42.2869029Z    Installed Pango_jll ─────────────────── v1.56.3+0
2025-08-27T07:21:42.2896699Z    Installed Xorg_xtrans_jll ───────────── v1.6.0+0
2025-08-27T07:21:42.2913049Z    Installed JpegTurbo_jll ─────────────── v3.1.2+0
2025-08-27T07:21:42.2918208Z    Installed PaddedViews ───────────────── v0.5.12
2025-08-27T07:21:42.2918857Z    Installed IterTools ─────────────────── v1.10.0
2025-08-27T07:21:42.3058382Z    Installed TiffImages ────────────────── v0.11.6
2025-08-27T07:21:42.3278916Z    Installed Libmount_jll ──────────────── v2.41.1+0
2025-08-27T07:21:42.3292829Z    Installed Adapt ─────────────────────── v4.3.0
2025-08-27T07:21:42.3393638Z    Installed ConstructionBase ──────────── v1.6.0
2025-08-27T07:21:42.3510082Z    Installed TriplotBase ───────────────── v0.1.0
2025-08-27T07:21:42.3545843Z    Installed HypergeometricFunctions ───── v0.3.28
2025-08-27T07:21:42.4376988Z    Installed Sixel ─────────────────────── v0.1.5
2025-08-27T07:21:42.4504187Z    Installed LinearAlgebraX ────────────── v0.2.10
2025-08-27T07:21:42.4511813Z    Installed Xorg_libX11_jll ───────────── v1.8.12+0
2025-08-27T07:21:42.4516031Z    Installed DelaunayTriangulation ─────── v0.8.12
2025-08-27T07:21:42.4521388Z    Installed Compat ────────────────────── v4.18.0
2025-08-27T07:21:42.4529833Z    Installed TranscodingStreams ────────── v0.11.3
2025-08-27T07:21:42.4536476Z    Installed RingLists ─────────────────── v0.2.9
2025-08-27T07:21:42.4711040Z    Installed PlotUtils ─────────────────── v1.4.3
2025-08-27T07:21:42.4943438Z    Installed EarCut_jll ────────────────── v2.2.4+0
2025-08-27T07:21:42.4970211Z    Installed PositiveFactorizations ────── v0.2.4
2025-08-27T07:21:42.4980892Z    Installed TensorCore ────────────────── v0.1.1
2025-08-27T07:21:42.4985463Z    Installed ImageBase ─────────────────── v0.1.7
2025-08-27T07:21:42.4986335Z    Installed StatsAPI ──────────────────── v1.7.1
2025-08-27T07:21:42.5055046Z    Installed Statistics ────────────────── v1.11.1
2025-08-27T07:21:42.5065922Z    Installed StructArrays ──────────────── v0.6.21
2025-08-27T07:21:42.5374593Z    Installed WebP ──────────────────────── v0.1.3
2025-08-27T07:21:42.5392488Z    Installed ProgressMeter ─────────────── v1.11.0
2025-08-27T07:21:42.5570186Z    Installed Ratios ────────────────────── v0.4.5
2025-08-27T07:21:42.5727852Z    Installed TupleTools ────────────────── v1.6.0
2025-08-27T07:21:42.5854992Z    Installed OffsetArrays ──────────────── v1.17.0
2025-08-27T07:21:42.5922179Z    Installed GettextRuntime_jll ────────── v0.22.4+0
2025-08-27T07:21:42.5933006Z    Installed FriBidi_jll ───────────────── v1.0.17+0
2025-08-27T07:21:42.5940177Z    Installed ChainRulesCore ────────────── v1.26.0
2025-08-27T07:21:42.6025068Z    Installed LAME_jll ──────────────────── v3.100.3+0
2025-08-27T07:21:42.6165174Z    Installed Xorg_libXrender_jll ───────── v0.9.12+0
2025-08-27T07:21:42.6733884Z    Installed libvorbis_jll ─────────────── v1.3.8+0
2025-08-27T07:21:42.6740417Z    Installed Animations ────────────────── v0.4.2
2025-08-27T07:21:42.6756940Z    Installed Isoband ───────────────────── v0.1.1
2025-08-27T07:21:42.6765049Z    Installed PtrArrays ─────────────────── v1.3.0
2025-08-27T07:21:42.6774812Z    Installed Parameters ────────────────── v0.12.3
2025-08-27T07:21:42.6837780Z    Installed IntervalArithmetic ────────── v0.22.36
2025-08-27T07:21:42.6844250Z    Installed XML2_jll ──────────────────── v2.14.4+0
2025-08-27T07:21:42.7228787Z    Installed Showoff ───────────────────── v1.0.3
2025-08-27T07:21:42.7242089Z    Installed FixedPointNumbers ─────────── v0.8.5
2025-08-27T07:21:42.7350589Z    Installed IntervalSets ──────────────── v0.7.11
2025-08-27T07:21:42.7370566Z    Installed FreeType2_jll ─────────────── v2.13.4+0
2025-08-27T07:21:42.7385696Z    Installed FFTW ──────────────────────── v1.9.0
2025-08-27T07:21:42.7395714Z    Installed SpecialFunctions ──────────── v2.5.1
2025-08-27T07:21:42.7522281Z    Installed Permutations ──────────────── v0.4.23
2025-08-27T07:21:42.7666861Z    Installed Libiconv_jll ──────────────── v1.18.0+0
2025-08-27T07:21:42.7702594Z    Installed FFTW_jll ──────────────────── v3.3.11+0
2025-08-27T07:21:42.8049306Z    Installed LineSearches ──────────────── v7.4.0
2025-08-27T07:21:42.8162698Z    Installed Automa ────────────────────── v1.1.0
2025-08-27T07:21:42.8174170Z    Installed Xorg_libXext_jll ──────────── v1.3.7+0
2025-08-27T07:21:42.8176664Z    Installed IndirectArrays ────────────── v1.0.0
2025-08-27T07:21:42.8290815Z    Installed GeoInterface ──────────────── v1.4.1
2025-08-27T07:21:42.8294469Z    Installed SimpleRandom ──────────────── v0.3.2
2025-08-27T07:21:42.9303774Z    Installed SimpleGraphs ──────────────── v0.8.7
2025-08-27T07:21:43.2513393Z    Installed Makie ─────────────────────── v0.19.12
2025-08-27T07:21:43.6639869Z   Installing 55 artifacts
2025-08-27T07:21:44.2178890Z    Installed artifact FriBidi                 78.9 KiB
2025-08-27T07:21:44.2292787Z    Installed artifact CRlibm                  169.5 KiB
2025-08-27T07:21:44.2319272Z    Installed artifact Giflib                  154.6 KiB
2025-08-27T07:21:44.2332480Z    Installed artifact Xorg_libXrender         435.9 KiB
2025-08-27T07:21:44.3272310Z    Installed artifact Expat                   274.7 KiB
2025-08-27T07:21:44.3731527Z    Installed artifact HarfBuzz                1.7 MiB
2025-08-27T07:21:44.4240442Z    Installed artifact Pango                   1.1 MiB
2025-08-27T07:21:44.4553565Z    Installed artifact libpng                  328.4 KiB
2025-08-27T07:21:44.4601054Z    Installed artifact libass                  427.8 KiB
2025-08-27T07:21:44.4616522Z    Installed artifact Cairo                   2.2 MiB
2025-08-27T07:21:44.4635852Z    Installed artifact Libglvnd                833.5 KiB
2025-08-27T07:21:44.5122728Z    Installed artifact Libffi                  44.2 KiB
2025-08-27T07:21:44.5669965Z    Installed artifact LLVMOpenMP              661.6 KiB
2025-08-27T07:21:44.5696928Z    Installed artifact libsixel                177.3 KiB
2025-08-27T07:21:44.5730184Z    Installed artifact LZO                     208.9 KiB
2025-08-27T07:21:44.6436272Z    Installed artifact Rmath                   121.9 KiB
2025-08-27T07:21:44.6474081Z    Installed artifact XML2                    2.5 MiB
2025-08-27T07:21:44.7504819Z    Installed artifact Libiconv                1.9 MiB
2025-08-27T07:21:44.9369068Z    Installed artifact Pixman                  372.2 KiB
2025-08-27T07:21:44.9369784Z    Installed artifact libaom                  6.4 MiB
2025-08-27T07:21:44.9396960Z    Installed artifact OpenEXR                 1.9 MiB
2025-08-27T07:21:44.9428738Z    Installed artifact GettextRuntime          543.0 KiB
2025-08-27T07:21:44.9449476Z    Installed artifact Libuuid                 3.6 MiB
2025-08-27T07:21:44.9678977Z    Installed artifact FFTW                    2.2 MiB
2025-08-27T07:21:44.9746363Z    Installed artifact isoband                 25.7 KiB
2025-08-27T07:21:44.9933316Z    Installed artifact Graphite2               120.2 KiB
2025-08-27T07:21:45.0364805Z    Installed artifact Xorg_xtrans             48.2 KiB
2025-08-27T07:21:45.1795728Z    Installed artifact Xorg_libXdmcp           67.7 KiB
2025-08-27T07:21:45.1800828Z    Installed artifact libvorbis               271.0 KiB
2025-08-27T07:21:45.1808976Z    Installed artifact XZ                      1.5 MiB
2025-08-27T07:21:45.2766363Z    Installed artifact x264                    2.1 MiB
2025-08-27T07:21:45.4182559Z    Installed artifact Opus                    925.5 KiB
2025-08-27T07:21:45.4187980Z    Installed artifact Xorg_libX11             13.9 MiB
2025-08-27T07:21:45.5742554Z    Installed artifact EarCut                  80.5 KiB
2025-08-27T07:21:45.5749319Z    Installed artifact Glib                    7.7 MiB
2025-08-27T07:21:45.5753121Z    Installed artifact LAME                    292.5 KiB
2025-08-27T07:21:45.5770470Z    Installed artifact Fontconfig              984.8 KiB
2025-08-27T07:21:45.7786520Z    Installed artifact OpenBLASConsistentFPCSR 9.9 MiB
2025-08-27T07:21:45.7796655Z    Installed artifact x265                    1.4 MiB
2025-08-27T07:21:45.7803213Z    Installed artifact Xorg_libXext            699.9 KiB
2025-08-27T07:21:46.0730012Z    Installed artifact OpenSpecFun             194.9 KiB
2025-08-27T07:21:46.1089386Z    Installed artifact Ogg                     250.3 KiB
2025-08-27T07:21:46.1102798Z    Installed artifact Xorg_libxcb             2.1 MiB
2025-08-27T07:21:46.1121305Z    Installed artifact Bzip2                   503.5 KiB
2025-08-27T07:21:46.1243501Z    Installed artifact LERC                    272.9 KiB
2025-08-27T07:21:46.1562279Z    Installed artifact Xorg_libXau             36.6 KiB
2025-08-27T07:21:46.1819056Z    Installed artifact FreeType2               1.5 MiB
2025-08-27T07:21:46.1824724Z    Installed artifact libfdk_aac              2.8 MiB
2025-08-27T07:21:46.1845534Z    Installed artifact Imath                   182.8 KiB
2025-08-27T07:21:46.2917780Z    Installed artifact oneTBB                  435.6 KiB
2025-08-27T07:21:46.3646889Z    Installed artifact JpegTurbo               1.6 MiB
2025-08-27T07:21:46.4092922Z    Installed artifact libwebp                 2.6 MiB
2025-08-27T07:21:46.5806925Z    Installed artifact Libtiff                 3.2 MiB
2025-08-27T07:21:46.6102801Z    Installed artifact Libmount                6.5 MiB
2025-08-27T07:21:46.6853998Z    Installed artifact FFMPEG                  11.4 MiB
2025-08-27T07:21:46.6866262Z       Compat entries added for 
2025-08-27T07:21:47.3098871Z     Updating `~/work/JuliaTestRocket/JuliaTestRocket/Project.toml`
2025-08-27T07:21:47.3100622Z ⌅ [13f3f980] + CairoMakie v0.10.12
2025-08-27T07:21:47.3104726Z     Updating `~/work/JuliaTestRocket/JuliaTestRocket/Manifest.toml`
2025-08-27T07:21:47.3429936Z   [47edcb42] + ADTypes v1.17.0
2025-08-27T07:21:47.3430350Z   [621f4979] + AbstractFFTs v1.5.0
2025-08-27T07:21:47.3430664Z   [398f06c4] + AbstractLattices v0.3.1
2025-08-27T07:21:47.3431163Z   [1520ce14] + AbstractTrees v0.4.5
2025-08-27T07:21:47.3431644Z   [79e6a3ab] + Adapt v4.3.0
2025-08-27T07:21:47.3432286Z   [66dad0bd] + AliasTables v1.1.3
2025-08-27T07:21:47.3432796Z   [27a7e980] + Animations v0.4.2
2025-08-27T07:21:47.3433319Z   [4fba245c] + ArrayInterface v7.19.0
2025-08-27T07:21:47.3433879Z   [67c07d97] + Automa v1.1.0
2025-08-27T07:21:47.3434374Z   [13072b0f] + AxisAlgorithms v1.1.0
2025-08-27T07:21:47.3434895Z   [39de3d68] + AxisArrays v0.4.7
2025-08-27T07:21:47.3435368Z   [18cc8868] + BaseDirs v1.3.2
2025-08-27T07:21:47.3435831Z   [fa961155] + CEnum v0.5.0
2025-08-27T07:21:47.3436249Z   [96374032] + CRlibm v1.0.2
2025-08-27T07:21:47.3436679Z   [159f3aea] + Cairo v1.1.1
2025-08-27T07:21:47.3437746Z ⌅ [13f3f980] + CairoMakie v0.10.12
2025-08-27T07:21:47.3438163Z   [d360d2e6] + ChainRulesCore v1.26.0
2025-08-27T07:21:47.3438586Z   [a2cac450] + ColorBrewer v0.4.1
2025-08-27T07:21:47.3438978Z   [35d6a980] + ColorSchemes v3.30.0
2025-08-27T07:21:47.3439455Z ⌅ [3da002f7] + ColorTypes v0.11.5
2025-08-27T07:21:47.3439935Z ⌃ [c3611d14] + ColorVectorSpace v0.10.0
2025-08-27T07:21:47.3440404Z ⌅ [5ae59095] + Colors v0.12.11
2025-08-27T07:21:47.3440795Z   [861a8166] + Combinatorics v1.0.3
2025-08-27T07:21:47.3441226Z   [bbf7d656] + CommonSubexpressions v0.3.1
2025-08-27T07:21:47.3442088Z   [34da2185] + Compat v4.18.0
2025-08-27T07:21:47.3442473Z   [187b0558] + ConstructionBase v1.6.0
2025-08-27T07:21:47.3442877Z   [d38c429a] + Contour v0.6.3
2025-08-27T07:21:47.3443242Z   [9a962f9c] + DataAPI v1.16.0
2025-08-27T07:21:47.3443706Z ⌅ [864edb3b] + DataStructures v0.18.22
2025-08-27T07:21:47.3444133Z   [e2d170a0] + DataValueInterfaces v1.0.0
2025-08-27T07:21:47.3444675Z ⌅ [927a84f5] + DelaunayTriangulation v0.8.12
2025-08-27T07:21:47.3445113Z   [163ba53b] + DiffResults v1.1.0
2025-08-27T07:21:47.3445505Z   [b552c78f] + DiffRules v1.15.1
2025-08-27T07:21:47.3445931Z   [a0c0ee7d] + DifferentiationInterface v0.7.7
2025-08-27T07:21:47.3446389Z   [31c24e10] + Distributions v0.25.120
2025-08-27T07:21:47.3446823Z   [ffbed154] + DocStringExtensions v0.9.5
2025-08-27T07:21:47.3447419Z   [4e289a0a] + EnumX v1.0.5
2025-08-27T07:21:47.3447796Z   [429591f6] + ExactPredicates v2.2.8
2025-08-27T07:21:47.3448196Z   [411431e0] + Extents v0.1.6
2025-08-27T07:21:47.3448555Z   [7a1cc6ca] + FFTW v1.9.0
2025-08-27T07:21:47.3449102Z   [5789e2e9] + FileIO v1.17.0
2025-08-27T07:21:47.3449476Z   [1a297f60] + FillArrays v1.13.0
2025-08-27T07:21:47.3449851Z   [6a86dc24] + FiniteDiff v2.28.1
2025-08-27T07:21:47.3450242Z   [53c48c17] + FixedPointNumbers v0.8.5
2025-08-27T07:21:47.3450644Z   [59287772] + Formatting v0.4.3
2025-08-27T07:21:47.3451014Z   [f6369f11] + ForwardDiff v1.1.0
2025-08-27T07:21:47.3451392Z   [b38be410] + FreeType v4.1.1
2025-08-27T07:21:47.3451771Z   [663a7486] + FreeTypeAbstraction v0.10.8
2025-08-27T07:21:47.3452207Z   [68eda718] + GeoFormatTypes v0.4.4
2025-08-27T07:21:47.3452696Z ⌃ [cf35fbd7] + GeoInterface v1.4.1
2025-08-27T07:21:47.3453183Z ⌅ [5c1252a2] + GeometryBasics v0.4.11
2025-08-27T07:21:47.3453583Z   [a2bd30eb] + Graphics v1.1.3
2025-08-27T07:21:47.3454013Z ⌅ [3955a311] + GridLayoutBase v0.9.2
2025-08-27T07:21:47.3454399Z   [42e2da0e] + Grisu v1.0.2
2025-08-27T07:21:47.3454818Z   [34004b35] + HypergeometricFunctions v0.3.28
2025-08-27T07:21:47.3455249Z   [2803e5a7] + ImageAxes v0.6.12
2025-08-27T07:21:47.3455636Z   [c817782e] + ImageBase v0.1.7
2025-08-27T07:21:47.3455995Z   [a09fc81d] + ImageCore v0.10.5
2025-08-27T07:21:47.3456358Z   [82e4d734] + ImageIO v0.6.9
2025-08-27T07:21:47.3456725Z   [bc367c6b] + ImageMetadata v0.9.10
2025-08-27T07:21:47.3457272Z   [9b13fd28] + IndirectArrays v1.0.0
2025-08-27T07:21:47.3457672Z   [d25df0c9] + Inflate v0.1.5
2025-08-27T07:21:47.3458041Z   [18e54dd8] + IntegerMathUtils v0.1.3
2025-08-27T07:21:47.3458463Z   [a98d9a8b] + Interpolations v0.16.2
2025-08-27T07:21:47.3458973Z ⌅ [d1acc4aa] + IntervalArithmetic v0.22.36
2025-08-27T07:21:47.3459395Z   [8197267c] + IntervalSets v0.7.11
2025-08-27T07:21:47.3459803Z   [92d709cd] + IrrationalConstants v0.2.4
2025-08-27T07:21:47.3460224Z   [f1662d9f] + Isoband v0.1.1
2025-08-27T07:21:47.3460578Z   [c8e1da08] + IterTools v1.10.0
2025-08-27T07:21:47.3461006Z   [82899510] + IteratorInterfaceExtensions v1.0.0
2025-08-27T07:21:47.3461469Z   [692b3bcd] + JLLWrappers v1.7.1
2025-08-27T07:21:47.3461861Z   [682c06a0] + JSON v0.21.4
2025-08-27T07:21:47.3462209Z   [b835a17e] + JpegTurbo v0.1.6
2025-08-27T07:21:47.3462571Z   [5ab0869b] + KernelDensity v0.6.10
2025-08-27T07:21:47.3462971Z   [b964fa9f] + LaTeXStrings v1.4.0
2025-08-27T07:21:47.3463355Z   [8cdb02fc] + LazyModules v0.3.1
2025-08-27T07:21:47.3463733Z   [9c8b4983] + LightXML v0.9.2
2025-08-27T07:21:47.3464103Z   [d3d80556] + LineSearches v7.4.0
2025-08-27T07:21:47.3464492Z   [9b3f67b0] + LinearAlgebraX v0.2.10
2025-08-27T07:21:47.3464905Z   [2ab3a3ac] + LogExpFunctions v0.3.29
2025-08-27T07:21:47.3465304Z   [1914dd2f] + MacroTools v0.5.16
2025-08-27T07:21:47.3465751Z ⌅ [ee78f7c6] + Makie v0.19.12
2025-08-27T07:21:47.3466174Z ⌅ [20f20a25] + MakieCore v0.6.9
2025-08-27T07:21:47.3466545Z   [dbb5928d] + MappedArrays v0.4.2
2025-08-27T07:21:47.3466999Z ⌅ [0a4f8689] + MathTeXEngine v0.5.7
2025-08-27T07:21:47.3467573Z   [e1d29d7a] + Missings v1.2.0
2025-08-27T07:21:47.3467923Z   [7475f97c] + Mods v2.2.6
2025-08-27T07:21:47.3468274Z   [e94cdb99] + MosaicViews v0.3.4
2025-08-27T07:21:47.3468858Z   [3b2b4ff1] + Multisets v0.4.5
2025-08-27T07:21:47.3469237Z   [d41bc354] + NLSolversBase v7.10.0
2025-08-27T07:21:47.3469627Z   [77ba4419] + NaNMath v1.1.3
2025-08-27T07:21:47.3469978Z   [f09324ee] + Netpbm v1.1.1
2025-08-27T07:21:47.3470341Z   [6fe1bfb0] + OffsetArrays v1.17.0
2025-08-27T07:21:47.3470721Z   [52e1d378] + OpenEXR v0.3.3
2025-08-27T07:21:47.3471072Z   [429524aa] + Optim v1.13.2
2025-08-27T07:21:47.3471449Z   [bac558e1] + OrderedCollections v1.8.1
2025-08-27T07:21:47.3471856Z   [90014a1f] + PDMats v0.11.35
2025-08-27T07:21:47.3472268Z   [f57f5aa1] + PNGFiles v0.4.4
2025-08-27T07:21:47.3472623Z   [19eb6ba3] + Packing v0.5.1
2025-08-27T07:21:47.3472992Z   [5432bcbf] + PaddedViews v0.5.12
2025-08-27T07:21:47.3473378Z   [d96e819e] + Parameters v0.12.3
2025-08-27T07:21:47.3473742Z   [69de0a69] + Parsers v2.8.3
2025-08-27T07:21:47.3474104Z   [2ae35dd2] + Permutations v0.4.23
2025-08-27T07:21:47.3474490Z   [3bbf5609] + PikaParser v0.6.1
2025-08-27T07:21:47.3475040Z   [eebad327] + PkgVersion v0.3.3
2025-08-27T07:21:47.3475419Z   [995b91a9] + PlotUtils v1.4.3
2025-08-27T07:21:47.3475776Z   [647866c9] + PolygonOps v0.1.2
2025-08-27T07:21:47.3476258Z ⌃ [f27b6e38] + Polynomials v4.0.21
2025-08-27T07:21:47.3476706Z   [85a6dd25] + PositiveFactorizations v0.2.4
2025-08-27T07:21:47.3477364Z   [27ebfcd6] + Primes v0.5.7
2025-08-27T07:21:47.3477743Z   [92933f4c] + ProgressMeter v1.11.0
2025-08-27T07:21:47.3478130Z   [43287f4e] + PtrArrays v1.3.0
2025-08-27T07:21:47.3478511Z   [4b34888f] + QOI v1.0.1
2025-08-27T07:21:47.3478846Z   [1fd47b50] + QuadGK v2.11.2
2025-08-27T07:21:47.3479200Z   [b3c3ace0] + RangeArrays v0.3.2
2025-08-27T07:21:47.3479577Z   [c84ed2f1] + Ratios v0.4.5
2025-08-27T07:21:47.3479942Z   [3cdcf5f2] + RecipesBase v1.3.4
2025-08-27T07:21:47.3480311Z   [189a3867] + Reexport v1.2.2
2025-08-27T07:21:47.3480686Z   [05181044] + RelocatableFolders v1.0.1
2025-08-27T07:21:47.3481103Z   [ae029012] + Requires v1.3.1
2025-08-27T07:21:47.3481322Z   [286e9d63] + RingLists v0.2.9
2025-08-27T07:21:47.3481557Z   [79098fc4] + Rmath v0.8.0
2025-08-27T07:21:47.3481767Z   [5eaf0fd0] + RoundingEmulator v0.2.1
2025-08-27T07:21:47.3482010Z   [fdea26ae] + SIMD v3.7.1
2025-08-27T07:21:47.3482334Z   [6c6a2e73] + Scratch v1.3.0
2025-08-27T07:21:47.3482711Z   [efcf1570] + Setfield v1.1.2
2025-08-27T07:21:47.3483227Z ⌅ [65257c39] + ShaderAbstractions v0.4.1
2025-08-27T07:21:47.3483655Z   [992d4aef] + Showoff v1.0.3
2025-08-27T07:21:47.3484027Z   [73760f76] + SignedDistanceFields v0.4.0
2025-08-27T07:21:47.3484316Z   [55797a34] + SimpleGraphs v0.8.7
2025-08-27T07:21:47.3484561Z   [ec83eff0] + SimplePartitions v0.3.3
2025-08-27T07:21:47.3484807Z   [cc47b68c] + SimplePolynomials v0.2.18
2025-08-27T07:21:47.3485054Z   [a6525b86] + SimpleRandom v0.3.2
2025-08-27T07:21:47.3485276Z   [699a6c99] + SimpleTraits v0.9.5
2025-08-27T07:21:47.3485488Z   [45858cf5] + Sixel v0.1.5
2025-08-27T07:21:47.3485706Z   [a2af1166] + SortingAlgorithms v1.2.2
2025-08-27T07:21:47.3485952Z   [276daf66] + SpecialFunctions v2.5.1
2025-08-27T07:21:47.3486265Z ⌅ [c5dd0088] + StableHashTraits v1.3.4
2025-08-27T07:21:47.3486506Z   [860ef19b] + StableRNGs v1.0.3
2025-08-27T07:21:47.3486728Z   [cae243ae] + StackViews v0.1.2
2025-08-27T07:21:47.3486946Z   [10745b16] + Statistics v1.11.1
2025-08-27T07:21:47.3487426Z   [82ae8749] + StatsAPI v1.7.1
2025-08-27T07:21:47.3487658Z   [2913bbd2] + StatsBase v0.34.6
2025-08-27T07:21:47.3487875Z   [4c63d2b9] + StatsFuns v1.5.0
2025-08-27T07:21:47.3488137Z ⌅ [09ab397b] + StructArrays v0.6.21
2025-08-27T07:21:47.3488373Z   [856f2bd8] + StructTypes v1.11.0
2025-08-27T07:21:47.3488598Z   [3783bdb8] + TableTraits v1.0.1
2025-08-27T07:21:47.3488817Z   [bd369af6] + Tables v1.12.1
2025-08-27T07:21:47.3489031Z   [62fd8b95] + TensorCore v0.1.1
2025-08-27T07:21:47.3489241Z   [731e570b] + TiffImages v0.11.6
2025-08-27T07:21:47.3489478Z   [3bb67fe8] + TranscodingStreams v0.11.3
2025-08-27T07:21:47.3489727Z   [981d1d27] + TriplotBase v0.1.0
2025-08-27T07:21:47.3489944Z   [9d95972d] + TupleTools v1.6.0
2025-08-27T07:21:47.3490347Z   [3a884ed6] + UnPack v1.0.2
2025-08-27T07:21:47.3490559Z   [1cfade01] + UnicodeFun v0.4.1
2025-08-27T07:21:47.3490788Z   [ecbed89c] + WeakKeyIdDicts v0.1.0
2025-08-27T07:21:47.3491022Z   [e3aaa7dc] + WebP v0.1.3
2025-08-27T07:21:47.3491234Z   [efce3f68] + WoodburyMatrices v1.0.0
2025-08-27T07:21:47.3491473Z   [6e34b625] + Bzip2_jll v1.0.9+0
2025-08-27T07:21:47.3491688Z   [4e9b3aee] + CRlibm_jll v1.0.1+0
2025-08-27T07:21:47.3491910Z   [83423d85] + Cairo_jll v1.18.5+0
2025-08-27T07:21:47.3492130Z   [5ae413db] + EarCut_jll v2.2.4+0
2025-08-27T07:21:47.3492341Z   [2e619515] + Expat_jll v2.7.1+0
2025-08-27T07:21:47.3492558Z   [b22a6f82] + FFMPEG_jll v7.1.1+0
2025-08-27T07:21:47.3492768Z   [f5851436] + FFTW_jll v3.3.11+0
2025-08-27T07:21:47.3492988Z   [a3f928ae] + Fontconfig_jll v2.17.1+0
2025-08-27T07:21:47.3493231Z   [d7e528f0] + FreeType2_jll v2.13.4+0
2025-08-27T07:21:47.3493461Z   [559328eb] + FriBidi_jll v1.0.17+0
2025-08-27T07:21:47.3493701Z   [b0724c58] + GettextRuntime_jll v0.22.4+0
2025-08-27T07:21:47.3494066Z   [59f7168a] + Giflib_jll v5.2.3+0
2025-08-27T07:21:47.3494286Z   [7746bdde] + Glib_jll v2.84.3+0
2025-08-27T07:21:47.3494551Z   [3b182d85] + Graphite2_jll v1.3.15+0
2025-08-27T07:21:47.3494940Z   [2e76f6c2] + HarfBuzz_jll v8.5.1+0
2025-08-27T07:21:47.3495174Z   [905a6f67] + Imath_jll v3.1.11+0
2025-08-27T07:21:47.3495403Z   [1d5cc7b8] + IntelOpenMP_jll v2025.2.0+0
2025-08-27T07:21:47.3495651Z   [aacddb02] + JpegTurbo_jll v3.1.2+0
2025-08-27T07:21:47.3495885Z   [c1c5ebd0] + LAME_jll v3.100.3+0
2025-08-27T07:21:47.3496097Z   [88015f11] + LERC_jll v4.0.1+0
2025-08-27T07:21:47.3496390Z   [1d63c593] + LLVMOpenMP_jll v18.1.8+0
2025-08-27T07:21:47.3496832Z   [dd4b983a] + LZO_jll v2.10.3+0
2025-08-27T07:21:47.3497352Z   [e9f186c6] + Libffi_jll v3.4.7+0
2025-08-27T07:21:47.3497593Z   [7e76a0d4] + Libglvnd_jll v1.7.1+1
2025-08-27T07:21:47.3497825Z   [94ce4f54] + Libiconv_jll v1.18.0+0
2025-08-27T07:21:47.3498050Z   [4b2f31a3] + Libmount_jll v2.41.1+0
2025-08-27T07:21:47.3498290Z   [89763e89] + Libtiff_jll v4.7.1+0
2025-08-27T07:21:47.3498509Z   [38a345b3] + Libuuid_jll v2.41.1+0
2025-08-27T07:21:47.3498732Z   [856f044c] + MKL_jll v2025.2.0+0
2025-08-27T07:21:47.3498949Z   [e7412a2a] + Ogg_jll v1.3.6+0
2025-08-27T07:21:47.3499200Z   [6cdc7f73] + OpenBLASConsistentFPCSR_jll v0.3.29+0
2025-08-27T07:21:47.3499481Z   [18a262bb] + OpenEXR_jll v3.2.4+0
2025-08-27T07:21:47.3499761Z   [efe28fd5] + OpenSpecFun_jll v0.5.6+0
2025-08-27T07:21:47.3500154Z   [91d4177d] + Opus_jll v1.5.2+0
2025-08-27T07:21:47.3500378Z   [36c8627f] + Pango_jll v1.56.3+0
2025-08-27T07:21:47.3500664Z ⌅ [30392449] + Pixman_jll v0.44.2+0
2025-08-27T07:21:47.3500887Z   [f50d1b31] + Rmath_jll v0.5.1+0
2025-08-27T07:21:47.3501102Z   [02c8fc9c] + XML2_jll v2.14.4+0
2025-08-27T07:21:47.3501324Z   [ffd25f8a] + XZ_jll v5.8.1+0
2025-08-27T07:21:47.3501555Z   [4f6342f7] + Xorg_libX11_jll v1.8.12+0
2025-08-27T07:21:47.3502010Z   [0c0b7dd1] + Xorg_libXau_jll v1.0.13+0
2025-08-27T07:21:47.3502455Z   [a3789734] + Xorg_libXdmcp_jll v1.1.6+0
2025-08-27T07:21:47.3502728Z   [1082639a] + Xorg_libXext_jll v1.3.7+0
2025-08-27T07:21:47.3502974Z   [ea2f1a96] + Xorg_libXrender_jll v0.9.12+0
2025-08-27T07:21:47.3503230Z   [c7cfdc94] + Xorg_libxcb_jll v1.17.1+0
2025-08-27T07:21:47.3503482Z   [c5fb5394] + Xorg_xtrans_jll v1.6.0+0
2025-08-27T07:21:47.3503718Z   [9a68df92] + isoband_jll v0.2.3+0
2025-08-27T07:21:47.3503939Z   [a4ae2306] + libaom_jll v3.12.1+0
2025-08-27T07:21:47.3504165Z   [0ac62f75] + libass_jll v0.17.4+0
2025-08-27T07:21:47.3504576Z   [f638f0a6] + libfdk_aac_jll v2.0.4+0
2025-08-27T07:21:47.3504824Z   [b53b4c65] + libpng_jll v1.6.50+0
2025-08-27T07:21:47.3505201Z   [075b6546] + libsixel_jll v1.10.5+0
2025-08-27T07:21:47.3505439Z   [f27f6e37] + libvorbis_jll v1.3.8+0
2025-08-27T07:21:47.3505661Z   [c5f90fcd] + libwebp_jll v1.6.0+0
2025-08-27T07:21:47.3505882Z   [1317d2d5] + oneTBB_jll v2022.0.0+0
2025-08-27T07:21:47.3506103Z   [1270edf5] + x264_jll v10164.0.1+0
2025-08-27T07:21:47.3506317Z   [dfaa095f] + x265_jll v4.1.0+0
2025-08-27T07:21:47.3506700Z   [0dad84c5] + ArgTools v1.1.2
2025-08-27T07:21:47.3506906Z   [2a0f44e3] + Base64 v1.11.0
2025-08-27T07:21:47.3507328Z   [8bf52ea8] + CRC32c v1.11.0
2025-08-27T07:21:47.3507549Z   [8ba89e20] + Distributed v1.11.0
2025-08-27T07:21:47.3507887Z   [f43a241f] + Downloads v1.7.0
2025-08-27T07:21:47.3508207Z   [7b1f6079] + FileWatching v1.11.0
2025-08-27T07:21:47.3508429Z   [9fa8497b] + Future v1.11.0
2025-08-27T07:21:47.3508648Z   [b77e0a4c] + InteractiveUtils v1.11.0
2025-08-27T07:21:47.3508920Z   [ac6e5ff7] + JuliaSyntaxHighlighting v1.12.0
2025-08-27T07:21:47.3509184Z   [4af54fe1] + LazyArtifacts v1.11.0
2025-08-27T07:21:47.3509458Z   [b27032c2] + LibCURL v0.6.4
2025-08-27T07:21:47.3509811Z   [76f85450] + LibGit2 v1.11.0
2025-08-27T07:21:47.3511500Z   [d6f4376e] + Markdown v1.11.0
2025-08-27T07:21:47.3512127Z   [a63ad114] + Mmap v1.11.0
2025-08-27T07:21:47.3513650Z   [ca575930] + NetworkOptions v1.3.0
2025-08-27T07:21:47.3515648Z   [44cfe95a] + Pkg v1.13.0
2025-08-27T07:21:47.3516058Z   [3fa0cd96] + REPL v1.11.0
2025-08-27T07:21:47.3516738Z   [9e88b42a] + Serialization v1.11.0
2025-08-27T07:21:47.3517391Z   [1a1011a3] + SharedArrays v1.11.0
2025-08-27T07:21:47.3518402Z   [6462fe0b] + Sockets v1.11.0
2025-08-27T07:21:47.3518816Z   [2f01184e] + SparseArrays v1.13.0
2025-08-27T07:21:47.3521066Z   [f489334b] + StyledStrings v1.11.0
2025-08-27T07:21:47.3521519Z   [4607b0f0] + SuiteSparse
2025-08-27T07:21:47.3523704Z   [a4e569a6] + Tar v1.10.0
2025-08-27T07:21:47.3524111Z   [8dfed614] + Test v1.11.0
2025-08-27T07:21:47.3525312Z   [cf7118a7] + UUIDs v1.11.0
2025-08-27T07:21:47.3633634Z   [deac9b47] + LibCURL_jll v8.15.0+1
2025-08-27T07:21:47.3637579Z   [e37daf67] + LibGit2_jll v1.9.1+0
2025-08-27T07:21:47.3673844Z   [29816b5a] + LibSSH2_jll v1.11.3+1
2025-08-27T07:21:47.3674451Z   [14a3606d] + MozillaCACerts_jll v2025.8.12
2025-08-27T07:21:47.3674903Z   [05823500] + OpenLibm_jll v0.8.7+0
2025-08-27T07:21:47.3675301Z   [458c3c95] + OpenSSL_jll v3.5.2+0
2025-08-27T07:21:47.3675738Z   [efcefdf7] + PCRE2_jll v10.45.0+0
2025-08-27T07:21:47.3676200Z   [bea87d4a] + SuiteSparse_jll v7.10.1+0
2025-08-27T07:21:47.3676616Z   [83775a58] + Zlib_jll v1.3.1+2
2025-08-27T07:21:47.3677000Z   [3161d3a3] + Zstd_jll v1.5.7+1
2025-08-27T07:21:47.3677562Z   [8e850ede] + nghttp2_jll v1.66.0+0
2025-08-27T07:21:47.3677980Z   [3f19e933] + p7zip_jll v17.6.0+0
2025-08-27T07:21:47.3679910Z         Info Packages marked with ⌃ and ⌅ have new versions available. Those with ⌃ may be upgradable, but those with ⌅ are restricted by compatibility constraints from upgrading. To see why use `status --outdated -m`
2025-08-27T07:21:47.5360846Z Precompiling packages...
2025-08-27T07:21:48.3248838Z     750.9 ms  ✓ Reexport
2025-08-27T07:21:48.4956500Z     923.6 ms  ✓ MappedArrays
2025-08-27T07:21:48.5058941Z     932.7 ms  ✓ TensorCore
2025-08-27T07:21:48.6082378Z    1033.3 ms  ✓ ConstructionBase
2025-08-27T07:21:49.1600811Z     838.4 ms  ✓ Mods
2025-08-27T07:21:49.2784820Z     771.8 ms  ✓ DataValueInterfaces
2025-08-27T07:21:49.3431093Z     734.2 ms  ✓ StatsAPI
2025-08-27T07:21:49.9400021Z     778.8 ms  ✓ RoundingEmulator
2025-08-27T07:21:50.0963798Z     818.4 ms  ✓ PolygonOps
2025-08-27T07:21:50.2883324Z     945.1 ms  ✓ IterTools
2025-08-27T07:21:50.8467769Z     750.2 ms  ✓ CEnum
2025-08-27T07:21:50.9710099Z    1031.8 ms  ✓ IntervalSets
2025-08-27T07:21:51.0174434Z    2521.6 ms  ✓ IrrationalConstants
2025-08-27T07:21:51.8283235Z     980.8 ms  ✓ RingLists
2025-08-27T07:21:51.8678704Z     849.0 ms  ✓ Contour
2025-08-27T07:21:51.9752285Z    1004.7 ms  ✓ Inflate
2025-08-27T07:21:52.1646404Z    1876.2 ms  ✓ Combinatorics
2025-08-27T07:21:52.3464713Z    4808.3 ms  ✓ MacroTools
2025-08-27T07:21:52.6175779Z     642.2 ms  ✓ LaTeXStrings
2025-08-27T07:21:52.7068918Z     878.5 ms  ✓ TupleTools
2025-08-27T07:21:52.7802141Z     914.0 ms  ✓ TranscodingStreams
2025-08-27T07:21:53.1151432Z     767.9 ms  ✓ WeakKeyIdDicts
2025-08-27T07:21:53.3049143Z     598.5 ms  ✓ AbstractLattices
2025-08-27T07:21:53.3733376Z    1208.6 ms  ✓ Statistics
2025-08-27T07:21:53.3831541Z     764.7 ms  ✓ StableRNGs
2025-08-27T07:21:53.6414009Z     860.5 ms  ✓ GeoFormatTypes
2025-08-27T07:21:53.7910647Z     675.8 ms  ✓ PtrArrays
2025-08-27T07:21:54.1322329Z     749.1 ms  ✓ DataAPI
2025-08-27T07:21:54.2632939Z     888.6 ms  ✓ PositiveFactorizations
2025-08-27T07:21:54.5579129Z     912.4 ms  ✓ Multisets
2025-08-27T07:21:54.7498720Z     959.1 ms  ✓ LazyModules
2025-08-27T07:21:55.0287977Z    1723.7 ms  ✓ Grisu
2025-08-27T07:21:55.3016931Z     747.1 ms  ✓ EnumX
2025-08-27T07:21:55.3838960Z    1251.5 ms  ✓ AbstractTrees
2025-08-27T07:21:55.4054386Z    1142.1 ms  ✓ AbstractFFTs
2025-08-27T07:21:55.7781563Z     748.4 ms  ✓ IntegerMathUtils
2025-08-27T07:21:56.0303630Z     625.2 ms  ✓ UnPack
2025-08-27T07:21:56.0382920Z     653.6 ms  ✓ IndirectArrays
2025-08-27T07:21:56.0777958Z     774.9 ms  ✓ TriplotBase
2025-08-27T07:21:56.5468635Z    1795.8 ms  ✓ FillArrays
2025-08-27T07:21:56.6975866Z     667.0 ms  ✓ RangeArrays
2025-08-27T07:21:56.7178647Z     937.0 ms  ✓ Extents
2025-08-27T07:21:56.9797268Z     940.8 ms  ✓ OrderedCollections
2025-08-27T07:21:57.2041975Z    1126.2 ms  ✓ ADTypes
2025-08-27T07:21:57.6980399Z     716.0 ms  ✓ IteratorInterfaceExtensions
2025-08-27T07:21:57.6986255Z    1151.7 ms  ✓ DocStringExtensions
2025-08-27T07:21:57.8378667Z     633.1 ms  ✓ DiffResults
2025-08-27T07:21:58.6746592Z     972.7 ms  ✓ NaNMath
2025-08-27T07:21:58.7715823Z    1068.1 ms  ✓ Formatting
2025-08-27T07:21:58.9856680Z    2270.9 ms  ✓ OffsetArrays
2025-08-27T07:21:59.3721660Z    1535.2 ms  ✓ Requires
2025-08-27T07:21:59.8739491Z     887.1 ms  ✓ Scratch
2025-08-27T07:21:59.8868487Z    1210.3 ms  ✓ SuiteSparse
2025-08-27T07:21:59.9611992Z    1190.1 ms  ✓ WoodburyMatrices
2025-08-27T07:22:00.9133895Z    1028.2 ms  ✓ Compat
2025-08-27T07:22:01.1575925Z    1784.8 ms  ✓ StructTypes
2025-08-27T07:22:01.4206236Z    1547.1 ms  ✓ ProgressMeter
2025-08-27T07:22:02.2388746Z    2275.3 ms  ✓ UnicodeFun
2025-08-27T07:22:02.2751160Z    1117.4 ms  ✓ JLLWrappers
2025-08-27T07:22:02.9188364Z    2005.9 ms  ✓ MakieCore
2025-08-27T07:22:04.7187883Z    8020.5 ms  ✓ BaseDirs
2025-08-27T07:22:05.4675198Z     748.5 ms  ✓ ConstructionBase → ConstructionBaseLinearAlgebraExt
2025-08-27T07:22:06.4593015Z    4221.9 ms  ✓ RecipesBase
2025-08-27T07:22:06.6099687Z    1141.1 ms  ✓ ConstructionBase → ConstructionBaseStaticArraysExt
2025-08-27T07:22:06.7671016Z    3848.1 ms  ✓ PkgVersion
2025-08-27T07:22:07.1859566Z     726.5 ms  ✓ IntervalSets → IntervalSetsRandomExt
2025-08-27T07:22:07.4315525Z     822.1 ms  ✓ ConstructionBase → ConstructionBaseIntervalSetsExt
2025-08-27T07:22:07.7398874Z     970.2 ms  ✓ Permutations
2025-08-27T07:22:07.9634224Z     778.0 ms  ✓ CommonSubexpressions
2025-08-27T07:22:08.3426266Z     605.0 ms  ✓ SignedDistanceFields
2025-08-27T07:22:08.4904003Z    1057.6 ms  ✓ SimpleTraits
2025-08-27T07:22:09.1530161Z    1189.4 ms  ✓ Statistics → SparseArraysExt
2025-08-27T07:22:09.5883753Z    1097.7 ms  ✓ StaticArrays → StaticArraysStatisticsExt
2025-08-27T07:22:09.7869092Z     633.6 ms  ✓ IntervalSets → IntervalSetsStatisticsExt
2025-08-27T07:22:10.4642461Z     676.0 ms  ✓ Missings
2025-08-27T07:22:10.5698180Z     981.4 ms  ✓ AliasTables
2025-08-27T07:22:11.2156848Z     751.4 ms  ✓ Showoff
2025-08-27T07:22:12.2816080Z    1066.4 ms  ✓ Primes
2025-08-27T07:22:12.8888851Z    2318.3 ms  ✓ AbstractFFTs → AbstractFFTsTestExt
2025-08-27T07:22:13.6738598Z    1391.5 ms  ✓ FillArrays → FillArraysSparseArraysExt
2025-08-27T07:22:13.8699551Z     981.3 ms  ✓ FillArrays → FillArraysStatisticsExt
2025-08-27T07:22:13.8888943Z    5543.1 ms  ✓ FixedPointNumbers
2025-08-27T07:22:14.6046752Z     718.7 ms  ✓ ADTypes → ADTypesConstructionBaseExt
2025-08-27T07:22:14.6406397Z     771.2 ms  ✓ Parameters
2025-08-27T07:22:15.2986878Z     657.9 ms  ✓ TableTraits
2025-08-27T07:22:15.8952860Z    2221.3 ms  ✓ GeoInterface
2025-08-27T07:22:16.3520626Z    1747.2 ms  ✓ DifferentiationInterface
2025-08-27T07:22:16.4662894Z    1166.9 ms  ✓ LogExpFunctions
2025-08-27T07:22:17.1221952Z    1226.8 ms  ✓ PikaParser
2025-08-27T07:22:17.1249663Z     772.2 ms  ✓ PaddedViews
2025-08-27T07:22:17.2513435Z     785.5 ms  ✓ StackViews
2025-08-27T07:22:18.1026670Z     973.6 ms  ✓ Adapt
2025-08-27T07:22:18.1031127Z     980.4 ms  ✓ Ratios
2025-08-27T07:22:19.4659652Z    1362.4 ms  ✓ RelocatableFolders
2025-08-27T07:22:19.9472458Z    1841.7 ms  ✓ PDMats
2025-08-27T07:22:20.7298985Z     781.5 ms  ✓ Compat → CompatLinearAlgebraExt
2025-08-27T07:22:21.4490787Z    1982.9 ms  ✓ AxisAlgorithms
2025-08-27T07:22:22.1690287Z    1440.0 ms  ✓ Libffi_jll
2025-08-27T07:22:22.7709336Z   21349.4 ms  ✓ SIMD
2025-08-27T07:22:23.2833631Z    1834.8 ms  ✓ LZO_jll
2025-08-27T07:22:23.5671341Z    1397.9 ms  ✓ EarCut_jll
2025-08-27T07:22:24.2865572Z    1515.7 ms  ✓ Bzip2_jll
2025-08-27T07:22:25.0451976Z    1478.6 ms  ✓ OpenBLASConsistentFPCSR_jll
2025-08-27T07:22:25.0538911Z    1768.8 ms  ✓ isoband_jll
2025-08-27T07:22:25.9373212Z    1651.2 ms  ✓ XZ_jll
2025-08-27T07:22:26.3365061Z    1290.5 ms  ✓ Rmath_jll
2025-08-27T07:22:26.5260408Z    1472.5 ms  ✓ OpenSpecFun_jll
2025-08-27T07:22:27.2444319Z    1306.0 ms  ✓ Xorg_xtrans_jll
2025-08-27T07:22:27.7555529Z    1416.4 ms  ✓ Opus_jll
2025-08-27T07:22:28.6692655Z    1424.7 ms  ✓ x265_jll
2025-08-27T07:22:29.0986238Z    2573.1 ms  ✓ IntelOpenMP_jll
2025-08-27T07:22:29.3238788Z    1563.2 ms  ✓ libpng_jll
2025-08-27T07:22:30.5533711Z    1884.6 ms  ✓ CRlibm_jll
2025-08-27T07:22:30.6361972Z    1536.3 ms  ✓ oneTBB_jll
2025-08-27T07:22:30.6917904Z    1370.0 ms  ✓ Imath_jll
2025-08-27T07:22:31.4584992Z   29182.7 ms  ✓ Parsers
2025-08-27T07:22:32.1063903Z    1552.3 ms  ✓ Libmount_jll
2025-08-27T07:22:32.2042605Z    1512.5 ms  ✓ Libuuid_jll
2025-08-27T07:22:32.2401527Z    1603.8 ms  ✓ libfdk_aac_jll
2025-08-27T07:22:32.9108677Z    1452.8 ms  ✓ FriBidi_jll
2025-08-27T07:22:33.3642008Z    1257.6 ms  ✓ LERC_jll
2025-08-27T07:22:33.4804864Z    1276.0 ms  ✓ Xorg_libXau_jll
2025-08-27T07:22:33.5251821Z    1285.0 ms  ✓ Ogg_jll
2025-08-27T07:22:33.5538697Z   16301.8 ms  ✓ FileIO
2025-08-27T07:22:34.1551835Z    1243.0 ms  ✓ FFTW_jll
2025-08-27T07:22:34.4186185Z    1055.0 ms  ✓ LAME_jll
2025-08-27T07:22:34.6589861Z    1178.4 ms  ✓ Graphite2_jll
2025-08-27T07:22:34.6943193Z    1140.2 ms  ✓ LLVMOpenMP_jll
2025-08-27T07:22:34.8355855Z    1310.2 ms  ✓ x264_jll
2025-08-27T07:22:35.3265430Z    1169.3 ms  ✓ Libiconv_jll
2025-08-27T07:22:35.4965813Z    1077.3 ms  ✓ libaom_jll
2025-08-27T07:22:35.8779793Z    1183.6 ms  ✓ Giflib_jll
2025-08-27T07:22:36.0439264Z    1208.8 ms  ✓ Expat_jll
2025-08-27T07:22:36.0488890Z    1388.8 ms  ✓ Xorg_libXdmcp_jll
2025-08-27T07:22:36.6689922Z     790.9 ms  ✓ IntervalSets → IntervalSetsRecipesBaseExt
2025-08-27T07:22:36.7254188Z    1399.4 ms  ✓ JpegTurbo_jll
2025-08-27T07:22:37.3887828Z    1344.2 ms  ✓ AxisArrays
2025-08-27T07:22:37.7208267Z     994.2 ms  ✓ DifferentiationInterface → DifferentiationInterfaceStaticArraysExt
2025-08-27T07:22:38.0835480Z    2586.3 ms  ✓ Setfield
2025-08-27T07:22:38.4686037Z    1799.4 ms  ✓ Tables
2025-08-27T07:22:38.5904443Z     870.1 ms  ✓ MosaicViews
2025-08-27T07:22:38.5956816Z    1205.7 ms  ✓ DifferentiationInterface → DifferentiationInterfaceSparseArraysExt
2025-08-27T07:22:38.9518520Z     865.4 ms  ✓ ArrayInterface
2025-08-27T07:22:39.3794591Z     784.7 ms  ✓ OffsetArrays → OffsetArraysAdaptExt
2025-08-27T07:22:39.4515537Z     983.3 ms  ✓ Adapt → AdaptSparseArraysExt
2025-08-27T07:22:39.7343502Z     784.6 ms  ✓ Ratios → RatiosFixedPointNumbersExt
2025-08-27T07:22:39.8758323Z    1283.7 ms  ✓ Adapt → AdaptStaticArraysExt
2025-08-27T07:22:40.1751105Z    4127.1 ms  ✓ ColorTypes
2025-08-27T07:22:40.5362982Z    1156.6 ms  ✓ FillArrays → FillArraysPDMatsExt
2025-08-27T07:22:41.2206484Z     682.9 ms  ✓ Isoband
2025-08-27T07:22:41.3455579Z    1170.3 ms  ✓ FreeType2_jll
2025-08-27T07:22:42.4972063Z    1277.1 ms  ✓ Rmath
2025-08-27T07:22:42.8258798Z    3371.8 ms  ✓ ChainRulesCore
2025-08-27T07:22:43.4453654Z    3709.8 ms  ✓ DataStructures
2025-08-27T07:22:44.1228692Z    1624.3 ms  ✓ CRlibm
2025-08-27T07:22:45.2643797Z    1819.5 ms  ✓ OpenEXR_jll
2025-08-27T07:22:45.7070678Z    4362.0 ms  ✓ SpecialFunctions
2025-08-27T07:22:46.7826446Z    1516.9 ms  ✓ libvorbis_jll
2025-08-27T07:22:46.9068006Z    1198.4 ms  ✓ Pixman_jll
2025-08-27T07:22:47.4538629Z    3328.7 ms  ✓ JSON
2025-08-27T07:22:48.0617630Z    1279.0 ms  ✓ XML2_jll
2025-08-27T07:22:48.3816190Z    1474.8 ms  ✓ GettextRuntime_jll
2025-08-27T07:22:49.3972499Z    1335.8 ms  ✓ Libtiff_jll
2025-08-27T07:22:49.6879948Z    1306.1 ms  ✓ libsixel_jll
2025-08-27T07:22:50.0160738Z    7192.2 ms  ✓ MKL_jll
2025-08-27T07:22:51.1253904Z    3674.0 ms  ✓ Xorg_libxcb_jll
2025-08-27T07:22:51.2874192Z    1600.0 ms  ✓ StructArrays
2025-08-27T07:22:51.7950429Z     669.0 ms  ✓ ArrayInterface → ArrayInterfaceStaticArraysCoreExt
2025-08-27T07:22:52.3487452Z    1060.6 ms  ✓ ArrayInterface → ArrayInterfaceSparseArraysExt
2025-08-27T07:22:54.6388454Z    4622.0 ms  ✓ StableHashTraits
2025-08-27T07:22:56.2836858Z    3934.2 ms  ✓ ColorVectorSpace
2025-08-27T07:22:57.1712080Z    2532.8 ms  ✓ QOI
2025-08-27T07:22:57.8192072Z    1535.5 ms  ✓ FreeType
2025-08-27T07:22:58.9200404Z    1099.5 ms  ✓ ChainRulesCore → ChainRulesCoreSparseArraysExt
2025-08-27T07:22:59.1469582Z    1974.3 ms  ✓ Fontconfig_jll
2025-08-27T07:23:00.3296446Z    1406.9 ms  ✓ StaticArrays → StaticArraysChainRulesCoreExt
2025-08-27T07:23:00.4130322Z    1265.9 ms  ✓ AbstractFFTs → AbstractFFTsChainRulesCoreExt
2025-08-27T07:23:01.1223844Z    9327.8 ms  ✓ Colors
2025-08-27T07:23:01.1640206Z     835.0 ms  ✓ ADTypes → ADTypesChainRulesCoreExt
2025-08-27T07:23:01.3118734Z     898.8 ms  ✓ DifferentiationInterface → DifferentiationInterfaceChainRulesCoreExt
2025-08-27T07:23:02.1309002Z     964.4 ms  ✓ ArrayInterface → ArrayInterfaceChainRulesCoreExt
2025-08-27T07:23:02.7749026Z    1462.9 ms  ✓ SortingAlgorithms
2025-08-27T07:23:03.6727506Z    2549.6 ms  ✓ LogExpFunctions → LogExpFunctionsChainRulesCoreExt
2025-08-27T07:23:04.2471384Z    1472.1 ms  ✓ SimplePartitions
2025-08-27T07:23:04.4350153Z    2306.3 ms  ✓ QuadGK
2025-08-27T07:23:07.7436449Z    3307.2 ms  ✓ SpecialFunctions → SpecialFunctionsChainRulesCoreExt
2025-08-27T07:23:09.7738980Z    5525.9 ms  ✓ IntervalArithmetic
2025-08-27T07:23:10.3854310Z    2641.7 ms  ✓ HypergeometricFunctions
2025-08-27T07:23:11.0325941Z    1255.7 ms  ✓ DiffRules
2025-08-27T07:23:11.5406669Z    1155.8 ms  ✓ LightXML
2025-08-27T07:23:13.2907571Z    2258.0 ms  ✓ Glib_jll
2025-08-27T07:23:13.8569462Z   33981.1 ms  ✓ Automa
2025-08-27T07:23:14.4898747Z    1199.0 ms  ✓ Xorg_libX11_jll
2025-08-27T07:23:14.8273414Z     970.2 ms  ✓ StructArrays → StructArraysSparseArraysExt
2025-08-27T07:23:15.3850277Z     895.0 ms  ✓ StructArrays → StructArraysLinearAlgebraExt
2025-08-27T07:23:15.5817615Z     754.2 ms  ✓ StructArrays → StructArraysAdaptExt
2025-08-27T07:23:16.6538815Z    1269.3 ms  ✓ StructArrays → StructArraysStaticArraysExt
2025-08-27T07:23:16.8232209Z    1242.1 ms  ✓ FiniteDiff
2025-08-27T07:23:17.7043717Z    1049.7 ms  ✓ ColorVectorSpace → SpecialFunctionsExt
2025-08-27T07:23:18.7863624Z    1082.5 ms  ✓ Animations
2025-08-27T07:23:20.7872166Z    3963.3 ms  ✓ Interpolations
2025-08-27T07:23:21.1550710Z    2368.0 ms  ✓ OpenEXR
2025-08-27T07:23:21.6545271Z     866.7 ms  ✓ Graphics
2025-08-27T07:23:22.2614142Z    1106.8 ms  ✓ ColorBrewer
2025-08-27T07:23:32.0295589Z    9765.7 ms  ✓ ColorSchemes
2025-08-27T07:23:37.6258759Z    5596.3 ms  ✓ StatsBase
2025-08-27T07:23:37.9570950Z   48558.4 ms  ✓ Polynomials
2025-08-27T07:23:38.9525668Z     996.2 ms  ✓ IntervalArithmetic → IntervalArithmeticRecipesBaseExt
2025-08-27T07:23:39.0214871Z    1395.9 ms  ✓ IntervalArithmetic → IntervalArithmeticSparseArraysExt
2025-08-27T07:23:39.2216117Z   27680.2 ms  ✓ FFTW
2025-08-27T07:23:39.9679589Z    1014.0 ms  ✓ IntervalArithmetic → IntervalArithmeticLinearAlgebraExt
2025-08-27T07:23:40.0120406Z     990.4 ms  ✓ IntervalArithmetic → IntervalArithmeticIntervalSetsExt
2025-08-27T07:23:40.8493333Z     837.1 ms  ✓ IntervalArithmetic → IntervalArithmeticDiffRulesExt
2025-08-27T07:23:42.0053961Z    1154.7 ms  ✓ Xorg_libXrender_jll
2025-08-27T07:23:42.3318930Z    3109.0 ms  ✓ StatsFuns
2025-08-27T07:23:43.4241787Z    1418.6 ms  ✓ Xorg_libXext_jll
2025-08-27T07:23:44.5255614Z    1101.3 ms  ✓ FiniteDiff → FiniteDiffStaticArraysExt
2025-08-27T07:23:45.5668154Z    1041.2 ms  ✓ FiniteDiff → FiniteDiffSparseArraysExt
2025-08-27T07:23:46.4509147Z     882.0 ms  ✓ DifferentiationInterface → DifferentiationInterfaceFiniteDiffExt
2025-08-27T07:23:48.4925111Z    8525.1 ms  ✓ ForwardDiff
2025-08-27T07:23:51.1082702Z    2615.0 ms  ✓ Polynomials → PolynomialsMakieCoreExt
2025-08-27T07:23:53.2295848Z    2121.8 ms  ✓ Polynomials → PolynomialsChainRulesCoreExt
2025-08-27T07:23:54.3278734Z   11993.4 ms  ✓ GeometryBasics
2025-08-27T07:23:56.1388022Z    2908.5 ms  ✓ SimplePolynomials
2025-08-27T07:23:57.4232623Z    3097.7 ms  ✓ Polynomials → PolynomialsFFTWExt
2025-08-27T07:24:01.3553859Z    3932.0 ms  ✓ StatsFuns → StatsFunsChainRulesCoreExt
2025-08-27T07:24:06.6649253Z   10525.0 ms  ✓ ExactPredicates
2025-08-27T07:24:08.2758038Z   46620.4 ms  ✓ ImageCore
2025-08-27T07:24:09.4065443Z    2737.7 ms  ✓ Cairo_jll
2025-08-27T07:24:10.2629317Z    1987.7 ms  ✓ Libglvnd_jll
2025-08-27T07:24:11.5494124Z    1285.1 ms  ✓ DifferentiationInterface → DifferentiationInterfaceForwardDiffExt
2025-08-27T07:24:12.6612033Z    3254.6 ms  ✓ ForwardDiff → ForwardDiffStaticArraysExt
2025-08-27T07:24:12.6685434Z    1119.0 ms  ✓ IntervalArithmetic → IntervalArithmeticForwardDiffExt
2025-08-27T07:24:13.1189859Z   26670.6 ms  ✓ PlotUtils
2025-08-27T07:24:14.4978225Z    1829.9 ms  ✓ Packing
2025-08-27T07:24:14.8547935Z    2194.0 ms  ✓ Interpolations → InterpolationsForwardDiffExt
2025-08-27T07:24:15.0052692Z   13649.7 ms  ✓ Distributions
2025-08-27T07:24:17.3806529Z    2882.7 ms  ✓ ShaderAbstractions
2025-08-27T07:24:17.6720211Z    2667.3 ms  ✓ LinearAlgebraX
2025-08-27T07:24:20.9980306Z    6139.2 ms  ✓ FreeTypeAbstraction
2025-08-27T07:24:21.9306439Z   78255.4 ms  ✓ TiffImages
2025-08-27T07:24:22.5991024Z    5218.2 ms  ✓ ImageBase
2025-08-27T07:24:24.0168004Z    1416.8 ms  ✓ HarfBuzz_jll
2025-08-27T07:24:25.3611651Z    4366.2 ms  ✓ Sixel
2025-08-27T07:24:25.7830391Z    1766.2 ms  ✓ libwebp_jll
2025-08-27T07:24:25.9303032Z    3999.6 ms  ✓ JpegTurbo
2025-08-27T07:24:28.4685936Z    2685.9 ms  ✓ Distributions → DistributionsTestExt
2025-08-27T07:24:28.4831092Z    2553.3 ms  ✓ SimpleRandom
2025-08-27T07:24:28.9382031Z    3576.9 ms  ✓ NLSolversBase
2025-08-27T07:24:30.9355479Z   17813.3 ms  ✓ GridLayoutBase
2025-08-27T07:24:31.1576009Z   13481.3 ms  ✓ PNGFiles
2025-08-27T07:24:31.2248013Z    2755.5 ms  ✓ Distributions → DistributionsChainRulesCoreExt
2025-08-27T07:24:32.0124632Z    3071.7 ms  ✓ ImageAxes
2025-08-27T07:24:32.5328323Z    1597.1 ms  ✓ libass_jll
2025-08-27T07:24:32.6795449Z    1519.4 ms  ✓ Pango_jll
2025-08-27T07:24:34.4598808Z    3233.8 ms  ✓ WebP
2025-08-27T07:24:34.8398765Z    2158.4 ms  ✓ ImageMetadata
2025-08-27T07:24:35.6909001Z    3158.0 ms  ✓ KernelDensity
2025-08-27T07:24:35.7785514Z    3766.5 ms  ✓ LineSearches
2025-08-27T07:24:36.9523782Z    2492.9 ms  ✓ FFMPEG_jll
2025-08-27T07:24:37.1798713Z    2339.1 ms  ✓ Cairo
2025-08-27T07:24:37.5189880Z    9035.3 ms  ✓ MathTeXEngine
2025-08-27T07:24:37.9384258Z    2248.0 ms  ✓ Netpbm
2025-08-27T07:24:38.9332982Z     994.8 ms  ✓ ImageIO
2025-08-27T07:24:40.5022927Z    4723.2 ms  ✓ Optim
2025-08-27T07:24:42.7102210Z    2207.9 ms  ✓ SimpleGraphs
2025-08-27T07:24:46.6497935Z    3939.4 ms  ✓ DelaunayTriangulation
2025-08-27T07:26:18.4151304Z   91765.2 ms  ✓ Makie
2025-08-27T07:26:27.3609880Z               ✗ CairoMakie
2025-08-27T07:26:27.3610763Z   268 dependencies successfully precompiled in 280 seconds. 47 already precompiled.
2025-08-27T07:26:27.3611513Z   2 dependencies had output during precompilation:
2025-08-27T07:26:27.3612098Z ┌ MKL_jll
2025-08-27T07:26:27.3612350Z │  Downloading artifact: IntelOpenMP
2025-08-27T07:26:27.3612628Z └  
2025-08-27T07:26:27.3612813Z ┌ Formatting
2025-08-27T07:26:27.3613055Z │  ┌ Warning: DEPRECATION NOTICE
2025-08-27T07:26:27.3613310Z │  │ 
2025-08-27T07:26:27.3613665Z │  │ Formatting.jl has been unmaintained for a while, with some serious
2025-08-27T07:26:27.3614275Z │  │ correctness bugs compromising the original purpose of the package. As a result,
2025-08-27T07:26:27.3615237Z │  │ it has been deprecated - consider using an alternative, such as
2025-08-27T07:26:27.3615875Z │  │ `Format.jl` (https://github.com/JuliaString/Format.jl) or the `Printf` stdlib directly.
2025-08-27T07:26:27.3616325Z │  │ 
2025-08-27T07:26:27.3616696Z │  │ If you are not using Formatting.jl as a direct dependency, please consider
2025-08-27T07:26:27.3617660Z │  │ opening an issue on any packages you are using that do use it as a dependency.
2025-08-27T07:26:27.3618259Z │  │ From Julia 1.9 onwards, you can query `]why Formatting` to figure out which
2025-08-27T07:26:27.3618740Z │  │ package originally brings it in as a dependency.
2025-08-27T07:26:27.3619231Z │  └ @ Formatting ~/.julia/packages/Formatting/3VxOt/src/Formatting.jl:12
2025-08-27T07:26:27.3619609Z └  
2025-08-27T07:26:27.3619710Z 
2025-08-27T07:26:27.3619859Z The following 1 direct dependency failed to precompile:
2025-08-27T07:26:27.3620102Z 
2025-08-27T07:26:27.3620181Z CairoMakie 
2025-08-27T07:26:27.3620287Z 
2025-08-27T07:26:27.3621023Z Failed to precompile CairoMakie [13f3f980-e62b-5c42-98c6-ff1f3baf88f0] to "/home/runner/.julia/compiled/v1.13/CairoMakie/jl_huFW2r" (ProcessExited(1)).
2025-08-27T07:26:27.3622680Z ERROR: LoadError: FieldError: type Core.TypeName has no field `mt`, available fields: `name`, `module`, `singletonname`, `names`, `atomicfields`, `constfields`, `wrapper`, `Typeofwrapper`, `cache`, `linearcache`, `partial`, `hash`, `max_args`, `n_uninitialized`, `flags`, `cache_entry_count`, `max_methods`, `constprop_heuristic`
2025-08-27T07:26:27.3623819Z Stacktrace:
2025-08-27T07:26:27.3628264Z   [1] getproperty(x::Core.TypeName, f::Symbol)
2025-08-27T07:26:27.3628587Z     @ Base ./Base_compiler.jl:57
2025-08-27T07:26:27.3628890Z   [2] func2string(func::typeof(MakieCore.linesegments))
2025-08-27T07:26:27.3629271Z     @ MakieCore ~/.julia/packages/MakieCore/tAY2U/src/recipes.jl:9
2025-08-27T07:26:27.3629783Z   [3] plotkey(::Type{MakieCore.LineSegments{Tuple{Vector{GeometryBasics.Point{2, Float32}}}}})
2025-08-27T07:26:27.3630309Z     @ MakieCore ~/.julia/packages/MakieCore/tAY2U/src/recipes.jl:21
2025-08-27T07:26:27.3630793Z   [4] plotkey(::MakieCore.LineSegments{Tuple{Vector{GeometryBasics.Point{2, Float32}}}})
2025-08-27T07:26:27.3631273Z     @ MakieCore ~/.julia/packages/MakieCore/tAY2U/src/recipes.jl:22
2025-08-27T07:26:27.3631905Z   [5] get_attribute(dict::MakieCore.LineSegments{Tuple{Vector{GeometryBasics.Point{2, Float32}}}}, key::Symbol, default::Nothing)
2025-08-27T07:26:27.3632525Z     @ MakieCore ~/.julia/packages/MakieCore/tAY2U/src/attributes.jl:240
2025-08-27T07:26:27.3633095Z   [6] get_attribute(dict::MakieCore.LineSegments{Tuple{Vector{GeometryBasics.Point{2, Float32}}}}, key::Symbol)
2025-08-27T07:26:27.3633667Z     @ MakieCore ~/.julia/packages/MakieCore/tAY2U/src/attributes.jl:237
2025-08-27T07:26:27.3634334Z   [7] draw_atomic(scene::Makie.Scene, screen::CairoMakie.Screen{CairoMakie.IMAGE}, primitive::Union{MakieCore.Lines, MakieCore.LineSegments})
2025-08-27T07:26:27.3635010Z     @ CairoMakie ~/.julia/packages/CairoMakie/VqiwS/src/primitives.jl:6
2025-08-27T07:26:27.3635808Z   [8] draw_plot(scene::Makie.Scene, screen::CairoMakie.Screen{CairoMakie.IMAGE}, primitive::MakieCore.LineSegments{Tuple{Vector{GeometryBasics.Point{2, Float32}}}})
2025-08-27T07:26:27.3636579Z     @ CairoMakie ~/.julia/packages/CairoMakie/VqiwS/src/infrastructure.jl:131
2025-08-27T07:26:27.3637251Z   [9] cairo_draw(screen::CairoMakie.Screen{CairoMakie.IMAGE}, scene::Makie.Scene)
2025-08-27T07:26:27.3637729Z     @ CairoMakie ~/.julia/packages/CairoMakie/VqiwS/src/infrastructure.jl:51
2025-08-27T07:26:27.3638150Z  [10] colorbuffer(screen::CairoMakie.Screen{CairoMakie.IMAGE})
2025-08-27T07:26:27.3638546Z     @ CairoMakie ~/.julia/packages/CairoMakie/VqiwS/src/screen.jl:307
2025-08-27T07:26:27.3639067Z  [11] colorbuffer(screen::CairoMakie.Screen{CairoMakie.IMAGE}, format::Makie.ImageStorageFormat)
2025-08-27T07:26:27.3639544Z     @ Makie ~/.julia/packages/Makie/RgxaV/src/display.jl:363
2025-08-27T07:26:27.3640158Z  [12] colorbuffer(fig::Makie.FigureAxisPlot, format::Makie.ImageStorageFormat; update::Bool, backend::Module, screen_config::@Kwargs{})
2025-08-27T07:26:27.3640954Z     @ Makie ~/.julia/packages/Makie/RgxaV/src/display.jl:439
2025-08-27T07:26:27.3641237Z  [13] colorbuffer
2025-08-27T07:26:27.3641485Z     @ ~/.julia/packages/Makie/RgxaV/src/display.jl:434 [inlined]
2025-08-27T07:26:27.3641813Z  [14] colorbuffer(fig::Makie.FigureAxisPlot)
2025-08-27T07:26:27.3642124Z     @ Makie ~/.julia/packages/Makie/RgxaV/src/display.jl:434
2025-08-27T07:26:27.3642406Z  [15] top-level scope
2025-08-27T07:26:27.3642686Z     @ ~/.julia/packages/Makie/RgxaV/precompile/shared-precompile.jl:6
2025-08-27T07:26:27.3643074Z  [16] include(mapexpr::Function, mod::Module, _path::String)
2025-08-27T07:26:27.3643364Z     @ Base ./Base.jl:309
2025-08-27T07:26:27.3643553Z  [17] top-level scope
2025-08-27T07:26:27.3643799Z     @ ~/.julia/packages/CairoMakie/VqiwS/src/precompiles.jl:11
2025-08-27T07:26:27.3644095Z  [18] macro expansion
2025-08-27T07:26:27.3644628Z     @ ~/.julia/packages/PrecompileTools/Z8SWe/src/workloads.jl:73 [inlined]
2025-08-27T07:26:27.3644999Z  [19] macro expansion
2025-08-27T07:26:27.3645289Z     @ ~/.julia/packages/CairoMakie/VqiwS/src/precompiles.jl:15 [inlined]
2025-08-27T07:26:27.3645687Z  [20] include(mapexpr::Function, mod::Module, _path::String)
2025-08-27T07:26:27.3645975Z     @ Base ./Base.jl:309
2025-08-27T07:26:27.3646162Z  [21] top-level scope
2025-08-27T07:26:27.3646404Z     @ ~/.julia/packages/CairoMakie/VqiwS/src/CairoMakie.jl:37
2025-08-27T07:26:27.3646709Z  [22] include(mod::Module, _path::String)
2025-08-27T07:26:27.3646965Z     @ Base ./Base.jl:308
2025-08-27T07:26:27.3647886Z  [23] include_package_for_output(pkg::Base.PkgId, input::String, depot_path::Vector{String}, dl_load_path::Vector{String}, load_path::Vector{String}, concrete_deps::Vector{Pair{Base.PkgId, UInt128}}, source::Nothing)
2025-08-27T07:26:27.3648639Z     @ Base ./loading.jl:3019
2025-08-27T07:26:27.3648844Z  [24] top-level scope
2025-08-27T07:26:27.3649025Z     @ stdin:5
2025-08-27T07:26:27.3649197Z  [25] eval(m::Module, e::Any)
2025-08-27T07:26:27.3649401Z     @ Core ./boot.jl:489
2025-08-27T07:26:27.3649742Z  [26] include_string(mapexpr::typeof(identity), mod::Module, code::String, filename::String)
2025-08-27T07:26:27.3650141Z     @ Base ./loading.jl:2865
2025-08-27T07:26:27.3650352Z  [27] include_string
2025-08-27T07:26:27.3650535Z     @ ./loading.jl:2875 [inlined]
2025-08-27T07:26:27.3650777Z  [28] exec_options(opts::Base.JLOptions)
2025-08-27T07:26:27.3651021Z     @ Base ./client.jl:328
2025-08-27T07:26:27.3651206Z  [29] _start()
2025-08-27T07:26:27.3651373Z     @ Base ./client.jl:563
2025-08-27T07:26:27.3651786Z in expression starting at /home/runner/.julia/packages/Makie/RgxaV/precompile/shared-precompile.jl:4
2025-08-27T07:26:27.3652433Z in expression starting at /home/runner/.julia/packages/CairoMakie/VqiwS/src/precompiles.jl:10
2025-08-27T07:26:27.3653030Z in expression starting at /home/runner/.julia/packages/CairoMakie/VqiwS/src/CairoMakie.jl:1
2025-08-27T07:26:27.8114579Z in expression starting at stdin:Precompiling packages...
2025-08-27T07:26:36.6484755Z Info Given CairoMakie was explicitly requested, output will be shown live [0K
2025-08-27T07:26:36.6486419Z [0KERROR: LoadError: FieldError: type Core.TypeName has no field `mt`, available fields: `name`, `module`, `singletonname`, `names`, `atomicfields`, `constfields`, `wrapper`, `Typeofwrapper`, `cache`, `linearcache`, `partial`, `hash`, `max_args`, `n_uninitialized`, `flags`, `cache_entry_count`, `max_methods`, `constprop_heuristic`
2025-08-27T07:26:36.6487898Z [0KStacktrace:
2025-08-27T07:26:36.6552284Z [0K  [1] getproperty(x::Core.TypeName, f::Symbol)
2025-08-27T07:26:36.6552804Z [0K    @ Base ./Base_compiler.jl:57
2025-08-27T07:26:36.6553389Z [0K  [2] func2string(func::typeof(MakieCore.linesegments))
2025-08-27T07:26:36.6554036Z [0K    @ MakieCore ~/.julia/packages/MakieCore/tAY2U/src/recipes.jl:9
2025-08-27T07:26:36.6587795Z [0K  [3] plotkey(::Type{MakieCore.LineSegments{Tuple{Vector{GeometryBasics.Point{2, Float32}}}}})
2025-08-27T07:26:36.6589069Z [0K    @ MakieCore ~/.julia/packages/MakieCore/tAY2U/src/recipes.jl:21
2025-08-27T07:26:36.6594314Z [0K  [4] plotkey(::MakieCore.LineSegments{Tuple{Vector{GeometryBasics.Point{2, Float32}}}})
2025-08-27T07:26:36.6594939Z [0K    @ MakieCore ~/.julia/packages/MakieCore/tAY2U/src/recipes.jl:22
2025-08-27T07:26:36.6601996Z [0K  [5] get_attribute(dict::MakieCore.LineSegments{Tuple{Vector{GeometryBasics.Point{2, Float32}}}}, key::Symbol, default::Nothing)
2025-08-27T07:26:36.6602791Z [0K    @ MakieCore ~/.julia/packages/MakieCore/tAY2U/src/attributes.jl:240
2025-08-27T07:26:36.6608385Z [0K  [6] get_attribute(dict::MakieCore.LineSegments{Tuple{Vector{GeometryBasics.Point{2, Float32}}}}, key::Symbol)
2025-08-27T07:26:36.6609308Z [0K    @ MakieCore ~/.julia/packages/MakieCore/tAY2U/src/attributes.jl:237
2025-08-27T07:26:36.6680920Z [0K  [7] draw_atomic(scene::Makie.Scene, screen::CairoMakie.Screen{CairoMakie.IMAGE}, primitive::Union{MakieCore.Lines, MakieCore.LineSegments})
2025-08-27T07:26:36.6682377Z [0K    @ CairoMakie ~/.julia/packages/CairoMakie/VqiwS/src/primitives.jl:6
2025-08-27T07:26:36.6692080Z [0K  [8] draw_plot(scene::Makie.Scene, screen::CairoMakie.Screen{CairoMakie.IMAGE}, primitive::MakieCore.LineSegments{Tuple{Vector{GeometryBasics.Point{2, Float32}}}})
2025-08-27T07:26:36.6693187Z [0K    @ CairoMakie ~/.julia/packages/CairoMakie/VqiwS/src/infrastructure.jl:131
2025-08-27T07:26:36.6694457Z [0K  [9] cairo_draw(screen::CairoMakie.Screen{CairoMakie.IMAGE}, scene::Makie.Scene)
2025-08-27T07:26:36.6695288Z [0K    @ CairoMakie ~/.julia/packages/CairoMakie/VqiwS/src/infrastructure.jl:51
2025-08-27T07:26:36.6696376Z [0K [10] colorbuffer(screen::CairoMakie.Screen{CairoMakie.IMAGE})
2025-08-27T07:26:36.6697377Z [0K    @ CairoMakie ~/.julia/packages/CairoMakie/VqiwS/src/screen.jl:307
2025-08-27T07:26:36.6699249Z [0K [11] colorbuffer(screen::CairoMakie.Screen{CairoMakie.IMAGE}, format::Makie.ImageStorageFormat)
2025-08-27T07:26:36.6700180Z [0K    @ Makie ~/.julia/packages/Makie/RgxaV/src/display.jl:363
2025-08-27T07:26:36.6705293Z [0K [12] colorbuffer(fig::Makie.FigureAxisPlot, format::Makie.ImageStorageFormat; update::Bool, backend::Module, screen_config::@Kwargs{})
2025-08-27T07:26:36.6706540Z [0K    @ Makie ~/.julia/packages/Makie/RgxaV/src/display.jl:439
2025-08-27T07:26:36.6707246Z [0K [13] colorbuffer
2025-08-27T07:26:36.6707800Z [0K    @ ~/.julia/packages/Makie/RgxaV/src/display.jl:434 [inlined]
2025-08-27T07:26:36.6708537Z [0K [14] colorbuffer(fig::Makie.FigureAxisPlot)
2025-08-27T07:26:36.6709199Z [0K    @ Makie ~/.julia/packages/Makie/RgxaV/src/display.jl:434
2025-08-27T07:26:36.6709748Z [0K [15] top-level scope
2025-08-27T07:26:36.6710360Z [0K    @ ~/.julia/packages/Makie/RgxaV/precompile/shared-precompile.jl:6
2025-08-27T07:26:36.6711045Z [0K [16] include(mapexpr::Function, mod::Module, _path::String)
2025-08-27T07:26:36.6711383Z [0K    @ Base ./Base.jl:309
2025-08-27T07:26:36.6711624Z [0K [17] top-level scope
2025-08-27T07:26:36.6711956Z [0K    @ ~/.julia/packages/CairoMakie/VqiwS/src/precompiles.jl:11
2025-08-27T07:26:36.6712280Z [0K [18] macro expansion
2025-08-27T07:26:36.6714457Z [0K    @ ~/.julia/packages/PrecompileTools/Z8SWe/src/workloads.jl:73 [inlined]
2025-08-27T07:26:36.6715157Z [0K [19] macro expansion
2025-08-27T07:26:36.6715587Z [0K    @ ~/.julia/packages/CairoMakie/VqiwS/src/precompiles.jl:15 [inlined]
2025-08-27T07:26:36.6716183Z [0K [20] include(mapexpr::Function, mod::Module, _path::String)
2025-08-27T07:26:36.6716508Z [0K    @ Base ./Base.jl:309
2025-08-27T07:26:36.6716748Z [0K [21] top-level scope
2025-08-27T07:26:36.6717271Z [0K    @ ~/.julia/packages/CairoMakie/VqiwS/src/CairoMakie.jl:37
2025-08-27T07:26:36.6717672Z [0K [22] include(mod::Module, _path::String)
2025-08-27T07:26:36.6717964Z [0K    @ Base ./Base.jl:308
2025-08-27T07:26:36.6734576Z [0K [23] include_package_for_output(pkg::Base.PkgId, input::String, depot_path::Vector{String}, dl_load_path::Vector{String}, load_path::Vector{String}, concrete_deps::Vector{Pair{Base.PkgId, UInt128}}, source::Nothing)
2025-08-27T07:26:36.6735623Z [0K    @ Base ./loading.jl:3019
2025-08-27T07:26:36.6735880Z [0K [24] top-level scope
2025-08-27T07:26:36.6736098Z [0K    @ stdin:5
2025-08-27T07:26:36.6738460Z [0K [25] eval(m::Module, e::Any)
2025-08-27T07:26:36.6738919Z [0K    @ Core ./boot.jl:489
2025-08-27T07:26:36.6739728Z [0K [26] include_string(mapexpr::typeof(identity), mod::Module, code::String, filename::String)
2025-08-27T07:26:36.6740428Z [0K    @ Base ./loading.jl:2865
2025-08-27T07:26:36.6740670Z [0K [27] include_string
2025-08-27T07:26:36.6740919Z [0K    @ ./loading.jl:2875 [inlined]
2025-08-27T07:26:36.6741251Z [0K [28] exec_options(opts::Base.JLOptions)
2025-08-27T07:26:36.6741532Z [0K    @ Base ./client.jl:328
2025-08-27T07:26:36.6741762Z [0K [29] _start()
2025-08-27T07:26:36.6741967Z [0K    @ Base ./client.jl:563
2025-08-27T07:26:36.6742480Z [0Kin expression starting at /home/runner/.julia/packages/Makie/RgxaV/precompile/shared-precompile.jl:4
2025-08-27T07:26:36.6743398Z [0Kin expression starting at /home/runner/.julia/packages/CairoMakie/VqiwS/src/precompiles.jl:10
2025-08-27T07:26:36.6744087Z [0Kin expression starting at /home/runner/.julia/packages/CairoMakie/VqiwS/src/CairoMakie.jl:1
2025-08-27T07:26:36.6744556Z [0Kin expression starting at stdin:5
2025-08-27T07:26:36.7770416Z               ✗ CairoMakie
2025-08-27T07:26:36.7770882Z   0 dependencies successfully precompiled in 9 seconds. 314 already precompiled.
2025-08-27T07:26:36.7771204Z 
2025-08-27T07:26:37.1863814Z ERROR: The following 1 direct dependency failed to precompile:
2025-08-27T07:26:37.1864446Z 
2025-08-27T07:26:37.1864571Z CairoMakie 
2025-08-27T07:26:37.1864754Z 
2025-08-27T07:26:37.1865595Z Failed to precompile CairoMakie [13f3f980-e62b-5c42-98c6-ff1f3baf88f0] to "/home/runner/.julia/compiled/v1.13/CairoMakie/jl_E64aGG" (ProcessExited(1)).
2025-08-27T07:26:37.1867585Z ERROR: LoadError: FieldError: type Core.TypeName has no field `mt`, available fields: `name`, `module`, `singletonname`, `names`, `atomicfields`, `constfields`, `wrapper`, `Typeofwrapper`, `cache`, `linearcache`, `partial`, `hash`, `max_args`, `n_uninitialized`, `flags`, `cache_entry_count`, `max_methods`, `constprop_heuristic`
2025-08-27T07:26:37.1868793Z Stacktrace:
2025-08-27T07:26:37.1869042Z   [1] getproperty(x::Core.TypeName, f::Symbol)
2025-08-27T07:26:37.1869321Z     @ Base ./Base_compiler.jl:57
2025-08-27T07:26:37.1869615Z   [2] func2string(func::typeof(MakieCore.linesegments))
2025-08-27T07:26:37.1870002Z     @ MakieCore ~/.julia/packages/MakieCore/tAY2U/src/recipes.jl:9
2025-08-27T07:26:37.1870519Z   [3] plotkey(::Type{MakieCore.LineSegments{Tuple{Vector{GeometryBasics.Point{2, Float32}}}}})
2025-08-27T07:26:37.1871042Z     @ MakieCore ~/.julia/packages/MakieCore/tAY2U/src/recipes.jl:21
2025-08-27T07:26:37.1871540Z   [4] plotkey(::MakieCore.LineSegments{Tuple{Vector{GeometryBasics.Point{2, Float32}}}})
2025-08-27T07:26:37.1872228Z     @ MakieCore ~/.julia/packages/MakieCore/tAY2U/src/recipes.jl:22
2025-08-27T07:26:37.1873094Z   [5] get_attribute(dict::MakieCore.LineSegments{Tuple{Vector{GeometryBasics.Point{2, Float32}}}}, key::Symbol, default::Nothing)
2025-08-27T07:26:37.1873980Z     @ MakieCore ~/.julia/packages/MakieCore/tAY2U/src/attributes.jl:240
2025-08-27T07:26:37.1874793Z   [6] get_attribute(dict::MakieCore.LineSegments{Tuple{Vector{GeometryBasics.Point{2, Float32}}}}, key::Symbol)
2025-08-27T07:26:37.1875593Z     @ MakieCore ~/.julia/packages/MakieCore/tAY2U/src/attributes.jl:237
2025-08-27T07:26:37.1876531Z   [7] draw_atomic(scene::Makie.Scene, screen::CairoMakie.Screen{CairoMakie.IMAGE}, primitive::Union{MakieCore.Lines, MakieCore.LineSegments})
2025-08-27T07:26:37.1877647Z     @ CairoMakie ~/.julia/packages/CairoMakie/VqiwS/src/primitives.jl:6
2025-08-27T07:26:37.1878724Z   [8] draw_plot(scene::Makie.Scene, screen::CairoMakie.Screen{CairoMakie.IMAGE}, primitive::MakieCore.LineSegments{Tuple{Vector{GeometryBasics.Point{2, Float32}}}})
2025-08-27T07:26:37.1879821Z     @ CairoMakie ~/.julia/packages/CairoMakie/VqiwS/src/infrastructure.jl:131
2025-08-27T07:26:37.1880927Z   [9] cairo_draw(screen::CairoMakie.Screen{CairoMakie.IMAGE}, scene::Makie.Scene)
2025-08-27T07:26:37.1881604Z     @ CairoMakie ~/.julia/packages/CairoMakie/VqiwS/src/infrastructure.jl:51
2025-08-27T07:26:37.1882381Z  [10] colorbuffer(screen::CairoMakie.Screen{CairoMakie.IMAGE})
2025-08-27T07:26:37.1882945Z     @ CairoMakie ~/.julia/packages/CairoMakie/VqiwS/src/screen.jl:307
2025-08-27T07:26:37.1883689Z  [11] colorbuffer(screen::CairoMakie.Screen{CairoMakie.IMAGE}, format::Makie.ImageStorageFormat)
2025-08-27T07:26:37.1884396Z     @ Makie ~/.julia/packages/Makie/RgxaV/src/display.jl:363
2025-08-27T07:26:37.1885300Z  [12] colorbuffer(fig::Makie.FigureAxisPlot, format::Makie.ImageStorageFormat; update::Bool, backend::Module, screen_config::@Kwargs{})
2025-08-27T07:26:37.1886212Z     @ Makie ~/.julia/packages/Makie/RgxaV/src/display.jl:439
2025-08-27T07:26:37.1886632Z  [13] colorbuffer
2025-08-27T07:26:37.1887363Z     @ ~/.julia/packages/Makie/RgxaV/src/display.jl:434 [inlined]
2025-08-27T07:26:37.1887876Z  [14] colorbuffer(fig::Makie.FigureAxisPlot)
2025-08-27T07:26:37.1888329Z     @ Makie ~/.julia/packages/Makie/RgxaV/src/display.jl:434
2025-08-27T07:26:37.1888762Z  [15] top-level scope
2025-08-27T07:26:37.1889194Z     @ ~/.julia/packages/Makie/RgxaV/precompile/shared-precompile.jl:6
2025-08-27T07:26:37.1889797Z  [16] include(mapexpr::Function, mod::Module, _path::String)
2025-08-27T07:26:37.1890241Z     @ Base ./Base.jl:309
2025-08-27T07:26:37.1890527Z  [17] top-level scope
2025-08-27T07:26:37.1890952Z     @ ~/.julia/packages/CairoMakie/VqiwS/src/precompiles.jl:11
2025-08-27T07:26:37.1891443Z  [18] macro expansion
2025-08-27T07:26:37.1891886Z     @ ~/.julia/packages/PrecompileTools/Z8SWe/src/workloads.jl:73 [inlined]
2025-08-27T07:26:37.1892387Z  [19] macro expansion
2025-08-27T07:26:37.1892823Z     @ ~/.julia/packages/CairoMakie/VqiwS/src/precompiles.jl:15 [inlined]
2025-08-27T07:26:37.1893451Z  [20] include(mapexpr::Function, mod::Module, _path::String)
2025-08-27T07:26:37.1893881Z     @ Base ./Base.jl:309
2025-08-27T07:26:37.1894157Z  [21] top-level scope
2025-08-27T07:26:37.1894510Z     @ ~/.julia/packages/CairoMakie/VqiwS/src/CairoMakie.jl:37
2025-08-27T07:26:37.1894957Z  [22] include(mod::Module, _path::String)
2025-08-27T07:26:37.1895297Z     @ Base ./Base.jl:308
2025-08-27T07:26:37.1896327Z  [23] include_package_for_output(pkg::Base.PkgId, input::String, depot_path::Vector{String}, dl_load_path::Vector{String}, load_path::Vector{String}, concrete_deps::Vector{Pair{Base.PkgId, UInt128}}, source::Nothing)
2025-08-27T07:26:37.1897589Z     @ Base ./loading.jl:3019
2025-08-27T07:26:37.1897881Z  [24] top-level scope
2025-08-27T07:26:37.1898135Z     @ stdin:5
2025-08-27T07:26:37.1898385Z  [25] eval(m::Module, e::Any)
2025-08-27T07:26:37.1898683Z     @ Core ./boot.jl:489
2025-08-27T07:26:37.1899189Z  [26] include_string(mapexpr::typeof(identity), mod::Module, code::String, filename::String)
2025-08-27T07:26:37.1899753Z     @ Base ./loading.jl:2865
2025-08-27T07:26:37.1900047Z  [27] include_string
2025-08-27T07:26:37.1900309Z     @ ./loading.jl:2875 [inlined]
2025-08-27T07:26:37.1900653Z  [28] exec_options(opts::Base.JLOptions)
2025-08-27T07:26:37.1901002Z     @ Base ./client.jl:328
2025-08-27T07:26:37.1901278Z  [29] _start()
2025-08-27T07:26:37.1901521Z     @ Base ./client.jl:563
2025-08-27T07:26:37.1902110Z in expression starting at /home/runner/.julia/packages/Makie/RgxaV/precompile/shared-precompile.jl:4
2025-08-27T07:26:37.1903018Z in expression starting at /home/runner/.julia/packages/CairoMakie/VqiwS/src/precompiles.jl:10
2025-08-27T07:26:37.1903859Z in expression starting at /home/runner/.julia/packages/CairoMakie/VqiwS/src/CairoMakie.jl:1
2025-08-27T07:26:37.1904453Z in expression starting at stdin:
2025-08-27T07:26:37.3229737Z ##[error]Process completed with exit code 1.
2025-08-27T07:26:37.3350325Z Post job cleanup.
2025-08-27T07:26:37.3372874Z Post job cleanup.
2025-08-27T07:26:38.4509878Z       Active manifest files: 1 found
2025-08-27T07:26:38.4910354Z       Active artifact files: 57 found
2025-08-27T07:26:38.4925035Z       Active scratchspaces: 0 found
2025-08-27T07:26:38.5019532Z      Deleted no artifacts, repos, packages or scratchspaces
2025-08-27T07:26:39.2753251Z No existing caches found on ref `refs/heads/main` matching restore key `julia-cache;workflow=CI;job=test;os=Linux;version=nightly;os=ubuntu-latest;arch=x64;`
2025-08-27T07:26:39.3081087Z Post job cleanup.
2025-08-27T07:26:39.4019484Z [command]/usr/bin/git version
2025-08-27T07:26:39.4054883Z git version 2.51.0
2025-08-27T07:26:39.4098363Z Temporarily overriding HOME='/home/runner/work/_temp/5c6a83d7-9bde-4b58-8357-a62010ebdfca' before making global git config changes
2025-08-27T07:26:39.4099219Z Adding repository directory to the temporary git global config as a safe directory
2025-08-27T07:26:39.4105230Z [command]/usr/bin/git config --global --add safe.directory /home/runner/work/JuliaTestRocket/JuliaTestRocket
2025-08-27T07:26:39.4141229Z [command]/usr/bin/git config --local --name-only --get-regexp core\.sshCommand
2025-08-27T07:26:39.4173370Z [command]/usr/bin/git submodule foreach --recursive sh -c "git config --local --name-only --get-regexp 'core\.sshCommand' && git config --local --unset-all 'core.sshCommand' || :"
2025-08-27T07:26:39.4395258Z [command]/usr/bin/git config --local --name-only --get-regexp http\.https\:\/\/github\.com\/\.extraheader
2025-08-27T07:26:39.4415339Z http.https://github.com/.extraheader
2025-08-27T07:26:39.4427954Z [command]/usr/bin/git config --local --unset-all http.https://github.com/.extraheader
2025-08-27T07:26:39.4458303Z [command]/usr/bin/git submodule foreach --recursive sh -c "git config --local --name-only --get-regexp 'http\.https\:\/\/github\.com\/\.extraheader' && git config --local --unset-all 'http.https://github.com/.extraheader' || :"
2025-08-27T07:26:39.4783049Z Cleaning up orphan processes
