2025-08-27T07:21:08.9621210Z Current runner version: '2.328.0'
2025-08-27T07:21:08.9638130Z ##[group]Runner Image Provisioner
2025-08-27T07:21:08.9638650Z Hosted Compute Agent
2025-08-27T07:21:08.9638990Z Version: 20250825.382
2025-08-27T07:21:08.9639370Z Commit: 7109f2abf901479dac39397456e363ac0cca0730
2025-08-27T07:21:08.9639800Z Build Date: 2025-08-25T22:55:50Z
2025-08-27T07:21:08.9640160Z ##[endgroup]
2025-08-27T07:21:08.9640490Z ##[group]Operating System
2025-08-27T07:21:08.9641160Z macOS
2025-08-27T07:21:08.9641460Z 15.5
2025-08-27T07:21:08.9641730Z 24F74
2025-08-27T07:21:08.9642010Z ##[endgroup]
2025-08-27T07:21:08.9642310Z ##[group]Runner Image
2025-08-27T07:21:08.9642640Z Image: macos-15-arm64
2025-08-27T07:21:08.9642960Z Version: 20250818.2206
2025-08-27T07:21:08.9643640Z Included Software: https://github.com/actions/runner-images/blob/macos-15-arm64/20250818.2206/images/macos/macos-15-arm64-Readme.md
2025-08-27T07:21:08.9644700Z Image Release: https://github.com/actions/runner-images/releases/tag/macos-15-arm64%2F20250818.2206
2025-08-27T07:21:08.9645310Z ##[endgroup]
2025-08-27T07:21:08.9646870Z ##[group]GITHUB_TOKEN Permissions
2025-08-27T07:21:08.9648030Z Actions: write
2025-08-27T07:21:08.9648340Z Attestations: write
2025-08-27T07:21:08.9648660Z Checks: write
2025-08-27T07:21:08.9648960Z Contents: write
2025-08-27T07:21:08.9649270Z Deployments: write
2025-08-27T07:21:08.9649580Z Discussions: write
2025-08-27T07:21:08.9649900Z Issues: write
2025-08-27T07:21:08.9650190Z Metadata: read
2025-08-27T07:21:08.9650490Z Models: read
2025-08-27T07:21:08.9650820Z Packages: write
2025-08-27T07:21:08.9651120Z Pages: write
2025-08-27T07:21:08.9651430Z PullRequests: write
2025-08-27T07:21:08.9651750Z RepositoryProjects: write
2025-08-27T07:21:08.9652100Z SecurityEvents: write
2025-08-27T07:21:08.9652480Z Statuses: write
2025-08-27T07:21:08.9652780Z ##[endgroup]
2025-08-27T07:21:08.9654320Z Secret source: Actions
2025-08-27T07:21:08.9654730Z Prepare workflow directory
2025-08-27T07:21:09.0057020Z Prepare all required actions
2025-08-27T07:21:09.0093620Z Getting action download info
2025-08-27T07:21:09.5345940Z Download action repository 'actions/checkout@v4' (SHA:08eba0b27e820071cde6df949e0beb9ba4906955)
2025-08-27T07:21:10.2603960Z Download action repository 'julia-actions/setup-julia@v1' (SHA:ac0d62164df5a47de404f4e96ce86a1a28a28d56)
2025-08-27T07:21:10.9555190Z Download action repository 'julia-actions/cache@v1' (SHA:dc1a3cdeacb521b0ca93cfc66143fcadb15a5bd0)
2025-08-27T07:21:11.5528640Z Download action repository 'julia-actions/julia-processcoverage@v1' (SHA:03114f09f119417c3242a9fb6e0b722676aedf38)
2025-08-27T07:21:12.0284400Z Download action repository 'codecov/codecov-action@v3' (SHA:ab904c41d6ece82784817410c45d8b8c02684457)
2025-08-27T07:21:12.6508920Z Getting action download info
2025-08-27T07:21:12.8635380Z Download action repository 'dcarbone/install-jq-action@v2.1.0' (SHA:8867ddb4788346d7c22b72ea2e2ffe4d514c7bcb)
2025-08-27T07:21:13.4389910Z Download action repository 'actions/cache@4d4ae6ae148a43d0fd1eda1800170683e9882738' (SHA:4d4ae6ae148a43d0fd1eda1800170683e9882738)
2025-08-27T07:21:14.0685960Z Download action repository 'pyTooling/Actions@adef08d3bdef092282614f3b683897cefae82ee3' (SHA:adef08d3bdef092282614f3b683897cefae82ee3)
2025-08-27T07:21:14.5890180Z Complete job name: Julia 1.10 - macOS-latest - x64
2025-08-27T07:21:14.6274070Z ##[group]Run actions/checkout@v4
2025-08-27T07:21:14.6274470Z with:
2025-08-27T07:21:14.6274620Z   repository: bakulev/JuliaTestRocket
2025-08-27T07:21:14.6275080Z   token: ***
2025-08-27T07:21:14.6275220Z   ssh-strict: true
2025-08-27T07:21:14.6275350Z   ssh-user: git
2025-08-27T07:21:14.6275500Z   persist-credentials: true
2025-08-27T07:21:14.6275660Z   clean: true
2025-08-27T07:21:14.6275810Z   sparse-checkout-cone-mode: true
2025-08-27T07:21:14.6276030Z   fetch-depth: 1
2025-08-27T07:21:14.6276160Z   fetch-tags: false
2025-08-27T07:21:14.6276290Z   show-progress: true
2025-08-27T07:21:14.6276430Z   lfs: false
2025-08-27T07:21:14.6276550Z   submodules: false
2025-08-27T07:21:14.6276690Z   set-safe-directory: true
2025-08-27T07:21:14.6277270Z ##[endgroup]
2025-08-27T07:21:14.8117700Z Syncing repository: bakulev/JuliaTestRocket
2025-08-27T07:21:14.8118800Z ##[group]Getting Git version info
2025-08-27T07:21:14.8119220Z Working directory is '/Users/runner/work/JuliaTestRocket/JuliaTestRocket'
2025-08-27T07:21:14.8119650Z [command]/opt/homebrew/bin/git version
2025-08-27T07:21:14.8332620Z git version 2.50.1
2025-08-27T07:21:14.8353550Z ##[endgroup]
2025-08-27T07:21:14.8360720Z Copying '/Users/runner/.gitconfig' to '/Users/runner/work/_temp/29b91017-73e3-409c-9c57-6d3ae8a3de5e/.gitconfig'
2025-08-27T07:21:14.8373190Z Temporarily overriding HOME='/Users/runner/work/_temp/29b91017-73e3-409c-9c57-6d3ae8a3de5e' before making global git config changes
2025-08-27T07:21:14.8374040Z Adding repository directory to the temporary git global config as a safe directory
2025-08-27T07:21:14.8377590Z [command]/opt/homebrew/bin/git config --global --add safe.directory /Users/runner/work/JuliaTestRocket/JuliaTestRocket
2025-08-27T07:21:14.8486620Z Deleting the contents of '/Users/runner/work/JuliaTestRocket/JuliaTestRocket'
2025-08-27T07:21:14.8488090Z ##[group]Initializing the repository
2025-08-27T07:21:14.8493840Z [command]/opt/homebrew/bin/git init /Users/runner/work/JuliaTestRocket/JuliaTestRocket
2025-08-27T07:21:14.8687110Z hint: Using 'master' as the name for the initial branch. This default branch name
2025-08-27T07:21:14.8690000Z hint: is subject to change. To configure the initial branch name to use in all
2025-08-27T07:21:14.8691450Z hint: of your new repositories, which will suppress this warning, call:
2025-08-27T07:21:14.8692060Z hint:
2025-08-27T07:21:14.8692470Z hint: 	git config --global init.defaultBranch <name>
2025-08-27T07:21:14.8692760Z hint:
2025-08-27T07:21:14.8693050Z hint: Names commonly chosen instead of 'master' are 'main', 'trunk' and
2025-08-27T07:21:14.8693510Z hint: 'development'. The just-created branch can be renamed via this command:
2025-08-27T07:21:14.8693830Z hint:
2025-08-27T07:21:14.8694030Z hint: 	git branch -m <name>
2025-08-27T07:21:14.8694270Z hint:
2025-08-27T07:21:14.8694590Z hint: Disable this message with "git config set advice.defaultBranchName false"
2025-08-27T07:21:14.8695250Z Initialized empty Git repository in /Users/runner/work/JuliaTestRocket/JuliaTestRocket/.git/
2025-08-27T07:21:14.8698130Z [command]/opt/homebrew/bin/git remote add origin https://github.com/bakulev/JuliaTestRocket
2025-08-27T07:21:14.8774900Z ##[endgroup]
2025-08-27T07:21:14.8775350Z ##[group]Disabling automatic garbage collection
2025-08-27T07:21:14.8777310Z [command]/opt/homebrew/bin/git config --local gc.auto 0
2025-08-27T07:21:14.8851230Z ##[endgroup]
2025-08-27T07:21:14.8851620Z ##[group]Setting up auth
2025-08-27T07:21:14.8861550Z [command]/opt/homebrew/bin/git config --local --name-only --get-regexp core\.sshCommand
2025-08-27T07:21:14.8941390Z [command]/opt/homebrew/bin/git submodule foreach --recursive sh -c "git config --local --name-only --get-regexp 'core\.sshCommand' && git config --local --unset-all 'core.sshCommand' || :"
2025-08-27T07:21:14.9735960Z [command]/opt/homebrew/bin/git config --local --name-only --get-regexp http\.https\:\/\/github\.com\/\.extraheader
2025-08-27T07:21:14.9789200Z [command]/opt/homebrew/bin/git submodule foreach --recursive sh -c "git config --local --name-only --get-regexp 'http\.https\:\/\/github\.com\/\.extraheader' && git config --local --unset-all 'http.https://github.com/.extraheader' || :"
2025-08-27T07:21:15.0503300Z [command]/opt/homebrew/bin/git config --local http.https://github.com/.extraheader AUTHORIZATION: basic ***
2025-08-27T07:21:15.0567120Z ##[endgroup]
2025-08-27T07:21:15.0567450Z ##[group]Fetching the repository
2025-08-27T07:21:15.0572380Z [command]/opt/homebrew/bin/git -c protocol.version=2 fetch --no-tags --prune --no-recurse-submodules --depth=1 origin +048c831dcbcc177572e3761b8279a61c28f21783:refs/remotes/origin/main
2025-08-27T07:21:15.5544260Z From https://github.com/bakulev/JuliaTestRocket
2025-08-27T07:21:15.5544860Z  * [new ref]         048c831dcbcc177572e3761b8279a61c28f21783 -> origin/main
2025-08-27T07:21:15.5609010Z ##[endgroup]
2025-08-27T07:21:15.5609290Z ##[group]Determining the checkout info
2025-08-27T07:21:15.5610590Z ##[endgroup]
2025-08-27T07:21:15.5614200Z [command]/opt/homebrew/bin/git sparse-checkout disable
2025-08-27T07:21:15.5687930Z [command]/opt/homebrew/bin/git config --local --unset-all extensions.worktreeConfig
2025-08-27T07:21:15.5749210Z ##[group]Checking out the ref
2025-08-27T07:21:15.5751910Z [command]/opt/homebrew/bin/git checkout --progress --force -B main refs/remotes/origin/main
2025-08-27T07:21:15.5937290Z Switched to a new branch 'main'
2025-08-27T07:21:15.5941470Z branch 'main' set up to track 'origin/main'.
2025-08-27T07:21:15.5943440Z ##[endgroup]
2025-08-27T07:21:15.6022470Z [command]/opt/homebrew/bin/git log -1 --format=%H
2025-08-27T07:21:15.6081480Z 048c831dcbcc177572e3761b8279a61c28f21783
2025-08-27T07:21:15.6208000Z ##[group]Run julia-actions/setup-julia@v1
2025-08-27T07:21:15.6208240Z with:
2025-08-27T07:21:15.6208370Z   version: 1.10
2025-08-27T07:21:15.6208500Z   arch: x64
2025-08-27T07:21:15.6208650Z   include-all-prereleases: false
2025-08-27T07:21:15.6208830Z   show-versioninfo: false
2025-08-27T07:21:15.6208980Z ##[endgroup]
2025-08-27T07:21:17.8910690Z [command]/usr/bin/tar xf /Users/runner/work/_temp/449df086-177c-4d79-ac33-7a9f09f2761d --strip-components=1 -C /Users/runner/hostedtoolcache/julia/1.10.10/x64
2025-08-27T07:21:19.5386380Z [command]/Users/runner/hostedtoolcache/julia/1.10.10/x64/bin/julia --version
2025-08-27T07:21:28.6533560Z julia version 1.10.10
2025-08-27T07:21:28.7429730Z ##[group]Run julia-actions/cache@v1
2025-08-27T07:21:28.7430060Z with:
2025-08-27T07:21:28.7430300Z   cache-name: julia-cache;workflow=CI;job=test
2025-08-27T07:21:28.7430670Z   include-matrix: true
2025-08-27T07:21:28.7430830Z   cache-artifacts: true
2025-08-27T07:21:28.7430980Z   cache-packages: true
2025-08-27T07:21:28.7431130Z   cache-registries: true
2025-08-27T07:21:28.7431360Z   cache-compiled: true
2025-08-27T07:21:28.7431730Z   cache-scratchspaces: true
2025-08-27T07:21:28.7431970Z   cache-logs: true
2025-08-27T07:21:28.7432200Z   delete-old-caches: true
2025-08-27T07:21:28.7432580Z   token: ***
2025-08-27T07:21:28.7432720Z ##[endgroup]
2025-08-27T07:21:28.7678250Z ##[group]Run if [ -n "" ]; then
2025-08-27T07:21:28.7678910Z [36;1mif [ -n "" ]; then[0m
2025-08-27T07:21:28.7679210Z [36;1m    depot=""[0m
2025-08-27T07:21:28.7679700Z [36;1melif [ -n "$JULIA_DEPOT_PATH" ]; then[0m
2025-08-27T07:21:28.7680070Z [36;1m    # Use the first depot path[0m
2025-08-27T07:21:28.7680570Z [36;1m    depot=$(echo $JULIA_DEPOT_PATH | cut -d$PATH_DELIMITER -f1)[0m
2025-08-27T07:21:28.7680830Z [36;1melse[0m
2025-08-27T07:21:28.7680990Z [36;1m    depot="~/.julia"[0m
2025-08-27T07:21:28.7681210Z [36;1mfi[0m
2025-08-27T07:21:28.7681460Z [36;1mecho "depot=$depot" | tee -a "$GITHUB_OUTPUT"[0m
2025-08-27T07:21:28.7681670Z [36;1m[0m
2025-08-27T07:21:28.7681790Z [36;1mcache_paths=()[0m
2025-08-27T07:21:28.7682070Z [36;1martifacts_path="${depot}/artifacts"[0m
2025-08-27T07:21:28.7682350Z [36;1m[ "true" = "true" ] && cache_paths+=("$artifacts_path")[0m
2025-08-27T07:21:28.7682630Z [36;1mpackages_path="${depot}/packages"[0m
2025-08-27T07:21:28.7682960Z [36;1m[ "true" = "true" ] && cache_paths+=("$packages_path")[0m
2025-08-27T07:21:28.7683280Z [36;1mregistries_path="${depot}/registries"[0m
2025-08-27T07:21:28.7683570Z [36;1mif [ "true" = "true" ]; then[0m
2025-08-27T07:21:28.7683970Z [36;1m    if [ ! -d "${registries_path/#\~/$HOME}" ]; then[0m
2025-08-27T07:21:28.7684210Z [36;1m        cache_paths+=("$registries_path")[0m
2025-08-27T07:21:28.7684490Z [36;1m    else[0m
2025-08-27T07:21:28.7685260Z [36;1m        echo "::warning::Julia depot registries already exist. Skipping restoring of cached registries to avoid potential merge conflicts when updating. Please ensure that \`julia-actions/cache\` precedes any workflow steps which add registries."[0m
2025-08-27T07:21:28.7722560Z [36;1m    fi[0m
2025-08-27T07:21:28.7916020Z [36;1mfi[0m
2025-08-27T07:21:28.7916580Z [36;1mcompiled_path="${depot}/compiled"[0m
2025-08-27T07:21:28.7918830Z [36;1m[ "true" = "true" ] && cache_paths+=("$compiled_path")[0m
2025-08-27T07:21:28.7919760Z [36;1mscratchspaces_path="${depot}/scratchspaces"[0m
2025-08-27T07:21:28.7920600Z [36;1m[ "true" = "true" ] && cache_paths+=("$scratchspaces_path")[0m
2025-08-27T07:21:28.7921690Z [36;1mlogs_path="${depot}/logs"[0m
2025-08-27T07:21:28.7922400Z [36;1m[ "true" = "true" ] && cache_paths+=("$logs_path")[0m
2025-08-27T07:21:28.7923130Z [36;1m{[0m
2025-08-27T07:21:28.7923820Z [36;1m    echo "cache-paths<<EOF"[0m
2025-08-27T07:21:28.7924360Z [36;1m    printf "%s\n" "${cache_paths[@]}"[0m
2025-08-27T07:21:28.7924870Z [36;1m    echo "EOF"[0m
2025-08-27T07:21:28.7925320Z [36;1m} | tee -a "$GITHUB_OUTPUT"[0m
2025-08-27T07:21:28.8129380Z shell: /bin/bash --noprofile --norc -e -o pipefail {0}
2025-08-27T07:21:28.8130040Z env:
2025-08-27T07:21:28.8130390Z   PATH_DELIMITER: :
2025-08-27T07:21:28.8131130Z ##[endgroup]
2025-08-27T07:21:28.9262180Z depot=~/.julia
2025-08-27T07:21:28.9303870Z cache-paths<<EOF
2025-08-27T07:21:28.9304670Z ~/.julia/artifacts
2025-08-27T07:21:28.9305120Z ~/.julia/packages
2025-08-27T07:21:28.9305320Z ~/.julia/registries
2025-08-27T07:21:28.9305530Z ~/.julia/compiled
2025-08-27T07:21:28.9305730Z ~/.julia/scratchspaces
2025-08-27T07:21:28.9305900Z ~/.julia/logs
2025-08-27T07:21:28.9306280Z EOF
2025-08-27T07:21:28.9555050Z ##[group]Run # `matrix_key` joins all of matrix keys/values (including nested objects) to ensure that concurrent runs each use a unique cache key.
2025-08-27T07:21:28.9555820Z [36;1m# `matrix_key` joins all of matrix keys/values (including nested objects) to ensure that concurrent runs each use a unique cache key.[0m
2025-08-27T07:21:28.9556330Z [36;1m# When `matrix` isn't set for the job then `MATRIX_JSON=null`.[0m
2025-08-27T07:21:28.9556650Z [36;1mif [ "true" == "true" ] && [ "$MATRIX_JSON" != "null" ]; then[0m
2025-08-27T07:21:28.9557160Z [36;1m  matrix_key=$(echo "$MATRIX_JSON" | jq 'paths(type != "object") as $p | ($p | join("-")) + "=" + (getpath($p) | tostring)' | jq -rs 'join(";") | . + ";"')[0m
2025-08-27T07:21:28.9557540Z [36;1mfi[0m
2025-08-27T07:21:28.9557780Z [36;1mrestore_key="julia-cache;workflow=CI;job=test;os=macOS;${matrix_key}"[0m
2025-08-27T07:21:28.9558100Z [36;1m# URL encode any restricted characters:[0m
2025-08-27T07:21:28.9558570Z [36;1m# https://github.com/actions/toolkit/blob/5430c5d84832076372990c7c27f900878ff66dc9/packages/cache/src/cache.ts#L38-L43[0m
2025-08-27T07:21:28.9559060Z [36;1mrestore_key=$(sed 's/,/%2C/g' <<<"${restore_key}")[0m
2025-08-27T07:21:28.9559350Z [36;1mkey="${restore_key}run_id=17260080498;run_attempt=1"[0m
2025-08-27T07:21:28.9559640Z [36;1mecho "restore-key=${restore_key}" >> $GITHUB_OUTPUT[0m
2025-08-27T07:21:28.9559910Z [36;1mecho "key=${key}" >> $GITHUB_OUTPUT[0m
2025-08-27T07:21:28.9589020Z shell: /bin/bash --noprofile --norc -e -o pipefail {0}
2025-08-27T07:21:28.9589310Z env:
2025-08-27T07:21:28.9589730Z   MATRIX_JSON: {
  "version": "1.10",
  "os": "macOS-latest",
  "arch": "x64"
}
2025-08-27T07:21:28.9590000Z ##[endgroup]
2025-08-27T07:21:29.0739160Z ##[group]Run actions/cache@4d4ae6ae148a43d0fd1eda1800170683e9882738
2025-08-27T07:21:29.0739440Z with:
2025-08-27T07:21:29.0739780Z   path: ~/.julia/artifacts
~/.julia/packages
~/.julia/registries
~/.julia/compiled
~/.julia/scratchspaces
~/.julia/logs

2025-08-27T07:21:29.0740350Z   key: julia-cache;workflow=CI;job=test;os=macOS;version=1.10;os=macOS-latest;arch=x64;run_id=17260080498;run_attempt=1
2025-08-27T07:21:29.0740840Z   restore-keys: julia-cache;workflow=CI;job=test;os=macOS;version=1.10;os=macOS-latest;arch=x64;
2025-08-27T07:21:29.0741170Z   enableCrossOsArchive: false
2025-08-27T07:21:29.0741370Z   fail-on-cache-miss: false
2025-08-27T07:21:29.0741530Z   lookup-only: false
2025-08-27T07:21:29.0741660Z ##[endgroup]
2025-08-27T07:21:29.5501380Z ##[warning]Failed to restore: Cache service responded with 400
2025-08-27T07:21:29.5513220Z Cache not found for input keys: julia-cache;workflow=CI;job=test;os=macOS;version=1.10;os=macOS-latest;arch=x64;run_id=17260080498;run_attempt=1, julia-cache;workflow=CI;job=test;os=macOS;version=1.10;os=macOS-latest;arch=x64;
2025-08-27T07:21:29.5538380Z ##[group]Run mkdir -p ~/.julia
2025-08-27T07:21:29.5538710Z [36;1mmkdir -p ~/.julia[0m
2025-08-27T07:21:29.5538900Z [36;1mdu -shc ~/.julia/* || true[0m
2025-08-27T07:21:29.5577050Z shell: /bin/bash --noprofile --norc -e -o pipefail {0}
2025-08-27T07:21:29.5577310Z ##[endgroup]
2025-08-27T07:21:29.6249000Z du: /Users/runner/.julia/*: No such file or directory
2025-08-27T07:21:29.6249550Z   0B	total
2025-08-27T07:21:29.6320890Z ##[group]Run pyTooling/Actions/with-post-step@adef08d3bdef092282614f3b683897cefae82ee3
2025-08-27T07:21:29.6321270Z with:
2025-08-27T07:21:29.6321400Z   main: echo ""
2025-08-27T07:21:29.6321910Z   post: julia $GITHUB_ACTION_PATH/handle_caches.jl rm "bakulev/JuliaTestRocket" "julia-cache;workflow=CI;job=test;os=macOS;version=1.10;os=macOS-latest;arch=x64;" "refs/heads/main" "true"
2025-08-27T07:21:29.6322460Z   key: POST
2025-08-27T07:21:29.6322590Z env:
2025-08-27T07:21:29.6323370Z   GH_TOKEN: ***
2025-08-27T07:21:29.6323520Z ##[endgroup]
2025-08-27T07:21:29.7166100Z 
2025-08-27T07:21:29.7237230Z ##[group]Run echo "cache-hit=$CACHE_HIT" >> $GITHUB_OUTPUT
2025-08-27T07:21:29.7237540Z [36;1mecho "cache-hit=$CACHE_HIT" >> $GITHUB_OUTPUT[0m
2025-08-27T07:21:29.7267040Z shell: /bin/bash --noprofile --norc -e -o pipefail {0}
2025-08-27T07:21:29.7267270Z env:
2025-08-27T07:21:29.7267820Z   CACHE_HIT: 
2025-08-27T07:21:29.7267960Z ##[endgroup]
2025-08-27T07:21:29.7639540Z ##[group]Run julia --project=. -e "
2025-08-27T07:21:29.7639830Z [36;1mjulia --project=. -e "[0m
2025-08-27T07:21:29.7640040Z [36;1m  using Pkg[0m
2025-08-27T07:21:29.7640210Z [36;1m  Pkg.instantiate()[0m
2025-08-27T07:21:29.7640390Z [36;1m  Pkg.precompile()[0m
2025-08-27T07:21:29.7640560Z [36;1m"[0m
2025-08-27T07:21:29.7669930Z shell: /bin/bash --noprofile --norc -e -o pipefail {0}
2025-08-27T07:21:29.7670220Z ##[endgroup]
2025-08-27T07:21:46.9774770Z   Installing known registries into `~/.julia`
2025-08-27T07:21:50.5563800Z        Added `General` registry to ~/.julia/registries
2025-08-27T07:21:51.7619900Z     Updating registry at `~/.julia/registries/General.toml`
2025-08-27T07:21:52.8257130Z    Installed Observables ────── v0.5.5
2025-08-27T07:21:52.8396410Z    Installed Preferences ────── v1.5.0
2025-08-27T07:21:52.8398080Z    Installed PrecompileTools ── v1.2.1
2025-08-27T07:21:52.8398590Z    Installed StaticArrays ───── v1.9.14
2025-08-27T07:21:52.8894170Z    Installed StaticArraysCore ─ v1.4.3
2025-08-27T07:21:54.1232670Z     Updating `~/work/JuliaTestRocket/JuliaTestRocket/Project.toml`
2025-08-27T07:21:54.1449820Z   [510215fc] + Observables v0.5.5
2025-08-27T07:21:54.1460390Z   [90137ffa] + StaticArrays v1.9.14
2025-08-27T07:21:54.1534110Z     Updating `~/work/JuliaTestRocket/JuliaTestRocket/Manifest.toml`
2025-08-27T07:21:54.1829800Z   [510215fc] + Observables v0.5.5
2025-08-27T07:21:54.1833810Z ⌅ [aea7be01] + PrecompileTools v1.2.1
2025-08-27T07:21:54.1837690Z   [21216c6a] + Preferences v1.5.0
2025-08-27T07:21:54.1841640Z   [90137ffa] + StaticArrays v1.9.14
2025-08-27T07:21:54.1845890Z   [1e83bf80] + StaticArraysCore v1.4.3
2025-08-27T07:21:54.1849980Z   [56f22d72] + Artifacts
2025-08-27T07:21:54.1854120Z   [ade2ca70] + Dates
2025-08-27T07:21:54.1858460Z   [8f399da3] + Libdl
2025-08-27T07:21:54.1862340Z   [37e2e46d] + LinearAlgebra
2025-08-27T07:21:54.1866570Z   [56ddb016] + Logging
2025-08-27T07:21:54.1871100Z   [de0858da] + Printf
2025-08-27T07:21:54.1875460Z   [9a3f8284] + Random
2025-08-27T07:21:54.1880030Z   [ea8e919c] + SHA v0.7.0
2025-08-27T07:21:54.1884490Z   [fa267f1f] + TOML v1.0.3
2025-08-27T07:21:54.1889140Z   [4ec0a83e] + Unicode
2025-08-27T07:21:54.1893410Z   [e66e0078] + CompilerSupportLibraries_jll v1.1.1+0
2025-08-27T07:21:54.1898170Z   [4536629a] + OpenBLAS_jll v0.3.23+4
2025-08-27T07:21:54.1902580Z   [8e850b90] + libblastrampoline_jll v5.11.0+0
2025-08-27T07:21:54.1907810Z         Info Packages marked with ⌅ have new versions available but compatibility constraints restrict them from upgrading. To see why use `status --outdated -m`
2025-08-27T07:21:55.3266180Z Precompiling packages...
2025-08-27T07:21:57.6694480Z    2325.4 ms  ✓ StaticArraysCore
2025-08-27T07:21:57.6701550Z    2112.2 ms  ✓ Observables
2025-08-27T07:21:57.6708240Z    2109.8 ms  ✓ Preferences
2025-08-27T07:21:58.9876610Z    1316.0 ms  ✓ PrecompileTools
2025-08-27T07:22:08.5612810Z    9572.6 ms  ✓ StaticArrays
2025-08-27T07:22:10.8117560Z    2249.3 ms  ✓ PointController
2025-08-27T07:22:10.8133470Z   6 dependencies successfully precompiled in 17 seconds
2025-08-27T07:22:11.3593620Z ##[group]Run julia --project=. -e "
2025-08-27T07:22:11.3594090Z [36;1mjulia --project=. -e "[0m
2025-08-27T07:22:11.3594400Z [36;1m  using Pkg[0m
2025-08-27T07:22:11.3594630Z [36;1m  # Use CairoMakie for CI (no display required)[0m
2025-08-27T07:22:11.3594910Z [36;1m  Pkg.add(\"CairoMakie\")[0m
2025-08-27T07:22:11.3595300Z [36;1m  using CairoMakie[0m
2025-08-27T07:22:11.3595530Z [36;1m  CairoMakie.activate!()[0m
2025-08-27T07:22:11.3595770Z [36;1m  Pkg.test(coverage=true)[0m
2025-08-27T07:22:11.3596060Z [36;1m"[0m
2025-08-27T07:22:11.3643590Z shell: /bin/bash --noprofile --norc -e -o pipefail {0}
2025-08-27T07:22:11.3643900Z env:
2025-08-27T07:22:11.3644090Z   JULIA_NUM_THREADS: 2
2025-08-27T07:22:11.3644350Z ##[endgroup]
2025-08-27T07:22:14.2880540Z     Updating registry at `~/.julia/registries/General.toml`
2025-08-27T07:22:14.2946460Z    Resolving package versions...
2025-08-27T07:22:17.4546640Z    Installed x265_jll ──────────────────── v4.1.0+0
2025-08-27T07:22:17.6257180Z    Installed Libmount_jll ──────────────── v2.41.1+0
2025-08-27T07:22:17.6558540Z    Installed ImageIO ───────────────────── v0.6.9
2025-08-27T07:22:17.6760200Z    Installed OffsetArrays ──────────────── v1.17.0
2025-08-27T07:22:17.7447090Z    Installed libfdk_aac_jll ────────────── v2.0.4+0
2025-08-27T07:22:17.7955060Z    Installed JpegTurbo_jll ─────────────── v3.1.2+0
2025-08-27T07:22:17.8174240Z    Installed AxisArrays ────────────────── v0.4.7
2025-08-27T07:22:17.8880330Z    Installed JpegTurbo ─────────────────── v0.1.6
2025-08-27T07:22:17.9354710Z    Installed TiffImages ────────────────── v0.11.6
2025-08-27T07:22:17.9365540Z    Installed LERC_jll ──────────────────── v4.0.1+0
2025-08-27T07:22:17.9404400Z    Installed HypergeometricFunctions ───── v0.3.28
2025-08-27T07:22:17.9424280Z    Installed PNGFiles ──────────────────── v0.4.4
2025-08-27T07:22:18.3716190Z    Installed StatsFuns ─────────────────── v1.5.0
2025-08-27T07:22:18.3823930Z    Installed FFTW ──────────────────────── v1.9.0
2025-08-27T07:22:18.4802580Z    Installed StableHashTraits ──────────── v1.3.4
2025-08-27T07:22:18.4876030Z    Installed Opus_jll ──────────────────── v1.5.2+0
2025-08-27T07:22:18.4994490Z    Installed Multisets ─────────────────── v0.4.5
2025-08-27T07:22:18.5096150Z    Installed Permutations ──────────────── v0.4.23
2025-08-27T07:22:18.5334810Z    Installed RelocatableFolders ────────── v1.0.1
2025-08-27T07:22:18.8606960Z    Installed Grisu ─────────────────────── v1.0.2
2025-08-27T07:22:18.8639250Z    Installed EarCut_jll ────────────────── v2.2.4+0
2025-08-27T07:22:18.8723270Z    Installed PDMats ────────────────────── v0.11.35
2025-08-27T07:22:18.8755310Z    Installed ProgressMeter ─────────────── v1.11.0
2025-08-27T07:22:18.8770720Z    Installed OpenEXR ───────────────────── v0.3.3
2025-08-27T07:22:19.0231130Z    Installed Sixel ─────────────────────── v0.1.5
2025-08-27T07:22:19.0432950Z    Installed Contour ───────────────────── v0.6.3
2025-08-27T07:22:19.0835440Z    Installed ColorSchemes ──────────────── v3.30.0
2025-08-27T07:22:19.2707980Z    Installed Formatting ────────────────── v0.4.3
2025-08-27T07:22:19.2809100Z    Installed PlotUtils ─────────────────── v1.4.3
2025-08-27T07:22:19.2921090Z    Installed BaseDirs ──────────────────── v1.3.2
2025-08-27T07:22:19.4309140Z    Installed Cairo_jll ─────────────────── v1.18.5+0
2025-08-27T07:22:19.4567160Z    Installed Fontconfig_jll ────────────── v2.17.1+0
2025-08-27T07:22:19.4701400Z    Installed EnumX ─────────────────────── v1.0.5
2025-08-27T07:22:19.4707200Z    Installed CEnum ─────────────────────── v0.5.0
2025-08-27T07:22:19.5498070Z    Installed FileIO ────────────────────── v1.17.0
2025-08-27T07:22:19.6510980Z    Installed IntelOpenMP_jll ───────────── v2025.2.0+0
2025-08-27T07:22:19.6653460Z    Installed Mods ──────────────────────── v2.2.6
2025-08-27T07:22:19.6755820Z    Installed Polynomials ───────────────── v4.0.21
2025-08-27T07:22:19.8334560Z    Installed Xorg_libXau_jll ───────────── v1.0.13+0
2025-08-27T07:22:19.8436690Z    Installed SignedDistanceFields ──────── v0.4.0
2025-08-27T07:22:19.8543380Z    Installed Netpbm ────────────────────── v1.1.1
2025-08-27T07:22:19.8646150Z    Installed RoundingEmulator ──────────── v0.2.1
2025-08-27T07:22:19.8747800Z    Installed TupleTools ────────────────── v1.6.0
2025-08-27T07:22:19.9072030Z    Installed Missings ──────────────────── v1.2.0
2025-08-27T07:22:19.9820470Z    Installed FiniteDiff ────────────────── v2.28.1
2025-08-27T07:22:20.0704650Z    Installed TriplotBase ───────────────── v0.1.0
2025-08-27T07:22:20.0860660Z    Installed IrrationalConstants ───────── v0.2.4
2025-08-27T07:22:20.1086220Z    Installed Showoff ───────────────────── v1.0.3
2025-08-27T07:22:20.2280290Z    Installed Giflib_jll ────────────────── v5.2.3+0
2025-08-27T07:22:20.2382990Z    Installed SIMD ──────────────────────── v3.7.1
2025-08-27T07:22:20.4571870Z    Installed SimpleRandom ──────────────── v0.3.2
2025-08-27T07:22:20.4785070Z    Installed PolygonOps ────────────────── v0.1.2
2025-08-27T07:22:20.4910410Z    Installed JSON ──────────────────────── v0.21.4
2025-08-27T07:22:20.5015820Z    Installed MathTeXEngine ─────────────── v0.5.7
2025-08-27T07:22:20.5117480Z    Installed AbstractLattices ──────────── v0.3.1
2025-08-27T07:22:20.6524380Z    Installed OpenBLASConsistentFPCSR_jll ─ v0.3.29+0
2025-08-27T07:22:20.6554390Z    Installed Pango_jll ─────────────────── v1.56.3+0
2025-08-27T07:22:20.6884750Z    Installed SimpleGraphs ──────────────── v0.8.7
2025-08-27T07:22:20.7793040Z    Installed PtrArrays ─────────────────── v1.3.0
2025-08-27T07:22:20.7930680Z    Installed ADTypes ───────────────────── v1.17.0
2025-08-27T07:22:20.7991280Z    Installed SpecialFunctions ──────────── v2.5.1
2025-08-27T07:22:20.9472840Z    Installed HarfBuzz_jll ──────────────── v8.5.1+0
2025-08-27T07:22:20.9574140Z    Installed isoband_jll ───────────────── v0.2.3+0
2025-08-27T07:22:20.9675610Z    Installed XZ_jll ────────────────────── v5.8.1+0
2025-08-27T07:22:20.9776830Z    Installed QOI ───────────────────────── v1.0.1
2025-08-27T07:22:21.0665810Z    Installed PkgVersion ────────────────── v0.3.3
2025-08-27T07:22:21.0717510Z    Installed NaNMath ───────────────────── v1.1.3
2025-08-27T07:22:21.0818660Z    Installed PikaParser ────────────────── v0.6.1
2025-08-27T07:22:21.3325660Z    Installed Bzip2_jll ─────────────────── v1.0.9+0
2025-08-27T07:22:21.3381520Z    Installed LZO_jll ───────────────────── v2.10.3+0
2025-08-27T07:22:21.3439390Z    Installed FriBidi_jll ───────────────── v1.0.17+0
2025-08-27T07:22:21.3472350Z    Installed UnicodeFun ────────────────── v0.4.1
2025-08-27T07:22:21.3488100Z    Installed NLSolversBase ─────────────── v7.10.0
2025-08-27T07:22:21.3497390Z    Installed WebP ──────────────────────── v0.1.3
2025-08-27T07:22:21.3721160Z    Installed TranscodingStreams ────────── v0.11.3
2025-08-27T07:22:21.4051390Z    Installed Graphics ──────────────────── v1.1.3
2025-08-27T07:22:21.5459220Z    Installed x264_jll ──────────────────── v10164.0.1+0
2025-08-27T07:22:21.5465100Z    Installed Rmath_jll ─────────────────── v0.5.1+0
2025-08-27T07:22:21.5485650Z    Installed ImageMetadata ─────────────── v0.9.10
2025-08-27T07:22:21.5724900Z    Installed Ratios ────────────────────── v0.4.5
2025-08-27T07:22:21.8889960Z    Installed FreeType2_jll ─────────────── v2.13.4+0
2025-08-27T07:22:21.8965450Z    Installed MappedArrays ──────────────── v0.4.2
2025-08-27T07:22:21.9330160Z    Installed PaddedViews ───────────────── v0.5.12
2025-08-27T07:22:21.9425500Z    Installed FreeType ──────────────────── v4.1.1
2025-08-27T07:22:21.9480310Z    Installed Colors ────────────────────── v0.12.11
2025-08-27T07:22:21.9559570Z    Installed DataStructures ────────────── v0.18.22
2025-08-27T07:22:21.9765410Z    Installed LinearAlgebraX ────────────── v0.2.10
2025-08-27T07:22:21.9771760Z    Installed CommonSubexpressions ──────── v0.3.1
2025-08-27T07:22:22.2092500Z    Installed GridLayoutBase ────────────── v0.9.2
2025-08-27T07:22:22.2133630Z    Installed Compat ────────────────────── v4.18.0
2025-08-27T07:22:22.2346140Z    Installed LazyModules ───────────────── v0.3.1
2025-08-27T07:22:22.2462890Z    Installed Automa ────────────────────── v1.1.0
2025-08-27T07:22:22.4599260Z    Installed StatsAPI ──────────────────── v1.7.1
2025-08-27T07:22:22.4839070Z    Installed Xorg_libxcb_jll ───────────── v1.17.1+0
2025-08-27T07:22:22.5058220Z    Installed MosaicViews ───────────────── v0.3.4
2025-08-27T07:22:22.5299160Z    Installed libpng_jll ────────────────── v1.6.50+0
2025-08-27T07:22:22.5348530Z    Installed StatsBase ─────────────────── v0.34.6
2025-08-27T07:22:22.5434730Z    Installed libaom_jll ────────────────── v3.12.1+0
2025-08-27T07:22:22.5471450Z    Installed StructTypes ───────────────── v1.11.0
2025-08-27T07:22:22.9777900Z    Installed ImageCore ─────────────────── v0.10.5
2025-08-27T07:22:22.9789420Z    Installed Scratch ───────────────────── v1.3.0
2025-08-27T07:22:23.0017500Z    Installed Xorg_libXext_jll ──────────── v1.3.7+0
2025-08-27T07:22:23.0119190Z    Installed oneTBB_jll ────────────────── v2022.0.0+0
2025-08-27T07:22:23.0235780Z    Installed ColorTypes ────────────────── v0.11.5
2025-08-27T07:22:23.0352310Z    Installed TensorCore ────────────────── v0.1.1
2025-08-27T07:22:23.0454380Z    Installed SimplePartitions ──────────── v0.3.3
2025-08-27T07:22:23.0862860Z    Installed DiffRules ─────────────────── v1.15.1
2025-08-27T07:22:23.3093440Z    Installed Expat_jll ─────────────────── v2.7.1+0
2025-08-27T07:22:23.3201850Z    Installed Zstd_jll ──────────────────── v1.5.7+1
2025-08-27T07:22:23.3298600Z    Installed FreeTypeAbstraction ───────── v0.10.8
2025-08-27T07:22:23.3400210Z    Installed Isoband ───────────────────── v0.1.1
2025-08-27T07:22:23.3501470Z    Installed WeakKeyIdDicts ────────────── v0.1.0
2025-08-27T07:22:23.5623420Z    Installed Inflate ───────────────────── v0.1.5
2025-08-27T07:22:23.6000300Z    Installed TableTraits ───────────────── v1.0.1
2025-08-27T07:22:23.6402450Z    Installed PositiveFactorizations ────── v0.2.4
2025-08-27T07:22:23.7111570Z    Installed DiffResults ───────────────── v1.1.0
2025-08-27T07:22:23.7414810Z    Installed Parsers ───────────────────── v2.8.3
2025-08-27T07:22:23.7700540Z    Installed Setfield ──────────────────── v1.1.2
2025-08-27T07:22:23.7800800Z    Installed Imath_jll ─────────────────── v3.1.11+0
2025-08-27T07:22:24.0021830Z    Installed MKL_jll ───────────────────── v2025.2.0+0
2025-08-27T07:22:24.0815470Z    Installed Libtiff_jll ───────────────── v4.7.1+0
2025-08-27T07:22:24.1000890Z    Installed Extents ───────────────────── v0.1.6
2025-08-27T07:22:24.1734300Z    Installed AbstractFFTs ──────────────── v1.5.0
2025-08-27T07:22:24.2063710Z    Installed Animations ────────────────── v0.4.2
2025-08-27T07:22:24.2123100Z    Installed JLLWrappers ───────────────── v1.7.1
2025-08-27T07:22:24.2180510Z    Installed Packing ───────────────────── v0.5.1
2025-08-27T07:22:24.2217230Z    Installed ConstructionBase ──────────── v1.6.0
2025-08-27T07:22:24.5145240Z    Installed Libffi_jll ────────────────── v3.4.7+0
2025-08-27T07:22:24.5426640Z    Installed ColorVectorSpace ──────────── v0.10.0
2025-08-27T07:22:24.5637940Z    Installed OrderedCollections ────────── v1.8.1
2025-08-27T07:22:24.6546150Z    Installed Xorg_libXrender_jll ───────── v0.9.12+0
2025-08-27T07:22:24.7320980Z    Installed DataValueInterfaces ───────── v1.0.0
2025-08-27T07:22:24.7505720Z    Installed ExactPredicates ───────────── v2.2.8
2025-08-27T07:22:24.7510850Z    Installed AbstractTrees ─────────────── v0.4.5
2025-08-27T07:22:24.7696350Z    Installed ChainRulesCore ────────────── v1.26.0
2025-08-27T07:22:25.2194240Z    Installed Ogg_jll ───────────────────── v1.3.6+0
2025-08-27T07:22:25.2532100Z    Installed KernelDensity ─────────────── v0.6.10
2025-08-27T07:22:25.2544260Z    Installed Combinatorics ─────────────── v1.0.3
2025-08-27T07:22:25.2746820Z    Installed ArrayInterface ────────────── v7.19.0
2025-08-27T07:22:25.2887370Z    Installed LineSearches ──────────────── v7.4.0
2025-08-27T07:22:25.3011570Z    Installed RingLists ─────────────────── v0.2.9
2025-08-27T07:22:25.3020520Z    Installed Reexport ──────────────────── v1.2.2
2025-08-27T07:22:25.3096760Z    Installed Interpolations ────────────── v0.16.2
2025-08-27T07:22:25.4843100Z    Installed StackViews ────────────────── v0.1.2
2025-08-27T07:22:25.4891040Z    Installed AliasTables ───────────────── v1.1.3
2025-08-27T07:22:25.6640380Z    Installed OpenSpecFun_jll ───────────── v0.5.6+0
2025-08-27T07:22:25.6675350Z    Installed FFTW_jll ──────────────────── v3.3.11+0
2025-08-27T07:22:25.6736540Z    Installed RangeArrays ───────────────── v0.3.2
2025-08-27T07:22:25.6915640Z    Installed MacroTools ────────────────── v0.5.16
2025-08-27T07:22:25.7027530Z    Installed IntervalArithmetic ────────── v0.22.36
2025-08-27T07:22:25.8288130Z    Installed LogExpFunctions ───────────── v0.3.29
2025-08-27T07:22:26.0638530Z    Installed UnPack ────────────────────── v1.0.2
2025-08-27T07:22:26.0776550Z    Installed GeoFormatTypes ────────────── v0.4.4
2025-08-27T07:22:26.0813500Z    Installed Libuuid_jll ───────────────── v2.41.1+0
2025-08-27T07:22:26.0858960Z    Installed SimpleTraits ──────────────── v0.9.5
2025-08-27T07:22:26.0886120Z    Installed ColorBrewer ───────────────── v0.4.1
2025-08-27T07:22:26.1322710Z    Installed DifferentiationInterface ──── v0.7.7
2025-08-27T07:22:26.3194100Z    Installed Graphite2_jll ─────────────── v1.3.15+0
2025-08-27T07:22:26.3296040Z    Installed OpenEXR_jll ───────────────── v3.2.4+0
2025-08-27T07:22:26.3397830Z    Installed Adapt ─────────────────────── v4.3.0
2025-08-27T07:22:26.3498140Z    Installed StableRNGs ────────────────── v1.0.3
2025-08-27T07:22:26.3599360Z    Installed DocStringExtensions ───────── v0.9.5
2025-08-27T07:22:26.5034860Z    Installed Pixman_jll ────────────────── v0.44.2+0
2025-08-27T07:22:26.5122010Z    Installed libass_jll ────────────────── v0.17.4+0
2025-08-27T07:22:26.6900280Z    Installed DelaunayTriangulation ─────── v0.8.12
2025-08-27T07:22:26.7002210Z    Installed XML2_jll ──────────────────── v2.14.4+0
2025-08-27T07:22:26.7102860Z    Installed Rmath ─────────────────────── v0.8.0
2025-08-27T07:22:26.7203940Z    Installed ImageBase ─────────────────── v0.1.7
2025-08-27T07:22:26.7304400Z    Installed IntegerMathUtils ──────────── v0.1.3
2025-08-27T07:22:26.8277950Z    Installed IntervalSets ──────────────── v0.7.11
2025-08-27T07:22:26.8321300Z    Installed IterTools ─────────────────── v1.10.0
2025-08-27T07:22:26.9583140Z    Installed Cairo ─────────────────────── v1.1.1
2025-08-27T07:22:26.9644740Z    Installed Xorg_xtrans_jll ───────────── v1.6.0+0
2025-08-27T07:22:26.9653680Z    Installed FFMPEG_jll ────────────────── v7.1.1+0
2025-08-27T07:22:26.9710410Z    Installed GeometryBasics ────────────── v0.4.11
2025-08-27T07:22:27.0771020Z    Installed OpenSSL_jll ───────────────── v3.5.2+0
2025-08-27T07:22:27.2225740Z    Installed MakieCore ─────────────────── v0.6.9
2025-08-27T07:22:27.2255970Z    Installed LLVMOpenMP_jll ────────────── v18.1.8+0
2025-08-27T07:22:27.2291660Z    Installed DataAPI ───────────────────── v1.16.0
2025-08-27T07:22:27.2463620Z    Installed IndirectArrays ────────────── v1.0.0
2025-08-27T07:22:27.3501710Z    Installed CairoMakie ────────────────── v0.10.12
2025-08-27T07:22:27.3712690Z    Installed Tables ────────────────────── v1.12.1
2025-08-27T07:22:27.3814760Z    Installed FixedPointNumbers ─────────── v0.8.5
2025-08-27T07:22:27.3874460Z    Installed Optim ─────────────────────── v1.13.2
2025-08-27T07:22:27.4346080Z    Installed ShaderAbstractions ────────── v0.4.1
2025-08-27T07:22:27.4456270Z    Installed Primes ────────────────────── v0.5.7
2025-08-27T07:22:27.5478050Z    Installed LAME_jll ──────────────────── v3.100.3+0
2025-08-27T07:22:27.5579800Z    Installed GettextRuntime_jll ────────── v0.22.4+0
2025-08-27T07:22:27.5689930Z    Installed Libiconv_jll ──────────────── v1.18.0+0
2025-08-27T07:22:27.6586920Z    Installed LaTeXStrings ──────────────── v1.4.0
2025-08-27T07:22:27.6688030Z    Installed StructArrays ──────────────── v0.6.21
2025-08-27T07:22:27.6789090Z    Installed RecipesBase ───────────────── v1.3.4
2025-08-27T07:22:27.9679240Z    Installed libvorbis_jll ─────────────── v1.3.8+0
2025-08-27T07:22:27.9735270Z    Installed Glib_jll ──────────────────── v2.84.3+0
2025-08-27T07:22:27.9745340Z    Installed libsixel_jll ──────────────── v1.10.5+0
2025-08-27T07:22:27.9833980Z    Installed Libglvnd_jll ──────────────── v1.7.1+1
2025-08-27T07:22:27.9861210Z    Installed IteratorInterfaceExtensions ─ v1.0.0
2025-08-27T07:22:28.1126900Z    Installed FillArrays ────────────────── v1.13.0
2025-08-27T07:22:28.2574960Z    Installed ForwardDiff ───────────────── v1.1.0
2025-08-27T07:22:28.5161290Z    Installed CRlibm ────────────────────── v1.0.2
2025-08-27T07:22:28.5385920Z    Installed AxisAlgorithms ────────────── v1.1.0
2025-08-27T07:22:28.5491230Z    Installed QuadGK ────────────────────── v2.11.2
2025-08-27T07:22:28.5607530Z    Installed ImageAxes ─────────────────── v0.6.12
2025-08-27T07:22:28.5660060Z    Installed Requires ──────────────────── v1.3.1
2025-08-27T07:22:28.7159210Z    Installed Xorg_libX11_jll ───────────── v1.8.12+0
2025-08-27T07:22:28.8197170Z    Installed Distributions ─────────────── v0.25.120
2025-08-27T07:22:28.9790250Z    Installed Xorg_libXdmcp_jll ─────────── v1.1.6+0
2025-08-27T07:22:29.0028140Z    Installed LightXML ──────────────────── v0.9.2
2025-08-27T07:22:29.0104740Z    Installed Parameters ────────────────── v0.12.3
2025-08-27T07:22:29.0247390Z    Installed SimplePolynomials ─────────── v0.2.18
2025-08-27T07:22:29.0261220Z    Installed GeoInterface ──────────────── v1.4.1
2025-08-27T07:22:29.0383910Z    Installed CRlibm_jll ────────────────── v1.0.1+0
2025-08-27T07:22:29.1686940Z    Installed WoodburyMatrices ──────────── v1.0.0
2025-08-27T07:22:29.1689350Z    Installed libwebp_jll ───────────────── v1.6.0+0
2025-08-27T07:22:29.1698760Z    Installed SortingAlgorithms ─────────── v1.2.2
2025-08-27T07:22:30.4039880Z    Installed Makie ─────────────────────── v0.19.12
2025-08-27T07:22:43.2551950Z     Updating `~/work/JuliaTestRocket/JuliaTestRocket/Project.toml`
2025-08-27T07:22:43.2916600Z ⌅ [13f3f980] + CairoMakie v0.10.12
2025-08-27T07:22:43.2930880Z     Updating `~/work/JuliaTestRocket/JuliaTestRocket/Manifest.toml`
2025-08-27T07:22:43.7614000Z   [47edcb42] + ADTypes v1.17.0
2025-08-27T07:22:43.7617570Z   [621f4979] + AbstractFFTs v1.5.0
2025-08-27T07:22:43.7622750Z   [398f06c4] + AbstractLattices v0.3.1
2025-08-27T07:22:43.7627200Z   [1520ce14] + AbstractTrees v0.4.5
2025-08-27T07:22:43.7632410Z   [79e6a3ab] + Adapt v4.3.0
2025-08-27T07:22:43.7637720Z   [66dad0bd] + AliasTables v1.1.3
2025-08-27T07:22:43.7642760Z   [27a7e980] + Animations v0.4.2
2025-08-27T07:22:43.7648970Z   [4fba245c] + ArrayInterface v7.19.0
2025-08-27T07:22:43.7654170Z   [67c07d97] + Automa v1.1.0
2025-08-27T07:22:43.7659570Z   [13072b0f] + AxisAlgorithms v1.1.0
2025-08-27T07:22:43.7664300Z   [39de3d68] + AxisArrays v0.4.7
2025-08-27T07:22:43.7670290Z   [18cc8868] + BaseDirs v1.3.2
2025-08-27T07:22:43.7675860Z   [fa961155] + CEnum v0.5.0
2025-08-27T07:22:43.7681750Z   [96374032] + CRlibm v1.0.2
2025-08-27T07:22:43.7688680Z   [159f3aea] + Cairo v1.1.1
2025-08-27T07:22:43.7692930Z ⌅ [13f3f980] + CairoMakie v0.10.12
2025-08-27T07:22:43.7696710Z   [d360d2e6] + ChainRulesCore v1.26.0
2025-08-27T07:22:43.7700960Z   [a2cac450] + ColorBrewer v0.4.1
2025-08-27T07:22:43.7705120Z   [35d6a980] + ColorSchemes v3.30.0
2025-08-27T07:22:43.7710880Z ⌅ [3da002f7] + ColorTypes v0.11.5
2025-08-27T07:22:43.7716320Z ⌃ [c3611d14] + ColorVectorSpace v0.10.0
2025-08-27T07:22:43.7720750Z ⌅ [5ae59095] + Colors v0.12.11
2025-08-27T07:22:43.7725860Z   [861a8166] + Combinatorics v1.0.3
2025-08-27T07:22:43.7731470Z   [bbf7d656] + CommonSubexpressions v0.3.1
2025-08-27T07:22:43.7832720Z   [34da2185] + Compat v4.18.0
2025-08-27T07:22:43.7933720Z   [187b0558] + ConstructionBase v1.6.0
2025-08-27T07:22:43.7942040Z   [d38c429a] + Contour v0.6.3
2025-08-27T07:22:43.8042790Z   [9a962f9c] + DataAPI v1.16.0
2025-08-27T07:22:43.8144120Z ⌅ [864edb3b] + DataStructures v0.18.22
2025-08-27T07:22:43.8249060Z   [e2d170a0] + DataValueInterfaces v1.0.0
2025-08-27T07:22:43.8353060Z ⌅ [927a84f5] + DelaunayTriangulation v0.8.12
2025-08-27T07:22:43.8455060Z   [163ba53b] + DiffResults v1.1.0
2025-08-27T07:22:43.8556120Z   [b552c78f] + DiffRules v1.15.1
2025-08-27T07:22:43.8657140Z   [a0c0ee7d] + DifferentiationInterface v0.7.7
2025-08-27T07:22:43.8688320Z   [31c24e10] + Distributions v0.25.120
2025-08-27T07:22:43.8689510Z   [ffbed154] + DocStringExtensions v0.9.5
2025-08-27T07:22:43.8701560Z   [4e289a0a] + EnumX v1.0.5
2025-08-27T07:22:43.8751790Z   [429591f6] + ExactPredicates v2.2.8
2025-08-27T07:22:43.8754360Z   [411431e0] + Extents v0.1.6
2025-08-27T07:22:43.8818410Z   [7a1cc6ca] + FFTW v1.9.0
2025-08-27T07:22:43.8819030Z   [5789e2e9] + FileIO v1.17.0
2025-08-27T07:22:43.8819880Z   [1a297f60] + FillArrays v1.13.0
2025-08-27T07:22:43.8822500Z   [6a86dc24] + FiniteDiff v2.28.1
2025-08-27T07:22:43.8824000Z   [53c48c17] + FixedPointNumbers v0.8.5
2025-08-27T07:22:43.8824360Z   [59287772] + Formatting v0.4.3
2025-08-27T07:22:43.8825140Z   [f6369f11] + ForwardDiff v1.1.0
2025-08-27T07:22:43.8825490Z   [b38be410] + FreeType v4.1.1
2025-08-27T07:22:43.8827080Z   [663a7486] + FreeTypeAbstraction v0.10.8
2025-08-27T07:22:43.8827430Z   [68eda718] + GeoFormatTypes v0.4.4
2025-08-27T07:22:43.8829890Z ⌃ [cf35fbd7] + GeoInterface v1.4.1
2025-08-27T07:22:43.8832310Z ⌅ [5c1252a2] + GeometryBasics v0.4.11
2025-08-27T07:22:43.8833070Z   [a2bd30eb] + Graphics v1.1.3
2025-08-27T07:22:43.8833880Z ⌅ [3955a311] + GridLayoutBase v0.9.2
2025-08-27T07:22:43.8834610Z   [42e2da0e] + Grisu v1.0.2
2025-08-27T07:22:43.8835260Z   [34004b35] + HypergeometricFunctions v0.3.28
2025-08-27T07:22:43.8835960Z   [2803e5a7] + ImageAxes v0.6.12
2025-08-27T07:22:43.8836910Z   [c817782e] + ImageBase v0.1.7
2025-08-27T07:22:43.8837570Z   [a09fc81d] + ImageCore v0.10.5
2025-08-27T07:22:43.8838210Z   [82e4d734] + ImageIO v0.6.9
2025-08-27T07:22:43.8839080Z   [bc367c6b] + ImageMetadata v0.9.10
2025-08-27T07:22:43.8839780Z   [9b13fd28] + IndirectArrays v1.0.0
2025-08-27T07:22:43.8865310Z   [d25df0c9] + Inflate v0.1.5
2025-08-27T07:22:43.8866100Z   [18e54dd8] + IntegerMathUtils v0.1.3
2025-08-27T07:22:43.8867300Z   [a98d9a8b] + Interpolations v0.16.2
2025-08-27T07:22:43.8869110Z ⌅ [d1acc4aa] + IntervalArithmetic v0.22.36
2025-08-27T07:22:43.8869950Z   [8197267c] + IntervalSets v0.7.11
2025-08-27T07:22:43.8871330Z   [92d709cd] + IrrationalConstants v0.2.4
2025-08-27T07:22:43.8872170Z   [f1662d9f] + Isoband v0.1.1
2025-08-27T07:22:43.8872990Z   [c8e1da08] + IterTools v1.10.0
2025-08-27T07:22:43.8874950Z   [82899510] + IteratorInterfaceExtensions v1.0.0
2025-08-27T07:22:43.8875640Z   [692b3bcd] + JLLWrappers v1.7.1
2025-08-27T07:22:43.8876210Z   [682c06a0] + JSON v0.21.4
2025-08-27T07:22:43.8876710Z   [b835a17e] + JpegTurbo v0.1.6
2025-08-27T07:22:43.8877230Z   [5ab0869b] + KernelDensity v0.6.10
2025-08-27T07:22:43.8877840Z   [b964fa9f] + LaTeXStrings v1.4.0
2025-08-27T07:22:43.8878420Z   [8cdb02fc] + LazyModules v0.3.1
2025-08-27T07:22:43.8878980Z   [9c8b4983] + LightXML v0.9.2
2025-08-27T07:22:43.8879510Z   [d3d80556] + LineSearches v7.4.0
2025-08-27T07:22:43.8880200Z   [9b3f67b0] + LinearAlgebraX v0.2.10
2025-08-27T07:22:43.8881040Z   [2ab3a3ac] + LogExpFunctions v0.3.29
2025-08-27T07:22:43.8881610Z   [1914dd2f] + MacroTools v0.5.16
2025-08-27T07:22:43.8882250Z ⌅ [ee78f7c6] + Makie v0.19.12
2025-08-27T07:22:43.8882850Z ⌅ [20f20a25] + MakieCore v0.6.9
2025-08-27T07:22:43.8883460Z   [dbb5928d] + MappedArrays v0.4.2
2025-08-27T07:22:43.8884130Z ⌅ [0a4f8689] + MathTeXEngine v0.5.7
2025-08-27T07:22:43.8884680Z   [e1d29d7a] + Missings v1.2.0
2025-08-27T07:22:43.8885230Z   [7475f97c] + Mods v2.2.6
2025-08-27T07:22:43.8885790Z   [e94cdb99] + MosaicViews v0.3.4
2025-08-27T07:22:43.8886340Z   [3b2b4ff1] + Multisets v0.4.5
2025-08-27T07:22:43.8886930Z   [d41bc354] + NLSolversBase v7.10.0
2025-08-27T07:22:43.8887460Z   [77ba4419] + NaNMath v1.1.3
2025-08-27T07:22:43.8888240Z   [f09324ee] + Netpbm v1.1.1
2025-08-27T07:22:43.8889150Z   [6fe1bfb0] + OffsetArrays v1.17.0
2025-08-27T07:22:43.8889810Z   [52e1d378] + OpenEXR v0.3.3
2025-08-27T07:22:43.8890340Z   [429524aa] + Optim v1.13.2
2025-08-27T07:22:43.8890900Z   [bac558e1] + OrderedCollections v1.8.1
2025-08-27T07:22:43.8891640Z   [90014a1f] + PDMats v0.11.35
2025-08-27T07:22:43.8892170Z   [f57f5aa1] + PNGFiles v0.4.4
2025-08-27T07:22:43.8892960Z   [19eb6ba3] + Packing v0.5.1
2025-08-27T07:22:43.8893320Z   [5432bcbf] + PaddedViews v0.5.12
2025-08-27T07:22:43.8893550Z   [d96e819e] + Parameters v0.12.3
2025-08-27T07:22:43.8894380Z   [69de0a69] + Parsers v2.8.3
2025-08-27T07:22:43.8894630Z   [2ae35dd2] + Permutations v0.4.23
2025-08-27T07:22:43.8894860Z   [3bbf5609] + PikaParser v0.6.1
2025-08-27T07:22:43.8895130Z   [eebad327] + PkgVersion v0.3.3
2025-08-27T07:22:43.8895410Z   [995b91a9] + PlotUtils v1.4.3
2025-08-27T07:22:43.8895690Z   [647866c9] + PolygonOps v0.1.2
2025-08-27T07:22:43.8896030Z ⌃ [f27b6e38] + Polynomials v4.0.21
2025-08-27T07:22:43.8896340Z   [85a6dd25] + PositiveFactorizations v0.2.4
2025-08-27T07:22:43.8896610Z   [27ebfcd6] + Primes v0.5.7
2025-08-27T07:22:43.8896910Z   [92933f4c] + ProgressMeter v1.11.0
2025-08-27T07:22:43.8897150Z   [43287f4e] + PtrArrays v1.3.0
2025-08-27T07:22:43.8897600Z   [4b34888f] + QOI v1.0.1
2025-08-27T07:22:43.8897800Z   [1fd47b50] + QuadGK v2.11.2
2025-08-27T07:22:43.8898000Z   [b3c3ace0] + RangeArrays v0.3.2
2025-08-27T07:22:43.8898240Z   [c84ed2f1] + Ratios v0.4.5
2025-08-27T07:22:43.8898440Z   [3cdcf5f2] + RecipesBase v1.3.4
2025-08-27T07:22:43.8898670Z   [189a3867] + Reexport v1.2.2
2025-08-27T07:22:43.8898930Z   [05181044] + RelocatableFolders v1.0.1
2025-08-27T07:22:43.8899160Z   [ae029012] + Requires v1.3.1
2025-08-27T07:22:43.8899370Z   [286e9d63] + RingLists v0.2.9
2025-08-27T07:22:43.8899560Z   [79098fc4] + Rmath v0.8.0
2025-08-27T07:22:43.8899800Z   [5eaf0fd0] + RoundingEmulator v0.2.1
2025-08-27T07:22:43.8900020Z   [fdea26ae] + SIMD v3.7.1
2025-08-27T07:22:43.8900210Z   [6c6a2e73] + Scratch v1.3.0
2025-08-27T07:22:43.8900450Z   [efcf1570] + Setfield v1.1.2
2025-08-27T07:22:43.8900700Z ⌅ [65257c39] + ShaderAbstractions v0.4.1
2025-08-27T07:22:43.8900950Z   [992d4aef] + Showoff v1.0.3
2025-08-27T07:22:43.8901210Z   [73760f76] + SignedDistanceFields v0.4.0
2025-08-27T07:22:43.8901470Z   [55797a34] + SimpleGraphs v0.8.7
2025-08-27T07:22:43.8901690Z   [ec83eff0] + SimplePartitions v0.3.3
2025-08-27T07:22:43.8901960Z   [cc47b68c] + SimplePolynomials v0.2.18
2025-08-27T07:22:43.8902180Z   [a6525b86] + SimpleRandom v0.3.2
2025-08-27T07:22:43.8902430Z   [699a6c99] + SimpleTraits v0.9.5
2025-08-27T07:22:43.8902670Z   [45858cf5] + Sixel v0.1.5
2025-08-27T07:22:43.8902960Z   [a2af1166] + SortingAlgorithms v1.2.2
2025-08-27T07:22:43.8903210Z   [276daf66] + SpecialFunctions v2.5.1
2025-08-27T07:22:43.8903510Z ⌅ [c5dd0088] + StableHashTraits v1.3.4
2025-08-27T07:22:43.8903780Z   [860ef19b] + StableRNGs v1.0.3
2025-08-27T07:22:43.8904000Z   [cae243ae] + StackViews v0.1.2
2025-08-27T07:22:43.8904200Z   [82ae8749] + StatsAPI v1.7.1
2025-08-27T07:22:43.8904460Z   [2913bbd2] + StatsBase v0.34.6
2025-08-27T07:22:43.8904670Z   [4c63d2b9] + StatsFuns v1.5.0
2025-08-27T07:22:43.8904930Z ⌅ [09ab397b] + StructArrays v0.6.21
2025-08-27T07:22:43.8905120Z   [856f2bd8] + StructTypes v1.11.0
2025-08-27T07:22:43.8905330Z   [3783bdb8] + TableTraits v1.0.1
2025-08-27T07:22:43.8905540Z   [bd369af6] + Tables v1.12.1
2025-08-27T07:22:43.8905780Z   [62fd8b95] + TensorCore v0.1.1
2025-08-27T07:22:43.8906000Z   [731e570b] + TiffImages v0.11.6
2025-08-27T07:22:43.8906240Z   [3bb67fe8] + TranscodingStreams v0.11.3
2025-08-27T07:22:43.8906550Z   [981d1d27] + TriplotBase v0.1.0
2025-08-27T07:22:43.8906810Z   [9d95972d] + TupleTools v1.6.0
2025-08-27T07:22:43.8907030Z   [3a884ed6] + UnPack v1.0.2
2025-08-27T07:22:43.8907270Z   [1cfade01] + UnicodeFun v0.4.1
2025-08-27T07:22:43.8907530Z   [ecbed89c] + WeakKeyIdDicts v0.1.0
2025-08-27T07:22:43.8907760Z   [e3aaa7dc] + WebP v0.1.3
2025-08-27T07:22:43.8907970Z   [efce3f68] + WoodburyMatrices v1.0.0
2025-08-27T07:22:43.8908230Z   [6e34b625] + Bzip2_jll v1.0.9+0
2025-08-27T07:22:43.8908430Z   [4e9b3aee] + CRlibm_jll v1.0.1+0
2025-08-27T07:22:43.8908640Z   [83423d85] + Cairo_jll v1.18.5+0
2025-08-27T07:22:43.8908880Z   [5ae413db] + EarCut_jll v2.2.4+0
2025-08-27T07:22:43.8909090Z   [2e619515] + Expat_jll v2.7.1+0
2025-08-27T07:22:43.8909280Z   [b22a6f82] + FFMPEG_jll v7.1.1+0
2025-08-27T07:22:43.8909560Z   [f5851436] + FFTW_jll v3.3.11+0
2025-08-27T07:22:43.8909800Z   [a3f928ae] + Fontconfig_jll v2.17.1+0
2025-08-27T07:22:43.8910080Z   [d7e528f0] + FreeType2_jll v2.13.4+0
2025-08-27T07:22:43.8910560Z   [559328eb] + FriBidi_jll v1.0.17+0
2025-08-27T07:22:43.8910830Z   [b0724c58] + GettextRuntime_jll v0.22.4+0
2025-08-27T07:22:43.8911050Z   [59f7168a] + Giflib_jll v5.2.3+0
2025-08-27T07:22:43.8911260Z   [7746bdde] + Glib_jll v2.84.3+0
2025-08-27T07:22:43.8911550Z   [3b182d85] + Graphite2_jll v1.3.15+0
2025-08-27T07:22:43.8911770Z   [2e76f6c2] + HarfBuzz_jll v8.5.1+0
2025-08-27T07:22:43.8911990Z   [905a6f67] + Imath_jll v3.1.11+0
2025-08-27T07:22:43.8912270Z   [1d5cc7b8] + IntelOpenMP_jll v2025.2.0+0
2025-08-27T07:22:43.8912510Z   [aacddb02] + JpegTurbo_jll v3.1.2+0
2025-08-27T07:22:43.8912720Z   [c1c5ebd0] + LAME_jll v3.100.3+0
2025-08-27T07:22:43.8913120Z   [88015f11] + LERC_jll v4.0.1+0
2025-08-27T07:22:43.8913300Z   [1d63c593] + LLVMOpenMP_jll v18.1.8+0
2025-08-27T07:22:43.8913520Z   [dd4b983a] + LZO_jll v2.10.3+0
2025-08-27T07:22:43.8913730Z   [e9f186c6] + Libffi_jll v3.4.7+0
2025-08-27T07:22:43.8913970Z   [7e76a0d4] + Libglvnd_jll v1.7.1+1
2025-08-27T07:22:43.8914190Z   [94ce4f54] + Libiconv_jll v1.18.0+0
2025-08-27T07:22:43.8914380Z   [4b2f31a3] + Libmount_jll v2.41.1+0
2025-08-27T07:22:43.8914590Z   [89763e89] + Libtiff_jll v4.7.1+0
2025-08-27T07:22:43.8914790Z   [38a345b3] + Libuuid_jll v2.41.1+0
2025-08-27T07:22:43.8915010Z   [856f044c] + MKL_jll v2025.2.0+0
2025-08-27T07:22:43.8915240Z   [e7412a2a] + Ogg_jll v1.3.6+0
2025-08-27T07:22:43.8915490Z   [6cdc7f73] + OpenBLASConsistentFPCSR_jll v0.3.29+0
2025-08-27T07:22:43.8915760Z   [18a262bb] + OpenEXR_jll v3.2.4+0
2025-08-27T07:22:43.8915970Z   [458c3c95] + OpenSSL_jll v3.5.2+0
2025-08-27T07:22:43.8916230Z   [efe28fd5] + OpenSpecFun_jll v0.5.6+0
2025-08-27T07:22:43.8916460Z   [91d4177d] + Opus_jll v1.5.2+0
2025-08-27T07:22:43.8916670Z   [36c8627f] + Pango_jll v1.56.3+0
2025-08-27T07:22:43.8916980Z ⌅ [30392449] + Pixman_jll v0.44.2+0
2025-08-27T07:22:43.8917210Z   [f50d1b31] + Rmath_jll v0.5.1+0
2025-08-27T07:22:43.8917420Z   [02c8fc9c] + XML2_jll v2.14.4+0
2025-08-27T07:22:43.8917660Z   [ffd25f8a] + XZ_jll v5.8.1+0
2025-08-27T07:22:43.8917870Z   [4f6342f7] + Xorg_libX11_jll v1.8.12+0
2025-08-27T07:22:43.8918110Z   [0c0b7dd1] + Xorg_libXau_jll v1.0.13+0
2025-08-27T07:22:43.8918370Z   [a3789734] + Xorg_libXdmcp_jll v1.1.6+0
2025-08-27T07:22:43.8918610Z   [1082639a] + Xorg_libXext_jll v1.3.7+0
2025-08-27T07:22:43.8918850Z   [ea2f1a96] + Xorg_libXrender_jll v0.9.12+0
2025-08-27T07:22:43.8919080Z   [c7cfdc94] + Xorg_libxcb_jll v1.17.1+0
2025-08-27T07:22:43.8919350Z   [c5fb5394] + Xorg_xtrans_jll v1.6.0+0
2025-08-27T07:22:43.8919570Z   [3161d3a3] + Zstd_jll v1.5.7+1
2025-08-27T07:22:43.8919790Z   [9a68df92] + isoband_jll v0.2.3+0
2025-08-27T07:22:43.8920040Z   [a4ae2306] + libaom_jll v3.12.1+0
2025-08-27T07:22:43.8920250Z   [0ac62f75] + libass_jll v0.17.4+0
2025-08-27T07:22:43.8920470Z   [f638f0a6] + libfdk_aac_jll v2.0.4+0
2025-08-27T07:22:43.8920720Z   [b53b4c65] + libpng_jll v1.6.50+0
2025-08-27T07:22:43.8920940Z   [075b6546] + libsixel_jll v1.10.5+0
2025-08-27T07:22:43.8921170Z   [f27f6e37] + libvorbis_jll v1.3.8+0
2025-08-27T07:22:43.8921430Z   [c5f90fcd] + libwebp_jll v1.6.0+0
2025-08-27T07:22:43.8921650Z   [1317d2d5] + oneTBB_jll v2022.0.0+0
2025-08-27T07:22:43.8921830Z   [1270edf5] + x264_jll v10164.0.1+0
2025-08-27T07:22:43.8922030Z   [dfaa095f] + x265_jll v4.1.0+0
2025-08-27T07:22:43.8922270Z   [0dad84c5] + ArgTools v1.1.1
2025-08-27T07:22:43.8922460Z   [2a0f44e3] + Base64
2025-08-27T07:22:43.8922630Z   [8bf52ea8] + CRC32c
2025-08-27T07:22:43.8922910Z   [8ba89e20] + Distributed
2025-08-27T07:22:43.8923120Z   [f43a241f] + Downloads v1.6.0
2025-08-27T07:22:43.8923380Z   [7b1f6079] + FileWatching
2025-08-27T07:22:43.8923570Z   [9fa8497b] + Future
2025-08-27T07:22:43.8923820Z   [b77e0a4c] + InteractiveUtils
2025-08-27T07:22:43.8924040Z   [4af54fe1] + LazyArtifacts
2025-08-27T07:22:43.8924290Z   [b27032c2] + LibCURL v0.6.4
2025-08-27T07:22:43.8924510Z   [76f85450] + LibGit2
2025-08-27T07:22:43.8924680Z   [d6f4376e] + Markdown
2025-08-27T07:22:43.8924870Z   [a63ad114] + Mmap
2025-08-27T07:22:43.8925010Z   [ca575930] + NetworkOptions v1.2.0
2025-08-27T07:22:43.8925490Z   [44cfe95a] + Pkg v1.10.0
2025-08-27T07:22:43.8925670Z   [3fa0cd96] + REPL
2025-08-27T07:22:43.8925800Z   [9e88b42a] + Serialization
2025-08-27T07:22:43.8925950Z   [1a1011a3] + SharedArrays
2025-08-27T07:22:43.8926090Z   [6462fe0b] + Sockets
2025-08-27T07:22:43.8926250Z   [2f01184e] + SparseArrays v1.10.0
2025-08-27T07:22:43.8926430Z   [10745b16] + Statistics v1.10.0
2025-08-27T07:22:43.8926580Z   [4607b0f0] + SuiteSparse
2025-08-27T07:22:43.8926730Z   [a4e569a6] + Tar v1.10.0
2025-08-27T07:22:43.8926870Z   [8dfed614] + Test
2025-08-27T07:22:43.8927010Z   [cf7118a7] + UUIDs
2025-08-27T07:22:43.8927150Z   [deac9b47] + LibCURL_jll v8.4.0+0
2025-08-27T07:22:43.8927490Z   [e37daf67] + LibGit2_jll v1.6.4+0
2025-08-27T07:22:43.8927670Z   [29816b5a] + LibSSH2_jll v1.11.0+1
2025-08-27T07:22:43.8927850Z   [c8ffd9c3] + MbedTLS_jll v2.28.2+1
2025-08-27T07:22:43.8928030Z   [14a3606d] + MozillaCACerts_jll v2023.1.10
2025-08-27T07:22:43.8928220Z   [05823500] + OpenLibm_jll v0.8.5+0
2025-08-27T07:22:43.8928400Z   [efcefdf7] + PCRE2_jll v10.42.0+1
2025-08-27T07:22:43.8928570Z   [bea87d4a] + SuiteSparse_jll v7.2.1+1
2025-08-27T07:22:43.8928750Z   [83775a58] + Zlib_jll v1.2.13+1
2025-08-27T07:22:43.8928910Z   [8e850ede] + nghttp2_jll v1.52.0+1
2025-08-27T07:22:43.8929110Z   [3f19e933] + p7zip_jll v17.4.0+2
2025-08-27T07:22:43.8929800Z         Info Packages marked with ⌃ and ⌅ have new versions available. Those with ⌃ may be upgradable, but those with ⌅ are restricted by compatibility constraints from upgrading. To see why use `status --outdated -m`
2025-08-27T07:22:45.4395130Z Precompiling packages...
2025-08-27T07:22:48.0916470Z    2425.0 ms  ✓ RangeArrays
2025-08-27T07:22:49.0901530Z    3430.5 ms  ✓ StructTypes
2025-08-27T07:22:49.2106530Z    3764.4 ms  ✓ Combinatorics
2025-08-27T07:22:51.0244390Z    2917.2 ms  ✓ AbstractFFTs
2025-08-27T07:22:51.5598280Z    2467.7 ms  ✓ LaTeXStrings
2025-08-27T07:22:51.9843510Z    2772.2 ms  ✓ PositiveFactorizations
2025-08-27T07:22:53.5221320Z    2481.5 ms  ✓ IndirectArrays
2025-08-27T07:22:53.8236540Z    2264.3 ms  ✓ PolygonOps
2025-08-27T07:22:53.9562000Z    1969.9 ms  ✓ IteratorInterfaceExtensions
2025-08-27T07:22:55.2228320Z    1701.3 ms  ✓ TensorCore
2025-08-27T07:22:55.3170450Z    9650.8 ms  ✓ BaseDirs
2025-08-27T07:22:55.6567190Z    1830.1 ms  ✓ GeoFormatTypes
2025-08-27T07:22:55.6997300Z    1743.0 ms  ✓ StatsAPI
2025-08-27T07:22:56.8051620Z    1578.6 ms  ✓ AbstractLattices
2025-08-27T07:22:57.4211170Z    2104.7 ms  ✓ ADTypes
2025-08-27T07:22:57.4312190Z    1764.4 ms  ✓ Contour
2025-08-27T07:22:57.4412480Z    1742.0 ms  ✓ CEnum
2025-08-27T07:22:59.4037330Z    1977.2 ms  ✓ UnPack
2025-08-27T07:22:59.5557670Z    2134.6 ms  ✓ TriplotBase
2025-08-27T07:23:00.0579190Z    3253.6 ms  ✓ OffsetArrays
2025-08-27T07:23:00.6257080Z    3183.8 ms  ✓ FillArrays
2025-08-27T07:23:01.6654850Z    2257.5 ms  ✓ IntegerMathUtils
2025-08-27T07:23:02.1100320Z    2552.3 ms  ✓ CompilerSupportLibraries_jll
2025-08-27T07:23:03.0798780Z    3014.3 ms  ✓ IterTools
2025-08-27T07:23:03.5428750Z    2911.9 ms  ✓ PkgVersion
2025-08-27T07:23:04.4199060Z    2306.4 ms  ✓ Grisu
2025-08-27T07:23:04.7627310Z    1683.1 ms  ✓ Compat
2025-08-27T07:23:05.3385040Z    1794.1 ms  ✓ OrderedCollections
2025-08-27T07:23:06.0658430Z    1647.4 ms  ✓ Requires
2025-08-27T07:23:06.1878110Z    1426.4 ms  ✓ DataValueInterfaces
2025-08-27T07:23:06.8822920Z    1548.4 ms  ✓ EnumX
2025-08-27T07:23:06.9324240Z    5267.3 ms  ✓ MacroTools
2025-08-27T07:23:07.6776790Z    1491.5 ms  ✓ Reexport
2025-08-27T07:23:07.6977360Z    1625.2 ms  ✓ StableRNGs
2025-08-27T07:23:08.6948390Z    1802.4 ms  ✓ DocStringExtensions
2025-08-27T07:23:08.7450890Z    1811.9 ms  ✓ AbstractTrees
2025-08-27T07:23:09.4832450Z    1785.5 ms  ✓ IntervalSets
2025-08-27T07:23:10.3719800Z    1685.3 ms  ✓ RoundingEmulator
2025-08-27T07:23:10.5941670Z    2913.7 ms  ✓ IrrationalConstants
2025-08-27T07:23:11.0657940Z    2318.4 ms  ✓ ProgressMeter
2025-08-27T07:23:11.7999060Z    2309.8 ms  ✓ Formatting
2025-08-27T07:23:12.0406580Z    1660.5 ms  ✓ Extents
2025-08-27T07:23:12.0709220Z    1478.0 ms  ✓ PtrArrays
2025-08-27T07:23:14.0223800Z    2957.4 ms  ✓ UnicodeFun
2025-08-27T07:23:14.0725860Z    1993.2 ms  ✓ LazyModules
2025-08-27T07:23:14.1949220Z    2399.3 ms  ✓ TranscodingStreams
2025-08-27T07:23:14.6486570Z    2609.6 ms  ✓ NaNMath
2025-08-27T07:23:16.6039770Z    2406.7 ms  ✓ RingLists
2025-08-27T07:23:16.6810630Z    2614.2 ms  ✓ Multisets
2025-08-27T07:23:17.1781150Z    2525.7 ms  ✓ Inflate
2025-08-27T07:23:17.2584410Z    3232.2 ms  ✓ MakieCore
2025-08-27T07:23:18.4903630Z    1885.9 ms  ✓ ConstructionBase
2025-08-27T07:23:18.5304640Z    1850.2 ms  ✓ Mods
2025-08-27T07:23:19.0181090Z    1838.6 ms  ✓ DataAPI
2025-08-27T07:23:19.0422260Z    1778.5 ms  ✓ Scratch
2025-08-27T07:23:20.3093470Z    1816.4 ms  ✓ TupleTools
2025-08-27T07:23:20.3394390Z    1801.1 ms  ✓ MappedArrays
2025-08-27T07:23:20.7946150Z    1777.2 ms  ✓ WeakKeyIdDicts
2025-08-27T07:23:20.9083270Z    1862.5 ms  ✓ JLLWrappers
2025-08-27T07:23:23.3613070Z    2461.5 ms  ✓ RecipesBase
2025-08-27T07:23:24.5118690Z    4203.2 ms  ✓ SuiteSparse
2025-08-27T07:23:24.6724480Z    3882.2 ms  ✓ WoodburyMatrices
2025-08-27T07:23:24.8536240Z    4517.0 ms  ✓ Statistics
2025-08-27T07:23:26.2127840Z    1538.1 ms  ✓ DiffResults
2025-08-27T07:23:26.5795410Z    1726.1 ms  ✓ Permutations
2025-08-27T07:23:28.8107620Z    2228.4 ms  ✓ TableTraits
2025-08-27T07:23:30.2431010Z    4029.4 ms  ✓ AbstractFFTs → AbstractFFTsTestExt
2025-08-27T07:23:32.1045940Z    1856.8 ms  ✓ StackViews
2025-08-27T07:23:32.2450810Z    3428.7 ms  ✓ DifferentiationInterface
2025-08-27T07:23:33.7192960Z    1620.1 ms  ✓ PaddedViews
2025-08-27T07:23:34.3793100Z    2130.9 ms  ✓ FillArrays → FillArraysSparseArraysExt
2025-08-27T07:23:35.8946370Z    2172.3 ms  ✓ Primes
2025-08-27T07:23:36.0420910Z    1670.0 ms  ✓ Showoff
2025-08-27T07:23:38.1817940Z    2287.3 ms  ✓ Compat → CompatLinearAlgebraExt
2025-08-27T07:23:38.6553650Z    2607.5 ms  ✓ Parameters
2025-08-27T07:23:39.7142560Z    1524.3 ms  ✓ Ratios
2025-08-27T07:23:40.2691930Z    1614.5 ms  ✓ Adapt
2025-08-27T07:23:42.9750600Z    2707.7 ms  ✓ CommonSubexpressions
2025-08-27T07:23:44.3080750Z   19794.5 ms  ✓ SIMD
2025-08-27T07:23:45.3359420Z    2358.1 ms  ✓ SimpleTraits
2025-08-27T07:23:46.4582730Z    2150.7 ms  ✓ PikaParser
2025-08-27T07:23:46.9709130Z    1633.2 ms  ✓ IntervalSets → IntervalSetsRandomExt
2025-08-27T07:23:47.6697390Z    7962.0 ms  ✓ FileIO
2025-08-27T07:23:48.5684220Z    2103.0 ms  ✓ LogExpFunctions
2025-08-27T07:23:48.6489310Z    1679.4 ms  ✓ AliasTables
2025-08-27T07:23:49.4309780Z    1759.3 ms  ✓ ConstructionBase → ConstructionBaseLinearAlgebraExt
2025-08-27T07:23:50.4431970Z   27072.7 ms  ✓ Parsers
2025-08-27T07:23:50.8094850Z    2160.2 ms  ✓ Missings
2025-08-27T07:23:51.3534830Z    1917.1 ms  ✓ RelocatableFolders
2025-08-27T07:23:51.9034020Z    3336.9 ms  ✓ GeoInterface
2025-08-27T07:23:52.5586510Z    2123.9 ms  ✓ OpenSSL_jll
2025-08-27T07:23:52.8403740Z    2031.8 ms  ✓ Graphite2_jll
2025-08-27T07:23:53.3300950Z    1979.2 ms  ✓ Libmount_jll
2025-08-27T07:23:54.1792120Z    2273.0 ms  ✓ LLVMOpenMP_jll
2025-08-27T07:23:54.9755040Z    2411.0 ms  ✓ Bzip2_jll
2025-08-27T07:23:55.6057610Z    2762.6 ms  ✓ Rmath_jll
2025-08-27T07:23:56.1795030Z    2850.8 ms  ✓ Xorg_libXau_jll
2025-08-27T07:23:57.4246390Z    3249.6 ms  ✓ libpng_jll
2025-08-27T07:23:57.8309230Z    2858.4 ms  ✓ libfdk_aac_jll
2025-08-27T07:23:58.1840460Z    2575.2 ms  ✓ Imath_jll
2025-08-27T07:23:58.5356520Z    2353.6 ms  ✓ IntelOpenMP_jll
2025-08-27T07:23:59.1962750Z    1771.5 ms  ✓ Giflib_jll
2025-08-27T07:23:59.6590720Z    1819.7 ms  ✓ LAME_jll
2025-08-27T07:23:59.9500920Z    1761.4 ms  ✓ LERC_jll
2025-08-27T07:24:00.3736630Z    1834.4 ms  ✓ EarCut_jll
2025-08-27T07:24:01.1367280Z    1929.6 ms  ✓ CRlibm_jll
2025-08-27T07:24:01.5982200Z    1941.5 ms  ✓ JpegTurbo_jll
2025-08-27T07:24:01.9717080Z    2024.9 ms  ✓ XZ_jll
2025-08-27T07:24:02.1443460Z    1761.2 ms  ✓ Ogg_jll
2025-08-27T07:24:03.0293990Z    1899.8 ms  ✓ oneTBB_jll
2025-08-27T07:24:03.2624120Z    1660.8 ms  ✓ Xorg_libXdmcp_jll
2025-08-27T07:24:03.8146190Z    1835.7 ms  ✓ x265_jll
2025-08-27T07:24:04.0009970Z    1863.9 ms  ✓ x264_jll
2025-08-27T07:24:04.8642320Z    1831.4 ms  ✓ libaom_jll
2025-08-27T07:24:05.0267620Z    1762.2 ms  ✓ Zstd_jll
2025-08-27T07:24:05.6545870Z    1837.7 ms  ✓ Expat_jll
2025-08-27T07:24:05.8762060Z    1867.5 ms  ✓ LZO_jll
2025-08-27T07:24:06.6839870Z    1821.1 ms  ✓ Opus_jll
2025-08-27T07:24:06.7543000Z    1731.9 ms  ✓ Xorg_xtrans_jll
2025-08-27T07:24:07.4287650Z    1773.9 ms  ✓ Libiconv_jll
2025-08-27T07:24:07.9033920Z    2032.3 ms  ✓ Libffi_jll
2025-08-27T07:24:09.3110740Z    2619.5 ms  ✓ isoband_jll
2025-08-27T07:24:10.1813870Z    3420.0 ms  ✓ FFTW_jll
2025-08-27T07:24:10.8569100Z    3428.0 ms  ✓ Libuuid_jll
2025-08-27T07:24:11.3244160Z    3417.8 ms  ✓ FriBidi_jll
2025-08-27T07:24:12.9707670Z    2794.0 ms  ✓ OpenSpecFun_jll
2025-08-27T07:24:13.0310530Z    3725.1 ms  ✓ OpenBLASConsistentFPCSR_jll
2025-08-27T07:24:13.4358380Z    2110.4 ms  ✓ AxisAlgorithms
2025-08-27T07:24:13.4763460Z    2616.6 ms  ✓ PDMats
2025-08-27T07:24:15.0763120Z    2097.0 ms  ✓ SignedDistanceFields
2025-08-27T07:24:15.9161160Z    2480.2 ms  ✓ StaticArrays → StaticArraysStatisticsExt
2025-08-27T07:24:16.0465930Z    2570.1 ms  ✓ Tables
2025-08-27T07:24:17.3041080Z    2225.9 ms  ✓ DifferentiationInterface → DifferentiationInterfaceStaticArraysExt
2025-08-27T07:24:17.8397560Z    1920.6 ms  ✓ DifferentiationInterface → DifferentiationInterfaceSparseArraysExt
2025-08-27T07:24:18.0009620Z    1946.3 ms  ✓ MosaicViews
2025-08-27T07:24:18.8998940Z    5867.7 ms  ✓ FixedPointNumbers
2025-08-27T07:24:19.2406560Z    1937.9 ms  ✓ FillArrays → FillArraysStatisticsExt
2025-08-27T07:24:20.9344580Z    2034.5 ms  ✓ Adapt → AdaptStaticArraysExt
2025-08-27T07:24:21.0451950Z    3206.6 ms  ✓ ChainRulesCore
2025-08-27T07:24:21.3900330Z    2148.8 ms  ✓ Adapt → AdaptSparseArraysExt
2025-08-27T07:24:22.2475040Z    4254.8 ms  ✓ DataStructures
2025-08-27T07:24:23.6304840Z    2584.4 ms  ✓ OffsetArrays → OffsetArraysAdaptExt
2025-08-27T07:24:23.9535240Z    3016.7 ms  ✓ ArrayInterface
2025-08-27T07:24:25.3898500Z    3138.9 ms  ✓ AxisArrays
2025-08-27T07:24:25.5102910Z    1875.8 ms  ✓ IntervalSets → IntervalSetsRecipesBaseExt
2025-08-27T07:24:26.0547410Z    2095.8 ms  ✓ IntervalSets → IntervalSetsStatisticsExt
2025-08-27T07:24:27.5612230Z    1511.6 ms  ✓ ADTypes → ADTypesConstructionBaseExt
2025-08-27T07:24:27.6013910Z    2212.2 ms  ✓ ConstructionBase → ConstructionBaseStaticArraysExt
2025-08-27T07:24:28.4776980Z    2972.9 ms  ✓ Setfield
2025-08-27T07:24:29.3048430Z    1740.7 ms  ✓ ConstructionBase → ConstructionBaseIntervalSetsExt
2025-08-27T07:24:30.5361060Z    2056.5 ms  ✓ Pixman_jll
2025-08-27T07:24:31.0770680Z    3474.3 ms  ✓ JSON
2025-08-27T07:24:31.4819940Z    2179.4 ms  ✓ FreeType2_jll
2025-08-27T07:24:33.1907350Z    2647.5 ms  ✓ Rmath
2025-08-27T07:24:33.4619770Z    2384.8 ms  ✓ OpenEXR_jll
2025-08-27T07:24:33.8540830Z    2365.5 ms  ✓ CRlibm
2025-08-27T07:24:36.4732770Z    3278.8 ms  ✓ libsixel_jll
2025-08-27T07:24:36.6338590Z    3170.0 ms  ✓ libvorbis_jll
2025-08-27T07:24:36.8647350Z    3013.5 ms  ✓ MKL_jll
2025-08-27T07:24:38.9577960Z    2479.1 ms  ✓ Xorg_libxcb_jll
2025-08-27T07:24:39.6258370Z    2743.0 ms  ✓ XML2_jll
2025-08-27T07:24:40.1110110Z    3473.3 ms  ✓ Libtiff_jll
2025-08-27T07:24:41.1238010Z    2148.9 ms  ✓ GettextRuntime_jll
2025-08-27T07:24:41.5457050Z    1899.8 ms  ✓ Isoband
2025-08-27T07:24:43.2354500Z    2105.2 ms  ✓ FillArrays → FillArraysPDMatsExt
2025-08-27T07:24:44.0781690Z    2509.2 ms  ✓ StructArrays
2025-08-27T07:24:45.5585460Z    5449.5 ms  ✓ SpecialFunctions
2025-08-27T07:24:47.1050910Z   25715.5 ms  ✓ Automa
2025-08-27T07:24:47.7795510Z    2209.7 ms  ✓ Ratios → RatiosFixedPointNumbersExt
2025-08-27T07:24:49.8539880Z    2753.3 ms  ✓ ChainRulesCore → ChainRulesCoreSparseArraysExt
2025-08-27T07:24:50.1829560Z    6952.1 ms  ✓ StableHashTraits
2025-08-27T07:24:51.0918210Z    7012.0 ms  ✓ ColorTypes
2025-08-27T07:24:51.4340330Z    3658.1 ms  ✓ StaticArrays → StaticArraysChainRulesCoreExt
2025-08-27T07:24:52.2910290Z    2429.6 ms  ✓ AbstractFFTs → AbstractFFTsChainRulesCoreExt
2025-08-27T07:24:52.4668260Z    2286.3 ms  ✓ ADTypes → ADTypesChainRulesCoreExt
2025-08-27T07:24:53.5425750Z    2098.7 ms  ✓ SortingAlgorithms
2025-08-27T07:24:54.4744710Z    3383.5 ms  ✓ LogExpFunctions → LogExpFunctionsChainRulesCoreExt
2025-08-27T07:24:54.5275620Z    2057.5 ms  ✓ SimplePartitions
2025-08-27T07:24:54.9098570Z    2615.8 ms  ✓ QuadGK
2025-08-27T07:24:55.7350660Z    2172.7 ms  ✓ ArrayInterface → ArrayInterfaceSparseArraysExt
2025-08-27T07:24:56.1249620Z    1635.5 ms  ✓ ArrayInterface → ArrayInterfaceChainRulesCoreExt
2025-08-27T07:24:56.1887570Z    1643.9 ms  ✓ ArrayInterface → ArrayInterfaceStaticArraysCoreExt
2025-08-27T07:24:58.3144910Z    2578.0 ms  ✓ FreeType
2025-08-27T07:24:58.5754820Z    2447.0 ms  ✓ Fontconfig_jll
2025-08-27T07:25:00.3760770Z    1801.1 ms  ✓ Xorg_libX11_jll
2025-08-27T07:25:01.1351730Z    4929.4 ms  ✓ IntervalArithmetic
2025-08-27T07:25:03.0064660Z    2624.5 ms  ✓ LightXML
2025-08-27T07:25:04.7850960Z    3654.9 ms  ✓ Glib_jll
2025-08-27T07:25:05.9879230Z    2979.6 ms  ✓ StructArrays → StructArraysLinearAlgebraExt
2025-08-27T07:25:08.2072460Z    2219.7 ms  ✓ DiffRules
2025-08-27T07:25:08.2877020Z    3503.6 ms  ✓ HypergeometricFunctions
2025-08-27T07:25:11.3443660Z    3133.9 ms  ✓ QOI
2025-08-27T07:25:14.2903940Z    5998.2 ms  ✓ ColorVectorSpace
2025-08-27T07:25:22.4774330Z   24163.9 ms  ✓ FFTW
2025-08-27T07:25:24.4971610Z   10178.8 ms  ✓ Colors
2025-08-27T07:25:26.4319500Z    1923.4 ms  ✓ DifferentiationInterface → DifferentiationInterfaceChainRulesCoreExt
2025-08-27T07:25:28.0155190Z    5518.0 ms  ✓ Interpolations
2025-08-27T07:25:32.6337750Z    6197.1 ms  ✓ StatsBase
2025-08-27T07:25:32.6740660Z    4653.6 ms  ✓ SpecialFunctions → SpecialFunctionsChainRulesCoreExt
2025-08-27T07:25:34.4270670Z    1752.6 ms  ✓ Xorg_libXrender_jll
2025-08-27T07:25:34.7717180Z    2137.3 ms  ✓ FiniteDiff
2025-08-27T07:25:36.0239000Z    1591.0 ms  ✓ Xorg_libXext_jll
2025-08-27T07:25:36.3349340Z   41424.3 ms  ✓ Polynomials
2025-08-27T07:25:38.1647470Z    2133.0 ms  ✓ StructArrays → StructArraysAdaptExt
2025-08-27T07:25:39.0541550Z    2720.4 ms  ✓ StructArrays → StructArraysSparseArraysExt
2025-08-27T07:25:43.3512560Z    5184.5 ms  ✓ StructArrays → StructArraysStaticArraysExt
2025-08-27T07:25:44.4284910Z    9656.1 ms  ✓ IntervalArithmetic → IntervalArithmeticLinearAlgebraExt
2025-08-27T07:25:48.1508720Z    3719.9 ms  ✓ ColorVectorSpace → SpecialFunctionsExt
2025-08-27T07:25:49.2057910Z    5853.2 ms  ✓ StatsFuns
2025-08-27T07:25:50.6226790Z   11563.7 ms  ✓ ForwardDiff
2025-08-27T07:25:50.6728340Z    2524.6 ms  ✓ Graphics
2025-08-27T07:25:51.5130040Z    2300.1 ms  ✓ Animations
2025-08-27T07:25:53.1926430Z    2517.1 ms  ✓ ColorBrewer
2025-08-27T07:25:54.2388330Z    3616.6 ms  ✓ OpenEXR
2025-08-27T07:25:56.2264920Z    1990.0 ms  ✓ FiniteDiff → FiniteDiffSparseArraysExt
2025-08-27T07:25:58.6007560Z    2375.9 ms  ✓ FiniteDiff → FiniteDiffStaticArraysExt
2025-08-27T07:26:01.3217390Z    2715.2 ms  ✓ DifferentiationInterface → DifferentiationInterfaceFiniteDiffExt
2025-08-27T07:26:03.0323440Z    9829.7 ms  ✓ ColorSchemes
2025-08-27T07:26:03.1556820Z    1830.4 ms  ✓ Libglvnd_jll
2025-08-27T07:26:03.3063600Z   51962.9 ms  ✓ TiffImages
2025-08-27T07:26:06.9957350Z    3835.8 ms  ✓ Polynomials → PolynomialsMakieCoreExt
2025-08-27T07:26:07.1233320Z    3814.7 ms  ✓ Polynomials → PolynomialsChainRulesCoreExt
2025-08-27T07:26:08.3234500Z    5285.7 ms  ✓ Cairo_jll
2025-08-27T07:26:10.7999720Z    3793.7 ms  ✓ Polynomials → PolynomialsFFTWExt
2025-08-27T07:26:11.0846780Z    3938.3 ms  ✓ SimplePolynomials
2025-08-27T07:26:13.6877340Z    2883.9 ms  ✓ IntervalArithmetic → IntervalArithmeticSparseArraysExt
2025-08-27T07:26:15.9027960Z    2217.5 ms  ✓ IntervalArithmetic → IntervalArithmeticIntervalSetsExt
2025-08-27T07:26:17.5754540Z    1665.1 ms  ✓ IntervalArithmetic → IntervalArithmeticRecipesBaseExt
2025-08-27T07:26:19.4756900Z    1907.2 ms  ✓ IntervalArithmetic → IntervalArithmeticDiffRulesExt
2025-08-27T07:26:19.5661420Z    8458.6 ms  ✓ ExactPredicates
2025-08-27T07:26:20.3855570Z   12063.2 ms  ✓ GeometryBasics
2025-08-27T07:26:23.3604300Z    3875.5 ms  ✓ StatsFuns → StatsFunsChainRulesCoreExt
2025-08-27T07:26:23.4607150Z    3075.9 ms  ✓ ForwardDiff → ForwardDiffStaticArraysExt
2025-08-27T07:26:25.5517030Z    2195.7 ms  ✓ DifferentiationInterface → DifferentiationInterfaceForwardDiffExt
2025-08-27T07:26:29.5201230Z    3968.3 ms  ✓ libwebp_jll
2025-08-27T07:26:32.3083310Z   12748.8 ms  ✓ Distributions
2025-08-27T07:26:32.8116500Z    3291.6 ms  ✓ HarfBuzz_jll
2025-08-27T07:26:34.6174590Z   43101.6 ms  ✓ ImageCore
2025-08-27T07:26:34.8783340Z    2063.4 ms  ✓ IntervalArithmetic → IntervalArithmeticForwardDiffExt
2025-08-27T07:26:35.0703700Z    2756.7 ms  ✓ LinearAlgebraX
2025-08-27T07:26:38.0901130Z    3205.6 ms  ✓ Packing
2025-08-27T07:26:39.3957510Z    4328.5 ms  ✓ ShaderAbstractions
2025-08-27T07:26:44.6414410Z    5236.7 ms  ✓ Interpolations → InterpolationsForwardDiffExt
2025-08-27T07:26:45.7711830Z    7689.3 ms  ✓ FreeTypeAbstraction
2025-08-27T07:26:47.0727270Z   23609.8 ms  ✓ PlotUtils
2025-08-27T07:26:47.2943070Z    2656.2 ms  ✓ NLSolversBase
2025-08-27T07:26:48.0259680Z   13408.7 ms  ✓ GridLayoutBase
2025-08-27T07:26:48.9613880Z    3183.3 ms  ✓ Distributions → DistributionsTestExt
2025-08-27T07:26:49.9787440Z    2910.6 ms  ✓ Distributions → DistributionsChainRulesCoreExt
2025-08-27T07:26:50.2422850Z    2932.9 ms  ✓ SimpleRandom
2025-08-27T07:26:51.5169440Z    3487.3 ms  ✓ libass_jll
2025-08-27T07:26:51.6293310Z    2653.4 ms  ✓ Pango_jll
2025-08-27T07:26:54.8137450Z    4831.2 ms  ✓ ImageBase
2025-08-27T07:26:55.7333800Z    4104.2 ms  ✓ JpegTurbo
2025-08-27T07:26:56.2501170Z    4738.4 ms  ✓ Sixel
2025-08-27T07:27:01.2882220Z   11048.6 ms  ✓ PNGFiles
2025-08-27T07:27:01.5745530Z    5320.1 ms  ✓ LineSearches
2025-08-27T07:27:01.9449840Z    7125.1 ms  ✓ WebP
2025-08-27T07:27:06.3658620Z    5062.0 ms  ✓ KernelDensity
2025-08-27T07:27:06.7701890Z    4821.0 ms  ✓ Cairo
2025-08-27T07:27:07.7708400Z   12037.5 ms  ✓ MathTeXEngine
2025-08-27T07:27:10.4480090Z    8866.2 ms  ✓ FFMPEG_jll
2025-08-27T07:27:10.7091380Z    4325.7 ms  ✓ ImageAxes
2025-08-27T07:27:11.8056540Z    5038.0 ms  ✓ Optim
2025-08-27T07:27:13.1442110Z    2441.4 ms  ✓ ImageMetadata
2025-08-27T07:27:16.4766280Z    3329.3 ms  ✓ Netpbm
2025-08-27T07:27:16.7731860Z    4962.2 ms  ✓ SimpleGraphs
2025-08-27T07:27:18.4716100Z    1995.2 ms  ✓ ImageIO
2025-08-27T07:27:24.0994730Z    7336.3 ms  ✓ DelaunayTriangulation
2025-08-27T07:29:18.2781610Z  114171.5 ms  ✓ Makie
2025-08-27T07:29:55.5943200Z   37310.8 ms  ✓ CairoMakie
2025-08-27T07:29:55.6508580Z   271 dependencies successfully precompiled in 432 seconds. 15 already precompiled.
2025-08-27T07:29:55.6509400Z   1 dependency had output during precompilation:
2025-08-27T07:29:55.6510900Z ┌ Formatting
2025-08-27T07:29:55.6559920Z │  ┌ Warning: DEPRECATION NOTICE
2025-08-27T07:29:55.6561000Z │  │ 
2025-08-27T07:29:55.6561830Z │  │ Formatting.jl has been unmaintained for a while, with some serious
2025-08-27T07:29:55.6563450Z │  │ correctness bugs compromising the original purpose of the package. As a result,
2025-08-27T07:29:55.6564420Z │  │ it has been deprecated - consider using an alternative, such as
2025-08-27T07:29:55.6565960Z │  │ `Format.jl` (https://github.com/JuliaString/Format.jl) or the `Printf` stdlib directly.
2025-08-27T07:29:55.6566550Z │  │ 
2025-08-27T07:29:55.6568050Z │  │ If you are not using Formatting.jl as a direct dependency, please consider
2025-08-27T07:29:55.6568790Z │  │ opening an issue on any packages you are using that do use it as a dependency.
2025-08-27T07:29:55.6569760Z │  │ From Julia 1.9 onwards, you can query `]why Formatting` to figure out which
2025-08-27T07:29:55.6570970Z │  │ package originally brings it in as a dependency.
2025-08-27T07:29:55.6571790Z │  └ @ Formatting ~/.julia/packages/Formatting/3VxOt/src/Formatting.jl:12
2025-08-27T07:29:55.6572610Z └  
2025-08-27T07:30:06.7344860Z      Testing PointController
2025-08-27T07:30:11.4596140Z       Status `/private/var/folders/x7/ch5v91h56_zbvbd1y2f600dm0000gn/T/jl_cw26Dx/Project.toml`
2025-08-27T07:30:11.5188970Z   [4c88cf16] Aqua v0.8.14
2025-08-27T07:30:11.5201880Z ⌃ [13f3f980] CairoMakie v0.10.12
2025-08-27T07:30:11.5202240Z ⌃ [e9467ef8] GLMakie v0.8.12
2025-08-27T07:30:11.5203640Z   [510215fc] Observables v0.5.5
2025-08-27T07:30:11.5208710Z   [eae52b99] PointController v0.1.0 `~/work/JuliaTestRocket/JuliaTestRocket`
2025-08-27T07:30:11.5213210Z   [90137ffa] StaticArrays v1.9.14
2025-08-27T07:30:11.5217650Z   [56ddb016] Logging
2025-08-27T07:30:11.5221600Z   [8dfed614] Test
2025-08-27T07:30:11.5229620Z       Status `/private/var/folders/x7/ch5v91h56_zbvbd1y2f600dm0000gn/T/jl_cw26Dx/Manifest.toml`
2025-08-27T07:30:13.5143280Z   [47edcb42] ADTypes v1.17.0
2025-08-27T07:30:13.5146820Z   [621f4979] AbstractFFTs v1.5.0
2025-08-27T07:30:13.5159880Z   [398f06c4] AbstractLattices v0.3.1
2025-08-27T07:30:13.5161970Z   [1520ce14] AbstractTrees v0.4.5
2025-08-27T07:30:13.5162620Z   [79e6a3ab] Adapt v4.3.0
2025-08-27T07:30:13.5167730Z   [66dad0bd] AliasTables v1.1.3
2025-08-27T07:30:13.5171390Z   [27a7e980] Animations v0.4.2
2025-08-27T07:30:13.5175890Z   [4c88cf16] Aqua v0.8.14
2025-08-27T07:30:13.5180510Z   [4fba245c] ArrayInterface v7.19.0
2025-08-27T07:30:13.5185310Z   [67c07d97] Automa v1.1.0
2025-08-27T07:30:13.5189140Z   [13072b0f] AxisAlgorithms v1.1.0
2025-08-27T07:30:13.5193550Z   [39de3d68] AxisArrays v0.4.7
2025-08-27T07:30:13.5197810Z   [18cc8868] BaseDirs v1.3.2
2025-08-27T07:30:13.5201790Z   [fa961155] CEnum v0.5.0
2025-08-27T07:30:13.5206140Z   [96374032] CRlibm v1.0.2
2025-08-27T07:30:13.5212180Z   [159f3aea] Cairo v1.1.1
2025-08-27T07:30:13.5217240Z ⌃ [13f3f980] CairoMakie v0.10.12
2025-08-27T07:30:13.5221010Z   [d360d2e6] ChainRulesCore v1.26.0
2025-08-27T07:30:13.5225240Z   [a2cac450] ColorBrewer v0.4.1
2025-08-27T07:30:13.5229810Z   [35d6a980] ColorSchemes v3.30.0
2025-08-27T07:30:13.5234160Z ⌅ [3da002f7] ColorTypes v0.11.5
2025-08-27T07:30:13.5238570Z ⌃ [c3611d14] ColorVectorSpace v0.10.0
2025-08-27T07:30:13.5243170Z ⌅ [5ae59095] Colors v0.12.11
2025-08-27T07:30:13.5247220Z   [861a8166] Combinatorics v1.0.3
2025-08-27T07:30:13.5251970Z   [bbf7d656] CommonSubexpressions v0.3.1
2025-08-27T07:30:13.5259520Z   [34da2185] Compat v4.18.0
2025-08-27T07:30:13.5262580Z   [187b0558] ConstructionBase v1.6.0
2025-08-27T07:30:13.5266890Z   [d38c429a] Contour v0.6.3
2025-08-27T07:30:13.5270910Z   [9a962f9c] DataAPI v1.16.0
2025-08-27T07:30:13.5274970Z ⌅ [864edb3b] DataStructures v0.18.22
2025-08-27T07:30:13.5279140Z   [e2d170a0] DataValueInterfaces v1.0.0
2025-08-27T07:30:13.5283430Z ⌅ [927a84f5] DelaunayTriangulation v0.8.12
2025-08-27T07:30:13.5286990Z   [163ba53b] DiffResults v1.1.0
2025-08-27T07:30:13.5291260Z   [b552c78f] DiffRules v1.15.1
2025-08-27T07:30:13.5295820Z   [a0c0ee7d] DifferentiationInterface v0.7.7
2025-08-27T07:30:13.5299540Z   [31c24e10] Distributions v0.25.120
2025-08-27T07:30:13.5304180Z   [ffbed154] DocStringExtensions v0.9.5
2025-08-27T07:30:13.5308140Z   [4e289a0a] EnumX v1.0.5
2025-08-27T07:30:13.5314360Z   [429591f6] ExactPredicates v2.2.8
2025-08-27T07:30:13.5319690Z   [411431e0] Extents v0.1.6
2025-08-27T07:30:13.5324840Z   [7a1cc6ca] FFTW v1.9.0
2025-08-27T07:30:13.5330270Z   [5789e2e9] FileIO v1.17.0
2025-08-27T07:30:13.5337150Z   [1a297f60] FillArrays v1.13.0
2025-08-27T07:30:13.5345420Z   [6a86dc24] FiniteDiff v2.28.1
2025-08-27T07:30:13.5351720Z   [53c48c17] FixedPointNumbers v0.8.5
2025-08-27T07:30:13.5359250Z   [59287772] Formatting v0.4.3
2025-08-27T07:30:13.5364110Z   [f6369f11] ForwardDiff v1.1.0
2025-08-27T07:30:13.5374460Z   [b38be410] FreeType v4.1.1
2025-08-27T07:30:13.5379220Z   [663a7486] FreeTypeAbstraction v0.10.8
2025-08-27T07:30:13.5386080Z   [f7f18e0c] GLFW v3.4.5
2025-08-27T07:30:13.5422050Z ⌃ [e9467ef8] GLMakie v0.8.12
2025-08-27T07:30:13.5422930Z   [68eda718] GeoFormatTypes v0.4.4
2025-08-27T07:30:13.5425130Z ⌃ [cf35fbd7] GeoInterface v1.4.1
2025-08-27T07:30:13.5432960Z ⌅ [5c1252a2] GeometryBasics v0.4.11
2025-08-27T07:30:13.5438470Z   [a2bd30eb] Graphics v1.1.3
2025-08-27T07:30:13.5444790Z ⌅ [3955a311] GridLayoutBase v0.9.2
2025-08-27T07:30:13.5451520Z   [42e2da0e] Grisu v1.0.2
2025-08-27T07:30:13.5457890Z   [34004b35] HypergeometricFunctions v0.3.28
2025-08-27T07:30:13.5469770Z   [2803e5a7] ImageAxes v0.6.12
2025-08-27T07:30:13.5481630Z   [c817782e] ImageBase v0.1.7
2025-08-27T07:30:13.5488250Z   [a09fc81d] ImageCore v0.10.5
2025-08-27T07:30:13.5497570Z   [82e4d734] ImageIO v0.6.9
2025-08-27T07:30:13.5509410Z   [bc367c6b] ImageMetadata v0.9.10
2025-08-27T07:30:13.5514620Z   [9b13fd28] IndirectArrays v1.0.0
2025-08-27T07:30:13.5520460Z   [d25df0c9] Inflate v0.1.5
2025-08-27T07:30:13.5525490Z   [18e54dd8] IntegerMathUtils v0.1.3
2025-08-27T07:30:13.5531420Z   [a98d9a8b] Interpolations v0.16.2
2025-08-27T07:30:13.5537440Z ⌅ [d1acc4aa] IntervalArithmetic v0.22.36
2025-08-27T07:30:13.5542820Z   [8197267c] IntervalSets v0.7.11
2025-08-27T07:30:13.5548980Z   [92d709cd] IrrationalConstants v0.2.4
2025-08-27T07:30:13.5552840Z   [f1662d9f] Isoband v0.1.1
2025-08-27T07:30:13.5563620Z   [c8e1da08] IterTools v1.10.0
2025-08-27T07:30:13.5567780Z   [82899510] IteratorInterfaceExtensions v1.0.0
2025-08-27T07:30:13.5573860Z   [692b3bcd] JLLWrappers v1.7.1
2025-08-27T07:30:13.5578780Z   [682c06a0] JSON v0.21.4
2025-08-27T07:30:13.5584420Z   [b835a17e] JpegTurbo v0.1.6
2025-08-27T07:30:13.5590570Z   [5ab0869b] KernelDensity v0.6.10
2025-08-27T07:30:13.5596640Z   [b964fa9f] LaTeXStrings v1.4.0
2025-08-27T07:30:13.5602300Z   [8cdb02fc] LazyModules v0.3.1
2025-08-27T07:30:13.5608180Z   [9c8b4983] LightXML v0.9.2
2025-08-27T07:30:13.5614140Z   [d3d80556] LineSearches v7.4.0
2025-08-27T07:30:13.5619020Z   [9b3f67b0] LinearAlgebraX v0.2.10
2025-08-27T07:30:13.5626020Z   [2ab3a3ac] LogExpFunctions v0.3.29
2025-08-27T07:30:13.5630600Z   [1914dd2f] MacroTools v0.5.16
2025-08-27T07:30:13.5636040Z ⌅ [ee78f7c6] Makie v0.19.12
2025-08-27T07:30:13.5642360Z ⌅ [20f20a25] MakieCore v0.6.9
2025-08-27T07:30:13.5646810Z   [dbb5928d] MappedArrays v0.4.2
2025-08-27T07:30:13.5651490Z ⌅ [0a4f8689] MathTeXEngine v0.5.7
2025-08-27T07:30:13.5659260Z ⌅ [7269a6da] MeshIO v0.4.13
2025-08-27T07:30:13.5665950Z   [e1d29d7a] Missings v1.2.0
2025-08-27T07:30:13.5671180Z   [66fc600b] ModernGL v1.1.8
2025-08-27T07:30:13.5674910Z   [7475f97c] Mods v2.2.6
2025-08-27T07:30:13.5679050Z   [e94cdb99] MosaicViews v0.3.4
2025-08-27T07:30:13.5683170Z   [3b2b4ff1] Multisets v0.4.5
2025-08-27T07:30:13.5687150Z   [d41bc354] NLSolversBase v7.10.0
2025-08-27T07:30:13.5691420Z   [77ba4419] NaNMath v1.1.3
2025-08-27T07:30:13.5695360Z   [f09324ee] Netpbm v1.1.1
2025-08-27T07:30:13.5699250Z   [510215fc] Observables v0.5.5
2025-08-27T07:30:13.5703710Z   [6fe1bfb0] OffsetArrays v1.17.0
2025-08-27T07:30:13.5707480Z   [52e1d378] OpenEXR v0.3.3
2025-08-27T07:30:13.5755230Z   [429524aa] Optim v1.13.2
2025-08-27T07:30:13.5757540Z   [bac558e1] OrderedCollections v1.8.1
2025-08-27T07:30:13.5759800Z   [90014a1f] PDMats v0.11.35
2025-08-27T07:30:13.5762890Z   [f57f5aa1] PNGFiles v0.4.4
2025-08-27T07:30:13.5764390Z   [19eb6ba3] Packing v0.5.1
2025-08-27T07:30:13.5765700Z   [5432bcbf] PaddedViews v0.5.12
2025-08-27T07:30:13.5767020Z   [d96e819e] Parameters v0.12.3
2025-08-27T07:30:13.5768040Z   [69de0a69] Parsers v2.8.3
2025-08-27T07:30:13.5768390Z   [2ae35dd2] Permutations v0.4.23
2025-08-27T07:30:13.5768830Z   [3bbf5609] PikaParser v0.6.1
2025-08-27T07:30:13.5769180Z   [eebad327] PkgVersion v0.3.3
2025-08-27T07:30:13.5769370Z   [995b91a9] PlotUtils v1.4.3
2025-08-27T07:30:13.5772770Z   [eae52b99] PointController v0.1.0 `~/work/JuliaTestRocket/JuliaTestRocket`
2025-08-27T07:30:13.5778720Z   [647866c9] PolygonOps v0.1.2
2025-08-27T07:30:13.5783620Z ⌃ [f27b6e38] Polynomials v4.0.21
2025-08-27T07:30:13.5789820Z   [85a6dd25] PositiveFactorizations v0.2.4
2025-08-27T07:30:13.5797040Z ⌅ [aea7be01] PrecompileTools v1.2.1
2025-08-27T07:30:13.5804170Z   [21216c6a] Preferences v1.5.0
2025-08-27T07:30:13.5810970Z   [27ebfcd6] Primes v0.5.7
2025-08-27T07:30:13.5817870Z   [92933f4c] ProgressMeter v1.11.0
2025-08-27T07:30:13.5824230Z   [43287f4e] PtrArrays v1.3.0
2025-08-27T07:30:13.5831180Z   [4b34888f] QOI v1.0.1
2025-08-27T07:30:13.5837930Z   [1fd47b50] QuadGK v2.11.2
2025-08-27T07:30:13.5844330Z   [b3c3ace0] RangeArrays v0.3.2
2025-08-27T07:30:13.5850760Z   [c84ed2f1] Ratios v0.4.5
2025-08-27T07:30:13.5857290Z   [3cdcf5f2] RecipesBase v1.3.4
2025-08-27T07:30:13.5862220Z   [189a3867] Reexport v1.2.2
2025-08-27T07:30:13.5867840Z   [05181044] RelocatableFolders v1.0.1
2025-08-27T07:30:13.5873090Z   [ae029012] Requires v1.3.1
2025-08-27T07:30:13.5878920Z   [286e9d63] RingLists v0.2.9
2025-08-27T07:30:13.5883370Z   [79098fc4] Rmath v0.8.0
2025-08-27T07:30:13.5890170Z   [5eaf0fd0] RoundingEmulator v0.2.1
2025-08-27T07:30:13.5894680Z   [fdea26ae] SIMD v3.7.1
2025-08-27T07:30:13.5900460Z   [6c6a2e73] Scratch v1.3.0
2025-08-27T07:30:13.5907010Z   [efcf1570] Setfield v1.1.2
2025-08-27T07:30:13.5912790Z ⌅ [65257c39] ShaderAbstractions v0.4.1
2025-08-27T07:30:13.5918620Z   [992d4aef] Showoff v1.0.3
2025-08-27T07:30:13.5923840Z   [73760f76] SignedDistanceFields v0.4.0
2025-08-27T07:30:13.5929830Z   [55797a34] SimpleGraphs v0.8.7
2025-08-27T07:30:13.5935450Z   [ec83eff0] SimplePartitions v0.3.3
2025-08-27T07:30:13.5940310Z   [cc47b68c] SimplePolynomials v0.2.18
2025-08-27T07:30:13.5944470Z   [a6525b86] SimpleRandom v0.3.2
2025-08-27T07:30:13.5954330Z   [699a6c99] SimpleTraits v0.9.5
2025-08-27T07:30:13.5959630Z   [45858cf5] Sixel v0.1.5
2025-08-27T07:30:13.5965740Z   [a2af1166] SortingAlgorithms v1.2.2
2025-08-27T07:30:13.5972660Z   [276daf66] SpecialFunctions v2.5.1
2025-08-27T07:30:13.5979980Z ⌅ [c5dd0088] StableHashTraits v1.3.4
2025-08-27T07:30:13.5984230Z   [860ef19b] StableRNGs v1.0.3
2025-08-27T07:30:13.5989810Z   [cae243ae] StackViews v0.1.2
2025-08-27T07:30:13.5998650Z   [90137ffa] StaticArrays v1.9.14
2025-08-27T07:30:13.6001620Z   [1e83bf80] StaticArraysCore v1.4.3
2025-08-27T07:30:13.6010170Z   [82ae8749] StatsAPI v1.7.1
2025-08-27T07:30:13.6015110Z   [2913bbd2] StatsBase v0.34.6
2025-08-27T07:30:13.6019400Z   [4c63d2b9] StatsFuns v1.5.0
2025-08-27T07:30:13.6023780Z ⌅ [09ab397b] StructArrays v0.6.21
2025-08-27T07:30:13.6027950Z   [856f2bd8] StructTypes v1.11.0
2025-08-27T07:30:13.6032080Z   [3783bdb8] TableTraits v1.0.1
2025-08-27T07:30:13.6036180Z   [bd369af6] Tables v1.12.1
2025-08-27T07:30:13.6040420Z   [62fd8b95] TensorCore v0.1.1
2025-08-27T07:30:13.6044910Z   [731e570b] TiffImages v0.11.6
2025-08-27T07:30:13.6049310Z   [3bb67fe8] TranscodingStreams v0.11.3
2025-08-27T07:30:13.6053280Z   [981d1d27] TriplotBase v0.1.0
2025-08-27T07:30:13.6090540Z   [9d95972d] TupleTools v1.6.0
2025-08-27T07:30:13.6191750Z   [3a884ed6] UnPack v1.0.2
2025-08-27T07:30:13.6292740Z   [1cfade01] UnicodeFun v0.4.1
2025-08-27T07:30:13.6393990Z   [ecbed89c] WeakKeyIdDicts v0.1.0
2025-08-27T07:30:13.6394630Z   [e3aaa7dc] WebP v0.1.3
2025-08-27T07:30:13.6405810Z   [efce3f68] WoodburyMatrices v1.0.0
2025-08-27T07:30:13.6445810Z   [6e34b625] Bzip2_jll v1.0.9+0
2025-08-27T07:30:13.6469780Z   [4e9b3aee] CRlibm_jll v1.0.1+0
2025-08-27T07:30:13.6507180Z   [83423d85] Cairo_jll v1.18.5+0
2025-08-27T07:30:13.6608620Z   [ee1fde0b] Dbus_jll v1.16.2+0
2025-08-27T07:30:13.6608950Z   [5ae413db] EarCut_jll v2.2.4+0
2025-08-27T07:30:13.6709880Z   [2702e6a9] EpollShim_jll v0.0.20230411+1
2025-08-27T07:30:13.6811050Z   [2e619515] Expat_jll v2.7.1+0
2025-08-27T07:30:13.6912020Z   [b22a6f82] FFMPEG_jll v7.1.1+0
2025-08-27T07:30:13.6959870Z   [f5851436] FFTW_jll v3.3.11+0
2025-08-27T07:30:13.6960280Z   [a3f928ae] Fontconfig_jll v2.17.1+0
2025-08-27T07:30:13.6960820Z   [d7e528f0] FreeType2_jll v2.13.4+0
2025-08-27T07:30:13.6961150Z   [559328eb] FriBidi_jll v1.0.17+0
2025-08-27T07:30:13.6961440Z   [0656b61e] GLFW_jll v3.4.0+2
2025-08-27T07:30:13.6961830Z   [b0724c58] GettextRuntime_jll v0.22.4+0
2025-08-27T07:30:13.6962080Z   [59f7168a] Giflib_jll v5.2.3+0
2025-08-27T07:30:13.6962640Z   [7746bdde] Glib_jll v2.84.3+0
2025-08-27T07:30:13.6963030Z   [3b182d85] Graphite2_jll v1.3.15+0
2025-08-27T07:30:13.6963710Z   [2e76f6c2] HarfBuzz_jll v8.5.1+0
2025-08-27T07:30:13.6964280Z   [905a6f67] Imath_jll v3.1.11+0
2025-08-27T07:30:13.6964680Z   [1d5cc7b8] IntelOpenMP_jll v2025.2.0+0
2025-08-27T07:30:13.6965030Z   [aacddb02] JpegTurbo_jll v3.1.2+0
2025-08-27T07:30:13.6965680Z   [c1c5ebd0] LAME_jll v3.100.3+0
2025-08-27T07:30:13.6966330Z   [88015f11] LERC_jll v4.0.1+0
2025-08-27T07:30:13.6966630Z   [1d63c593] LLVMOpenMP_jll v18.1.8+0
2025-08-27T07:30:13.6966870Z   [dd4b983a] LZO_jll v2.10.3+0
2025-08-27T07:30:13.6967080Z   [e9f186c6] Libffi_jll v3.4.7+0
2025-08-27T07:30:13.6967390Z   [7e76a0d4] Libglvnd_jll v1.7.1+1
2025-08-27T07:30:13.6968350Z   [94ce4f54] Libiconv_jll v1.18.0+0
2025-08-27T07:30:13.6968680Z   [4b2f31a3] Libmount_jll v2.41.1+0
2025-08-27T07:30:13.6968980Z   [89763e89] Libtiff_jll v4.7.1+0
2025-08-27T07:30:13.6969340Z   [38a345b3] Libuuid_jll v2.41.1+0
2025-08-27T07:30:13.6969740Z   [856f044c] MKL_jll v2025.2.0+0
2025-08-27T07:30:13.6970040Z   [e7412a2a] Ogg_jll v1.3.6+0
2025-08-27T07:30:13.6970630Z   [6cdc7f73] OpenBLASConsistentFPCSR_jll v0.3.29+0
2025-08-27T07:30:13.6971000Z   [18a262bb] OpenEXR_jll v3.2.4+0
2025-08-27T07:30:13.6971370Z   [458c3c95] OpenSSL_jll v3.5.2+0
2025-08-27T07:30:13.6971760Z   [efe28fd5] OpenSpecFun_jll v0.5.6+0
2025-08-27T07:30:13.6972140Z   [91d4177d] Opus_jll v1.5.2+0
2025-08-27T07:30:13.6972490Z   [36c8627f] Pango_jll v1.56.3+0
2025-08-27T07:30:13.6972920Z ⌅ [30392449] Pixman_jll v0.44.2+0
2025-08-27T07:30:13.6973150Z   [f50d1b31] Rmath_jll v0.5.1+0
2025-08-27T07:30:13.6973920Z   [a2964d1f] Wayland_jll v1.24.0+0
2025-08-27T07:30:13.6974200Z   [02c8fc9c] XML2_jll v2.14.4+0
2025-08-27T07:30:13.6974490Z   [ffd25f8a] XZ_jll v5.8.1+0
2025-08-27T07:30:13.6974920Z   [4f6342f7] Xorg_libX11_jll v1.8.12+0
2025-08-27T07:30:13.6975420Z   [0c0b7dd1] Xorg_libXau_jll v1.0.13+0
2025-08-27T07:30:13.6975760Z   [935fb764] Xorg_libXcursor_jll v1.2.4+0
2025-08-27T07:30:13.6976080Z   [a3789734] Xorg_libXdmcp_jll v1.1.6+0
2025-08-27T07:30:13.6976320Z   [1082639a] Xorg_libXext_jll v1.3.7+0
2025-08-27T07:30:13.6976860Z   [d091e8ba] Xorg_libXfixes_jll v6.0.1+0
2025-08-27T07:30:13.6977240Z   [a51aa0fd] Xorg_libXi_jll v1.8.3+0
2025-08-27T07:30:13.6977550Z   [d1454406] Xorg_libXinerama_jll v1.1.6+0
2025-08-27T07:30:13.6977870Z   [ec84b674] Xorg_libXrandr_jll v1.5.5+0
2025-08-27T07:30:13.6978250Z   [ea2f1a96] Xorg_libXrender_jll v0.9.12+0
2025-08-27T07:30:13.6978560Z   [c7cfdc94] Xorg_libxcb_jll v1.17.1+0
2025-08-27T07:30:13.6978960Z   [cc61e674] Xorg_libxkbfile_jll v1.1.3+0
2025-08-27T07:30:13.6979340Z   [35661453] Xorg_xkbcomp_jll v1.4.7+0
2025-08-27T07:30:13.6979830Z   [33bec58e] Xorg_xkeyboard_config_jll v2.44.0+0
2025-08-27T07:30:13.6980300Z   [c5fb5394] Xorg_xtrans_jll v1.6.0+0
2025-08-27T07:30:13.6980530Z   [3161d3a3] Zstd_jll v1.5.7+1
2025-08-27T07:30:13.6980980Z   [9a68df92] isoband_jll v0.2.3+0
2025-08-27T07:30:13.6981250Z   [a4ae2306] libaom_jll v3.12.1+0
2025-08-27T07:30:13.6981540Z   [0ac62f75] libass_jll v0.17.4+0
2025-08-27T07:30:13.6981980Z   [1183f4f0] libdecor_jll v0.2.2+0
2025-08-27T07:30:13.6982260Z   [f638f0a6] libfdk_aac_jll v2.0.4+0
2025-08-27T07:30:13.6982570Z   [b53b4c65] libpng_jll v1.6.50+0
2025-08-27T07:30:13.6982900Z   [075b6546] libsixel_jll v1.10.5+0
2025-08-27T07:30:13.6983200Z   [f27f6e37] libvorbis_jll v1.3.8+0
2025-08-27T07:30:13.6983500Z   [c5f90fcd] libwebp_jll v1.6.0+0
2025-08-27T07:30:13.6984120Z   [1317d2d5] oneTBB_jll v2022.0.0+0
2025-08-27T07:30:13.6984500Z   [1270edf5] x264_jll v10164.0.1+0
2025-08-27T07:30:13.6984780Z   [dfaa095f] x265_jll v4.1.0+0
2025-08-27T07:30:13.6985110Z   [d8fb68d0] xkbcommon_jll v1.9.2+0
2025-08-27T07:30:13.6985420Z   [0dad84c5] ArgTools v1.1.1
2025-08-27T07:30:13.6986230Z   [56f22d72] Artifacts
2025-08-27T07:30:13.6986540Z   [2a0f44e3] Base64
2025-08-27T07:30:13.6986760Z   [8bf52ea8] CRC32c
2025-08-27T07:30:13.6987020Z   [ade2ca70] Dates
2025-08-27T07:30:13.6987310Z   [8ba89e20] Distributed
2025-08-27T07:30:13.6987610Z   [f43a241f] Downloads v1.6.0
2025-08-27T07:30:13.6987910Z   [7b1f6079] FileWatching
2025-08-27T07:30:13.6988180Z   [9fa8497b] Future
2025-08-27T07:30:13.6988380Z   [b77e0a4c] InteractiveUtils
2025-08-27T07:30:13.6988690Z   [4af54fe1] LazyArtifacts
2025-08-27T07:30:13.6988900Z   [b27032c2] LibCURL v0.6.4
2025-08-27T07:30:13.6989170Z   [76f85450] LibGit2
2025-08-27T07:30:13.6989470Z   [8f399da3] Libdl
2025-08-27T07:30:13.6989900Z   [37e2e46d] LinearAlgebra
2025-08-27T07:30:13.6990170Z   [56ddb016] Logging
2025-08-27T07:30:13.6992370Z   [d6f4376e] Markdown
2025-08-27T07:30:13.6992600Z   [a63ad114] Mmap
2025-08-27T07:30:13.6992800Z   [ca575930] NetworkOptions v1.2.0
2025-08-27T07:30:13.6993040Z   [44cfe95a] Pkg v1.10.0
2025-08-27T07:30:13.6993240Z   [de0858da] Printf
2025-08-27T07:30:13.6993490Z   [3fa0cd96] REPL
2025-08-27T07:30:13.6993730Z   [9a3f8284] Random
2025-08-27T07:30:13.6993910Z   [ea8e919c] SHA v0.7.0
2025-08-27T07:30:13.6994120Z   [9e88b42a] Serialization
2025-08-27T07:30:13.6994330Z   [1a1011a3] SharedArrays
2025-08-27T07:30:13.6994520Z   [6462fe0b] Sockets
2025-08-27T07:30:13.6994900Z   [2f01184e] SparseArrays v1.10.0
2025-08-27T07:30:13.6995210Z   [10745b16] Statistics v1.10.0
2025-08-27T07:30:13.6995440Z   [4607b0f0] SuiteSparse
2025-08-27T07:30:13.6995640Z   [fa267f1f] TOML v1.0.3
2025-08-27T07:30:13.6995840Z   [a4e569a6] Tar v1.10.0
2025-08-27T07:30:13.6996030Z   [8dfed614] Test
2025-08-27T07:30:13.6996210Z   [cf7118a7] UUIDs
2025-08-27T07:30:13.6996390Z   [4ec0a83e] Unicode
2025-08-27T07:30:13.6996630Z   [e66e0078] CompilerSupportLibraries_jll v1.1.1+0
2025-08-27T07:30:13.6996900Z   [deac9b47] LibCURL_jll v8.4.0+0
2025-08-27T07:30:13.6997130Z   [e37daf67] LibGit2_jll v1.6.4+0
2025-08-27T07:30:13.6997360Z   [29816b5a] LibSSH2_jll v1.11.0+1
2025-08-27T07:30:13.6997590Z   [c8ffd9c3] MbedTLS_jll v2.28.2+1
2025-08-27T07:30:13.6997820Z   [14a3606d] MozillaCACerts_jll v2023.1.10
2025-08-27T07:30:13.6998070Z   [4536629a] OpenBLAS_jll v0.3.23+4
2025-08-27T07:30:13.6998300Z   [05823500] OpenLibm_jll v0.8.5+0
2025-08-27T07:30:13.6998520Z   [efcefdf7] PCRE2_jll v10.42.0+1
2025-08-27T07:30:13.6998830Z   [bea87d4a] SuiteSparse_jll v7.2.1+1
2025-08-27T07:30:13.6999060Z   [83775a58] Zlib_jll v1.2.13+1
2025-08-27T07:30:13.6999300Z   [8e850b90] libblastrampoline_jll v5.11.0+0
2025-08-27T07:30:13.6999560Z   [8e850ede] nghttp2_jll v1.52.0+1
2025-08-27T07:30:13.6999780Z   [3f19e933] p7zip_jll v17.4.0+2
2025-08-27T07:30:13.7000430Z         Info Packages marked with ⌃ and ⌅ have new versions available. Those with ⌃ may be upgradable, but those with ⌅ are restricted by compatibility constraints from upgrading.
2025-08-27T07:30:17.6703420Z Precompiling packages...
2025-08-27T07:30:19.7315470Z    1792.1 ms  ✓ RangeArrays
2025-08-27T07:30:20.3483580Z    2662.6 ms  ✓ Combinatorics
2025-08-27T07:30:20.3583480Z    2434.0 ms  ✓ StructTypes
2025-08-27T07:30:21.2370130Z    1506.6 ms  ✓ AbstractFFTs
2025-08-27T07:30:21.6566350Z    1316.6 ms  ✓ LaTeXStrings
2025-08-27T07:30:21.6968540Z    1340.7 ms  ✓ PositiveFactorizations
2025-08-27T07:30:22.0337630Z    4095.9 ms  ✓ BaseDirs
2025-08-27T07:30:22.6055420Z    1363.0 ms  ✓ IndirectArrays
2025-08-27T07:30:22.9345750Z    1275.9 ms  ✓ PolygonOps
2025-08-27T07:30:22.9547740Z    1256.9 ms  ✓ IteratorInterfaceExtensions
2025-08-27T07:30:23.3773640Z    1339.0 ms  ✓ TensorCore
2025-08-27T07:30:24.1387630Z    1176.7 ms  ✓ StatsAPI
2025-08-27T07:30:24.1889360Z    1250.6 ms  ✓ GeoFormatTypes
2025-08-27T07:30:24.4806020Z    1101.3 ms  ✓ AbstractLattices
2025-08-27T07:30:25.4729490Z    1282.1 ms  ✓ Contour
2025-08-27T07:30:25.5483470Z    1397.6 ms  ✓ ADTypes
2025-08-27T07:30:25.6212460Z    1138.4 ms  ✓ CEnum
2025-08-27T07:30:25.8976750Z    3287.5 ms  ✓ ModernGL
2025-08-27T07:30:26.8609640Z    1229.5 ms  ✓ UnPack
2025-08-27T07:30:26.9042350Z    1355.7 ms  ✓ TriplotBase
2025-08-27T07:30:27.3163580Z    1818.4 ms  ✓ OffsetArrays
2025-08-27T07:30:27.8451350Z    1943.4 ms  ✓ FillArrays
2025-08-27T07:30:28.0245020Z    1159.3 ms  ✓ IntegerMathUtils
2025-08-27T07:30:28.1777870Z    1258.0 ms  ✓ CompilerSupportLibraries_jll
2025-08-27T07:30:28.8039970Z    1470.0 ms  ✓ IterTools
2025-08-27T07:30:29.3292920Z    1494.9 ms  ✓ PkgVersion
2025-08-27T07:30:30.2473520Z    2061.6 ms  ✓ Grisu
2025-08-27T07:30:30.8470660Z    2043.9 ms  ✓ Preferences
2025-08-27T07:30:31.5610010Z    2230.8 ms  ✓ Compat
2025-08-27T07:30:31.9928320Z    3970.3 ms  ✓ MacroTools
2025-08-27T07:30:32.4891970Z    2239.9 ms  ✓ OrderedCollections
2025-08-27T07:30:33.0824890Z    2219.8 ms  ✓ Observables
2025-08-27T07:30:33.6793380Z    2115.4 ms  ✓ Requires
2025-08-27T07:30:33.9713960Z    1982.2 ms  ✓ DataValueInterfaces
2025-08-27T07:30:34.6040860Z    2117.3 ms  ✓ EnumX
2025-08-27T07:30:35.3283600Z    2227.4 ms  ✓ StableRNGs
2025-08-27T07:30:35.7321690Z    2045.2 ms  ✓ Reexport
2025-08-27T07:30:36.0959340Z    2113.3 ms  ✓ DocStringExtensions
2025-08-27T07:30:36.4703740Z    1857.7 ms  ✓ AbstractTrees
2025-08-27T07:30:37.1278450Z    1403.2 ms  ✓ IntervalSets
2025-08-27T07:30:37.5204110Z    1411.2 ms  ✓ RoundingEmulator
2025-08-27T07:30:37.5505310Z    2226.9 ms  ✓ IrrationalConstants
2025-08-27T07:30:38.4063770Z    1927.3 ms  ✓ ProgressMeter
2025-08-27T07:30:38.7599080Z    1200.4 ms  ✓ PtrArrays
2025-08-27T07:30:38.9907450Z    1473.9 ms  ✓ Extents
2025-08-27T07:30:39.2000400Z    2069.8 ms  ✓ Formatting
2025-08-27T07:30:40.2506080Z    1827.3 ms  ✓ UnicodeFun
2025-08-27T07:30:40.3556910Z    1594.8 ms  ✓ TranscodingStreams
2025-08-27T07:30:40.4205650Z    1407.8 ms  ✓ NaNMath
2025-08-27T07:30:40.4766870Z    1257.8 ms  ✓ LazyModules
2025-08-27T07:30:41.5400170Z    1286.5 ms  ✓ Multisets
2025-08-27T07:30:41.6103440Z    1245.4 ms  ✓ RingLists
2025-08-27T07:30:41.8975370Z    1409.8 ms  ✓ ConstructionBase
2025-08-27T07:30:41.9076560Z    1476.7 ms  ✓ Inflate
2025-08-27T07:30:42.7681010Z    1224.1 ms  ✓ Mods
2025-08-27T07:30:42.8600180Z    1246.4 ms  ✓ DataAPI
2025-08-27T07:30:43.1463270Z    1246.5 ms  ✓ Scratch
2025-08-27T07:30:43.1894560Z    1282.9 ms  ✓ StaticArraysCore
2025-08-27T07:30:44.0144590Z    1251.2 ms  ✓ TupleTools
2025-08-27T07:30:44.1665150Z    1280.9 ms  ✓ MappedArrays
2025-08-27T07:30:44.3483580Z    1201.5 ms  ✓ WeakKeyIdDicts
2025-08-27T07:30:44.6710480Z    1478.6 ms  ✓ SuiteSparse
2025-08-27T07:30:45.7007390Z    1353.6 ms  ✓ Permutations
2025-08-27T07:30:45.9100400Z    1894.1 ms  ✓ Statistics
2025-08-27T07:30:45.9918730Z    1814.8 ms  ✓ WoodburyMatrices
2025-08-27T07:30:47.3880430Z    1686.3 ms  ✓ TableTraits
2025-08-27T07:30:47.8519440Z    3181.0 ms  ✓ AbstractFFTs → AbstractFFTsTestExt
2025-08-27T07:30:47.9323090Z    1933.8 ms  ✓ StackViews
2025-08-27T07:30:49.2317970Z    3314.9 ms  ✓ DifferentiationInterface
2025-08-27T07:30:49.3944390Z    2004.0 ms  ✓ PaddedViews
2025-08-27T07:30:50.1856550Z    2257.2 ms  ✓ Primes
2025-08-27T07:30:50.5494520Z    2703.8 ms  ✓ FillArrays → FillArraysSparseArraysExt
2025-08-27T07:30:51.1437470Z    1916.4 ms  ✓ Showoff
2025-08-27T07:30:51.5868690Z    2186.1 ms  ✓ JLLWrappers
2025-08-27T07:30:52.1905220Z    1997.4 ms  ✓ PrecompileTools
2025-08-27T07:30:52.5217970Z    1963.6 ms  ✓ Compat → CompatLinearAlgebraExt
2025-08-27T07:30:53.2047650Z    2061.1 ms  ✓ CommonSubexpressions
2025-08-27T07:30:53.5703710Z    1382.6 ms  ✓ Parameters
2025-08-27T07:30:54.2120200Z    2629.7 ms  ✓ SimpleTraits
2025-08-27T07:30:54.2623140Z    1740.5 ms  ✓ MakieCore
2025-08-27T07:30:54.5436290Z    1332.4 ms  ✓ Ratios
2025-08-27T07:30:54.9554210Z    1386.6 ms  ✓ Adapt
2025-08-27T07:30:55.8542970Z    1308.4 ms  ✓ IntervalSets → IntervalSetsRandomExt
2025-08-27T07:30:56.0911790Z    1829.5 ms  ✓ PikaParser
2025-08-27T07:30:56.6399200Z    1684.1 ms  ✓ LogExpFunctions
2025-08-27T07:30:57.2275480Z    1372.4 ms  ✓ AliasTables
2025-08-27T07:30:57.4012730Z    1315.0 ms  ✓ ConstructionBase → ConstructionBaseLinearAlgebraExt
2025-08-27T07:30:57.5953850Z    3381.6 ms  ✓ FileIO
2025-08-27T07:30:58.6002990Z    1358.8 ms  ✓ Missings
2025-08-27T07:30:58.6488600Z    1223.4 ms  ✓ RelocatableFolders
2025-08-27T07:30:58.7436830Z    2103.2 ms  ✓ GeoInterface
2025-08-27T07:30:58.9474420Z    1347.1 ms  ✓ DiffResults
2025-08-27T07:31:00.2948630Z    1641.0 ms  ✓ SignedDistanceFields
2025-08-27T07:31:00.5650130Z    1953.5 ms  ✓ PDMats
2025-08-27T07:31:00.5952510Z    1647.1 ms  ✓ AxisAlgorithms
2025-08-27T07:31:01.8472930Z    1248.9 ms  ✓ MosaicViews
2025-08-27T07:31:02.0175040Z    3250.9 ms  ✓ FixedPointNumbers
2025-08-27T07:31:02.0630080Z    1759.0 ms  ✓ Tables
2025-08-27T07:31:02.1944700Z    1630.5 ms  ✓ DifferentiationInterface → DifferentiationInterfaceSparseArraysExt
2025-08-27T07:31:04.1191080Z    2070.9 ms  ✓ OpenSSL_jll
2025-08-27T07:31:04.1302690Z    2257.6 ms  ✓ FillArrays → FillArraysStatisticsExt
2025-08-27T07:31:04.1428610Z    1917.5 ms  ✓ Libmount_jll
2025-08-27T07:31:04.1781070Z    2080.5 ms  ✓ Graphite2_jll
2025-08-27T07:31:06.1571890Z    2041.9 ms  ✓ EpollShim_jll
2025-08-27T07:31:06.4984040Z    2371.7 ms  ✓ LLVMOpenMP_jll
2025-08-27T07:31:06.5085670Z    2368.7 ms  ✓ Bzip2_jll
2025-08-27T07:31:06.6720000Z    2490.7 ms  ✓ Rmath_jll
2025-08-27T07:31:08.2566800Z    2092.3 ms  ✓ Xorg_libXau_jll
2025-08-27T07:31:08.6403740Z    2144.5 ms  ✓ libpng_jll
2025-08-27T07:31:08.6707920Z    2160.0 ms  ✓ libfdk_aac_jll
2025-08-27T07:31:08.7211220Z    2045.4 ms  ✓ Imath_jll
2025-08-27T07:31:09.6258760Z    1365.8 ms  ✓ IntelOpenMP_jll
2025-08-27T07:31:10.2243980Z    1572.1 ms  ✓ Giflib_jll
2025-08-27T07:31:10.2349330Z    1552.0 ms  ✓ LAME_jll
2025-08-27T07:31:10.4482100Z    1728.9 ms  ✓ LERC_jll
2025-08-27T07:31:11.2207160Z    1602.6 ms  ✓ EarCut_jll
2025-08-27T07:31:11.7407230Z    1514.1 ms  ✓ CRlibm_jll
2025-08-27T07:31:11.8413610Z    1606.0 ms  ✓ JpegTurbo_jll
2025-08-27T07:31:12.0931180Z    1641.7 ms  ✓ XZ_jll
2025-08-27T07:31:12.7142770Z    1492.7 ms  ✓ Ogg_jll
2025-08-27T07:31:13.2432730Z    1402.4 ms  ✓ Xorg_libXdmcp_jll
2025-08-27T07:31:13.3052520Z    1557.5 ms  ✓ oneTBB_jll
2025-08-27T07:31:13.7071940Z    1613.7 ms  ✓ x265_jll
2025-08-27T07:31:14.2055410Z    1489.9 ms  ✓ x264_jll
2025-08-27T07:31:14.8658660Z    1623.6 ms  ✓ libaom_jll
2025-08-27T07:31:14.9184250Z    1610.4 ms  ✓ Zstd_jll
2025-08-27T07:31:15.2255600Z    1513.1 ms  ✓ Expat_jll
2025-08-27T07:31:15.9472400Z    1741.1 ms  ✓ LZO_jll
2025-08-27T07:31:16.8123120Z    1873.5 ms  ✓ Xorg_xtrans_jll
2025-08-27T07:31:16.8233580Z    1943.6 ms  ✓ Opus_jll
2025-08-27T07:31:17.0980110Z    1874.7 ms  ✓ Libiconv_jll
2025-08-27T07:31:17.6952130Z    1747.1 ms  ✓ Libffi_jll
2025-08-27T07:31:18.3778770Z    1559.2 ms  ✓ isoband_jll
2025-08-27T07:31:18.4306410Z    1595.2 ms  ✓ FFTW_jll
2025-08-27T07:31:18.5099670Z    1395.6 ms  ✓ Libuuid_jll
2025-08-27T07:31:19.4663920Z    1766.8 ms  ✓ FriBidi_jll
2025-08-27T07:31:20.5763380Z    2202.9 ms  ✓ OpenBLASConsistentFPCSR_jll
2025-08-27T07:31:20.8333310Z    2410.3 ms  ✓ OpenSpecFun_jll
2025-08-27T07:31:22.6380910Z    3166.1 ms  ✓ RecipesBase
2025-08-27T07:31:25.5631670Z    2930.6 ms  ✓ ChainRulesCore
2025-08-27T07:31:27.8213170Z    2256.7 ms  ✓ Aqua
2025-08-27T07:31:28.8591740Z   10341.7 ms  ✓ StaticArrays
2025-08-27T07:31:30.4491040Z    1584.4 ms  ✓ Adapt → AdaptSparseArraysExt
2025-08-27T07:31:30.7605530Z    9909.8 ms  ✓ SIMD
2025-08-27T07:31:30.9070610Z    3081.6 ms  ✓ DataStructures
2025-08-27T07:31:30.9576180Z   10370.7 ms  ✓ Parsers
2025-08-27T07:31:31.9458410Z    1500.4 ms  ✓ ArrayInterface
2025-08-27T07:31:32.1579460Z    1388.8 ms  ✓ OffsetArrays → OffsetArraysAdaptExt
2025-08-27T07:31:32.7065220Z    1757.3 ms  ✓ IntervalSets → IntervalSetsStatisticsExt
2025-08-27T07:31:32.8809560Z    1975.5 ms  ✓ AxisArrays
2025-08-27T07:31:33.2833020Z    1321.0 ms  ✓ ADTypes → ADTypesConstructionBaseExt
2025-08-27T07:31:33.9364670Z    1223.8 ms  ✓ ConstructionBase → ConstructionBaseIntervalSetsExt
2025-08-27T07:31:34.5508140Z    2392.0 ms  ✓ Setfield
2025-08-27T07:31:34.7565600Z    1862.7 ms  ✓ FillArrays → FillArraysPDMatsExt
2025-08-27T07:31:36.2606290Z    2321.0 ms  ✓ Ratios → RatiosFixedPointNumbersExt
2025-08-27T07:31:37.4052950Z    2853.6 ms  ✓ StructArrays
2025-08-27T07:31:38.4366530Z    2174.0 ms  ✓ Pixman_jll
2025-08-27T07:31:38.7841650Z    5496.4 ms  ✓ ColorTypes
2025-08-27T07:31:39.5396020Z    2133.4 ms  ✓ FreeType2_jll
2025-08-27T07:31:40.8087180Z    2375.8 ms  ✓ Rmath
2025-08-27T07:31:40.9412110Z    2151.7 ms  ✓ OpenEXR_jll
2025-08-27T07:31:40.9813360Z    6228.8 ms  ✓ StableHashTraits
2025-08-27T07:31:41.4082320Z    1847.9 ms  ✓ CRlibm
2025-08-27T07:31:42.3469440Z    1528.8 ms  ✓ libsixel_jll
2025-08-27T07:31:42.3569570Z    1360.0 ms  ✓ Xorg_libxcb_jll
2025-08-27T07:31:42.3972120Z    1453.7 ms  ✓ libvorbis_jll
2025-08-27T07:31:42.6650190Z    1270.3 ms  ✓ MKL_jll
2025-08-27T07:31:43.6594230Z    1306.8 ms  ✓ Dbus_jll
2025-08-27T07:31:43.8100950Z    1459.8 ms  ✓ Libtiff_jll
2025-08-27T07:31:43.8854760Z    1493.2 ms  ✓ XML2_jll
2025-08-27T07:31:44.2674280Z    1602.0 ms  ✓ GettextRuntime_jll
2025-08-27T07:31:45.0258550Z    1362.2 ms  ✓ Wayland_jll
2025-08-27T07:31:45.0362360Z    1223.4 ms  ✓ Isoband
2025-08-27T07:31:45.7115420Z    1433.7 ms  ✓ IntervalSets → IntervalSetsRecipesBaseExt
2025-08-27T07:31:46.3010130Z    1269.2 ms  ✓ AbstractFFTs → AbstractFFTsChainRulesCoreExt
2025-08-27T07:31:46.6127660Z    1585.5 ms  ✓ ChainRulesCore → ChainRulesCoreSparseArraysExt
2025-08-27T07:31:46.9579170Z    1224.4 ms  ✓ ADTypes → ADTypesChainRulesCoreExt
2025-08-27T07:31:47.4868730Z    3600.5 ms  ✓ SpecialFunctions
2025-08-27T07:31:48.2345220Z    1620.7 ms  ✓ StaticArrays → StaticArraysChainRulesCoreExt
2025-08-27T07:31:48.8617500Z    2559.8 ms  ✓ LogExpFunctions → LogExpFunctionsChainRulesCoreExt
2025-08-27T07:31:49.1449130Z    2184.0 ms  ✓ StaticArrays → StaticArraysStatisticsExt
2025-08-27T07:31:49.1851790Z    1691.5 ms  ✓ ConstructionBase → ConstructionBaseStaticArraysExt
2025-08-27T07:31:50.0305370Z    1795.1 ms  ✓ DifferentiationInterface → DifferentiationInterfaceStaticArraysExt
2025-08-27T07:31:50.6245640Z    1738.5 ms  ✓ Adapt → AdaptStaticArraysExt
2025-08-27T07:31:50.7103970Z    1512.2 ms  ✓ SortingAlgorithms
2025-08-27T07:31:52.7832180Z    2162.2 ms  ✓ SimplePartitions
2025-08-27T07:31:52.9446180Z    2909.3 ms  ✓ QuadGK
2025-08-27T07:31:54.9944480Z    2045.2 ms  ✓ ArrayInterface → ArrayInterfaceChainRulesCoreExt
2025-08-27T07:31:55.0974500Z    4379.9 ms  ✓ JSON
2025-08-27T07:31:55.4125100Z    2624.5 ms  ✓ ArrayInterface → ArrayInterfaceSparseArraysExt
2025-08-27T07:31:56.9162450Z    1924.4 ms  ✓ ArrayInterface → ArrayInterfaceStaticArraysCoreExt
2025-08-27T07:31:57.3596230Z    1950.1 ms  ✓ StructArrays → StructArraysLinearAlgebraExt
2025-08-27T07:31:58.7976540Z    1882.0 ms  ✓ QOI
2025-08-27T07:32:00.4209970Z   11276.9 ms  ✓ Automa
2025-08-27T07:32:00.6839760Z    3323.5 ms  ✓ ColorVectorSpace
2025-08-27T07:32:02.3441530Z    1659.2 ms  ✓ FreeType
2025-08-27T07:32:03.8074740Z    1452.9 ms  ✓ Fontconfig_jll
2025-08-27T07:32:04.8445560Z    4402.6 ms  ✓ Colors
2025-08-27T07:32:06.1119050Z    1284.5 ms  ✓ Xorg_libX11_jll
2025-08-27T07:32:07.9964210Z    4197.5 ms  ✓ IntervalArithmetic
2025-08-27T07:32:10.0811550Z    2083.7 ms  ✓ LightXML
2025-08-27T07:32:12.5622490Z    2479.9 ms  ✓ Glib_jll
2025-08-27T07:32:12.8826570Z    6767.2 ms  ✓ FFTW
2025-08-27T07:32:14.5116630Z    1944.3 ms  ✓ DifferentiationInterface → DifferentiationInterfaceChainRulesCoreExt
2025-08-27T07:32:15.4867200Z    2594.5 ms  ✓ HypergeometricFunctions
2025-08-27T07:32:15.7314410Z   20625.8 ms  ✓ Polynomials
2025-08-27T07:32:16.0155340Z    1507.2 ms  ✓ DiffRules
2025-08-27T07:32:18.3345320Z    2831.2 ms  ✓ SpecialFunctions → SpecialFunctionsChainRulesCoreExt
2025-08-27T07:32:19.3715540Z   20565.6 ms  ✓ TiffImages
2025-08-27T07:32:19.3935380Z    3644.9 ms  ✓ Interpolations
2025-08-27T07:32:19.4276220Z    3407.2 ms  ✓ StatsBase
2025-08-27T07:32:19.8677070Z    1540.6 ms  ✓ FiniteDiff
2025-08-27T07:32:20.6426220Z    1260.7 ms  ✓ StructArrays → StructArraysAdaptExt
2025-08-27T07:32:21.0383400Z    1651.4 ms  ✓ StructArrays → StructArraysSparseArraysExt
2025-08-27T07:32:21.1846940Z    1758.0 ms  ✓ StructArrays → StructArraysStaticArraysExt
2025-08-27T07:32:21.7183480Z    1843.4 ms  ✓ ColorVectorSpace → SpecialFunctionsExt
2025-08-27T07:32:22.4560610Z    1816.1 ms  ✓ Graphics
2025-08-27T07:32:22.8612080Z    1822.0 ms  ✓ Animations
2025-08-27T07:32:23.1721170Z    1976.6 ms  ✓ OpenEXR
2025-08-27T07:32:24.1197400Z    2408.5 ms  ✓ ColorBrewer
2025-08-27T07:32:24.7707700Z    1601.3 ms  ✓ Xorg_libXrender_jll
2025-08-27T07:32:26.1712080Z    2050.6 ms  ✓ Xorg_libXext_jll
2025-08-27T07:32:27.2630040Z    2484.6 ms  ✓ Xorg_libXfixes_jll
2025-08-27T07:32:28.7908500Z    2617.3 ms  ✓ Xorg_libxkbfile_jll
2025-08-27T07:32:29.9181120Z    2667.1 ms  ✓ IntervalArithmetic → IntervalArithmeticLinearAlgebraExt
2025-08-27T07:32:32.0282090Z    3233.5 ms  ✓ StatsFuns
2025-08-27T07:32:32.4020030Z    2482.8 ms  ✓ Polynomials → PolynomialsMakieCoreExt
2025-08-27T07:32:32.6343030Z    9772.3 ms  ✓ ColorSchemes
2025-08-27T07:32:34.1343390Z    2109.2 ms  ✓ Polynomials → PolynomialsChainRulesCoreExt
2025-08-27T07:32:34.6615650Z    2255.3 ms  ✓ Polynomials → PolynomialsFFTWExt
2025-08-27T07:32:34.9180510Z    2272.8 ms  ✓ SimplePolynomials
2025-08-27T07:32:36.1529290Z    1487.0 ms  ✓ FiniteDiff → FiniteDiffSparseArraysExt
2025-08-27T07:32:36.4644830Z    1555.5 ms  ✓ FiniteDiff → FiniteDiffStaticArraysExt
2025-08-27T07:32:37.4963480Z    1349.4 ms  ✓ DifferentiationInterface → DifferentiationInterfaceFiniteDiffExt
2025-08-27T07:32:38.6137110Z    4478.4 ms  ✓ ForwardDiff
2025-08-27T07:32:38.7476400Z    1249.5 ms  ✓ Xorg_libXinerama_jll
2025-08-27T07:32:39.8160680Z    1197.8 ms  ✓ Xorg_libXrandr_jll
2025-08-27T07:32:39.9921380Z    1244.6 ms  ✓ Libglvnd_jll
2025-08-27T07:32:41.6341810Z    1631.6 ms  ✓ Xorg_libXcursor_jll
2025-08-27T07:32:41.7577240Z    1935.1 ms  ✓ Cairo_jll
2025-08-27T07:32:42.8522960Z   20393.7 ms  ✓ ImageCore
2025-08-27T07:32:43.6612640Z    2035.8 ms  ✓ Xorg_libXi_jll
2025-08-27T07:32:43.9275860Z    2178.3 ms  ✓ Xorg_xkbcomp_jll
2025-08-27T07:32:44.0287270Z    7558.3 ms  ✓ GeometryBasics
2025-08-27T07:32:45.7183330Z    2859.8 ms  ✓ IntervalArithmetic → IntervalArithmeticSparseArraysExt
2025-08-27T07:32:46.3509910Z    2415.1 ms  ✓ IntervalArithmetic → IntervalArithmeticIntervalSetsExt
2025-08-27T07:32:46.7097870Z    2678.8 ms  ✓ IntervalArithmetic → IntervalArithmeticRecipesBaseExt
2025-08-27T07:32:47.5292530Z    1815.9 ms  ✓ IntervalArithmetic → IntervalArithmeticDiffRulesExt
2025-08-27T07:32:49.0852850Z    5419.1 ms  ✓ ExactPredicates
2025-08-27T07:32:49.4234460Z    3067.4 ms  ✓ StatsFuns → StatsFunsChainRulesCoreExt
2025-08-27T07:32:51.3722620Z    1934.0 ms  ✓ ForwardDiff → ForwardDiffStaticArraysExt
2025-08-27T07:32:51.5790130Z    2487.7 ms  ✓ LinearAlgebraX
2025-08-27T07:32:53.1666900Z    1796.1 ms  ✓ DifferentiationInterface → DifferentiationInterfaceForwardDiffExt
2025-08-27T07:32:53.2398720Z    1664.1 ms  ✓ libwebp_jll
2025-08-27T07:32:54.8484680Z    8140.0 ms  ✓ Distributions
2025-08-27T07:32:54.8786430Z    1715.4 ms  ✓ HarfBuzz_jll
2025-08-27T07:32:56.6220220Z    3381.5 ms  ✓ ImageBase
2025-08-27T07:32:57.8385930Z   10307.7 ms  ✓ PlotUtils
2025-08-27T07:32:58.9805050Z    4101.0 ms  ✓ Sixel
2025-08-27T07:32:59.8137830Z    1969.5 ms  ✓ Xorg_xkeyboard_config_jll
2025-08-27T07:33:00.6933600Z    5847.1 ms  ✓ PNGFiles
2025-08-27T07:33:01.4739980Z    4852.8 ms  ✓ JpegTurbo
2025-08-27T07:33:03.2308960Z    3418.2 ms  ✓ Packing
2025-08-27T07:33:04.3231260Z    3625.6 ms  ✓ ShaderAbstractions
2025-08-27T07:33:05.0370410Z    3563.3 ms  ✓ MeshIO
2025-08-27T07:33:05.6523010Z    6672.2 ms  ✓ GridLayoutBase
2025-08-27T07:33:05.7419420Z    1419.6 ms  ✓ IntervalArithmetic → IntervalArithmeticForwardDiffExt
2025-08-27T07:33:06.9506530Z    3712.4 ms  ✓ FreeTypeAbstraction
2025-08-27T07:33:07.4338510Z    2391.9 ms  ✓ Interpolations → InterpolationsForwardDiffExt
2025-08-27T07:33:07.6987750Z    2045.6 ms  ✓ NLSolversBase
2025-08-27T07:33:08.8674640Z    3124.1 ms  ✓ WebP
2025-08-27T07:33:09.5458360Z    2603.8 ms  ✓ Distributions → DistributionsTestExt
2025-08-27T07:33:10.0338530Z    2594.9 ms  ✓ Distributions → DistributionsChainRulesCoreExt
2025-08-27T07:33:10.1548440Z    2451.8 ms  ✓ SimpleRandom
2025-08-27T07:33:10.5505070Z    1674.8 ms  ✓ libass_jll
2025-08-27T07:33:11.1719860Z    1620.8 ms  ✓ Pango_jll
2025-08-27T07:33:11.6801990Z    1502.0 ms  ✓ xkbcommon_jll
2025-08-27T07:33:13.8911780Z    3849.6 ms  ✓ ImageAxes
2025-08-27T07:33:14.9282540Z    3759.4 ms  ✓ LineSearches
2025-08-27T07:33:16.3972570Z    4704.2 ms  ✓ KernelDensity
2025-08-27T07:33:16.7387740Z    2848.6 ms  ✓ FFMPEG_jll
2025-08-27T07:33:18.3106800Z    1900.2 ms  ✓ libdecor_jll
2025-08-27T07:33:19.0559560Z    4117.2 ms  ✓ Cairo
2025-08-27T07:33:20.2964350Z    3556.6 ms  ✓ ImageMetadata
2025-08-27T07:33:20.5271580Z    1471.5 ms  ✓ GLFW_jll
2025-08-27T07:33:22.9818020Z   12428.1 ms  ✓ MathTeXEngine
2025-08-27T07:33:23.0229280Z    2495.6 ms  ✓ GLFW
2025-08-27T07:33:23.0543260Z    4754.8 ms  ✓ Optim
2025-08-27T07:33:23.2103450Z    2906.8 ms  ✓ Netpbm
2025-08-27T07:33:24.4862610Z    1269.2 ms  ✓ ImageIO
2025-08-27T07:33:25.9578580Z    2890.0 ms  ✓ SimpleGraphs
2025-08-27T07:33:30.4360950Z    4471.2 ms  ✓ DelaunayTriangulation
2025-08-27T07:34:21.4666280Z   51021.8 ms  ✓ Makie
2025-08-27T07:34:42.6353260Z            ✗ GLMakie
2025-08-27T07:34:57.6093690Z   36138.9 ms  ✓ CairoMakie
2025-08-27T07:34:59.4153000Z    1796.7 ms  ✓ PointController
2025-08-27T07:34:59.4230910Z   295 dependencies successfully precompiled in 283 seconds. 9 already precompiled.
2025-08-27T07:34:59.4232300Z   2 dependencies had output during precompilation:
2025-08-27T07:34:59.4234280Z ┌ Formatting
2025-08-27T07:34:59.4235750Z │  ┌ Warning: DEPRECATION NOTICE
2025-08-27T07:34:59.4236590Z │  │ 
2025-08-27T07:34:59.4237610Z │  │ Formatting.jl has been unmaintained for a while, with some serious
2025-08-27T07:34:59.4239130Z │  │ correctness bugs compromising the original purpose of the package. As a result,
2025-08-27T07:34:59.4240850Z │  │ it has been deprecated - consider using an alternative, such as
2025-08-27T07:34:59.4242200Z │  │ `Format.jl` (https://github.com/JuliaString/Format.jl) or the `Printf` stdlib directly.
2025-08-27T07:34:59.4243400Z │  │ 
2025-08-27T07:34:59.4244620Z │  │ If you are not using Formatting.jl as a direct dependency, please consider
2025-08-27T07:34:59.4246520Z │  │ opening an issue on any packages you are using that do use it as a dependency.
2025-08-27T07:34:59.4247690Z │  │ From Julia 1.9 onwards, you can query `]why Formatting` to figure out which
2025-08-27T07:34:59.4248730Z │  │ package originally brings it in as a dependency.
2025-08-27T07:34:59.4249280Z │  └ @ Formatting ~/.julia/packages/Formatting/3VxOt/src/Formatting.jl:12
2025-08-27T07:34:59.4249610Z └  
2025-08-27T07:34:59.4249800Z ┌ CairoMakie
2025-08-27T07:34:59.4250460Z │  WARNING: Makie.MakieLayout is deprecatedThe module `MakieLayout` has been removed and integrated into Makie, so simply replace all usage of `MakieLayout` with `Makie`.
2025-08-27T07:34:59.4251080Z │    likely near none:1
2025-08-27T07:34:59.4251430Z │  WARNING: importing deprecated binding Makie.MakieLayout into CairoMakie.
2025-08-27T07:34:59.4252210Z │  The module `MakieLayout` has been removed and integrated into Makie, so simply replace all usage of `MakieLayout` with `Makie`.
2025-08-27T07:34:59.4252820Z │  WARNING: Makie._alternative_fonts is deprecated, use ALTERNATIVE_FONTS instead.
2025-08-27T07:34:59.4253180Z │    likely near none:1
2025-08-27T07:34:59.4253600Z │  WARNING: importing deprecated binding Makie._alternative_fonts into CairoMakie.
2025-08-27T07:34:59.4253990Z │  , use ALTERNATIVE_FONTS instead.
2025-08-27T07:34:59.4254370Z │  WARNING: Makie._current_figure is deprecated, use CURRENT_FIGURE instead.
2025-08-27T07:34:59.4254780Z │    likely near none:1
2025-08-27T07:34:59.4255140Z │  WARNING: importing deprecated binding Makie._current_figure into CairoMakie.
2025-08-27T07:34:59.4255570Z │  , use CURRENT_FIGURE instead.
2025-08-27T07:34:59.4318610Z │  WARNING: Makie._default_font is deprecated, use DEFAULT_FONT instead.
2025-08-27T07:34:59.4319640Z │    likely near none:1
2025-08-27T07:34:59.4320210Z │  WARNING: importing deprecated binding Makie._default_font into CairoMakie.
2025-08-27T07:34:59.4320720Z │  , use DEFAULT_FONT instead.
2025-08-27T07:34:59.4321170Z │  WARNING: Makie.default_palettes is deprecated, use DEFAULT_PALETTES instead.
2025-08-27T07:34:59.4321650Z │    likely near none:1
2025-08-27T07:34:59.4322090Z │  WARNING: importing deprecated binding Makie.default_palettes into CairoMakie.
2025-08-27T07:34:59.4322670Z │  , use DEFAULT_PALETTES instead.
2025-08-27T07:34:59.4327700Z │  WARNING: Makie.minimal_default is deprecated, use MAKIE_DEFAULT_THEME instead.
2025-08-27T07:34:59.4328320Z │    likely near none:1
2025-08-27T07:34:59.4328740Z │  WARNING: importing deprecated binding Makie.minimal_default into CairoMakie.
2025-08-27T07:34:59.4329250Z │  , use MAKIE_DEFAULT_THEME instead.
2025-08-27T07:34:59.4329720Z └  
2025-08-27T07:34:59.4329840Z 
2025-08-27T07:35:00.2080930Z ERROR: The following 1 direct dependency failed to precompile:
2025-08-27T07:35:00.2182190Z 
2025-08-27T07:35:00.2313870Z GLMakie 
2025-08-27T07:35:00.2386430Z 
2025-08-27T07:35:00.2501650Z Failed to precompile GLMakie [e9467ef8-e4e7-5192-8a1a-b1aee30e663a] to "/Users/runner/.julia/compiled/v1.10/GLMakie/jl_Wcp9iR".
2025-08-27T07:35:00.2607180Z WARNING: Makie.MakieLayout is deprecatedThe module `MakieLayout` has been removed and integrated into Makie, so simply replace all usage of `MakieLayout` with `Makie`.
2025-08-27T07:35:00.2631290Z   likely near none:1
2025-08-27T07:35:00.2733870Z WARNING: importing deprecated binding Makie.MakieLayout into GLMakie.
2025-08-27T07:35:00.2769600Z The module `MakieLayout` has been removed and integrated into Makie, so simply replace all usage of `MakieLayout` with `Makie`.
2025-08-27T07:35:00.2772320Z WARNING: Makie._alternative_fonts is deprecated, use ALTERNATIVE_FONTS instead.
2025-08-27T07:35:00.2773190Z   likely near none:1
2025-08-27T07:35:00.2775720Z WARNING: importing deprecated binding Makie._alternative_fonts into GLMakie.
2025-08-27T07:35:00.2777180Z , use ALTERNATIVE_FONTS instead.
2025-08-27T07:35:00.2880340Z WARNING: Makie._current_figure is deprecated, use CURRENT_FIGURE instead.
2025-08-27T07:35:00.2945600Z   likely near none:1
2025-08-27T07:35:00.2946970Z WARNING: importing deprecated binding Makie._current_figure into GLMakie.
2025-08-27T07:35:00.2947830Z , use CURRENT_FIGURE instead.
2025-08-27T07:35:00.2949220Z WARNING: Makie._default_font is deprecated, use DEFAULT_FONT instead.
2025-08-27T07:35:00.2949710Z   likely near none:1
2025-08-27T07:35:00.2951980Z WARNING: importing deprecated binding Makie._default_font into GLMakie.
2025-08-27T07:35:00.2953340Z , use DEFAULT_FONT instead.
2025-08-27T07:35:00.2955240Z WARNING: Makie.default_palettes is deprecated, use DEFAULT_PALETTES instead.
2025-08-27T07:35:00.2956530Z   likely near none:1
2025-08-27T07:35:00.2957690Z WARNING: importing deprecated binding Makie.default_palettes into GLMakie.
2025-08-27T07:35:00.2958160Z , use DEFAULT_PALETTES instead.
2025-08-27T07:35:00.2958640Z WARNING: Makie.minimal_default is deprecated, use MAKIE_DEFAULT_THEME instead.
2025-08-27T07:35:00.2959150Z   likely near none:1
2025-08-27T07:35:00.2960330Z WARNING: importing deprecated binding Makie.minimal_default into GLMakie.
2025-08-27T07:35:00.2960830Z , use MAKIE_DEFAULT_THEME instead.
2025-08-27T07:35:00.2964340Z ┌ Warning:     GLFW couldn't create an OpenGL window.
2025-08-27T07:35:00.2965650Z │     This likely means, you don't have an OpenGL capable Graphic Card,
2025-08-27T07:35:00.2966430Z │     or you don't have an OpenGL 3.3 capable video driver installed.
2025-08-27T07:35:00.2967100Z │     Have a look at the troubleshooting section in the GLMakie readme:
2025-08-27T07:35:00.2967850Z │     https://github.com/MakieOrg/Makie.jl/tree/master/GLMakie#troubleshooting-opengl.
2025-08-27T07:35:00.2968760Z └ @ GLMakie ~/.julia/packages/GLMakie/F1fQC/src/screen.jl:228
2025-08-27T07:35:00.2970000Z ERROR: LoadError: GLFWError (FORMAT_UNAVAILABLE): NSGL: Failed to find a suitable pixel format
2025-08-27T07:35:00.2970510Z Stacktrace:
2025-08-27T07:35:00.2986640Z   [1] _ErrorCallbackWrapper(code::Int32, description::Cstring)
2025-08-27T07:35:00.2987290Z     @ GLFW ~/.julia/packages/GLFW/Zwulj/src/callback.jl:46
2025-08-27T07:35:00.2987890Z   [2] CreateWindow(width::Int64, height::Int64, title::String, monitor::GLFW.Monitor, share::GLFW.Window)
2025-08-27T07:35:00.2988550Z     @ GLFW ~/.julia/packages/GLFW/Zwulj/src/glfw3.jl:580
2025-08-27T07:35:00.2990100Z   [3] GLFW.Window(; name::String, resolution::Tuple{Int64, Int64}, debugging::Bool, major::Int64, minor::Int64, windowhints::Vector{Tuple{UInt32, Int64}}, contexthints::Vector{Tuple{UInt32, Integer}}, visible::Bool, focus::Bool, fullscreen::Bool, monitor::Nothing, share::GLFW.Window)
2025-08-27T07:35:00.2991660Z     @ GLFW ~/.julia/packages/GLFW/Zwulj/src/glfw3.jl:404
2025-08-27T07:35:00.2992030Z   [4] Window
2025-08-27T07:35:00.2992430Z     @ ~/.julia/packages/GLFW/Zwulj/src/glfw3.jl:362 [inlined]
2025-08-27T07:35:00.2992850Z   [5] empty_screen(debugging::Bool; reuse::Bool)
2025-08-27T07:35:00.2993310Z     @ GLMakie ~/.julia/packages/GLMakie/F1fQC/src/screen.jl:219
2025-08-27T07:35:00.2993800Z   [6] empty_screen
2025-08-27T07:35:00.2994160Z     @ ~/.julia/packages/GLMakie/F1fQC/src/screen.jl:202 [inlined]
2025-08-27T07:35:00.2994660Z   [7] singleton_screen(debugging::Bool)
2025-08-27T07:35:00.2995240Z     @ GLMakie ~/.julia/packages/GLMakie/F1fQC/src/screen.jl:304
2025-08-27T07:35:00.2995660Z   [8] macro expansion
2025-08-27T07:35:00.2996060Z     @ ~/.julia/packages/GLMakie/F1fQC/src/precompiles.jl:18 [inlined]
2025-08-27T07:35:00.2996540Z   [9] macro expansion
2025-08-27T07:35:00.2997020Z     @ ~/.julia/packages/PrecompileTools/L8A3n/src/workloads.jl:78 [inlined]
2025-08-27T07:35:00.2997440Z  [10] macro expansion
2025-08-27T07:35:00.2997930Z     @ ~/.julia/packages/GLMakie/F1fQC/src/precompiles.jl:16 [inlined]
2025-08-27T07:35:00.2998350Z  [11] macro expansion
2025-08-27T07:35:00.2998800Z     @ ~/.julia/packages/PrecompileTools/L8A3n/src/workloads.jl:140 [inlined]
2025-08-27T07:35:00.2999260Z  [12] top-level scope
2025-08-27T07:35:00.2999640Z     @ ~/.julia/packages/GLMakie/F1fQC/src/precompiles.jl:14
2025-08-27T07:35:00.3000180Z  [13] include(mod::Module, _path::String)
2025-08-27T07:35:00.3000560Z     @ Base ./Base.jl:495
2025-08-27T07:35:00.3000880Z  [14] include(x::String)
2025-08-27T07:35:00.3001330Z     @ GLMakie ~/.julia/packages/GLMakie/F1fQC/src/GLMakie.jl:1
2025-08-27T07:35:00.3001710Z  [15] top-level scope
2025-08-27T07:35:00.3002190Z     @ ~/.julia/packages/GLMakie/F1fQC/src/GLMakie.jl:59
2025-08-27T07:35:00.3002580Z  [16] include
2025-08-27T07:35:00.3002960Z     @ ./Base.jl:495 [inlined]
2025-08-27T07:35:00.3003950Z  [17] include_package_for_output(pkg::Base.PkgId, input::String, depot_path::Vector{String}, dl_load_path::Vector{String}, load_path::Vector{String}, concrete_deps::Vector{Pair{Base.PkgId, UInt128}}, source::Nothing)
2025-08-27T07:35:00.3004910Z     @ Base ./loading.jl:2292
2025-08-27T07:35:00.3005300Z  [18] top-level scope
2025-08-27T07:35:00.3005590Z     @ stdin:4
2025-08-27T07:35:00.3006030Z in expression starting at /Users/runner/.julia/packages/GLMakie/F1fQC/src/precompiles.jl:13
2025-08-27T07:35:00.3006700Z in expression starting at /Users/runner/.julia/packages/GLMakie/F1fQC/src/GLMakie.jl:1
2025-08-27T07:35:00.3007150Z in expression starting at stdin:
2025-08-27T07:35:00.3007570Z      Testing Precompilation of test environment failed. Continuing to tests
2025-08-27T07:35:00.3008050Z      Testing Running tests...
2025-08-27T07:35:01.9689890Z [ Info: No Makie backend detected - users must activate one before use
2025-08-27T07:35:03.3547870Z ┌ Info: Quit requested
2025-08-27T07:35:03.3548180Z └   context = "movement_state"
2025-08-27T07:35:04.4309050Z ┌ Error: Makie backend check failed
2025-08-27T07:35:04.4309490Z │   context = "backend_check"
2025-08-27T07:35:04.4309830Z │   exception = "UndefVarError(:Figure)"
2025-08-27T07:35:04.4310910Z └ @ PointController ~/work/JuliaTestRocket/JuliaTestRocket/src/logging_config.jl:159
2025-08-27T07:35:04.4311500Z ┌ Error: Make sure to activate a Makie backend before using PointController:
2025-08-27T07:35:04.4312000Z └ @ PointController ~/work/JuliaTestRocket/JuliaTestRocket/src/PointController.jl:336
2025-08-27T07:35:04.4312600Z ┌ Error:   GLMakie.activate!() or CairoMakie.activate!()
2025-08-27T07:35:04.4313100Z └ @ PointController ~/work/JuliaTestRocket/JuliaTestRocket/src/PointController.jl:337
2025-08-27T07:35:04.6637210Z Test Summary:            | Pass  Total  Time
2025-08-27T07:35:04.6679530Z PointController.jl Tests |  122    122  2.3s
2025-08-27T07:35:37.5740940Z WARNING: Makie.MakieLayout is deprecatedThe module `MakieLayout` has been removed and integrated into Makie, so simply replace all usage of `MakieLayout` with `Makie`.
2025-08-27T07:35:37.5861090Z   likely near none:1
2025-08-27T07:35:37.5963440Z WARNING: importing deprecated binding Makie.MakieLayout into GLMakie.
2025-08-27T07:35:37.6063280Z The module `MakieLayout` has been removed and integrated into Makie, so simply replace all usage of `MakieLayout` with `Makie`.
2025-08-27T07:35:37.6164900Z WARNING: Makie._alternative_fonts is deprecated, use ALTERNATIVE_FONTS instead.
2025-08-27T07:35:37.6173550Z   likely near none:1
2025-08-27T07:35:37.6174040Z WARNING: importing deprecated binding Makie._alternative_fonts into GLMakie.
2025-08-27T07:35:37.6174540Z , use ALTERNATIVE_FONTS instead.
2025-08-27T07:35:37.6175070Z WARNING: Makie._current_figure is deprecated, use CURRENT_FIGURE instead.
2025-08-27T07:35:37.6205970Z   likely near none:1
2025-08-27T07:35:37.6206500Z WARNING: importing deprecated binding Makie._current_figure into GLMakie.
2025-08-27T07:35:37.6206950Z , use CURRENT_FIGURE instead.
2025-08-27T07:35:37.6207350Z WARNING: Makie._default_font is deprecated, use DEFAULT_FONT instead.
2025-08-27T07:35:37.6207750Z   likely near none:1
2025-08-27T07:35:37.6208130Z WARNING: importing deprecated binding Makie._default_font into GLMakie.
2025-08-27T07:35:37.6208560Z , use DEFAULT_FONT instead.
2025-08-27T07:35:37.6381260Z WARNING: Makie.default_palettes is deprecated, use DEFAULT_PALETTES instead.
2025-08-27T07:35:37.6381970Z   likely near none:1
2025-08-27T07:35:37.6382650Z WARNING: importing deprecated binding Makie.default_palettes into GLMakie.
2025-08-27T07:35:37.6383440Z , use DEFAULT_PALETTES instead.
2025-08-27T07:35:37.6994050Z WARNING: Makie.minimal_default is deprecated, use MAKIE_DEFAULT_THEME instead.
2025-08-27T07:35:37.6994750Z   likely near none:1
2025-08-27T07:35:37.6995490Z WARNING: importing deprecated binding Makie.minimal_default into GLMakie.
2025-08-27T07:35:37.6996000Z , use MAKIE_DEFAULT_THEME instead.
2025-08-27T07:35:45.6040930Z ┌ Warning:     GLFW couldn't create an OpenGL window.
2025-08-27T07:35:45.6041540Z │     This likely means, you don't have an OpenGL capable Graphic Card,
2025-08-27T07:35:45.6042560Z │     or you don't have an OpenGL 3.3 capable video driver installed.
2025-08-27T07:35:45.6043250Z │     Have a look at the troubleshooting section in the GLMakie readme:
2025-08-27T07:35:45.6043980Z │     https://github.com/MakieOrg/Makie.jl/tree/master/GLMakie#troubleshooting-opengl.
2025-08-27T07:35:45.6044790Z └ @ GLMakie ~/.julia/packages/GLMakie/F1fQC/src/screen.jl:228
2025-08-27T07:35:46.0137120Z ERROR: LoadError: GLFWError (FORMAT_UNAVAILABLE): NSGL: Failed to find a suitable pixel format
2025-08-27T07:35:46.0137910Z Stacktrace:
2025-08-27T07:35:46.0158180Z   [1] _ErrorCallbackWrapper(code::Int32, description::Cstring)
2025-08-27T07:35:46.0175820Z     @ GLFW ~/.julia/packages/GLFW/Zwulj/src/callback.jl:46
2025-08-27T07:35:46.0181000Z   [2] CreateWindow(width::Int64, height::Int64, title::String, monitor::GLFW.Monitor, share::GLFW.Window)
2025-08-27T07:35:46.0187670Z     @ GLFW ~/.julia/packages/GLFW/Zwulj/src/glfw3.jl:580
2025-08-27T07:35:46.0568980Z   [3] GLFW.Window(; name::String, resolution::Tuple{Int64, Int64}, debugging::Bool, major::Int64, minor::Int64, windowhints::Vector{Tuple{UInt32, Int64}}, contexthints::Vector{Tuple{UInt32, Integer}}, visible::Bool, focus::Bool, fullscreen::Bool, monitor::Nothing, share::GLFW.Window)
2025-08-27T07:35:46.0575260Z     @ GLFW ~/.julia/packages/GLFW/Zwulj/src/glfw3.jl:404
2025-08-27T07:35:46.0580520Z   [4] Window
2025-08-27T07:35:46.0586810Z     @ ~/.julia/packages/GLFW/Zwulj/src/glfw3.jl:362 [inlined]
2025-08-27T07:35:46.0594230Z   [5] empty_screen(debugging::Bool; reuse::Bool)
2025-08-27T07:35:46.0600870Z     @ GLMakie ~/.julia/packages/GLMakie/F1fQC/src/screen.jl:219
2025-08-27T07:35:46.0605230Z   [6] empty_screen
2025-08-27T07:35:46.0610460Z     @ ~/.julia/packages/GLMakie/F1fQC/src/screen.jl:202 [inlined]
2025-08-27T07:35:46.0617680Z   [7] singleton_screen(debugging::Bool)
2025-08-27T07:35:46.0622410Z     @ GLMakie ~/.julia/packages/GLMakie/F1fQC/src/screen.jl:304
2025-08-27T07:35:46.0626700Z   [8] macro expansion
2025-08-27T07:35:46.0631850Z     @ ~/.julia/packages/GLMakie/F1fQC/src/precompiles.jl:18 [inlined]
2025-08-27T07:35:46.0636460Z   [9] macro expansion
2025-08-27T07:35:46.0641830Z     @ ~/.julia/packages/PrecompileTools/L8A3n/src/workloads.jl:78 [inlined]
2025-08-27T07:35:46.0646510Z  [10] macro expansion
2025-08-27T07:35:46.0651740Z     @ ~/.julia/packages/GLMakie/F1fQC/src/precompiles.jl:16 [inlined]
2025-08-27T07:35:46.0656050Z  [11] macro expansion
2025-08-27T07:35:46.0661260Z     @ ~/.julia/packages/PrecompileTools/L8A3n/src/workloads.jl:140 [inlined]
2025-08-27T07:35:46.0665610Z  [12] top-level scope
2025-08-27T07:35:46.0670960Z     @ ~/.julia/packages/GLMakie/F1fQC/src/precompiles.jl:14
2025-08-27T07:35:46.0675750Z  [13] include(mod::Module, _path::String)
2025-08-27T07:35:46.0682650Z     @ Base ./Base.jl:495
2025-08-27T07:35:46.0687230Z  [14] include(x::String)
2025-08-27T07:35:46.0693920Z     @ GLMakie ~/.julia/packages/GLMakie/F1fQC/src/GLMakie.jl:1
2025-08-27T07:35:46.0698210Z  [15] top-level scope
2025-08-27T07:35:46.0703540Z     @ ~/.julia/packages/GLMakie/F1fQC/src/GLMakie.jl:59
2025-08-27T07:35:46.0708010Z  [16] include
2025-08-27T07:35:46.0713000Z     @ ./Base.jl:495 [inlined]
2025-08-27T07:35:46.0735850Z  [17] include_package_for_output(pkg::Base.PkgId, input::String, depot_path::Vector{String}, dl_load_path::Vector{String}, load_path::Vector{String}, concrete_deps::Vector{Pair{Base.PkgId, UInt128}}, source::String)
2025-08-27T07:35:46.0742180Z     @ Base ./loading.jl:2292
2025-08-27T07:35:46.0746540Z  [18] top-level scope
2025-08-27T07:35:46.0750980Z     @ stdin:4
2025-08-27T07:35:46.0751710Z in expression starting at /Users/runner/.julia/packages/GLMakie/F1fQC/src/precompiles.jl:13
2025-08-27T07:35:46.0752600Z in expression starting at /Users/runner/.julia/packages/GLMakie/F1fQC/src/GLMakie.jl:1
2025-08-27T07:35:46.0753410Z in expression starting at stdin:4
2025-08-27T07:35:46.3961430Z ┌ Warning: GLMakie not available, skipping GLMakie tests: ErrorException("Failed to precompile GLMakie [e9467ef8-e4e7-5192-8a1a-b1aee30e663a] to \"/Users/runner/.julia/compiled/v1.10/GLMakie/jl_SgV0iY\".")
2025-08-27T07:35:46.3962480Z └ @ Main ~/work/JuliaTestRocket/JuliaTestRocket/test/runtests.jl:55
2025-08-27T07:35:46.3976370Z Test Summary:          | Pass  Total   Time
2025-08-27T07:35:46.3984660Z Backend-Specific Tests |   51     51  41.7s
2025-08-27T07:35:46.4888730Z      Testing PointController tests passed 
2025-08-27T07:35:46.8705870Z Post job cleanup.
2025-08-27T07:35:46.8792440Z Post job cleanup.
2025-08-27T07:35:49.0811650Z       Active manifest files: 1 found
2025-08-27T07:35:49.2718230Z       Active artifact files: 73 found
2025-08-27T07:35:49.2777790Z       Active scratchspaces: 0 found
2025-08-27T07:35:49.3067950Z      Deleted no artifacts, repos, packages or scratchspaces
2025-08-27T07:35:50.3291760Z No existing caches found on ref `refs/heads/main` matching restore key `julia-cache;workflow=CI;job=test;os=macOS;version=1.10;os=macOS-latest;arch=x64;`
2025-08-27T07:35:50.3757610Z Post job cleanup.
2025-08-27T07:35:50.5873300Z [command]/opt/homebrew/bin/gtar --posix -cf cache.tzst --exclude cache.tzst -P -C /Users/runner/work/JuliaTestRocket/JuliaTestRocket --files-from manifest.txt --delay-directory-restore --use-compress-program zstdmt
2025-08-27T07:35:59.0110240Z ##[warning]Failed to save: <h2>Our services aren't available right now</h2><p>We're working to restore all services as soon as possible. Please check back soon.</p>0X7WuaAAAAADMX73YfDO5RIygJOv6r6kVQlkzRURHRTAyMDgARWRnZQ==
2025-08-27T07:35:59.0368700Z Post job cleanup.
2025-08-27T07:35:59.2393950Z [command]/opt/homebrew/bin/git version
2025-08-27T07:35:59.2565800Z git version 2.50.1
2025-08-27T07:35:59.2595010Z Copying '/Users/runner/.gitconfig' to '/Users/runner/work/_temp/c896487b-999c-4331-84ea-9079ecdb2a82/.gitconfig'
2025-08-27T07:35:59.2613550Z Temporarily overriding HOME='/Users/runner/work/_temp/c896487b-999c-4331-84ea-9079ecdb2a82' before making global git config changes
2025-08-27T07:35:59.2615800Z Adding repository directory to the temporary git global config as a safe directory
2025-08-27T07:35:59.2617740Z [command]/opt/homebrew/bin/git config --global --add safe.directory /Users/runner/work/JuliaTestRocket/JuliaTestRocket
2025-08-27T07:35:59.2741190Z [command]/opt/homebrew/bin/git config --local --name-only --get-regexp core\.sshCommand
2025-08-27T07:35:59.2816520Z [command]/opt/homebrew/bin/git submodule foreach --recursive sh -c "git config --local --name-only --get-regexp 'core\.sshCommand' && git config --local --unset-all 'core.sshCommand' || :"
2025-08-27T07:35:59.4690120Z [command]/opt/homebrew/bin/git config --local --name-only --get-regexp http\.https\:\/\/github\.com\/\.extraheader
2025-08-27T07:35:59.4701990Z http.https://github.com/.extraheader
2025-08-27T07:35:59.4703900Z [command]/opt/homebrew/bin/git config --local --unset-all http.https://github.com/.extraheader
2025-08-27T07:35:59.4741490Z [command]/opt/homebrew/bin/git submodule foreach --recursive sh -c "git config --local --name-only --get-regexp 'http\.https\:\/\/github\.com\/\.extraheader' && git config --local --unset-all 'http.https://github.com/.extraheader' || :"
2025-08-27T07:35:59.6630990Z Cleaning up orphan processes
2025-08-27T07:36:00.6228290Z Terminate orphan process: pid (12571) (Preview)
