2025-08-27T07:21:08.7047191Z Current runner version: '2.328.0'
2025-08-27T07:21:08.7071449Z ##[group]Runner Image Provisioner
2025-08-27T07:21:08.7072308Z Hosted Compute Agent
2025-08-27T07:21:08.7072865Z Version: 20250825.382
2025-08-27T07:21:08.7073424Z Commit: 7109f2abf901479dac39397456e363ac0cca0730
2025-08-27T07:21:08.7074220Z Build Date: 2025-08-25T22:55:50Z
2025-08-27T07:21:08.7075001Z ##[endgroup]
2025-08-27T07:21:08.7075492Z ##[group]Operating System
2025-08-27T07:21:08.7076107Z Ubuntu
2025-08-27T07:21:08.7076532Z 24.04.2
2025-08-27T07:21:08.7076980Z LTS
2025-08-27T07:21:08.7077509Z ##[endgroup]
2025-08-27T07:21:08.7077994Z ##[group]Runner Image
2025-08-27T07:21:08.7078519Z Image: ubuntu-24.04
2025-08-27T07:21:08.7079016Z Version: 20250818.1.0
2025-08-27T07:21:08.7080040Z Included Software: https://github.com/actions/runner-images/blob/ubuntu24/20250818.1/images/ubuntu/Ubuntu2404-Readme.md
2025-08-27T07:21:08.7081671Z Image Release: https://github.com/actions/runner-images/releases/tag/ubuntu24%2F20250818.1
2025-08-27T07:21:08.7082599Z ##[endgroup]
2025-08-27T07:21:08.7085533Z ##[group]GITHUB_TOKEN Permissions
2025-08-27T07:21:08.7087795Z Actions: write
2025-08-27T07:21:08.7088346Z Attestations: write
2025-08-27T07:21:08.7088915Z Checks: write
2025-08-27T07:21:08.7089424Z Contents: write
2025-08-27T07:21:08.7089925Z Deployments: write
2025-08-27T07:21:08.7090426Z Discussions: write
2025-08-27T07:21:08.7090972Z Issues: write
2025-08-27T07:21:08.7091412Z Metadata: read
2025-08-27T07:21:08.7091963Z Models: read
2025-08-27T07:21:08.7092491Z Packages: write
2025-08-27T07:21:08.7093296Z Pages: write
2025-08-27T07:21:08.7094145Z PullRequests: write
2025-08-27T07:21:08.7095188Z RepositoryProjects: write
2025-08-27T07:21:08.7096072Z SecurityEvents: write
2025-08-27T07:21:08.7096980Z Statuses: write
2025-08-27T07:21:08.7097451Z ##[endgroup]
2025-08-27T07:21:08.7099453Z Secret source: Actions
2025-08-27T07:21:08.7100797Z Prepare workflow directory
2025-08-27T07:21:08.7415633Z Prepare all required actions
2025-08-27T07:21:08.7453285Z Getting action download info
2025-08-27T07:21:09.1334848Z Download action repository 'actions/checkout@v4' (SHA:08eba0b27e820071cde6df949e0beb9ba4906955)
2025-08-27T07:21:09.2221306Z Download action repository 'julia-actions/setup-julia@v1' (SHA:ac0d62164df5a47de404f4e96ce86a1a28a28d56)
2025-08-27T07:21:09.4253596Z Download action repository 'julia-actions/cache@v1' (SHA:dc1a3cdeacb521b0ca93cfc66143fcadb15a5bd0)
2025-08-27T07:21:09.6107733Z Download action repository 'julia-actions/julia-processcoverage@v1' (SHA:03114f09f119417c3242a9fb6e0b722676aedf38)
2025-08-27T07:21:09.7537104Z Download action repository 'codecov/codecov-action@v3' (SHA:ab904c41d6ece82784817410c45d8b8c02684457)
2025-08-27T07:21:10.0911273Z Getting action download info
2025-08-27T07:21:10.2449438Z Download action repository 'dcarbone/install-jq-action@v2.1.0' (SHA:8867ddb4788346d7c22b72ea2e2ffe4d514c7bcb)
2025-08-27T07:21:10.4335710Z Download action repository 'actions/cache@4d4ae6ae148a43d0fd1eda1800170683e9882738' (SHA:4d4ae6ae148a43d0fd1eda1800170683e9882738)
2025-08-27T07:21:10.6941654Z Download action repository 'pyTooling/Actions@adef08d3bdef092282614f3b683897cefae82ee3' (SHA:adef08d3bdef092282614f3b683897cefae82ee3)
2025-08-27T07:21:11.0557749Z Complete job name: Julia 1.10 - ubuntu-latest - x64
2025-08-27T07:21:11.1335893Z ##[group]Run actions/checkout@v4
2025-08-27T07:21:11.1337163Z with:
2025-08-27T07:21:11.1337962Z   repository: bakulev/JuliaTestRocket
2025-08-27T07:21:11.1339196Z   token: ***
2025-08-27T07:21:11.1339938Z   ssh-strict: true
2025-08-27T07:21:11.1340713Z   ssh-user: git
2025-08-27T07:21:11.1341490Z   persist-credentials: true
2025-08-27T07:21:11.1342353Z   clean: true
2025-08-27T07:21:11.1343144Z   sparse-checkout-cone-mode: true
2025-08-27T07:21:11.1344071Z   fetch-depth: 1
2025-08-27T07:21:11.1345051Z   fetch-tags: false
2025-08-27T07:21:11.1345831Z   show-progress: true
2025-08-27T07:21:11.1346632Z   lfs: false
2025-08-27T07:21:11.1347349Z   submodules: false
2025-08-27T07:21:11.1348146Z   set-safe-directory: true
2025-08-27T07:21:11.1349560Z ##[endgroup]
2025-08-27T07:21:11.2448206Z Syncing repository: bakulev/JuliaTestRocket
2025-08-27T07:21:11.2450663Z ##[group]Getting Git version info
2025-08-27T07:21:11.2452138Z Working directory is '/home/runner/work/JuliaTestRocket/JuliaTestRocket'
2025-08-27T07:21:11.2454046Z [command]/usr/bin/git version
2025-08-27T07:21:11.2483644Z git version 2.51.0
2025-08-27T07:21:11.2510903Z ##[endgroup]
2025-08-27T07:21:11.2527073Z Temporarily overriding HOME='/home/runner/work/_temp/563c9fc7-d301-451f-afb8-9b71c0d1c98f' before making global git config changes
2025-08-27T07:21:11.2531556Z Adding repository directory to the temporary git global config as a safe directory
2025-08-27T07:21:11.2540830Z [command]/usr/bin/git config --global --add safe.directory /home/runner/work/JuliaTestRocket/JuliaTestRocket
2025-08-27T07:21:11.2575866Z Deleting the contents of '/home/runner/work/JuliaTestRocket/JuliaTestRocket'
2025-08-27T07:21:11.2579384Z ##[group]Initializing the repository
2025-08-27T07:21:11.2584656Z [command]/usr/bin/git init /home/runner/work/JuliaTestRocket/JuliaTestRocket
2025-08-27T07:21:11.2652212Z hint: Using 'master' as the name for the initial branch. This default branch name
2025-08-27T07:21:11.2654765Z hint: is subject to change. To configure the initial branch name to use in all
2025-08-27T07:21:11.2657273Z hint: of your new repositories, which will suppress this warning, call:
2025-08-27T07:21:11.2659520Z hint:
2025-08-27T07:21:11.2661061Z hint: 	git config --global init.defaultBranch <name>
2025-08-27T07:21:11.2662961Z hint:
2025-08-27T07:21:11.2664922Z hint: Names commonly chosen instead of 'master' are 'main', 'trunk' and
2025-08-27T07:21:11.2667935Z hint: 'development'. The just-created branch can be renamed via this command:
2025-08-27T07:21:11.2670285Z hint:
2025-08-27T07:21:11.2671498Z hint: 	git branch -m <name>
2025-08-27T07:21:11.2672865Z hint:
2025-08-27T07:21:11.2674825Z hint: Disable this message with "git config set advice.defaultBranchName false"
2025-08-27T07:21:11.2676869Z Initialized empty Git repository in /home/runner/work/JuliaTestRocket/JuliaTestRocket/.git/
2025-08-27T07:21:11.2680600Z [command]/usr/bin/git remote add origin https://github.com/bakulev/JuliaTestRocket
2025-08-27T07:21:11.2703603Z ##[endgroup]
2025-08-27T07:21:11.2705210Z ##[group]Disabling automatic garbage collection
2025-08-27T07:21:11.2706952Z [command]/usr/bin/git config --local gc.auto 0
2025-08-27T07:21:11.2735770Z ##[endgroup]
2025-08-27T07:21:11.2737016Z ##[group]Setting up auth
2025-08-27T07:21:11.2741651Z [command]/usr/bin/git config --local --name-only --get-regexp core\.sshCommand
2025-08-27T07:21:11.2772286Z [command]/usr/bin/git submodule foreach --recursive sh -c "git config --local --name-only --get-regexp 'core\.sshCommand' && git config --local --unset-all 'core.sshCommand' || :"
2025-08-27T07:21:11.3059607Z [command]/usr/bin/git config --local --name-only --get-regexp http\.https\:\/\/github\.com\/\.extraheader
2025-08-27T07:21:11.3089150Z [command]/usr/bin/git submodule foreach --recursive sh -c "git config --local --name-only --get-regexp 'http\.https\:\/\/github\.com\/\.extraheader' && git config --local --unset-all 'http.https://github.com/.extraheader' || :"
2025-08-27T07:21:11.3306577Z [command]/usr/bin/git config --local http.https://github.com/.extraheader AUTHORIZATION: basic ***
2025-08-27T07:21:11.3339424Z ##[endgroup]
2025-08-27T07:21:11.3340743Z ##[group]Fetching the repository
2025-08-27T07:21:11.3356923Z [command]/usr/bin/git -c protocol.version=2 fetch --no-tags --prune --no-recurse-submodules --depth=1 origin +048c831dcbcc177572e3761b8279a61c28f21783:refs/remotes/origin/main
2025-08-27T07:21:11.5479248Z From https://github.com/bakulev/JuliaTestRocket
2025-08-27T07:21:11.5480083Z  * [new ref]         048c831dcbcc177572e3761b8279a61c28f21783 -> origin/main
2025-08-27T07:21:11.5507303Z ##[endgroup]
2025-08-27T07:21:11.5507834Z ##[group]Determining the checkout info
2025-08-27T07:21:11.5509822Z ##[endgroup]
2025-08-27T07:21:11.5514971Z [command]/usr/bin/git sparse-checkout disable
2025-08-27T07:21:11.5551706Z [command]/usr/bin/git config --local --unset-all extensions.worktreeConfig
2025-08-27T07:21:11.5579547Z ##[group]Checking out the ref
2025-08-27T07:21:11.5583686Z [command]/usr/bin/git checkout --progress --force -B main refs/remotes/origin/main
2025-08-27T07:21:11.5694338Z Switched to a new branch 'main'
2025-08-27T07:21:11.5697266Z branch 'main' set up to track 'origin/main'.
2025-08-27T07:21:11.5702541Z ##[endgroup]
2025-08-27T07:21:11.5736655Z [command]/usr/bin/git log -1 --format=%H
2025-08-27T07:21:11.5758082Z 048c831dcbcc177572e3761b8279a61c28f21783
2025-08-27T07:21:11.5948577Z ##[group]Run julia-actions/setup-julia@v1
2025-08-27T07:21:11.5948985Z with:
2025-08-27T07:21:11.5949243Z   version: 1.10
2025-08-27T07:21:11.5949501Z   arch: x64
2025-08-27T07:21:11.5949783Z   include-all-prereleases: false
2025-08-27T07:21:11.5950116Z   show-versioninfo: false
2025-08-27T07:21:11.5950413Z ##[endgroup]
2025-08-27T07:21:12.8822912Z [command]/usr/bin/tar xf /home/runner/work/_temp/dd61df8c-1380-4d1f-a9b4-61c76f1a7c14 --strip-components=1 -C /opt/hostedtoolcache/julia/1.10.10/x64
2025-08-27T07:21:16.5030627Z [command]/opt/hostedtoolcache/julia/1.10.10/x64/bin/julia --version
2025-08-27T07:21:16.5157108Z julia version 1.10.10
2025-08-27T07:21:16.5429170Z ##[group]Run julia-actions/cache@v1
2025-08-27T07:21:16.5429467Z with:
2025-08-27T07:21:16.5429693Z   cache-name: julia-cache;workflow=CI;job=test
2025-08-27T07:21:16.5429973Z   include-matrix: true
2025-08-27T07:21:16.5430185Z   cache-artifacts: true
2025-08-27T07:21:16.5430388Z   cache-packages: true
2025-08-27T07:21:16.5430593Z   cache-registries: true
2025-08-27T07:21:16.5430798Z   cache-compiled: true
2025-08-27T07:21:16.5431004Z   cache-scratchspaces: true
2025-08-27T07:21:16.5431216Z   cache-logs: true
2025-08-27T07:21:16.5431402Z   delete-old-caches: true
2025-08-27T07:21:16.5431744Z   token: ***
2025-08-27T07:21:16.5431954Z ##[endgroup]
2025-08-27T07:21:16.5545528Z ##[group]Run if [ -n "" ]; then
2025-08-27T07:21:16.5545869Z [36;1mif [ -n "" ]; then[0m
2025-08-27T07:21:16.5546099Z [36;1m    depot=""[0m
2025-08-27T07:21:16.5546352Z [36;1melif [ -n "$JULIA_DEPOT_PATH" ]; then[0m
2025-08-27T07:21:16.5546655Z [36;1m    # Use the first depot path[0m
2025-08-27T07:21:16.5547021Z [36;1m    depot=$(echo $JULIA_DEPOT_PATH | cut -d$PATH_DELIMITER -f1)[0m
2025-08-27T07:21:16.5547347Z [36;1melse[0m
2025-08-27T07:21:16.5547540Z [36;1m    depot="~/.julia"[0m
2025-08-27T07:21:16.5547745Z [36;1mfi[0m
2025-08-27T07:21:16.5547971Z [36;1mecho "depot=$depot" | tee -a "$GITHUB_OUTPUT"[0m
2025-08-27T07:21:16.5548240Z [36;1m[0m
2025-08-27T07:21:16.5548408Z [36;1mcache_paths=()[0m
2025-08-27T07:21:16.5548648Z [36;1martifacts_path="${depot}/artifacts"[0m
2025-08-27T07:21:16.5548976Z [36;1m[ "true" = "true" ] && cache_paths+=("$artifacts_path")[0m
2025-08-27T07:21:16.5549306Z [36;1mpackages_path="${depot}/packages"[0m
2025-08-27T07:21:16.5549600Z [36;1m[ "true" = "true" ] && cache_paths+=("$packages_path")[0m
2025-08-27T07:21:16.5549915Z [36;1mregistries_path="${depot}/registries"[0m
2025-08-27T07:21:16.5550174Z [36;1mif [ "true" = "true" ]; then[0m
2025-08-27T07:21:16.5550452Z [36;1m    if [ ! -d "${registries_path/#\~/$HOME}" ]; then[0m
2025-08-27T07:21:16.5550755Z [36;1m        cache_paths+=("$registries_path")[0m
2025-08-27T07:21:16.5550999Z [36;1m    else[0m
2025-08-27T07:21:16.5551809Z [36;1m        echo "::warning::Julia depot registries already exist. Skipping restoring of cached registries to avoid potential merge conflicts when updating. Please ensure that \`julia-actions/cache\` precedes any workflow steps which add registries."[0m
2025-08-27T07:21:16.5552665Z [36;1m    fi[0m
2025-08-27T07:21:16.5552830Z [36;1mfi[0m
2025-08-27T07:21:16.5553025Z [36;1mcompiled_path="${depot}/compiled"[0m
2025-08-27T07:21:16.5553315Z [36;1m[ "true" = "true" ] && cache_paths+=("$compiled_path")[0m
2025-08-27T07:21:16.5553645Z [36;1mscratchspaces_path="${depot}/scratchspaces"[0m
2025-08-27T07:21:16.5553975Z [36;1m[ "true" = "true" ] && cache_paths+=("$scratchspaces_path")[0m
2025-08-27T07:21:16.5554667Z [36;1mlogs_path="${depot}/logs"[0m
2025-08-27T07:21:16.5555092Z [36;1m[ "true" = "true" ] && cache_paths+=("$logs_path")[0m
2025-08-27T07:21:16.5555364Z [36;1m{[0m
2025-08-27T07:21:16.5555541Z [36;1m    echo "cache-paths<<EOF"[0m
2025-08-27T07:21:16.5555798Z [36;1m    printf "%s\n" "${cache_paths[@]}"[0m
2025-08-27T07:21:16.5556038Z [36;1m    echo "EOF"[0m
2025-08-27T07:21:16.5556248Z [36;1m} | tee -a "$GITHUB_OUTPUT"[0m
2025-08-27T07:21:16.5624181Z shell: /usr/bin/bash --noprofile --norc -e -o pipefail {0}
2025-08-27T07:21:16.5624786Z env:
2025-08-27T07:21:16.5624962Z   PATH_DELIMITER: :
2025-08-27T07:21:16.5625176Z ##[endgroup]
2025-08-27T07:21:16.5713194Z depot=~/.julia
2025-08-27T07:21:16.5727012Z cache-paths<<EOF
2025-08-27T07:21:16.5727407Z ~/.julia/artifacts
2025-08-27T07:21:16.5727706Z ~/.julia/packages
2025-08-27T07:21:16.5728025Z ~/.julia/registries
2025-08-27T07:21:16.5728461Z ~/.julia/compiled
2025-08-27T07:21:16.5728814Z ~/.julia/scratchspaces
2025-08-27T07:21:16.5729152Z ~/.julia/logs
2025-08-27T07:21:16.5729430Z EOF
2025-08-27T07:21:16.5797949Z ##[group]Run # `matrix_key` joins all of matrix keys/values (including nested objects) to ensure that concurrent runs each use a unique cache key.
2025-08-27T07:21:16.5798794Z [36;1m# `matrix_key` joins all of matrix keys/values (including nested objects) to ensure that concurrent runs each use a unique cache key.[0m
2025-08-27T07:21:16.5799457Z [36;1m# When `matrix` isn't set for the job then `MATRIX_JSON=null`.[0m
2025-08-27T07:21:16.5799860Z [36;1mif [ "true" == "true" ] && [ "$MATRIX_JSON" != "null" ]; then[0m
2025-08-27T07:21:16.5800425Z [36;1m  matrix_key=$(echo "$MATRIX_JSON" | jq 'paths(type != "object") as $p | ($p | join("-")) + "=" + (getpath($p) | tostring)' | jq -rs 'join(";") | . + ";"')[0m
2025-08-27T07:21:16.5800890Z [36;1mfi[0m
2025-08-27T07:21:16.5801199Z [36;1mrestore_key="julia-cache;workflow=CI;job=test;os=Linux;${matrix_key}"[0m
2025-08-27T07:21:16.5801602Z [36;1m# URL encode any restricted characters:[0m
2025-08-27T07:21:16.5802185Z [36;1m# https://github.com/actions/toolkit/blob/5430c5d84832076372990c7c27f900878ff66dc9/packages/cache/src/cache.ts#L38-L43[0m
2025-08-27T07:21:16.5802788Z [36;1mrestore_key=$(sed 's/,/%2C/g' <<<"${restore_key}")[0m
2025-08-27T07:21:16.5803140Z [36;1mkey="${restore_key}run_id=17260080498;run_attempt=1"[0m
2025-08-27T07:21:16.5803486Z [36;1mecho "restore-key=${restore_key}" >> $GITHUB_OUTPUT[0m
2025-08-27T07:21:16.5803803Z [36;1mecho "key=${key}" >> $GITHUB_OUTPUT[0m
2025-08-27T07:21:16.5838873Z shell: /usr/bin/bash --noprofile --norc -e -o pipefail {0}
2025-08-27T07:21:16.5839204Z env:
2025-08-27T07:21:16.5839478Z   MATRIX_JSON: {
  "version": "1.10",
  "os": "ubuntu-latest",
  "arch": "x64"
}
2025-08-27T07:21:16.5839822Z ##[endgroup]
2025-08-27T07:21:16.6061251Z ##[group]Run actions/cache@4d4ae6ae148a43d0fd1eda1800170683e9882738
2025-08-27T07:21:16.6061569Z with:
2025-08-27T07:21:16.6062013Z   path: ~/.julia/artifacts
~/.julia/packages
~/.julia/registries
~/.julia/compiled
~/.julia/scratchspaces
~/.julia/logs

2025-08-27T07:21:16.6062708Z   key: julia-cache;workflow=CI;job=test;os=Linux;version=1.10;os=ubuntu-latest;arch=x64;run_id=17260080498;run_attempt=1
2025-08-27T07:21:16.6063314Z   restore-keys: julia-cache;workflow=CI;job=test;os=Linux;version=1.10;os=ubuntu-latest;arch=x64;
2025-08-27T07:21:16.6063717Z   enableCrossOsArchive: false
2025-08-27T07:21:16.6063951Z   fail-on-cache-miss: false
2025-08-27T07:21:16.6064165Z   lookup-only: false
2025-08-27T07:21:16.6064353Z ##[endgroup]
2025-08-27T07:21:16.9051729Z ##[warning]Failed to restore: Cache service responded with 400
2025-08-27T07:21:16.9053032Z Cache not found for input keys: julia-cache;workflow=CI;job=test;os=Linux;version=1.10;os=ubuntu-latest;arch=x64;run_id=17260080498;run_attempt=1, julia-cache;workflow=CI;job=test;os=Linux;version=1.10;os=ubuntu-latest;arch=x64;
2025-08-27T07:21:16.9106070Z ##[group]Run mkdir -p ~/.julia
2025-08-27T07:21:16.9106537Z [36;1mmkdir -p ~/.julia[0m
2025-08-27T07:21:16.9106779Z [36;1mdu -shc ~/.julia/* || true[0m
2025-08-27T07:21:16.9146493Z shell: /usr/bin/bash --noprofile --norc -e -o pipefail {0}
2025-08-27T07:21:16.9146833Z ##[endgroup]
2025-08-27T07:21:16.9283090Z du: cannot access '/home/runner/.julia/*': No such file or directory
2025-08-27T07:21:16.9283508Z 0	total
2025-08-27T07:21:16.9332524Z ##[group]Run pyTooling/Actions/with-post-step@adef08d3bdef092282614f3b683897cefae82ee3
2025-08-27T07:21:16.9332918Z with:
2025-08-27T07:21:16.9333087Z   main: echo ""
2025-08-27T07:21:16.9333692Z   post: julia $GITHUB_ACTION_PATH/handle_caches.jl rm "bakulev/JuliaTestRocket" "julia-cache;workflow=CI;job=test;os=Linux;version=1.10;os=ubuntu-latest;arch=x64;" "refs/heads/main" "true"
2025-08-27T07:21:16.9334332Z   key: POST
2025-08-27T07:21:16.9334713Z env:
2025-08-27T07:21:16.9335070Z   GH_TOKEN: ***
2025-08-27T07:21:16.9335264Z ##[endgroup]
2025-08-27T07:21:16.9573885Z 
2025-08-27T07:21:16.9631236Z ##[group]Run echo "cache-hit=$CACHE_HIT" >> $GITHUB_OUTPUT
2025-08-27T07:21:16.9631599Z [36;1mecho "cache-hit=$CACHE_HIT" >> $GITHUB_OUTPUT[0m
2025-08-27T07:21:16.9669824Z shell: /usr/bin/bash --noprofile --norc -e -o pipefail {0}
2025-08-27T07:21:16.9670313Z env:
2025-08-27T07:21:16.9670484Z   CACHE_HIT: 
2025-08-27T07:21:16.9670658Z ##[endgroup]
2025-08-27T07:21:16.9792473Z ##[group]Run julia --project=. -e "
2025-08-27T07:21:16.9792799Z [36;1mjulia --project=. -e "[0m
2025-08-27T07:21:16.9793035Z [36;1m  using Pkg[0m
2025-08-27T07:21:16.9793238Z [36;1m  Pkg.instantiate()[0m
2025-08-27T07:21:16.9793466Z [36;1m  Pkg.precompile()[0m
2025-08-27T07:21:16.9793673Z [36;1m"[0m
2025-08-27T07:21:16.9828699Z shell: /usr/bin/bash --noprofile --norc -e -o pipefail {0}
2025-08-27T07:21:16.9829015Z ##[endgroup]
2025-08-27T07:21:17.3768594Z   Installing known registries into `~/.julia`
2025-08-27T07:21:19.3298765Z        Added `General` registry to ~/.julia/registries
2025-08-27T07:21:20.0841123Z     Updating registry at `~/.julia/registries/General.toml`
2025-08-27T07:21:20.6217806Z    Installed StaticArraysCore ─ v1.4.3
2025-08-27T07:21:20.6306906Z    Installed Observables ────── v0.5.5
2025-08-27T07:21:20.6311676Z    Installed PrecompileTools ── v1.2.1
2025-08-27T07:21:20.6321711Z    Installed Preferences ────── v1.5.0
2025-08-27T07:21:20.6333601Z    Installed StaticArrays ───── v1.9.14
2025-08-27T07:21:21.6774039Z     Updating `~/work/JuliaTestRocket/JuliaTestRocket/Project.toml`
2025-08-27T07:21:21.6930689Z   [510215fc] + Observables v0.5.5
2025-08-27T07:21:21.6931226Z   [90137ffa] + StaticArrays v1.9.14
2025-08-27T07:21:21.7001288Z     Updating `~/work/JuliaTestRocket/JuliaTestRocket/Manifest.toml`
2025-08-27T07:21:21.7061184Z   [510215fc] + Observables v0.5.5
2025-08-27T07:21:21.7061916Z ⌅ [aea7be01] + PrecompileTools v1.2.1
2025-08-27T07:21:21.7062367Z   [21216c6a] + Preferences v1.5.0
2025-08-27T07:21:21.7062839Z   [90137ffa] + StaticArrays v1.9.14
2025-08-27T07:21:21.7063280Z   [1e83bf80] + StaticArraysCore v1.4.3
2025-08-27T07:21:21.7063752Z   [56f22d72] + Artifacts
2025-08-27T07:21:21.7064099Z   [ade2ca70] + Dates
2025-08-27T07:21:21.7064419Z   [8f399da3] + Libdl
2025-08-27T07:21:21.7069010Z   [37e2e46d] + LinearAlgebra
2025-08-27T07:21:21.7069397Z   [56ddb016] + Logging
2025-08-27T07:21:21.7069738Z   [de0858da] + Printf
2025-08-27T07:21:21.7070035Z   [9a3f8284] + Random
2025-08-27T07:21:21.7070247Z   [ea8e919c] + SHA v0.7.0
2025-08-27T07:21:21.7070484Z   [fa267f1f] + TOML v1.0.3
2025-08-27T07:21:21.7070715Z   [4ec0a83e] + Unicode
2025-08-27T07:21:21.7070998Z   [e66e0078] + CompilerSupportLibraries_jll v1.1.1+0
2025-08-27T07:21:21.7071347Z   [4536629a] + OpenBLAS_jll v0.3.23+4
2025-08-27T07:21:21.7071649Z   [8e850b90] + libblastrampoline_jll v5.11.0+0
2025-08-27T07:21:21.7072666Z         Info Packages marked with ⌅ have new versions available but compatibility constraints restrict them from upgrading. To see why use `status --outdated -m`
2025-08-27T07:21:22.7481802Z Precompiling packages...
2025-08-27T07:21:23.3127692Z     550.8 ms  ✓ StaticArraysCore
2025-08-27T07:21:23.4619331Z     509.0 ms  ✓ Observables
2025-08-27T07:21:23.5873171Z     633.2 ms  ✓ Preferences
2025-08-27T07:21:23.8896118Z     302.2 ms  ✓ PrecompileTools
2025-08-27T07:21:30.0379989Z    6148.3 ms  ✓ StaticArrays
2025-08-27T07:21:30.7662649Z     728.1 ms  ✓ PointController
2025-08-27T07:21:30.7663246Z   6 dependencies successfully precompiled in 9 seconds
2025-08-27T07:21:31.0349225Z ##[group]Run julia --project=. -e "
2025-08-27T07:21:31.0349563Z [36;1mjulia --project=. -e "[0m
2025-08-27T07:21:31.0349797Z [36;1m  using Pkg[0m
2025-08-27T07:21:31.0350037Z [36;1m  # Use CairoMakie for CI (no display required)[0m
2025-08-27T07:21:31.0350322Z [36;1m  Pkg.add(\"CairoMakie\")[0m
2025-08-27T07:21:31.0350568Z [36;1m  using CairoMakie[0m
2025-08-27T07:21:31.0350788Z [36;1m  CairoMakie.activate!()[0m
2025-08-27T07:21:31.0351027Z [36;1m  Pkg.test(coverage=true)[0m
2025-08-27T07:21:31.0351248Z [36;1m"[0m
2025-08-27T07:21:31.0390796Z shell: /usr/bin/bash --noprofile --norc -e -o pipefail {0}
2025-08-27T07:21:31.0391125Z env:
2025-08-27T07:21:31.0391295Z   JULIA_NUM_THREADS: 2
2025-08-27T07:21:31.0391491Z ##[endgroup]
2025-08-27T07:21:32.5495811Z     Updating registry at `~/.julia/registries/General.toml`
2025-08-27T07:21:32.5603596Z    Resolving package versions...
2025-08-27T07:21:35.0300308Z    Installed libfdk_aac_jll ────────────── v2.0.4+0
2025-08-27T07:21:35.0315066Z    Installed OffsetArrays ──────────────── v1.17.0
2025-08-27T07:21:35.0416859Z    Installed x265_jll ──────────────────── v4.1.0+0
2025-08-27T07:21:35.0572792Z    Installed JpegTurbo_jll ─────────────── v3.1.2+0
2025-08-27T07:21:35.0574326Z    Installed Libmount_jll ──────────────── v2.41.1+0
2025-08-27T07:21:35.1147672Z    Installed ImageIO ───────────────────── v0.6.9
2025-08-27T07:21:35.1643492Z    Installed AxisArrays ────────────────── v0.4.7
2025-08-27T07:21:35.1644220Z    Installed TiffImages ────────────────── v0.11.6
2025-08-27T07:21:35.2576198Z    Installed LERC_jll ──────────────────── v4.0.1+0
2025-08-27T07:21:35.2615223Z    Installed JpegTurbo ─────────────────── v0.1.6
2025-08-27T07:21:35.2629800Z    Installed HypergeometricFunctions ───── v0.3.28
2025-08-27T07:21:35.2637798Z    Installed StatsFuns ─────────────────── v1.5.0
2025-08-27T07:21:35.2739646Z    Installed PNGFiles ──────────────────── v0.4.4
2025-08-27T07:21:35.2824353Z    Installed FFTW ──────────────────────── v1.9.0
2025-08-27T07:21:35.2848685Z    Installed Permutations ──────────────── v0.4.23
2025-08-27T07:21:35.2849353Z    Installed Multisets ─────────────────── v0.4.5
2025-08-27T07:21:35.6911012Z    Installed Opus_jll ──────────────────── v1.5.2+0
2025-08-27T07:21:35.6976526Z    Installed EarCut_jll ────────────────── v2.2.4+0
2025-08-27T07:21:35.6979656Z    Installed PDMats ────────────────────── v0.11.35
2025-08-27T07:21:35.6989446Z    Installed RelocatableFolders ────────── v1.0.1
2025-08-27T07:21:35.6998730Z    Installed Sixel ─────────────────────── v0.1.5
2025-08-27T07:21:35.7025366Z    Installed Contour ───────────────────── v0.6.3
2025-08-27T07:21:35.7079091Z    Installed StableHashTraits ──────────── v1.3.4
2025-08-27T07:21:35.7304678Z    Installed ProgressMeter ─────────────── v1.11.0
2025-08-27T07:21:35.7432959Z    Installed PlotUtils ─────────────────── v1.4.3
2025-08-27T07:21:35.7437040Z    Installed OpenEXR ───────────────────── v0.3.3
2025-08-27T07:21:35.7646259Z    Installed Grisu ─────────────────────── v1.0.2
2025-08-27T07:21:35.7655672Z    Installed EnumX ─────────────────────── v1.0.5
2025-08-27T07:21:35.7659688Z    Installed Formatting ────────────────── v0.4.3
2025-08-27T07:21:35.7664852Z    Installed BaseDirs ──────────────────── v1.3.2
2025-08-27T07:21:35.8462369Z    Installed IntelOpenMP_jll ───────────── v2025.2.0+0
2025-08-27T07:21:35.8471083Z    Installed Cairo_jll ─────────────────── v1.18.5+0
2025-08-27T07:21:35.8484750Z    Installed Fontconfig_jll ────────────── v2.17.1+0
2025-08-27T07:21:35.8495488Z    Installed CEnum ─────────────────────── v0.5.0
2025-08-27T07:21:35.8602010Z    Installed Mods ──────────────────────── v2.2.6
2025-08-27T07:21:35.8643478Z    Installed Polynomials ───────────────── v4.0.21
2025-08-27T07:21:35.8661344Z    Installed FileIO ────────────────────── v1.17.0
2025-08-27T07:21:35.9053352Z    Installed Netpbm ────────────────────── v1.1.1
2025-08-27T07:21:35.9057710Z    Installed RoundingEmulator ──────────── v0.2.1
2025-08-27T07:21:35.9102473Z    Installed SignedDistanceFields ──────── v0.4.0
2025-08-27T07:21:35.9141186Z    Installed Xorg_libXau_jll ───────────── v1.0.13+0
2025-08-27T07:21:35.9224992Z    Installed Missings ──────────────────── v1.2.0
2025-08-27T07:21:35.9230624Z    Installed TupleTools ────────────────── v1.6.0
2025-08-27T07:21:35.9243947Z    Installed FiniteDiff ────────────────── v2.28.1
2025-08-27T07:21:36.1218642Z    Installed TriplotBase ───────────────── v0.1.0
2025-08-27T07:21:36.1231843Z    Installed ColorSchemes ──────────────── v3.30.0
2025-08-27T07:21:36.1233026Z    Installed Giflib_jll ────────────────── v5.2.3+0
2025-08-27T07:21:36.1248790Z    Installed IrrationalConstants ───────── v0.2.4
2025-08-27T07:21:36.1256021Z    Installed SIMD ──────────────────────── v3.7.1
2025-08-27T07:21:36.1259735Z    Installed Showoff ───────────────────── v1.0.3
2025-08-27T07:21:36.1382849Z    Installed AbstractLattices ──────────── v0.3.1
2025-08-27T07:21:36.2893953Z    Installed OpenBLASConsistentFPCSR_jll ─ v0.3.29+0
2025-08-27T07:21:36.2905204Z    Installed Pango_jll ─────────────────── v1.56.3+0
2025-08-27T07:21:36.2928497Z    Installed PtrArrays ─────────────────── v1.3.0
2025-08-27T07:21:36.3042143Z    Installed PolygonOps ────────────────── v0.1.2
2025-08-27T07:21:36.3052471Z    Installed JSON ──────────────────────── v0.21.4
2025-08-27T07:21:36.3066845Z    Installed MathTeXEngine ─────────────── v0.5.7
2025-08-27T07:21:36.3075133Z    Installed SimpleRandom ──────────────── v0.3.2
2025-08-27T07:21:36.3414852Z    Installed Bzip2_jll ─────────────────── v1.0.9+0
2025-08-27T07:21:36.3688057Z    Installed XZ_jll ────────────────────── v5.8.1+0
2025-08-27T07:21:36.3692176Z    Installed HarfBuzz_jll ──────────────── v8.5.1+0
2025-08-27T07:21:36.3699101Z    Installed isoband_jll ───────────────── v0.2.3+0
2025-08-27T07:21:36.3711507Z    Installed QOI ───────────────────────── v1.0.1
2025-08-27T07:21:36.3713557Z    Installed ADTypes ───────────────────── v1.17.0
2025-08-27T07:21:36.3735005Z    Installed SpecialFunctions ──────────── v2.5.1
2025-08-27T07:21:36.4122148Z    Installed SimpleGraphs ──────────────── v0.8.7
2025-08-27T07:21:36.4155275Z    Installed PkgVersion ────────────────── v0.3.3
2025-08-27T07:21:36.4605530Z    Installed NaNMath ───────────────────── v1.1.3
2025-08-27T07:21:36.4656319Z    Installed LZO_jll ───────────────────── v2.10.3+0
2025-08-27T07:21:36.4731832Z    Installed FriBidi_jll ───────────────── v1.0.17+0
2025-08-27T07:21:36.4737040Z    Installed WebP ──────────────────────── v0.1.3
2025-08-27T07:21:36.4741846Z    Installed PikaParser ────────────────── v0.6.1
2025-08-27T07:21:36.4757931Z    Installed UnicodeFun ────────────────── v0.4.1
2025-08-27T07:21:36.4761356Z    Installed NLSolversBase ─────────────── v7.10.0
2025-08-27T07:21:36.4761976Z    Installed TranscodingStreams ────────── v0.11.3
2025-08-27T07:21:36.4981104Z    Installed Graphics ──────────────────── v1.1.3
2025-08-27T07:21:36.5316393Z    Installed Rmath_jll ─────────────────── v0.5.1+0
2025-08-27T07:21:36.5353728Z    Installed x264_jll ──────────────────── v10164.0.1+0
2025-08-27T07:21:36.5427617Z    Installed ImageMetadata ─────────────── v0.9.10
2025-08-27T07:21:36.5458286Z    Installed Ratios ────────────────────── v0.4.5
2025-08-27T07:21:36.5662193Z    Installed FreeType ──────────────────── v4.1.1
2025-08-27T07:21:36.5676816Z    Installed DataStructures ────────────── v0.18.22
2025-08-27T07:21:36.5681055Z    Installed Colors ────────────────────── v0.12.11
2025-08-27T07:21:36.5846566Z    Installed MappedArrays ──────────────── v0.4.2
2025-08-27T07:21:36.6201377Z    Installed FreeType2_jll ─────────────── v2.13.4+0
2025-08-27T07:21:36.6217848Z    Installed PaddedViews ───────────────── v0.5.12
2025-08-27T07:21:36.6222763Z    Installed StatsAPI ──────────────────── v1.7.1
2025-08-27T07:21:36.6229706Z    Installed Compat ────────────────────── v4.18.0
2025-08-27T07:21:36.6230990Z    Installed GridLayoutBase ────────────── v0.9.2
2025-08-27T07:21:36.6457138Z    Installed LinearAlgebraX ────────────── v0.2.10
2025-08-27T07:21:36.6662356Z    Installed Automa ────────────────────── v1.1.0
2025-08-27T07:21:36.6756197Z    Installed libpng_jll ────────────────── v1.6.50+0
2025-08-27T07:21:36.6979243Z    Installed CommonSubexpressions ──────── v0.3.1
2025-08-27T07:21:36.7000122Z    Installed Xorg_libxcb_jll ───────────── v1.17.1+0
2025-08-27T07:21:36.7012058Z    Installed MosaicViews ───────────────── v0.3.4
2025-08-27T07:21:36.7049605Z    Installed LazyModules ───────────────── v0.3.1
2025-08-27T07:21:36.7061894Z    Installed StatsBase ─────────────────── v0.34.6
2025-08-27T07:21:36.7068569Z    Installed StructTypes ───────────────── v1.11.0
2025-08-27T07:21:36.7754259Z    Installed libaom_jll ────────────────── v3.12.1+0
2025-08-27T07:21:36.7948597Z    Installed oneTBB_jll ────────────────── v2022.0.0+0
2025-08-27T07:21:36.7954131Z    Installed Xorg_libXext_jll ──────────── v1.3.7+0
2025-08-27T07:21:36.7976888Z    Installed ColorTypes ────────────────── v0.11.5
2025-08-27T07:21:36.7981153Z    Installed DiffRules ─────────────────── v1.15.1
2025-08-27T07:21:36.8077668Z    Installed Scratch ───────────────────── v1.3.0
2025-08-27T07:21:36.8093108Z    Installed ImageCore ─────────────────── v0.10.5
2025-08-27T07:21:36.8103878Z    Installed SimplePartitions ──────────── v0.3.3
2025-08-27T07:21:36.8568057Z    Installed TensorCore ────────────────── v0.1.1
2025-08-27T07:21:36.8602358Z    Installed Expat_jll ─────────────────── v2.7.1+0
2025-08-27T07:21:36.8617522Z    Installed Zstd_jll ──────────────────── v1.5.7+1
2025-08-27T07:21:36.8660398Z    Installed TableTraits ───────────────── v1.0.1
2025-08-27T07:21:36.8661752Z    Installed FreeTypeAbstraction ───────── v0.10.8
2025-08-27T07:21:36.8662798Z    Installed Isoband ───────────────────── v0.1.1
2025-08-27T07:21:36.8676987Z    Installed Inflate ───────────────────── v0.1.5
2025-08-27T07:21:36.8677489Z    Installed DiffResults ───────────────── v1.1.0
2025-08-27T07:21:36.8911643Z    Installed WeakKeyIdDicts ────────────── v0.1.0
2025-08-27T07:21:36.9955029Z    Installed MKL_jll ───────────────────── v2025.2.0+0
2025-08-27T07:21:36.9964382Z    Installed Imath_jll ─────────────────── v3.1.11+0
2025-08-27T07:21:36.9973508Z    Installed PositiveFactorizations ────── v0.2.4
2025-08-27T07:21:36.9978661Z    Installed Parsers ───────────────────── v2.8.3
2025-08-27T07:21:36.9985409Z    Installed Extents ───────────────────── v0.1.6
2025-08-27T07:21:36.9991539Z    Installed Setfield ──────────────────── v1.1.2
2025-08-27T07:21:37.0122455Z    Installed Libtiff_jll ───────────────── v4.7.1+0
2025-08-27T07:21:37.0447667Z    Installed DataValueInterfaces ───────── v1.0.0
2025-08-27T07:21:37.0688979Z    Installed Packing ───────────────────── v0.5.1
2025-08-27T07:21:37.0715374Z    Installed JLLWrappers ───────────────── v1.7.1
2025-08-27T07:21:37.0747593Z    Installed ColorVectorSpace ──────────── v0.10.0
2025-08-27T07:21:37.0755292Z    Installed AbstractFFTs ──────────────── v1.5.0
2025-08-27T07:21:37.0759534Z    Installed ConstructionBase ──────────── v1.6.0
2025-08-27T07:21:37.0760621Z    Installed Animations ────────────────── v0.4.2
2025-08-27T07:21:37.0773350Z    Installed Libffi_jll ────────────────── v3.4.7+0
2025-08-27T07:21:37.1618368Z    Installed AbstractTrees ─────────────── v0.4.5
2025-08-27T07:21:37.1692119Z    Installed Xorg_libXrender_jll ───────── v0.9.12+0
2025-08-27T07:21:37.1732415Z    Installed Ogg_jll ───────────────────── v1.3.6+0
2025-08-27T07:21:37.1736040Z    Installed OrderedCollections ────────── v1.8.1
2025-08-27T07:21:37.1743687Z    Installed ExactPredicates ───────────── v2.2.8
2025-08-27T07:21:37.1787288Z    Installed KernelDensity ─────────────── v0.6.10
2025-08-27T07:21:37.1925590Z    Installed ChainRulesCore ────────────── v1.26.0
2025-08-27T07:21:37.1948220Z    Installed Interpolations ────────────── v0.16.2
2025-08-27T07:21:37.2622006Z    Installed Reexport ──────────────────── v1.2.2
2025-08-27T07:21:37.2819895Z    Installed Combinatorics ─────────────── v1.0.3
2025-08-27T07:21:37.2826604Z    Installed AliasTables ───────────────── v1.1.3
2025-08-27T07:21:37.2835489Z    Installed ArrayInterface ────────────── v7.19.0
2025-08-27T07:21:37.2851358Z    Installed LineSearches ──────────────── v7.4.0
2025-08-27T07:21:37.2945414Z    Installed LogExpFunctions ───────────── v0.3.29
2025-08-27T07:21:37.2974215Z    Installed RingLists ─────────────────── v0.2.9
2025-08-27T07:21:37.2974917Z    Installed IntervalArithmetic ────────── v0.22.36
2025-08-27T07:21:37.3152802Z    Installed StackViews ────────────────── v0.1.2
2025-08-27T07:21:37.5549707Z    Installed RangeArrays ───────────────── v0.3.2
2025-08-27T07:21:37.5694766Z    Installed FFTW_jll ──────────────────── v3.3.11+0
2025-08-27T07:21:37.5767188Z    Installed MacroTools ────────────────── v0.5.16
2025-08-27T07:21:37.5826827Z    Installed UnPack ────────────────────── v1.0.2
2025-08-27T07:21:37.5839948Z    Installed GeoFormatTypes ────────────── v0.4.4
2025-08-27T07:21:37.5852770Z    Installed OpenSpecFun_jll ───────────── v0.5.6+0
2025-08-27T07:21:37.6233527Z    Installed Libuuid_jll ───────────────── v2.41.1+0
2025-08-27T07:21:37.6559762Z    Installed OpenEXR_jll ───────────────── v3.2.4+0
2025-08-27T07:21:37.6589000Z    Installed SimpleTraits ──────────────── v0.9.5
2025-08-27T07:21:37.6593368Z    Installed Adapt ─────────────────────── v4.3.0
2025-08-27T07:21:37.6600175Z    Installed ColorBrewer ───────────────── v0.4.1
2025-08-27T07:21:37.6614279Z    Installed DocStringExtensions ───────── v0.9.5
2025-08-27T07:21:37.6638261Z    Installed DifferentiationInterface ──── v0.7.7
2025-08-27T07:21:37.6731017Z    Installed StableRNGs ────────────────── v1.0.3
2025-08-27T07:21:37.7088107Z    Installed libass_jll ────────────────── v0.17.4+0
2025-08-27T07:21:37.7147479Z    Installed Rmath ─────────────────────── v0.8.0
2025-08-27T07:21:37.7176206Z    Installed Pixman_jll ────────────────── v0.44.2+0
2025-08-27T07:21:37.7237653Z    Installed Graphite2_jll ─────────────── v1.3.15+0
2025-08-27T07:21:37.7276286Z    Installed XML2_jll ──────────────────── v2.14.4+0
2025-08-27T07:21:37.7635576Z    Installed IntegerMathUtils ──────────── v0.1.3
2025-08-27T07:21:37.7651354Z    Installed ImageBase ─────────────────── v0.1.7
2025-08-27T07:21:37.7691284Z    Installed DelaunayTriangulation ─────── v0.8.12
2025-08-27T07:21:37.8659677Z    Installed Xorg_xtrans_jll ───────────── v1.6.0+0
2025-08-27T07:21:37.8689046Z    Installed FFMPEG_jll ────────────────── v7.1.1+0
2025-08-27T07:21:37.8719039Z    Installed OpenSSL_jll ───────────────── v3.5.2+0
2025-08-27T07:21:37.8727413Z    Installed IndirectArrays ────────────── v1.0.0
2025-08-27T07:21:37.8748858Z    Installed IntervalSets ──────────────── v0.7.11
2025-08-27T07:21:37.8758282Z    Installed IterTools ─────────────────── v1.10.0
2025-08-27T07:21:37.8764227Z    Installed Cairo ─────────────────────── v1.1.1
2025-08-27T07:21:37.8776357Z    Installed GeometryBasics ────────────── v0.4.11
2025-08-27T07:21:37.9606905Z    Installed LLVMOpenMP_jll ────────────── v18.1.8+0
2025-08-27T07:21:37.9616727Z    Installed MakieCore ─────────────────── v0.6.9
2025-08-27T07:21:37.9621763Z    Installed CairoMakie ────────────────── v0.10.12
2025-08-27T07:21:37.9627476Z    Installed DataAPI ───────────────────── v1.16.0
2025-08-27T07:21:37.9632206Z    Installed ShaderAbstractions ────────── v0.4.1
2025-08-27T07:21:37.9635278Z    Installed FixedPointNumbers ─────────── v0.8.5
2025-08-27T07:21:37.9645205Z    Installed Tables ────────────────────── v1.12.1
2025-08-27T07:21:37.9671647Z    Installed Optim ─────────────────────── v1.13.2
2025-08-27T07:21:38.3303759Z    Installed LAME_jll ──────────────────── v3.100.3+0
2025-08-27T07:21:38.3466669Z    Installed RecipesBase ───────────────── v1.3.4
2025-08-27T07:21:38.5054930Z    Installed IteratorInterfaceExtensions ─ v1.0.0
2025-08-27T07:21:38.5070661Z    Installed Primes ────────────────────── v0.5.7
2025-08-27T07:21:38.5097011Z    Installed Libiconv_jll ──────────────── v1.18.0+0
2025-08-27T07:21:38.6642188Z    Installed GettextRuntime_jll ────────── v0.22.4+0
2025-08-27T07:21:38.8333067Z    Installed StructArrays ──────────────── v0.6.21
2025-08-27T07:21:39.5093980Z    Installed LaTeXStrings ──────────────── v1.4.0
2025-08-27T07:21:39.5147162Z    Installed Glib_jll ──────────────────── v2.84.3+0
2025-08-27T07:21:39.5147725Z    Installed libvorbis_jll ─────────────── v1.3.8+0
2025-08-27T07:21:39.5165849Z    Installed libsixel_jll ──────────────── v1.10.5+0
2025-08-27T07:21:40.0698857Z    Installed Libglvnd_jll ──────────────── v1.7.1+1
2025-08-27T07:21:40.0739988Z    Installed FillArrays ────────────────── v1.13.0
2025-08-27T07:21:40.0760453Z    Installed ForwardDiff ───────────────── v1.1.0
2025-08-27T07:21:40.1268595Z    Installed AxisAlgorithms ────────────── v1.1.0
2025-08-27T07:21:40.1280091Z    Installed CRlibm ────────────────────── v1.0.2
2025-08-27T07:21:40.1289334Z    Installed ImageAxes ─────────────────── v0.6.12
2025-08-27T07:21:40.1330280Z    Installed QuadGK ────────────────────── v2.11.2
2025-08-27T07:21:40.1439339Z    Installed Requires ──────────────────── v1.3.1
2025-08-27T07:21:40.1491512Z    Installed Xorg_libX11_jll ───────────── v1.8.12+0
2025-08-27T07:21:40.2242007Z    Installed Xorg_libXdmcp_jll ─────────── v1.1.6+0
2025-08-27T07:21:40.2346519Z    Installed Parameters ────────────────── v0.12.3
2025-08-27T07:21:40.2458732Z    Installed CRlibm_jll ────────────────── v1.0.1+0
2025-08-27T07:21:40.2485883Z    Installed LightXML ──────────────────── v0.9.2
2025-08-27T07:21:40.2513991Z    Installed GeoInterface ──────────────── v1.4.1
2025-08-27T07:21:40.2528727Z    Installed SimplePolynomials ─────────── v0.2.18
2025-08-27T07:21:40.2542028Z    Installed Distributions ─────────────── v0.25.120
2025-08-27T07:21:40.2999267Z    Installed libwebp_jll ───────────────── v1.6.0+0
2025-08-27T07:21:40.3000248Z    Installed WoodburyMatrices ──────────── v1.0.0
2025-08-27T07:21:40.3072508Z    Installed SortingAlgorithms ─────────── v1.2.2
2025-08-27T07:21:41.0590598Z    Installed Makie ─────────────────────── v0.19.12
2025-08-27T07:21:51.4964043Z     Updating `~/work/JuliaTestRocket/JuliaTestRocket/Project.toml`
2025-08-27T07:21:51.5265303Z ⌅ [13f3f980] + CairoMakie v0.10.12
2025-08-27T07:21:51.5270483Z     Updating `~/work/JuliaTestRocket/JuliaTestRocket/Manifest.toml`
2025-08-27T07:21:51.5805098Z   [47edcb42] + ADTypes v1.17.0
2025-08-27T07:21:51.5805621Z   [621f4979] + AbstractFFTs v1.5.0
2025-08-27T07:21:51.5806060Z   [398f06c4] + AbstractLattices v0.3.1
2025-08-27T07:21:51.5806517Z   [1520ce14] + AbstractTrees v0.4.5
2025-08-27T07:21:51.5806987Z   [79e6a3ab] + Adapt v4.3.0
2025-08-27T07:21:51.5807365Z   [66dad0bd] + AliasTables v1.1.3
2025-08-27T07:21:51.5807781Z   [27a7e980] + Animations v0.4.2
2025-08-27T07:21:51.5808192Z   [4fba245c] + ArrayInterface v7.19.0
2025-08-27T07:21:51.5808629Z   [67c07d97] + Automa v1.1.0
2025-08-27T07:21:51.5809067Z   [13072b0f] + AxisAlgorithms v1.1.0
2025-08-27T07:21:51.5809480Z   [39de3d68] + AxisArrays v0.4.7
2025-08-27T07:21:51.5809872Z   [18cc8868] + BaseDirs v1.3.2
2025-08-27T07:21:51.5810242Z   [fa961155] + CEnum v0.5.0
2025-08-27T07:21:51.5810599Z   [96374032] + CRlibm v1.0.2
2025-08-27T07:21:51.5810965Z   [159f3aea] + Cairo v1.1.1
2025-08-27T07:21:51.5811629Z ⌅ [13f3f980] + CairoMakie v0.10.12
2025-08-27T07:21:51.5812062Z   [d360d2e6] + ChainRulesCore v1.26.0
2025-08-27T07:21:51.5812496Z   [a2cac450] + ColorBrewer v0.4.1
2025-08-27T07:21:51.5812895Z   [35d6a980] + ColorSchemes v3.30.0
2025-08-27T07:21:51.5813383Z ⌅ [3da002f7] + ColorTypes v0.11.5
2025-08-27T07:21:51.5813873Z ⌃ [c3611d14] + ColorVectorSpace v0.10.0
2025-08-27T07:21:51.5814372Z ⌅ [5ae59095] + Colors v0.12.11
2025-08-27T07:21:51.5814963Z   [861a8166] + Combinatorics v1.0.3
2025-08-27T07:21:51.5815405Z   [bbf7d656] + CommonSubexpressions v0.3.1
2025-08-27T07:21:51.5815861Z   [34da2185] + Compat v4.18.0
2025-08-27T07:21:51.5816269Z   [187b0558] + ConstructionBase v1.6.0
2025-08-27T07:21:51.5816694Z   [d38c429a] + Contour v0.6.3
2025-08-27T07:21:51.5817068Z   [9a962f9c] + DataAPI v1.16.0
2025-08-27T07:21:51.5817557Z ⌅ [864edb3b] + DataStructures v0.18.22
2025-08-27T07:21:51.5818015Z   [e2d170a0] + DataValueInterfaces v1.0.0
2025-08-27T07:21:51.5818603Z ⌅ [927a84f5] + DelaunayTriangulation v0.8.12
2025-08-27T07:21:51.5819071Z   [163ba53b] + DiffResults v1.1.0
2025-08-27T07:21:51.5819475Z   [b552c78f] + DiffRules v1.15.1
2025-08-27T07:21:51.5819907Z   [a0c0ee7d] + DifferentiationInterface v0.7.7
2025-08-27T07:21:51.5820390Z   [31c24e10] + Distributions v0.25.120
2025-08-27T07:21:51.5820833Z   [ffbed154] + DocStringExtensions v0.9.5
2025-08-27T07:21:51.5821263Z   [4e289a0a] + EnumX v1.0.5
2025-08-27T07:21:51.5821647Z   [429591f6] + ExactPredicates v2.2.8
2025-08-27T07:21:51.5822049Z   [411431e0] + Extents v0.1.6
2025-08-27T07:21:51.5822420Z   [7a1cc6ca] + FFTW v1.9.0
2025-08-27T07:21:51.5822792Z   [5789e2e9] + FileIO v1.17.0
2025-08-27T07:21:51.5823630Z   [1a297f60] + FillArrays v1.13.0
2025-08-27T07:21:51.5824033Z   [6a86dc24] + FiniteDiff v2.28.1
2025-08-27T07:21:51.5824450Z   [53c48c17] + FixedPointNumbers v0.8.5
2025-08-27T07:21:51.5825040Z   [59287772] + Formatting v0.4.3
2025-08-27T07:21:51.5825437Z   [f6369f11] + ForwardDiff v1.1.0
2025-08-27T07:21:51.5825826Z   [b38be410] + FreeType v4.1.1
2025-08-27T07:21:51.5826443Z   [663a7486] + FreeTypeAbstraction v0.10.8
2025-08-27T07:21:51.5826911Z   [68eda718] + GeoFormatTypes v0.4.4
2025-08-27T07:21:51.5827433Z ⌃ [cf35fbd7] + GeoInterface v1.4.1
2025-08-27T07:21:51.5827944Z ⌅ [5c1252a2] + GeometryBasics v0.4.11
2025-08-27T07:21:51.5828372Z   [a2bd30eb] + Graphics v1.1.3
2025-08-27T07:21:51.5828845Z ⌅ [3955a311] + GridLayoutBase v0.9.2
2025-08-27T07:21:51.5829249Z   [42e2da0e] + Grisu v1.0.2
2025-08-27T07:21:51.5829651Z   [34004b35] + HypergeometricFunctions v0.3.28
2025-08-27T07:21:51.5830120Z   [2803e5a7] + ImageAxes v0.6.12
2025-08-27T07:21:51.5830500Z   [c817782e] + ImageBase v0.1.7
2025-08-27T07:21:51.5830904Z   [a09fc81d] + ImageCore v0.10.5
2025-08-27T07:21:51.5831290Z   [82e4d734] + ImageIO v0.6.9
2025-08-27T07:21:51.5831705Z   [bc367c6b] + ImageMetadata v0.9.10
2025-08-27T07:21:51.5832123Z   [9b13fd28] + IndirectArrays v1.0.0
2025-08-27T07:21:51.5832534Z   [d25df0c9] + Inflate v0.1.5
2025-08-27T07:21:51.5832922Z   [18e54dd8] + IntegerMathUtils v0.1.3
2025-08-27T07:21:51.5833371Z   [a98d9a8b] + Interpolations v0.16.2
2025-08-27T07:21:51.5833904Z ⌅ [d1acc4aa] + IntervalArithmetic v0.22.36
2025-08-27T07:21:51.5834352Z   [8197267c] + IntervalSets v0.7.11
2025-08-27T07:21:51.5835034Z   [92d709cd] + IrrationalConstants v0.2.4
2025-08-27T07:21:51.5835483Z   [f1662d9f] + Isoband v0.1.1
2025-08-27T07:21:51.5835860Z   [c8e1da08] + IterTools v1.10.0
2025-08-27T07:21:51.5836312Z   [82899510] + IteratorInterfaceExtensions v1.0.0
2025-08-27T07:21:51.5836797Z   [692b3bcd] + JLLWrappers v1.7.1
2025-08-27T07:21:51.5837193Z   [682c06a0] + JSON v0.21.4
2025-08-27T07:21:51.5837554Z   [b835a17e] + JpegTurbo v0.1.6
2025-08-27T07:21:51.5837957Z   [5ab0869b] + KernelDensity v0.6.10
2025-08-27T07:21:51.5838387Z   [b964fa9f] + LaTeXStrings v1.4.0
2025-08-27T07:21:51.5838794Z   [8cdb02fc] + LazyModules v0.3.1
2025-08-27T07:21:51.5839189Z   [9c8b4983] + LightXML v0.9.2
2025-08-27T07:21:51.5839565Z   [d3d80556] + LineSearches v7.4.0
2025-08-27T07:21:51.5839976Z   [9b3f67b0] + LinearAlgebraX v0.2.10
2025-08-27T07:21:51.5840425Z   [2ab3a3ac] + LogExpFunctions v0.3.29
2025-08-27T07:21:51.5840846Z   [1914dd2f] + MacroTools v0.5.16
2025-08-27T07:21:51.5841317Z ⌅ [ee78f7c6] + Makie v0.19.12
2025-08-27T07:21:51.5841752Z ⌅ [20f20a25] + MakieCore v0.6.9
2025-08-27T07:21:51.5842143Z   [dbb5928d] + MappedArrays v0.4.2
2025-08-27T07:21:51.5842633Z ⌅ [0a4f8689] + MathTeXEngine v0.5.7
2025-08-27T07:21:51.5843030Z   [e1d29d7a] + Missings v1.2.0
2025-08-27T07:21:51.5843405Z   [7475f97c] + Mods v2.2.6
2025-08-27T07:21:51.5843767Z   [e94cdb99] + MosaicViews v0.3.4
2025-08-27T07:21:51.5844156Z   [3b2b4ff1] + Multisets v0.4.5
2025-08-27T07:21:51.5844693Z   [d41bc354] + NLSolversBase v7.10.0
2025-08-27T07:21:51.5845104Z   [77ba4419] + NaNMath v1.1.3
2025-08-27T07:21:51.5845480Z   [f09324ee] + Netpbm v1.1.1
2025-08-27T07:21:51.5845864Z   [6fe1bfb0] + OffsetArrays v1.17.0
2025-08-27T07:21:51.5846263Z   [52e1d378] + OpenEXR v0.3.3
2025-08-27T07:21:51.5846634Z   [429524aa] + Optim v1.13.2
2025-08-27T07:21:51.5847034Z   [bac558e1] + OrderedCollections v1.8.1
2025-08-27T07:21:51.5847474Z   [90014a1f] + PDMats v0.11.35
2025-08-27T07:21:51.5847860Z   [f57f5aa1] + PNGFiles v0.4.4
2025-08-27T07:21:51.5848228Z   [19eb6ba3] + Packing v0.5.1
2025-08-27T07:21:51.5848620Z   [5432bcbf] + PaddedViews v0.5.12
2025-08-27T07:21:51.5849022Z   [d96e819e] + Parameters v0.12.3
2025-08-27T07:21:51.5849419Z   [69de0a69] + Parsers v2.8.3
2025-08-27T07:21:51.5849805Z   [2ae35dd2] + Permutations v0.4.23
2025-08-27T07:21:51.5850208Z   [3bbf5609] + PikaParser v0.6.1
2025-08-27T07:21:51.5850625Z   [eebad327] + PkgVersion v0.3.3
2025-08-27T07:21:51.5851019Z   [995b91a9] + PlotUtils v1.4.3
2025-08-27T07:21:51.5851625Z   [647866c9] + PolygonOps v0.1.2
2025-08-27T07:21:51.5852123Z ⌃ [f27b6e38] + Polynomials v4.0.21
2025-08-27T07:21:51.5852569Z   [85a6dd25] + PositiveFactorizations v0.2.4
2025-08-27T07:21:51.5853038Z   [27ebfcd6] + Primes v0.5.7
2025-08-27T07:21:51.5853430Z   [92933f4c] + ProgressMeter v1.11.0
2025-08-27T07:21:51.5853887Z   [43287f4e] + PtrArrays v1.3.0
2025-08-27T07:21:51.5854442Z   [4b34888f] + QOI v1.0.1
2025-08-27T07:21:51.5854973Z   [1fd47b50] + QuadGK v2.11.2
2025-08-27T07:21:51.5855352Z   [b3c3ace0] + RangeArrays v0.3.2
2025-08-27T07:21:51.5855748Z   [c84ed2f1] + Ratios v0.4.5
2025-08-27T07:21:51.5856117Z   [3cdcf5f2] + RecipesBase v1.3.4
2025-08-27T07:21:51.5856521Z   [189a3867] + Reexport v1.2.2
2025-08-27T07:21:51.5856923Z   [05181044] + RelocatableFolders v1.0.1
2025-08-27T07:21:51.5857346Z   [ae029012] + Requires v1.3.1
2025-08-27T07:21:51.5857716Z   [286e9d63] + RingLists v0.2.9
2025-08-27T07:21:51.5858094Z   [79098fc4] + Rmath v0.8.0
2025-08-27T07:21:51.5858496Z   [5eaf0fd0] + RoundingEmulator v0.2.1
2025-08-27T07:21:51.5858917Z   [fdea26ae] + SIMD v3.7.1
2025-08-27T07:21:51.5859268Z   [6c6a2e73] + Scratch v1.3.0
2025-08-27T07:21:51.5859643Z   [efcf1570] + Setfield v1.1.2
2025-08-27T07:21:51.5860179Z ⌅ [65257c39] + ShaderAbstractions v0.4.1
2025-08-27T07:21:51.5860611Z   [992d4aef] + Showoff v1.0.3
2025-08-27T07:21:51.5861016Z   [73760f76] + SignedDistanceFields v0.4.0
2025-08-27T07:21:51.5861472Z   [55797a34] + SimpleGraphs v0.8.7
2025-08-27T07:21:51.5861901Z   [ec83eff0] + SimplePartitions v0.3.3
2025-08-27T07:21:51.5862350Z   [cc47b68c] + SimplePolynomials v0.2.18
2025-08-27T07:21:51.5862791Z   [a6525b86] + SimpleRandom v0.3.2
2025-08-27T07:21:51.5863191Z   [699a6c99] + SimpleTraits v0.9.5
2025-08-27T07:21:51.5863582Z   [45858cf5] + Sixel v0.1.5
2025-08-27T07:21:51.5863971Z   [a2af1166] + SortingAlgorithms v1.2.2
2025-08-27T07:21:51.5864414Z   [276daf66] + SpecialFunctions v2.5.1
2025-08-27T07:21:51.5865103Z ⌅ [c5dd0088] + StableHashTraits v1.3.4
2025-08-27T07:21:51.5865561Z   [860ef19b] + StableRNGs v1.0.3
2025-08-27T07:21:51.5865970Z   [cae243ae] + StackViews v0.1.2
2025-08-27T07:21:51.5866363Z   [82ae8749] + StatsAPI v1.7.1
2025-08-27T07:21:51.5866733Z   [2913bbd2] + StatsBase v0.34.6
2025-08-27T07:21:51.5867120Z   [4c63d2b9] + StatsFuns v1.5.0
2025-08-27T07:21:51.5867581Z ⌅ [09ab397b] + StructArrays v0.6.21
2025-08-27T07:21:51.5867962Z   [856f2bd8] + StructTypes v1.11.0
2025-08-27T07:21:51.5868356Z   [3783bdb8] + TableTraits v1.0.1
2025-08-27T07:21:51.5868726Z   [bd369af6] + Tables v1.12.1
2025-08-27T07:21:51.5869094Z   [62fd8b95] + TensorCore v0.1.1
2025-08-27T07:21:51.5869472Z   [731e570b] + TiffImages v0.11.6
2025-08-27T07:21:51.5869864Z   [3bb67fe8] + TranscodingStreams v0.11.3
2025-08-27T07:21:51.5870290Z   [981d1d27] + TriplotBase v0.1.0
2025-08-27T07:21:51.5870660Z   [9d95972d] + TupleTools v1.6.0
2025-08-27T07:21:51.5871036Z   [3a884ed6] + UnPack v1.0.2
2025-08-27T07:21:51.5871397Z   [1cfade01] + UnicodeFun v0.4.1
2025-08-27T07:21:51.5871793Z   [ecbed89c] + WeakKeyIdDicts v0.1.0
2025-08-27T07:21:51.5872190Z   [e3aaa7dc] + WebP v0.1.3
2025-08-27T07:21:51.5872549Z   [efce3f68] + WoodburyMatrices v1.0.0
2025-08-27T07:21:51.5872963Z   [6e34b625] + Bzip2_jll v1.0.9+0
2025-08-27T07:21:51.5873341Z   [4e9b3aee] + CRlibm_jll v1.0.1+0
2025-08-27T07:21:51.5873719Z   [83423d85] + Cairo_jll v1.18.5+0
2025-08-27T07:21:51.5874101Z   [5ae413db] + EarCut_jll v2.2.4+0
2025-08-27T07:21:51.5874648Z   [2e619515] + Expat_jll v2.7.1+0
2025-08-27T07:21:51.5875046Z   [b22a6f82] + FFMPEG_jll v7.1.1+0
2025-08-27T07:21:51.5875430Z   [f5851436] + FFTW_jll v3.3.11+0
2025-08-27T07:21:51.5875829Z   [a3f928ae] + Fontconfig_jll v2.17.1+0
2025-08-27T07:21:51.5876248Z   [d7e528f0] + FreeType2_jll v2.13.4+0
2025-08-27T07:21:51.5876645Z   [559328eb] + FriBidi_jll v1.0.17+0
2025-08-27T07:21:51.5877051Z   [b0724c58] + GettextRuntime_jll v0.22.4+0
2025-08-27T07:21:51.5877476Z   [59f7168a] + Giflib_jll v5.2.3+0
2025-08-27T07:21:51.5877848Z   [7746bdde] + Glib_jll v2.84.3+0
2025-08-27T07:21:51.5878458Z   [3b182d85] + Graphite2_jll v1.3.15+0
2025-08-27T07:21:51.5878863Z   [2e76f6c2] + HarfBuzz_jll v8.5.1+0
2025-08-27T07:21:51.5879247Z   [905a6f67] + Imath_jll v3.1.11+0
2025-08-27T07:21:51.5879652Z   [1d5cc7b8] + IntelOpenMP_jll v2025.2.0+0
2025-08-27T07:21:51.5880074Z   [aacddb02] + JpegTurbo_jll v3.1.2+0
2025-08-27T07:21:51.5880478Z   [c1c5ebd0] + LAME_jll v3.100.3+0
2025-08-27T07:21:51.5881013Z   [88015f11] + LERC_jll v4.0.1+0
2025-08-27T07:21:51.5881400Z   [1d63c593] + LLVMOpenMP_jll v18.1.8+0
2025-08-27T07:21:51.5881811Z   [dd4b983a] + LZO_jll v2.10.3+0
2025-08-27T07:21:51.5882184Z   [e9f186c6] + Libffi_jll v3.4.7+0
2025-08-27T07:21:51.5882568Z   [7e76a0d4] + Libglvnd_jll v1.7.1+1
2025-08-27T07:21:51.5882963Z   [94ce4f54] + Libiconv_jll v1.18.0+0
2025-08-27T07:21:51.5883356Z   [4b2f31a3] + Libmount_jll v2.41.1+0
2025-08-27T07:21:51.5883746Z   [89763e89] + Libtiff_jll v4.7.1+0
2025-08-27T07:21:51.5884133Z   [38a345b3] + Libuuid_jll v2.41.1+0
2025-08-27T07:21:51.5884662Z   [856f044c] + MKL_jll v2025.2.0+0
2025-08-27T07:21:51.5885053Z   [e7412a2a] + Ogg_jll v1.3.6+0
2025-08-27T07:21:51.5885484Z   [6cdc7f73] + OpenBLASConsistentFPCSR_jll v0.3.29+0
2025-08-27T07:21:51.5885965Z   [18a262bb] + OpenEXR_jll v3.2.4+0
2025-08-27T07:21:51.5886354Z   [458c3c95] + OpenSSL_jll v3.5.2+0
2025-08-27T07:21:51.5886742Z   [efe28fd5] + OpenSpecFun_jll v0.5.6+0
2025-08-27T07:21:51.5887156Z   [91d4177d] + Opus_jll v1.5.2+0
2025-08-27T07:21:51.5887523Z   [36c8627f] + Pango_jll v1.56.3+0
2025-08-27T07:21:51.5888007Z ⌅ [30392449] + Pixman_jll v0.44.2+0
2025-08-27T07:21:51.5888395Z   [f50d1b31] + Rmath_jll v0.5.1+0
2025-08-27T07:21:51.5888762Z   [02c8fc9c] + XML2_jll v2.14.4+0
2025-08-27T07:21:51.5889141Z   [ffd25f8a] + XZ_jll v5.8.1+0
2025-08-27T07:21:51.5889511Z   [4f6342f7] + Xorg_libX11_jll v1.8.12+0
2025-08-27T07:21:51.5889932Z   [0c0b7dd1] + Xorg_libXau_jll v1.0.13+0
2025-08-27T07:21:51.5890382Z   [a3789734] + Xorg_libXdmcp_jll v1.1.6+0
2025-08-27T07:21:51.5890850Z   [1082639a] + Xorg_libXext_jll v1.3.7+0
2025-08-27T07:21:51.5891295Z   [ea2f1a96] + Xorg_libXrender_jll v0.9.12+0
2025-08-27T07:21:51.5891733Z   [c7cfdc94] + Xorg_libxcb_jll v1.17.1+0
2025-08-27T07:21:51.5892135Z   [c5fb5394] + Xorg_xtrans_jll v1.6.0+0
2025-08-27T07:21:51.5892539Z   [3161d3a3] + Zstd_jll v1.5.7+1
2025-08-27T07:21:51.5892909Z   [9a68df92] + isoband_jll v0.2.3+0
2025-08-27T07:21:51.5893287Z   [a4ae2306] + libaom_jll v3.12.1+0
2025-08-27T07:21:51.5893687Z   [0ac62f75] + libass_jll v0.17.4+0
2025-08-27T07:21:51.5894069Z   [f638f0a6] + libfdk_aac_jll v2.0.4+0
2025-08-27T07:21:51.5894648Z   [b53b4c65] + libpng_jll v1.6.50+0
2025-08-27T07:21:51.5895056Z   [075b6546] + libsixel_jll v1.10.5+0
2025-08-27T07:21:51.5895449Z   [f27f6e37] + libvorbis_jll v1.3.8+0
2025-08-27T07:21:51.5895848Z   [c5f90fcd] + libwebp_jll v1.6.0+0
2025-08-27T07:21:51.5896230Z   [1317d2d5] + oneTBB_jll v2022.0.0+0
2025-08-27T07:21:51.5896618Z   [1270edf5] + x264_jll v10164.0.1+0
2025-08-27T07:21:51.5897001Z   [dfaa095f] + x265_jll v4.1.0+0
2025-08-27T07:21:51.5897377Z   [0dad84c5] + ArgTools v1.1.1
2025-08-27T07:21:51.5897732Z   [2a0f44e3] + Base64
2025-08-27T07:21:51.5898036Z   [8bf52ea8] + CRC32c
2025-08-27T07:21:51.5898353Z   [8ba89e20] + Distributed
2025-08-27T07:21:51.5898713Z   [f43a241f] + Downloads v1.6.0
2025-08-27T07:21:51.5899069Z   [7b1f6079] + FileWatching
2025-08-27T07:21:51.5899412Z   [9fa8497b] + Future
2025-08-27T07:21:51.5899722Z   [b77e0a4c] + InteractiveUtils
2025-08-27T07:21:51.5900094Z   [4af54fe1] + LazyArtifacts
2025-08-27T07:21:51.5900450Z   [b27032c2] + LibCURL v0.6.4
2025-08-27T07:21:51.5900784Z   [76f85450] + LibGit2
2025-08-27T07:21:51.5901094Z   [d6f4376e] + Markdown
2025-08-27T07:21:51.5901409Z   [a63ad114] + Mmap
2025-08-27T07:21:51.5901729Z   [ca575930] + NetworkOptions v1.2.0
2025-08-27T07:21:51.5902121Z   [44cfe95a] + Pkg v1.10.0
2025-08-27T07:21:51.5902449Z   [3fa0cd96] + REPL
2025-08-27T07:21:51.5902756Z   [9e88b42a] + Serialization
2025-08-27T07:21:51.5903110Z   [1a1011a3] + SharedArrays
2025-08-27T07:21:51.5903440Z   [6462fe0b] + Sockets
2025-08-27T07:21:51.5904009Z   [2f01184e] + SparseArrays v1.10.0
2025-08-27T07:21:51.5904390Z   [10745b16] + Statistics v1.10.0
2025-08-27T07:21:51.5904926Z   [4607b0f0] + SuiteSparse
2025-08-27T07:21:51.5905261Z   [a4e569a6] + Tar v1.10.0
2025-08-27T07:21:51.5905585Z   [8dfed614] + Test
2025-08-27T07:21:51.5905879Z   [cf7118a7] + UUIDs
2025-08-27T07:21:51.5906197Z   [deac9b47] + LibCURL_jll v8.4.0+0
2025-08-27T07:21:51.5906753Z   [e37daf67] + LibGit2_jll v1.6.4+0
2025-08-27T07:21:51.5907155Z   [29816b5a] + LibSSH2_jll v1.11.0+1
2025-08-27T07:21:51.5907530Z   [c8ffd9c3] + MbedTLS_jll v2.28.2+1
2025-08-27T07:21:51.5907951Z   [14a3606d] + MozillaCACerts_jll v2023.1.10
2025-08-27T07:21:51.5908377Z   [05823500] + OpenLibm_jll v0.8.5+0
2025-08-27T07:21:51.5908797Z   [efcefdf7] + PCRE2_jll v10.42.0+1
2025-08-27T07:21:51.5909224Z   [bea87d4a] + SuiteSparse_jll v7.2.1+1
2025-08-27T07:21:51.5909633Z   [83775a58] + Zlib_jll v1.2.13+1
2025-08-27T07:21:51.5910021Z   [8e850ede] + nghttp2_jll v1.52.0+1
2025-08-27T07:21:51.5910380Z   [3f19e933] + p7zip_jll v17.4.0+2
2025-08-27T07:21:51.5911822Z         Info Packages marked with ⌃ and ⌅ have new versions available. Those with ⌃ may be upgradable, but those with ⌅ are restricted by compatibility constraints from upgrading. To see why use `status --outdated -m`
2025-08-27T07:21:52.8282492Z Precompiling packages...
2025-08-27T07:21:53.6477730Z     596.2 ms  ✓ RangeArrays
2025-08-27T07:21:53.7882178Z     746.9 ms  ✓ AbstractFFTs
2025-08-27T07:21:54.1489112Z     502.8 ms  ✓ LaTeXStrings
2025-08-27T07:21:54.1807461Z    1140.4 ms  ✓ StructTypes
2025-08-27T07:21:54.3269814Z    1493.4 ms  ✓ Combinatorics
2025-08-27T07:21:54.4026747Z     612.4 ms  ✓ PositiveFactorizations
2025-08-27T07:21:54.5470509Z     397.7 ms  ✓ IndirectArrays
2025-08-27T07:21:54.6143850Z     436.4 ms  ✓ PolygonOps
2025-08-27T07:21:54.9304752Z     602.6 ms  ✓ IteratorInterfaceExtensions
2025-08-27T07:21:55.0931448Z     478.4 ms  ✓ StatsAPI
2025-08-27T07:21:55.0936031Z     545.8 ms  ✓ GeoFormatTypes
2025-08-27T07:21:55.0985526Z     695.2 ms  ✓ TensorCore
2025-08-27T07:21:55.3944730Z     463.1 ms  ✓ AbstractLattices
2025-08-27T07:21:55.6407162Z     538.4 ms  ✓ CEnum
2025-08-27T07:21:55.7092702Z     613.1 ms  ✓ Contour
2025-08-27T07:21:55.9104441Z     816.9 ms  ✓ ADTypes
2025-08-27T07:21:56.3656272Z     726.8 ms  ✓ TriplotBase
2025-08-27T07:21:56.5496888Z     840.1 ms  ✓ UnPack
2025-08-27T07:21:56.9316635Z    1536.9 ms  ✓ OffsetArrays
2025-08-27T07:21:57.2035182Z     651.6 ms  ✓ CompilerSupportLibraries_jll
2025-08-27T07:21:57.2141507Z     846.1 ms  ✓ IntegerMathUtils
2025-08-27T07:21:57.4022494Z    1486.7 ms  ✓ FillArrays
2025-08-27T07:21:57.9750768Z    1038.9 ms  ✓ IterTools
2025-08-27T07:21:57.9819568Z     779.9 ms  ✓ PkgVersion
2025-08-27T07:21:58.0226608Z    4981.6 ms  ✓ BaseDirs
2025-08-27T07:21:58.2966353Z     895.8 ms  ✓ Grisu
2025-08-27T07:21:58.7814736Z     479.7 ms  ✓ DataValueInterfaces
2025-08-27T07:21:58.7819280Z     806.0 ms  ✓ Compat
2025-08-27T07:21:58.8303742Z     805.7 ms  ✓ Requires
2025-08-27T07:21:58.8689967Z     886.5 ms  ✓ OrderedCollections
2025-08-27T07:21:59.3318139Z     544.7 ms  ✓ StableRNGs
2025-08-27T07:21:59.3628213Z     581.5 ms  ✓ EnumX
2025-08-27T07:21:59.5213887Z     692.4 ms  ✓ Reexport
2025-08-27T07:21:59.6104256Z     738.7 ms  ✓ DocStringExtensions
2025-08-27T07:22:00.3536155Z     829.0 ms  ✓ IntervalSets
2025-08-27T07:22:00.4467448Z    1112.1 ms  ✓ AbstractTrees
2025-08-27T07:22:00.5908014Z     981.8 ms  ✓ RoundingEmulator
2025-08-27T07:22:00.8435064Z    3630.7 ms  ✓ MacroTools
2025-08-27T07:22:01.1452076Z    1783.6 ms  ✓ IrrationalConstants
2025-08-27T07:22:01.2787174Z     434.9 ms  ✓ PtrArrays
2025-08-27T07:22:01.4025968Z     810.0 ms  ✓ Extents
2025-08-27T07:22:01.4641349Z    1111.7 ms  ✓ ProgressMeter
2025-08-27T07:22:01.7797844Z    1337.1 ms  ✓ Formatting
2025-08-27T07:22:02.0155577Z     734.4 ms  ✓ TranscodingStreams
2025-08-27T07:22:02.0296013Z     566.8 ms  ✓ LazyModules
2025-08-27T07:22:02.0693196Z     663.2 ms  ✓ NaNMath
2025-08-27T07:22:02.4979887Z     465.9 ms  ✓ RingLists
2025-08-27T07:22:02.6648653Z     884.0 ms  ✓ MakieCore
2025-08-27T07:22:02.6783470Z     606.4 ms  ✓ Inflate
2025-08-27T07:22:02.7551987Z    1609.8 ms  ✓ UnicodeFun
2025-08-27T07:22:02.7646348Z     748.4 ms  ✓ Multisets
2025-08-27T07:22:03.1036315Z     604.2 ms  ✓ ConstructionBase
2025-08-27T07:22:03.1685615Z     491.5 ms  ✓ DataAPI
2025-08-27T07:22:03.2124318Z     543.0 ms  ✓ Mods
2025-08-27T07:22:03.2556134Z     499.5 ms  ✓ Scratch
2025-08-27T07:22:03.4633302Z     700.7 ms  ✓ TupleTools
2025-08-27T07:22:03.6222205Z     521.1 ms  ✓ MappedArrays
2025-08-27T07:22:03.7204830Z     551.5 ms  ✓ WeakKeyIdDicts
2025-08-27T07:22:03.9146771Z     703.8 ms  ✓ JLLWrappers
2025-08-27T07:22:03.9202377Z     659.9 ms  ✓ SuiteSparse
2025-08-27T07:22:04.4202012Z     796.0 ms  ✓ WoodburyMatrices
2025-08-27T07:22:04.6306166Z    1161.9 ms  ✓ Statistics
2025-08-27T07:22:04.9751021Z     552.6 ms  ✓ DiffResults
2025-08-27T07:22:05.8456756Z     871.0 ms  ✓ Permutations
2025-08-27T07:22:05.9008173Z    2177.1 ms  ✓ RecipesBase
2025-08-27T07:22:06.3223859Z    1691.5 ms  ✓ AbstractFFTs → AbstractFFTsTestExt
2025-08-27T07:22:06.3923125Z     546.4 ms  ✓ TableTraits
2025-08-27T07:22:07.0075115Z     683.7 ms  ✓ StackViews
2025-08-27T07:22:07.0583948Z     659.1 ms  ✓ PaddedViews
2025-08-27T07:22:07.4950088Z    1592.4 ms  ✓ DifferentiationInterface
2025-08-27T07:22:07.8930654Z     836.2 ms  ✓ FillArrays → FillArraysSparseArraysExt
2025-08-27T07:22:07.9312848Z     918.2 ms  ✓ Primes
2025-08-27T07:22:08.0946739Z     600.8 ms  ✓ Showoff
2025-08-27T07:22:08.4266303Z     529.0 ms  ✓ Compat → CompatLinearAlgebraExt
2025-08-27T07:22:08.4414393Z     511.6 ms  ✓ Ratios
2025-08-27T07:22:08.8214807Z     724.9 ms  ✓ Adapt
2025-08-27T07:22:08.9875060Z     543.6 ms  ✓ Parameters
2025-08-27T07:22:09.6761356Z     690.1 ms  ✓ IntervalSets → IntervalSetsRandomExt
2025-08-27T07:22:10.0189434Z    1198.9 ms  ✓ PikaParser
2025-08-27T07:22:10.3389017Z     662.5 ms  ✓ CommonSubexpressions
2025-08-27T07:22:10.9756187Z     952.8 ms  ✓ SimpleTraits
2025-08-27T07:22:11.3338357Z     992.5 ms  ✓ LogExpFunctions
2025-08-27T07:22:11.8829142Z     905.4 ms  ✓ AliasTables
2025-08-27T07:22:11.9712056Z     634.6 ms  ✓ ConstructionBase → ConstructionBaseLinearAlgebraExt
2025-08-27T07:22:12.8148174Z     845.0 ms  ✓ Missings
2025-08-27T07:22:13.3991593Z     580.4 ms  ✓ RelocatableFolders
2025-08-27T07:22:13.7320528Z    1850.0 ms  ✓ GeoInterface
2025-08-27T07:22:13.7396410Z    5313.0 ms  ✓ FileIO
2025-08-27T07:22:14.1916160Z     789.8 ms  ✓ OpenSSL_jll
2025-08-27T07:22:14.5642293Z     819.7 ms  ✓ Libmount_jll
2025-08-27T07:22:14.6213112Z     886.8 ms  ✓ Graphite2_jll
2025-08-27T07:22:14.9966368Z     803.6 ms  ✓ LLVMOpenMP_jll
2025-08-27T07:22:15.3622633Z     799.5 ms  ✓ Bzip2_jll
2025-08-27T07:22:15.4842811Z     864.4 ms  ✓ Rmath_jll
2025-08-27T07:22:15.9049683Z     907.7 ms  ✓ Xorg_libXau_jll
2025-08-27T07:22:16.4786241Z    1114.3 ms  ✓ libpng_jll
2025-08-27T07:22:16.7369191Z    1250.8 ms  ✓ libfdk_aac_jll
2025-08-27T07:22:16.7776152Z     873.7 ms  ✓ Imath_jll
2025-08-27T07:22:17.4061829Z     929.2 ms  ✓ IntelOpenMP_jll
2025-08-27T07:22:17.7088615Z     973.5 ms  ✓ Giflib_jll
2025-08-27T07:22:18.0872536Z    1309.6 ms  ✓ LAME_jll
2025-08-27T07:22:18.1592192Z     752.8 ms  ✓ LERC_jll
2025-08-27T07:22:18.3395908Z     627.9 ms  ✓ EarCut_jll
2025-08-27T07:22:18.5769420Z   14658.0 ms  ✓ SIMD
2025-08-27T07:22:19.0339070Z     872.1 ms  ✓ JpegTurbo_jll
2025-08-27T07:22:19.0763943Z     987.3 ms  ✓ CRlibm_jll
2025-08-27T07:22:19.4218839Z     844.5 ms  ✓ Ogg_jll
2025-08-27T07:22:19.4659648Z    1128.0 ms  ✓ XZ_jll
2025-08-27T07:22:19.8774777Z     802.5 ms  ✓ Xorg_libXdmcp_jll
2025-08-27T07:22:20.1086246Z    1069.3 ms  ✓ oneTBB_jll
2025-08-27T07:22:20.2782662Z     810.3 ms  ✓ x264_jll
2025-08-27T07:22:20.5294362Z    1106.7 ms  ✓ x265_jll
2025-08-27T07:22:20.7691594Z     887.3 ms  ✓ libaom_jll
2025-08-27T07:22:21.1199944Z     839.9 ms  ✓ Expat_jll
2025-08-27T07:22:21.1245618Z    1019.2 ms  ✓ Zstd_jll
2025-08-27T07:22:21.3357300Z     802.9 ms  ✓ LZO_jll
2025-08-27T07:22:21.5845073Z     816.7 ms  ✓ Opus_jll
2025-08-27T07:22:21.8996510Z     781.1 ms  ✓ Xorg_xtrans_jll
2025-08-27T07:22:22.1827919Z    1059.4 ms  ✓ Libiconv_jll
2025-08-27T07:22:22.2663799Z     926.1 ms  ✓ Libffi_jll
2025-08-27T07:22:22.3547500Z     770.1 ms  ✓ isoband_jll
2025-08-27T07:22:22.8071611Z     899.3 ms  ✓ FFTW_jll
2025-08-27T07:22:23.1069255Z     922.2 ms  ✓ Libuuid_jll
2025-08-27T07:22:23.2645655Z     907.7 ms  ✓ OpenBLASConsistentFPCSR_jll
2025-08-27T07:22:23.2647006Z     997.8 ms  ✓ FriBidi_jll
2025-08-27T07:22:23.6308858Z     823.5 ms  ✓ OpenSpecFun_jll
2025-08-27T07:22:24.2277017Z     958.0 ms  ✓ SignedDistanceFields
2025-08-27T07:22:24.2476162Z     982.3 ms  ✓ AxisAlgorithms
2025-08-27T07:22:24.8214123Z    1711.5 ms  ✓ PDMats
2025-08-27T07:22:25.2115187Z   21296.1 ms  ✓ Parsers
2025-08-27T07:22:25.3832943Z    1156.9 ms  ✓ StaticArrays → StaticArraysStatisticsExt
2025-08-27T07:22:25.5138256Z     693.8 ms  ✓ MosaicViews
2025-08-27T07:22:25.6061795Z    1355.1 ms  ✓ Tables
2025-08-27T07:22:26.2474190Z     863.8 ms  ✓ DifferentiationInterface → DifferentiationInterfaceSparseArraysExt
2025-08-27T07:22:26.2549890Z    1038.1 ms  ✓ DifferentiationInterface → DifferentiationInterfaceStaticArraysExt
2025-08-27T07:22:26.4557976Z     936.3 ms  ✓ FillArrays → FillArraysStatisticsExt
2025-08-27T07:22:27.1752015Z     921.4 ms  ✓ Adapt → AdaptStaticArraysExt
2025-08-27T07:22:27.4527297Z     998.9 ms  ✓ Adapt → AdaptSparseArraysExt
2025-08-27T07:22:27.6666138Z    2057.7 ms  ✓ ChainRulesCore
2025-08-27T07:22:28.0076440Z     553.1 ms  ✓ OffsetArrays → OffsetArraysAdaptExt
2025-08-27T07:22:28.1292391Z    4499.6 ms  ✓ FixedPointNumbers
2025-08-27T07:22:28.1376216Z     960.9 ms  ✓ ArrayInterface
2025-08-27T07:22:28.7206560Z    1054.3 ms  ✓ AxisArrays
2025-08-27T07:22:28.8101061Z     677.8 ms  ✓ IntervalSets → IntervalSetsRecipesBaseExt
2025-08-27T07:22:28.8414454Z     833.2 ms  ✓ IntervalSets → IntervalSetsStatisticsExt
2025-08-27T07:22:28.9662712Z     826.6 ms  ✓ ConstructionBase → ConstructionBaseStaticArraysExt
2025-08-27T07:22:29.0636214Z    2811.4 ms  ✓ DataStructures
2025-08-27T07:22:29.3905435Z     550.3 ms  ✓ ConstructionBase → ConstructionBaseIntervalSetsExt
2025-08-27T07:22:29.3972429Z     586.0 ms  ✓ ADTypes → ADTypesConstructionBaseExt
2025-08-27T07:22:29.6162686Z     649.8 ms  ✓ Pixman_jll
2025-08-27T07:22:29.7846422Z     721.8 ms  ✓ FreeType2_jll
2025-08-27T07:22:30.2190187Z    1495.3 ms  ✓ Setfield
2025-08-27T07:22:30.3776894Z     981.5 ms  ✓ OpenEXR_jll
2025-08-27T07:22:30.4846166Z     699.8 ms  ✓ libsixel_jll
2025-08-27T07:22:30.6147387Z    1220.3 ms  ✓ Rmath
2025-08-27T07:22:31.1026159Z     724.2 ms  ✓ libvorbis_jll
2025-08-27T07:22:31.2582450Z    1034.8 ms  ✓ CRlibm
2025-08-27T07:22:31.7598210Z     656.5 ms  ✓ Libtiff_jll
2025-08-27T07:22:31.8856692Z     628.7 ms  ✓ XML2_jll
2025-08-27T07:22:32.3433451Z     457.1 ms  ✓ Isoband
2025-08-27T07:22:32.6229399Z     862.2 ms  ✓ GettextRuntime_jll
2025-08-27T07:22:32.7866017Z    2299.6 ms  ✓ Xorg_libxcb_jll
2025-08-27T07:22:33.5377984Z     914.7 ms  ✓ FillArrays → FillArraysPDMatsExt
2025-08-27T07:22:34.7240986Z    1185.4 ms  ✓ StructArrays
2025-08-27T07:22:34.9846642Z    2195.4 ms  ✓ JSON
2025-08-27T07:22:35.8556864Z     871.2 ms  ✓ ChainRulesCore → ChainRulesCoreSparseArraysExt
2025-08-27T07:22:36.4226509Z    4078.2 ms  ✓ SpecialFunctions
2025-08-27T07:22:36.8192212Z     962.9 ms  ✓ StaticArrays → StaticArraysChainRulesCoreExt
2025-08-27T07:22:37.1278750Z     703.3 ms  ✓ AbstractFFTs → AbstractFFTsChainRulesCoreExt
2025-08-27T07:22:37.2808238Z     460.7 ms  ✓ ADTypes → ADTypesChainRulesCoreExt
2025-08-27T07:22:38.3982770Z    3669.4 ms  ✓ StableHashTraits
2025-08-27T07:22:38.7901976Z    8178.4 ms  ✓ MKL_jll
2025-08-27T07:22:38.9852997Z    1858.8 ms  ✓ LogExpFunctions → LogExpFunctionsChainRulesCoreExt
2025-08-27T07:22:39.2080501Z     809.8 ms  ✓ Ratios → RatiosFixedPointNumbersExt
2025-08-27T07:22:39.5716754Z     586.0 ms  ✓ ArrayInterface → ArrayInterfaceChainRulesCoreExt
2025-08-27T07:22:39.7116484Z     920.0 ms  ✓ ArrayInterface → ArrayInterfaceSparseArraysExt
2025-08-27T07:22:39.8031254Z     592.4 ms  ✓ ArrayInterface → ArrayInterfaceStaticArraysCoreExt
2025-08-27T07:22:40.1797360Z     607.1 ms  ✓ SortingAlgorithms
2025-08-27T07:22:40.4247310Z     623.0 ms  ✓ SimplePartitions
2025-08-27T07:22:41.2274749Z    1515.1 ms  ✓ QuadGK
2025-08-27T07:22:41.2726107Z    3987.5 ms  ✓ ColorTypes
2025-08-27T07:22:41.5143996Z    1329.5 ms  ✓ FreeType
2025-08-27T07:22:41.8515065Z    1426.5 ms  ✓ Fontconfig_jll
2025-08-27T07:22:42.4010488Z     886.6 ms  ✓ LightXML
2025-08-27T07:22:43.0099967Z    1153.7 ms  ✓ Glib_jll
2025-08-27T07:22:43.5266938Z    1125.2 ms  ✓ Xorg_libX11_jll
2025-08-27T07:22:43.8798786Z     871.3 ms  ✓ StructArrays → StructArraysLinearAlgebraExt
2025-08-27T07:22:44.8987111Z    1018.5 ms  ✓ DiffRules
2025-08-27T07:22:45.5082052Z    4236.4 ms  ✓ IntervalArithmetic
2025-08-27T07:22:45.5602939Z    2030.8 ms  ✓ HypergeometricFunctions
2025-08-27T07:22:46.3123477Z     798.5 ms  ✓ DifferentiationInterface → DifferentiationInterfaceChainRulesCoreExt
2025-08-27T07:22:48.6656520Z    3766.1 ms  ✓ Interpolations
2025-08-27T07:22:49.3997568Z    3088.8 ms  ✓ SpecialFunctions → SpecialFunctionsChainRulesCoreExt
2025-08-27T07:22:49.7465377Z    1078.4 ms  ✓ FiniteDiff
2025-08-27T07:22:50.4628082Z   20845.2 ms  ✓ Automa
2025-08-27T07:22:51.1512775Z    1406.2 ms  ✓ QOI
2025-08-27T07:22:52.8087394Z    3404.0 ms  ✓ StatsBase
2025-08-27T07:22:55.5326125Z    5065.9 ms  ✓ ColorVectorSpace
2025-08-27T07:22:56.5048863Z     971.3 ms  ✓ Xorg_libXrender_jll
2025-08-27T07:22:57.4454160Z     938.0 ms  ✓ Xorg_libXext_jll
2025-08-27T07:22:58.1500900Z     704.5 ms  ✓ StructArrays → StructArraysAdaptExt
2025-08-27T07:22:59.6216622Z    1471.2 ms  ✓ StructArrays → StructArraysSparseArraysExt
2025-08-27T07:23:01.1289521Z    8320.9 ms  ✓ Colors
2025-08-27T07:23:01.1423922Z    1520.7 ms  ✓ StructArrays → StructArraysStaticArraysExt
2025-08-27T07:23:02.4477563Z    1306.6 ms  ✓ IntervalArithmetic → IntervalArithmeticLinearAlgebraExt
2025-08-27T07:23:04.8215299Z   19262.5 ms  ✓ FFTW
2025-08-27T07:23:05.3316231Z    2881.8 ms  ✓ StatsFuns
2025-08-27T07:23:05.8085836Z     984.6 ms  ✓ FiniteDiff → FiniteDiffSparseArraysExt
2025-08-27T07:23:06.1515150Z     819.7 ms  ✓ FiniteDiff → FiniteDiffStaticArraysExt
2025-08-27T07:23:06.7742410Z     966.9 ms  ✓ DifferentiationInterface → DifferentiationInterfaceFiniteDiffExt
2025-08-27T07:23:06.9016559Z    5771.3 ms  ✓ ForwardDiff
2025-08-27T07:23:07.5449027Z    1393.4 ms  ✓ ColorVectorSpace → SpecialFunctionsExt
2025-08-27T07:23:07.9389715Z    1162.5 ms  ✓ Cairo_jll
2025-08-27T07:23:08.3622439Z    1459.3 ms  ✓ Libglvnd_jll
2025-08-27T07:23:08.9943869Z    1450.8 ms  ✓ Graphics
2025-08-27T07:23:09.3723241Z    1433.6 ms  ✓ Animations
2025-08-27T07:23:10.0035226Z    1638.8 ms  ✓ OpenEXR
2025-08-27T07:23:10.2390032Z    1240.8 ms  ✓ ColorBrewer
2025-08-27T07:23:17.8382831Z    7829.9 ms  ✓ ColorSchemes
2025-08-27T07:23:18.9731686Z    1134.6 ms  ✓ IntervalArithmetic → IntervalArithmeticSparseArraysExt
2025-08-27T07:23:20.9465592Z   10708.9 ms  ✓ GeometryBasics
2025-08-27T07:23:21.8284910Z     879.6 ms  ✓ IntervalArithmetic → IntervalArithmeticIntervalSetsExt
2025-08-27T07:23:22.8605969Z    1033.5 ms  ✓ IntervalArithmetic → IntervalArithmeticRecipesBaseExt
2025-08-27T07:23:23.9587035Z    1095.7 ms  ✓ IntervalArithmetic → IntervalArithmeticDiffRulesExt
2025-08-27T07:23:26.2254109Z    7253.8 ms  ✓ ExactPredicates
2025-08-27T07:23:26.7483782Z    2789.0 ms  ✓ StatsFuns → StatsFunsChainRulesCoreExt
2025-08-27T07:23:27.1556207Z   45926.4 ms  ✓ Polynomials
2025-08-27T07:23:28.2862591Z    1533.3 ms  ✓ ForwardDiff → ForwardDiffStaticArraysExt
2025-08-27T07:23:28.5395947Z    1383.0 ms  ✓ DifferentiationInterface → DifferentiationInterfaceForwardDiffExt
2025-08-27T07:23:29.2455687Z     960.7 ms  ✓ HarfBuzz_jll
2025-08-27T07:23:30.0057660Z    1467.8 ms  ✓ libwebp_jll
2025-08-27T07:23:35.6975929Z    9469.3 ms  ✓ Distributions
2025-08-27T07:23:38.1902680Z    2490.9 ms  ✓ Packing
2025-08-27T07:23:42.3426249Z    4152.3 ms  ✓ ShaderAbstractions
2025-08-27T07:23:44.7724159Z   14764.5 ms  ✓ GridLayoutBase
2025-08-27T07:23:45.7986773Z    1027.1 ms  ✓ IntervalArithmetic → IntervalArithmeticForwardDiffExt
2025-08-27T07:23:46.2242392Z   55068.1 ms  ✓ TiffImages
2025-08-27T07:23:48.0544003Z    5713.0 ms  ✓ FreeTypeAbstraction
2025-08-27T07:23:48.1523484Z    2352.8 ms  ✓ Polynomials → PolynomialsMakieCoreExt
2025-08-27T07:23:48.6039846Z    2381.1 ms  ✓ Polynomials → PolynomialsChainRulesCoreExt
2025-08-27T07:23:50.3707918Z    1762.2 ms  ✓ Interpolations → InterpolationsForwardDiffExt
2025-08-27T07:23:50.6136828Z    2559.0 ms  ✓ Polynomials → PolynomialsFFTWExt
2025-08-27T07:23:50.6984403Z   41325.9 ms  ✓ ImageCore
2025-08-27T07:23:50.8691858Z    2715.9 ms  ✓ SimplePolynomials
2025-08-27T07:23:51.6222777Z    1003.9 ms  ✓ libass_jll
2025-08-27T07:23:51.7780031Z    1077.1 ms  ✓ Pango_jll
2025-08-27T07:23:51.9351768Z    1565.9 ms  ✓ NLSolversBase
2025-08-27T07:23:52.7591071Z    1887.4 ms  ✓ Distributions → DistributionsTestExt
2025-08-27T07:23:53.2314916Z   23985.6 ms  ✓ PlotUtils
2025-08-27T07:23:53.5052493Z    1880.2 ms  ✓ Distributions → DistributionsChainRulesCoreExt
2025-08-27T07:23:53.8022924Z    2023.9 ms  ✓ SimpleRandom
2025-08-27T07:23:56.2851064Z    2779.6 ms  ✓ Sixel
2025-08-27T07:23:56.4565137Z    3697.1 ms  ✓ ImageBase
2025-08-27T07:23:56.9173334Z    3116.5 ms  ✓ JpegTurbo
2025-08-27T07:23:58.3303265Z    1869.5 ms  ✓ LinearAlgebraX
2025-08-27T07:23:58.4566059Z    1535.2 ms  ✓ FFMPEG_jll
2025-08-27T07:23:59.2057456Z    2919.2 ms  ✓ WebP
2025-08-27T07:23:59.9376138Z    7995.0 ms  ✓ MathTeXEngine
2025-08-27T07:24:00.7127927Z    7480.5 ms  ✓ PNGFiles
2025-08-27T07:24:00.7604691Z    2429.4 ms  ✓ Cairo
2025-08-27T07:24:01.0994895Z    2646.6 ms  ✓ LineSearches
2025-08-27T07:24:01.4896979Z    2283.1 ms  ✓ KernelDensity
2025-08-27T07:24:02.0970626Z    2160.2 ms  ✓ ImageAxes
2025-08-27T07:24:03.2129955Z    1115.7 ms  ✓ ImageMetadata
2025-08-27T07:24:03.3905203Z    2290.7 ms  ✓ Optim
2025-08-27T07:24:04.3496246Z    1136.4 ms  ✓ Netpbm
2025-08-27T07:24:04.7959582Z     446.0 ms  ✓ ImageIO
2025-08-27T07:24:05.1289467Z    1738.5 ms  ✓ SimpleGraphs
2025-08-27T07:24:08.1789562Z    3049.9 ms  ✓ DelaunayTriangulation
2025-08-27T07:25:17.4945035Z   69315.4 ms  ✓ Makie
2025-08-27T07:25:42.8680784Z   25373.5 ms  ✓ CairoMakie
2025-08-27T07:25:42.8741908Z   271 dependencies successfully precompiled in 231 seconds. 15 already precompiled.
2025-08-27T07:25:42.8742803Z   2 dependencies had output during precompilation:
2025-08-27T07:25:42.8743247Z ┌ Formatting
2025-08-27T07:25:42.8743581Z │  ┌ Warning: DEPRECATION NOTICE
2025-08-27T07:25:42.8743872Z │  │ 
2025-08-27T07:25:42.8744259Z │  │ Formatting.jl has been unmaintained for a while, with some serious
2025-08-27T07:25:42.8745165Z │  │ correctness bugs compromising the original purpose of the package. As a result,
2025-08-27T07:25:42.8745790Z │  │ it has been deprecated - consider using an alternative, such as
2025-08-27T07:25:42.8746466Z │  │ `Format.jl` (https://github.com/JuliaString/Format.jl) or the `Printf` stdlib directly.
2025-08-27T07:25:42.8746942Z │  │ 
2025-08-27T07:25:42.8747339Z │  │ If you are not using Formatting.jl as a direct dependency, please consider
2025-08-27T07:25:42.8747989Z │  │ opening an issue on any packages you are using that do use it as a dependency.
2025-08-27T07:25:42.8748615Z │  │ From Julia 1.9 onwards, you can query `]why Formatting` to figure out which
2025-08-27T07:25:42.8749121Z │  │ package originally brings it in as a dependency.
2025-08-27T07:25:42.8749683Z │  └ @ Formatting ~/.julia/packages/Formatting/3VxOt/src/Formatting.jl:12
2025-08-27T07:25:42.8750087Z └  
2025-08-27T07:25:42.8750262Z ┌ MKL_jll
2025-08-27T07:25:42.8750492Z │  Downloading artifact: IntelOpenMP
2025-08-27T07:25:42.8750754Z └  
2025-08-27T07:25:47.4851573Z      Testing PointController
2025-08-27T07:25:51.2349336Z       Status `/tmp/jl_iWvEC8/Project.toml`
2025-08-27T07:25:51.2375069Z   [4c88cf16] Aqua v0.8.14
2025-08-27T07:25:51.2375833Z ⌃ [13f3f980] CairoMakie v0.10.12
2025-08-27T07:25:51.2376295Z ⌃ [e9467ef8] GLMakie v0.8.12
2025-08-27T07:25:51.2376675Z   [510215fc] Observables v0.5.5
2025-08-27T07:25:51.2377383Z   [eae52b99] PointController v0.1.0 `~/work/JuliaTestRocket/JuliaTestRocket`
2025-08-27T07:25:51.2378501Z   [90137ffa] StaticArrays v1.9.14
2025-08-27T07:25:51.2378880Z   [56ddb016] Logging
2025-08-27T07:25:51.2379179Z   [8dfed614] Test
2025-08-27T07:25:51.2382343Z       Status `/tmp/jl_iWvEC8/Manifest.toml`
2025-08-27T07:25:51.3145529Z   [47edcb42] ADTypes v1.17.0
2025-08-27T07:25:51.3146022Z   [621f4979] AbstractFFTs v1.5.0
2025-08-27T07:25:51.3146921Z   [398f06c4] AbstractLattices v0.3.1
2025-08-27T07:25:51.3147428Z   [1520ce14] AbstractTrees v0.4.5
2025-08-27T07:25:51.3147843Z   [79e6a3ab] Adapt v4.3.0
2025-08-27T07:25:51.3148217Z   [66dad0bd] AliasTables v1.1.3
2025-08-27T07:25:51.3148611Z   [27a7e980] Animations v0.4.2
2025-08-27T07:25:51.3148981Z   [4c88cf16] Aqua v0.8.14
2025-08-27T07:25:51.3149346Z   [4fba245c] ArrayInterface v7.19.0
2025-08-27T07:25:51.3149748Z   [67c07d97] Automa v1.1.0
2025-08-27T07:25:51.3150145Z   [13072b0f] AxisAlgorithms v1.1.0
2025-08-27T07:25:51.3150579Z   [39de3d68] AxisArrays v0.4.7
2025-08-27T07:25:51.3150972Z   [18cc8868] BaseDirs v1.3.2
2025-08-27T07:25:51.3151339Z   [fa961155] CEnum v0.5.0
2025-08-27T07:25:51.3151683Z   [96374032] CRlibm v1.0.2
2025-08-27T07:25:51.3152027Z   [159f3aea] Cairo v1.1.1
2025-08-27T07:25:51.3152669Z ⌃ [13f3f980] CairoMakie v0.10.12
2025-08-27T07:25:51.3153087Z   [d360d2e6] ChainRulesCore v1.26.0
2025-08-27T07:25:51.3153513Z   [a2cac450] ColorBrewer v0.4.1
2025-08-27T07:25:51.3153922Z   [35d6a980] ColorSchemes v3.30.0
2025-08-27T07:25:51.3154403Z ⌅ [3da002f7] ColorTypes v0.11.5
2025-08-27T07:25:51.3155114Z ⌃ [c3611d14] ColorVectorSpace v0.10.0
2025-08-27T07:25:51.3155611Z ⌅ [5ae59095] Colors v0.12.11
2025-08-27T07:25:51.3156007Z   [861a8166] Combinatorics v1.0.3
2025-08-27T07:25:51.3156442Z   [bbf7d656] CommonSubexpressions v0.3.1
2025-08-27T07:25:51.3156886Z   [34da2185] Compat v4.18.0
2025-08-27T07:25:51.3157271Z   [187b0558] ConstructionBase v1.6.0
2025-08-27T07:25:51.3157683Z   [d38c429a] Contour v0.6.3
2025-08-27T07:25:51.3158038Z   [9a962f9c] DataAPI v1.16.0
2025-08-27T07:25:51.3158525Z ⌅ [864edb3b] DataStructures v0.18.22
2025-08-27T07:25:51.3158956Z   [e2d170a0] DataValueInterfaces v1.0.0
2025-08-27T07:25:51.3159520Z ⌅ [927a84f5] DelaunayTriangulation v0.8.12
2025-08-27T07:25:51.3159969Z   [163ba53b] DiffResults v1.1.0
2025-08-27T07:25:51.3160346Z   [b552c78f] DiffRules v1.15.1
2025-08-27T07:25:51.3160765Z   [a0c0ee7d] DifferentiationInterface v0.7.7
2025-08-27T07:25:51.3161243Z   [31c24e10] Distributions v0.25.120
2025-08-27T07:25:51.3161687Z   [ffbed154] DocStringExtensions v0.9.5
2025-08-27T07:25:51.3162116Z   [4e289a0a] EnumX v1.0.5
2025-08-27T07:25:51.3162478Z   [429591f6] ExactPredicates v2.2.8
2025-08-27T07:25:51.3162884Z   [411431e0] Extents v0.1.6
2025-08-27T07:25:51.3163254Z   [7a1cc6ca] FFTW v1.9.0
2025-08-27T07:25:51.3163597Z   [5789e2e9] FileIO v1.17.0
2025-08-27T07:25:51.3163962Z   [1a297f60] FillArrays v1.13.0
2025-08-27T07:25:51.3164342Z   [6a86dc24] FiniteDiff v2.28.1
2025-08-27T07:25:51.3164887Z   [53c48c17] FixedPointNumbers v0.8.5
2025-08-27T07:25:51.3165329Z   [59287772] Formatting v0.4.3
2025-08-27T07:25:51.3165720Z   [f6369f11] ForwardDiff v1.1.0
2025-08-27T07:25:51.3166115Z   [b38be410] FreeType v4.1.1
2025-08-27T07:25:51.3166518Z   [663a7486] FreeTypeAbstraction v0.10.8
2025-08-27T07:25:51.3166968Z   [f7f18e0c] GLFW v3.4.5
2025-08-27T07:25:51.3167412Z ⌃ [e9467ef8] GLMakie v0.8.12
2025-08-27T07:25:51.3167794Z   [68eda718] GeoFormatTypes v0.4.4
2025-08-27T07:25:51.3168302Z ⌃ [cf35fbd7] GeoInterface v1.4.1
2025-08-27T07:25:51.3168796Z ⌅ [5c1252a2] GeometryBasics v0.4.11
2025-08-27T07:25:51.3169204Z   [a2bd30eb] Graphics v1.1.3
2025-08-27T07:25:51.3169672Z ⌅ [3955a311] GridLayoutBase v0.9.2
2025-08-27T07:25:51.3170064Z   [42e2da0e] Grisu v1.0.2
2025-08-27T07:25:51.3170473Z   [34004b35] HypergeometricFunctions v0.3.28
2025-08-27T07:25:51.3170930Z   [2803e5a7] ImageAxes v0.6.12
2025-08-27T07:25:51.3171304Z   [c817782e] ImageBase v0.1.7
2025-08-27T07:25:51.3171682Z   [a09fc81d] ImageCore v0.10.5
2025-08-27T07:25:51.3172047Z   [82e4d734] ImageIO v0.6.9
2025-08-27T07:25:51.3172687Z   [bc367c6b] ImageMetadata v0.9.10
2025-08-27T07:25:51.3173107Z   [9b13fd28] IndirectArrays v1.0.0
2025-08-27T07:25:51.3173512Z   [d25df0c9] Inflate v0.1.5
2025-08-27T07:25:51.3173896Z   [18e54dd8] IntegerMathUtils v0.1.3
2025-08-27T07:25:51.3174319Z   [a98d9a8b] Interpolations v0.16.2
2025-08-27T07:25:51.3175017Z ⌅ [d1acc4aa] IntervalArithmetic v0.22.36
2025-08-27T07:25:51.3175675Z   [8197267c] IntervalSets v0.7.11
2025-08-27T07:25:51.3176135Z   [92d709cd] IrrationalConstants v0.2.4
2025-08-27T07:25:51.3176574Z   [f1662d9f] Isoband v0.1.1
2025-08-27T07:25:51.3176950Z   [c8e1da08] IterTools v1.10.0
2025-08-27T07:25:51.3177388Z   [82899510] IteratorInterfaceExtensions v1.0.0
2025-08-27T07:25:51.3177874Z   [692b3bcd] JLLWrappers v1.7.1
2025-08-27T07:25:51.3178252Z   [682c06a0] JSON v0.21.4
2025-08-27T07:25:51.3178608Z   [b835a17e] JpegTurbo v0.1.6
2025-08-27T07:25:51.3179000Z   [5ab0869b] KernelDensity v0.6.10
2025-08-27T07:25:51.3179404Z   [b964fa9f] LaTeXStrings v1.4.0
2025-08-27T07:25:51.3179819Z   [8cdb02fc] LazyModules v0.3.1
2025-08-27T07:25:51.3180205Z   [9c8b4983] LightXML v0.9.2
2025-08-27T07:25:51.3180580Z   [d3d80556] LineSearches v7.4.0
2025-08-27T07:25:51.3180981Z   [9b3f67b0] LinearAlgebraX v0.2.10
2025-08-27T07:25:51.3181404Z   [2ab3a3ac] LogExpFunctions v0.3.29
2025-08-27T07:25:51.3181822Z   [1914dd2f] MacroTools v0.5.16
2025-08-27T07:25:51.3182294Z ⌅ [ee78f7c6] Makie v0.19.12
2025-08-27T07:25:51.3182726Z ⌅ [20f20a25] MakieCore v0.6.9
2025-08-27T07:25:51.3183123Z   [dbb5928d] MappedArrays v0.4.2
2025-08-27T07:25:51.3183595Z ⌅ [0a4f8689] MathTeXEngine v0.5.7
2025-08-27T07:25:51.3184046Z ⌅ [7269a6da] MeshIO v0.4.13
2025-08-27T07:25:51.3184413Z   [e1d29d7a] Missings v1.2.0
2025-08-27T07:25:51.3184945Z   [66fc600b] ModernGL v1.1.8
2025-08-27T07:25:51.3185311Z   [7475f97c] Mods v2.2.6
2025-08-27T07:25:51.3185658Z   [e94cdb99] MosaicViews v0.3.4
2025-08-27T07:25:51.3186038Z   [3b2b4ff1] Multisets v0.4.5
2025-08-27T07:25:51.3186422Z   [d41bc354] NLSolversBase v7.10.0
2025-08-27T07:25:51.3186830Z   [77ba4419] NaNMath v1.1.3
2025-08-27T07:25:51.3187197Z   [f09324ee] Netpbm v1.1.1
2025-08-27T07:25:51.3187556Z   [510215fc] Observables v0.5.5
2025-08-27T07:25:51.3187945Z   [6fe1bfb0] OffsetArrays v1.17.0
2025-08-27T07:25:51.3188349Z   [52e1d378] OpenEXR v0.3.3
2025-08-27T07:25:51.3188698Z   [429524aa] Optim v1.13.2
2025-08-27T07:25:51.3189080Z   [bac558e1] OrderedCollections v1.8.1
2025-08-27T07:25:51.3189515Z   [90014a1f] PDMats v0.11.35
2025-08-27T07:25:51.3189892Z   [f57f5aa1] PNGFiles v0.4.4
2025-08-27T07:25:51.3190268Z   [19eb6ba3] Packing v0.5.1
2025-08-27T07:25:51.3190639Z   [5432bcbf] PaddedViews v0.5.12
2025-08-27T07:25:51.3191036Z   [d96e819e] Parameters v0.12.3
2025-08-27T07:25:51.3191416Z   [69de0a69] Parsers v2.8.3
2025-08-27T07:25:51.3191785Z   [2ae35dd2] Permutations v0.4.23
2025-08-27T07:25:51.3192197Z   [3bbf5609] PikaParser v0.6.1
2025-08-27T07:25:51.3192578Z   [eebad327] PkgVersion v0.3.3
2025-08-27T07:25:51.3192959Z   [995b91a9] PlotUtils v1.4.3
2025-08-27T07:25:51.3193566Z   [eae52b99] PointController v0.1.0 `~/work/JuliaTestRocket/JuliaTestRocket`
2025-08-27T07:25:51.3194209Z   [647866c9] PolygonOps v0.1.2
2025-08-27T07:25:51.3194834Z ⌃ [f27b6e38] Polynomials v4.0.21
2025-08-27T07:25:51.3195279Z   [85a6dd25] PositiveFactorizations v0.2.4
2025-08-27T07:25:51.3195862Z ⌅ [aea7be01] PrecompileTools v1.2.1
2025-08-27T07:25:51.3196296Z   [21216c6a] Preferences v1.5.0
2025-08-27T07:25:51.3196694Z   [27ebfcd6] Primes v0.5.7
2025-08-27T07:25:51.3197064Z   [92933f4c] ProgressMeter v1.11.0
2025-08-27T07:25:51.3197481Z   [43287f4e] PtrArrays v1.3.0
2025-08-27T07:25:51.3197849Z   [4b34888f] QOI v1.0.1
2025-08-27T07:25:51.3198192Z   [1fd47b50] QuadGK v2.11.2
2025-08-27T07:25:51.3198572Z   [b3c3ace0] RangeArrays v0.3.2
2025-08-27T07:25:51.3198946Z   [c84ed2f1] Ratios v0.4.5
2025-08-27T07:25:51.3199318Z   [3cdcf5f2] RecipesBase v1.3.4
2025-08-27T07:25:51.3199701Z   [189a3867] Reexport v1.2.2
2025-08-27T07:25:51.3200102Z   [05181044] RelocatableFolders v1.0.1
2025-08-27T07:25:51.3200765Z   [ae029012] Requires v1.3.1
2025-08-27T07:25:51.3201143Z   [286e9d63] RingLists v0.2.9
2025-08-27T07:25:51.3201516Z   [79098fc4] Rmath v0.8.0
2025-08-27T07:25:51.3201884Z   [5eaf0fd0] RoundingEmulator v0.2.1
2025-08-27T07:25:51.3202309Z   [fdea26ae] SIMD v3.7.1
2025-08-27T07:25:51.3202717Z   [6c6a2e73] Scratch v1.3.0
2025-08-27T07:25:51.3203081Z   [efcf1570] Setfield v1.1.2
2025-08-27T07:25:51.3203773Z ⌅ [65257c39] ShaderAbstractions v0.4.1
2025-08-27T07:25:51.3204216Z   [992d4aef] Showoff v1.0.3
2025-08-27T07:25:51.3204767Z   [73760f76] SignedDistanceFields v0.4.0
2025-08-27T07:25:51.3205239Z   [55797a34] SimpleGraphs v0.8.7
2025-08-27T07:25:51.3205656Z   [ec83eff0] SimplePartitions v0.3.3
2025-08-27T07:25:51.3206102Z   [cc47b68c] SimplePolynomials v0.2.18
2025-08-27T07:25:51.3206532Z   [a6525b86] SimpleRandom v0.3.2
2025-08-27T07:25:51.3206938Z   [699a6c99] SimpleTraits v0.9.5
2025-08-27T07:25:51.3207334Z   [45858cf5] Sixel v0.1.5
2025-08-27T07:25:51.3207710Z   [a2af1166] SortingAlgorithms v1.2.2
2025-08-27T07:25:51.3208173Z   [276daf66] SpecialFunctions v2.5.1
2025-08-27T07:25:51.3208711Z ⌅ [c5dd0088] StableHashTraits v1.3.4
2025-08-27T07:25:51.3209126Z   [860ef19b] StableRNGs v1.0.3
2025-08-27T07:25:51.3209519Z   [cae243ae] StackViews v0.1.2
2025-08-27T07:25:51.3209901Z   [90137ffa] StaticArrays v1.9.14
2025-08-27T07:25:51.3210315Z   [1e83bf80] StaticArraysCore v1.4.3
2025-08-27T07:25:51.3210742Z   [82ae8749] StatsAPI v1.7.1
2025-08-27T07:25:51.3211113Z   [2913bbd2] StatsBase v0.34.6
2025-08-27T07:25:51.3211497Z   [4c63d2b9] StatsFuns v1.5.0
2025-08-27T07:25:51.3211960Z ⌅ [09ab397b] StructArrays v0.6.21
2025-08-27T07:25:51.3212370Z   [856f2bd8] StructTypes v1.11.0
2025-08-27T07:25:51.3212766Z   [3783bdb8] TableTraits v1.0.1
2025-08-27T07:25:51.3213144Z   [bd369af6] Tables v1.12.1
2025-08-27T07:25:51.3213520Z   [62fd8b95] TensorCore v0.1.1
2025-08-27T07:25:51.3213891Z   [731e570b] TiffImages v0.11.6
2025-08-27T07:25:51.3214292Z   [3bb67fe8] TranscodingStreams v0.11.3
2025-08-27T07:25:51.3214896Z   [981d1d27] TriplotBase v0.1.0
2025-08-27T07:25:51.3215276Z   [9d95972d] TupleTools v1.6.0
2025-08-27T07:25:51.3215652Z   [3a884ed6] UnPack v1.0.2
2025-08-27T07:25:51.3216014Z   [1cfade01] UnicodeFun v0.4.1
2025-08-27T07:25:51.3216409Z   [ecbed89c] WeakKeyIdDicts v0.1.0
2025-08-27T07:25:51.3216813Z   [e3aaa7dc] WebP v0.1.3
2025-08-27T07:25:51.3217187Z   [efce3f68] WoodburyMatrices v1.0.0
2025-08-27T07:25:51.3217618Z   [6e34b625] Bzip2_jll v1.0.9+0
2025-08-27T07:25:51.3218011Z   [4e9b3aee] CRlibm_jll v1.0.1+0
2025-08-27T07:25:51.3218404Z   [83423d85] Cairo_jll v1.18.5+0
2025-08-27T07:25:51.3218786Z   [ee1fde0b] Dbus_jll v1.16.2+0
2025-08-27T07:25:51.3219163Z   [5ae413db] EarCut_jll v2.2.4+0
2025-08-27T07:25:51.3219560Z   [2702e6a9] EpollShim_jll v0.0.20230411+1
2025-08-27T07:25:51.3219987Z   [2e619515] Expat_jll v2.7.1+0
2025-08-27T07:25:51.3220356Z   [b22a6f82] FFMPEG_jll v7.1.1+0
2025-08-27T07:25:51.3220742Z   [f5851436] FFTW_jll v3.3.11+0
2025-08-27T07:25:51.3221122Z   [a3f928ae] Fontconfig_jll v2.17.1+0
2025-08-27T07:25:51.3221540Z   [d7e528f0] FreeType2_jll v2.13.4+0
2025-08-27T07:25:51.3221912Z   [559328eb] FriBidi_jll v1.0.17+0
2025-08-27T07:25:51.3222270Z   [0656b61e] GLFW_jll v3.4.0+2
2025-08-27T07:25:51.3222619Z   [b0724c58] GettextRuntime_jll v0.22.4+0
2025-08-27T07:25:51.3223038Z   [59f7168a] Giflib_jll v5.2.3+0
2025-08-27T07:25:51.3223381Z   [7746bdde] Glib_jll v2.84.3+0
2025-08-27T07:25:51.3223719Z   [3b182d85] Graphite2_jll v1.3.15+0
2025-08-27T07:25:51.3224077Z   [2e76f6c2] HarfBuzz_jll v8.5.1+0
2025-08-27T07:25:51.3224439Z   [905a6f67] Imath_jll v3.1.11+0
2025-08-27T07:25:51.3225118Z   [1d5cc7b8] IntelOpenMP_jll v2025.2.0+0
2025-08-27T07:25:51.3225532Z   [aacddb02] JpegTurbo_jll v3.1.2+0
2025-08-27T07:25:51.3225882Z   [c1c5ebd0] LAME_jll v3.100.3+0
2025-08-27T07:25:51.3226260Z   [88015f11] LERC_jll v4.0.1+0
2025-08-27T07:25:51.3226627Z   [1d63c593] LLVMOpenMP_jll v18.1.8+0
2025-08-27T07:25:51.3227029Z   [dd4b983a] LZO_jll v2.10.3+0
2025-08-27T07:25:51.3227385Z   [e9f186c6] Libffi_jll v3.4.7+0
2025-08-27T07:25:51.3227984Z   [7e76a0d4] Libglvnd_jll v1.7.1+1
2025-08-27T07:25:51.3228386Z   [94ce4f54] Libiconv_jll v1.18.0+0
2025-08-27T07:25:51.3228748Z   [4b2f31a3] Libmount_jll v2.41.1+0
2025-08-27T07:25:51.3229089Z   [89763e89] Libtiff_jll v4.7.1+0
2025-08-27T07:25:51.3229439Z   [38a345b3] Libuuid_jll v2.41.1+0
2025-08-27T07:25:51.3229835Z   [856f044c] MKL_jll v2025.2.0+0
2025-08-27T07:25:51.3230400Z   [e7412a2a] Ogg_jll v1.3.6+0
2025-08-27T07:25:51.3230855Z   [6cdc7f73] OpenBLASConsistentFPCSR_jll v0.3.29+0
2025-08-27T07:25:51.3231335Z   [18a262bb] OpenEXR_jll v3.2.4+0
2025-08-27T07:25:51.3231716Z   [458c3c95] OpenSSL_jll v3.5.2+0
2025-08-27T07:25:51.3232114Z   [efe28fd5] OpenSpecFun_jll v0.5.6+0
2025-08-27T07:25:51.3232518Z   [91d4177d] Opus_jll v1.5.2+0
2025-08-27T07:25:51.3232880Z   [36c8627f] Pango_jll v1.56.3+0
2025-08-27T07:25:51.3233379Z ⌅ [30392449] Pixman_jll v0.44.2+0
2025-08-27T07:25:51.3233751Z   [f50d1b31] Rmath_jll v0.5.1+0
2025-08-27T07:25:51.3234127Z   [a2964d1f] Wayland_jll v1.24.0+0
2025-08-27T07:25:51.3234745Z   [02c8fc9c] XML2_jll v2.14.4+0
2025-08-27T07:25:51.3235126Z   [ffd25f8a] XZ_jll v5.8.1+0
2025-08-27T07:25:51.3235516Z   [4f6342f7] Xorg_libX11_jll v1.8.12+0
2025-08-27T07:25:51.3235949Z   [0c0b7dd1] Xorg_libXau_jll v1.0.13+0
2025-08-27T07:25:51.3236385Z   [935fb764] Xorg_libXcursor_jll v1.2.4+0
2025-08-27T07:25:51.3236822Z   [a3789734] Xorg_libXdmcp_jll v1.1.6+0
2025-08-27T07:25:51.3237267Z   [1082639a] Xorg_libXext_jll v1.3.7+0
2025-08-27T07:25:51.3237702Z   [d091e8ba] Xorg_libXfixes_jll v6.0.1+0
2025-08-27T07:25:51.3238140Z   [a51aa0fd] Xorg_libXi_jll v1.8.3+0
2025-08-27T07:25:51.3238555Z   [d1454406] Xorg_libXinerama_jll v1.1.6+0
2025-08-27T07:25:51.3238995Z   [ec84b674] Xorg_libXrandr_jll v1.5.5+0
2025-08-27T07:25:51.3239437Z   [ea2f1a96] Xorg_libXrender_jll v0.9.12+0
2025-08-27T07:25:51.3239868Z   [c7cfdc94] Xorg_libxcb_jll v1.17.1+0
2025-08-27T07:25:51.3240292Z   [cc61e674] Xorg_libxkbfile_jll v1.1.3+0
2025-08-27T07:25:51.3240721Z   [35661453] Xorg_xkbcomp_jll v1.4.7+0
2025-08-27T07:25:51.3241179Z   [33bec58e] Xorg_xkeyboard_config_jll v2.44.0+0
2025-08-27T07:25:51.3241653Z   [c5fb5394] Xorg_xtrans_jll v1.6.0+0
2025-08-27T07:25:51.3242057Z   [3161d3a3] Zstd_jll v1.5.7+1
2025-08-27T07:25:51.3242431Z   [9a68df92] isoband_jll v0.2.3+0
2025-08-27T07:25:51.3242775Z   [a4ae2306] libaom_jll v3.12.1+0
2025-08-27T07:25:51.3243105Z   [0ac62f75] libass_jll v0.17.4+0
2025-08-27T07:25:51.3243444Z   [1183f4f0] libdecor_jll v0.2.2+0
2025-08-27T07:25:51.3243800Z   [f638f0a6] libfdk_aac_jll v2.0.4+0
2025-08-27T07:25:51.3244157Z   [b53b4c65] libpng_jll v1.6.50+0
2025-08-27T07:25:51.3244696Z   [075b6546] libsixel_jll v1.10.5+0
2025-08-27T07:25:51.3245070Z   [f27f6e37] libvorbis_jll v1.3.8+0
2025-08-27T07:25:51.3245431Z   [c5f90fcd] libwebp_jll v1.6.0+0
2025-08-27T07:25:51.3245780Z   [1317d2d5] oneTBB_jll v2022.0.0+0
2025-08-27T07:25:51.3246143Z   [1270edf5] x264_jll v10164.0.1+0
2025-08-27T07:25:51.3246511Z   [dfaa095f] x265_jll v4.1.0+0
2025-08-27T07:25:51.3246877Z   [d8fb68d0] xkbcommon_jll v1.9.2+0
2025-08-27T07:25:51.3247263Z   [0dad84c5] ArgTools v1.1.1
2025-08-27T07:25:51.3247603Z   [56f22d72] Artifacts
2025-08-27T07:25:51.3247890Z   [2a0f44e3] Base64
2025-08-27T07:25:51.3248139Z   [8bf52ea8] CRC32c
2025-08-27T07:25:51.3248388Z   [ade2ca70] Dates
2025-08-27T07:25:51.3248667Z   [8ba89e20] Distributed
2025-08-27T07:25:51.3249062Z   [f43a241f] Downloads v1.6.0
2025-08-27T07:25:51.3249421Z   [7b1f6079] FileWatching
2025-08-27T07:25:51.3249740Z   [9fa8497b] Future
2025-08-27T07:25:51.3250032Z   [b77e0a4c] InteractiveUtils
2025-08-27T07:25:51.3250380Z   [4af54fe1] LazyArtifacts
2025-08-27T07:25:51.3250705Z   [b27032c2] LibCURL v0.6.4
2025-08-27T07:25:51.3251045Z   [76f85450] LibGit2
2025-08-27T07:25:51.3251349Z   [8f399da3] Libdl
2025-08-27T07:25:51.3251669Z   [37e2e46d] LinearAlgebra
2025-08-27T07:25:51.3251997Z   [56ddb016] Logging
2025-08-27T07:25:51.3252285Z   [d6f4376e] Markdown
2025-08-27T07:25:51.3252600Z   [a63ad114] Mmap
2025-08-27T07:25:51.3252920Z   [ca575930] NetworkOptions v1.2.0
2025-08-27T07:25:51.3253553Z   [44cfe95a] Pkg v1.10.0
2025-08-27T07:25:51.3253875Z   [de0858da] Printf
2025-08-27T07:25:51.3254166Z   [3fa0cd96] REPL
2025-08-27T07:25:51.3254654Z   [9a3f8284] Random
2025-08-27T07:25:51.3255030Z   [ea8e919c] SHA v0.7.0
2025-08-27T07:25:51.3255380Z   [9e88b42a] Serialization
2025-08-27T07:25:51.3255717Z   [1a1011a3] SharedArrays
2025-08-27T07:25:51.3256043Z   [6462fe0b] Sockets
2025-08-27T07:25:51.3256644Z   [2f01184e] SparseArrays v1.10.0
2025-08-27T07:25:51.3257038Z   [10745b16] Statistics v1.10.0
2025-08-27T07:25:51.3257385Z   [4607b0f0] SuiteSparse
2025-08-27T07:25:51.3257717Z   [fa267f1f] TOML v1.0.3
2025-08-27T07:25:51.3258037Z   [a4e569a6] Tar v1.10.0
2025-08-27T07:25:51.3258354Z   [8dfed614] Test
2025-08-27T07:25:51.3258645Z   [cf7118a7] UUIDs
2025-08-27T07:25:51.3258938Z   [4ec0a83e] Unicode
2025-08-27T07:25:51.3259322Z   [e66e0078] CompilerSupportLibraries_jll v1.1.1+0
2025-08-27T07:25:51.3259809Z   [deac9b47] LibCURL_jll v8.4.0+0
2025-08-27T07:25:51.3260205Z   [e37daf67] LibGit2_jll v1.6.4+0
2025-08-27T07:25:51.3260621Z   [29816b5a] LibSSH2_jll v1.11.0+1
2025-08-27T07:25:51.3261020Z   [c8ffd9c3] MbedTLS_jll v2.28.2+1
2025-08-27T07:25:51.3261452Z   [14a3606d] MozillaCACerts_jll v2023.1.10
2025-08-27T07:25:51.3261883Z   [4536629a] OpenBLAS_jll v0.3.23+4
2025-08-27T07:25:51.3262294Z   [05823500] OpenLibm_jll v0.8.5+0
2025-08-27T07:25:51.3262717Z   [efcefdf7] PCRE2_jll v10.42.0+1
2025-08-27T07:25:51.3263146Z   [bea87d4a] SuiteSparse_jll v7.2.1+1
2025-08-27T07:25:51.3263566Z   [83775a58] Zlib_jll v1.2.13+1
2025-08-27T07:25:51.3263992Z   [8e850b90] libblastrampoline_jll v5.11.0+0
2025-08-27T07:25:51.3264435Z   [8e850ede] nghttp2_jll v1.52.0+1
2025-08-27T07:25:51.3265029Z   [3f19e933] p7zip_jll v17.4.0+2
2025-08-27T07:25:51.3266319Z         Info Packages marked with ⌃ and ⌅ have new versions available. Those with ⌃ may be upgradable, but those with ⌅ are restricted by compatibility constraints from upgrading.
2025-08-27T07:25:53.8575367Z Precompiling packages...
2025-08-27T07:25:54.5125547Z     425.9 ms  ✓ RangeArrays
2025-08-27T07:25:54.8176367Z     732.9 ms  ✓ AbstractFFTs
2025-08-27T07:25:54.9407612Z     429.5 ms  ✓ LaTeXStrings
2025-08-27T07:25:55.0711401Z     992.0 ms  ✓ StructTypes
2025-08-27T07:25:55.1716114Z    1308.9 ms  ✓ Combinatorics
2025-08-27T07:25:55.3686857Z     553.3 ms  ✓ PositiveFactorizations
2025-08-27T07:25:55.4860533Z     545.1 ms  ✓ IndirectArrays
2025-08-27T07:25:55.5849557Z     413.3 ms  ✓ IteratorInterfaceExtensions
2025-08-27T07:25:55.6216071Z     548.0 ms  ✓ PolygonOps
2025-08-27T07:25:55.8036573Z     434.3 ms  ✓ TensorCore
2025-08-27T07:25:56.0551162Z     428.8 ms  ✓ StatsAPI
2025-08-27T07:25:56.1910120Z     386.5 ms  ✓ AbstractLattices
2025-08-27T07:25:56.2273917Z     642.3 ms  ✓ GeoFormatTypes
2025-08-27T07:25:56.3140343Z    2230.0 ms  ✓ BaseDirs
2025-08-27T07:25:56.6251453Z     396.9 ms  ✓ CEnum
2025-08-27T07:25:56.6455298Z     453.6 ms  ✓ Contour
2025-08-27T07:25:56.9263447Z     871.1 ms  ✓ ADTypes
2025-08-27T07:25:57.0920939Z     465.9 ms  ✓ TriplotBase
2025-08-27T07:25:57.1127786Z     466.3 ms  ✓ UnPack
2025-08-27T07:25:57.4735103Z     379.3 ms  ✓ IntegerMathUtils
2025-08-27T07:25:57.5427012Z    1230.0 ms  ✓ OffsetArrays
2025-08-27T07:25:57.5550408Z     434.8 ms  ✓ CompilerSupportLibraries_jll
2025-08-27T07:25:58.1306730Z     657.6 ms  ✓ IterTools
2025-08-27T07:25:58.1636371Z    2673.3 ms  ✓ ModernGL
2025-08-27T07:25:58.2297363Z     684.8 ms  ✓ PkgVersion
2025-08-27T07:25:58.2999614Z    1370.6 ms  ✓ FillArrays
2025-08-27T07:25:58.7964288Z     664.9 ms  ✓ Grisu
2025-08-27T07:25:58.8629911Z     694.3 ms  ✓ Preferences
2025-08-27T07:25:58.9021769Z     673.7 ms  ✓ Compat
2025-08-27T07:25:59.0672181Z     767.0 ms  ✓ OrderedCollections
2025-08-27T07:25:59.3551608Z     557.9 ms  ✓ Observables
2025-08-27T07:25:59.4493226Z     586.0 ms  ✓ Requires
2025-08-27T07:25:59.4886171Z     422.3 ms  ✓ EnumX
2025-08-27T07:25:59.5219539Z     618.2 ms  ✓ DataValueInterfaces
2025-08-27T07:25:59.8289343Z     473.0 ms  ✓ StableRNGs
2025-08-27T07:25:59.8347856Z    2279.3 ms  ✓ MacroTools
2025-08-27T07:25:59.8377972Z     389.9 ms  ✓ Reexport
2025-08-27T07:26:00.2203682Z     698.3 ms  ✓ AbstractTrees
2025-08-27T07:26:00.2421239Z     749.4 ms  ✓ DocStringExtensions
2025-08-27T07:26:00.5350516Z     697.2 ms  ✓ IntervalSets
2025-08-27T07:26:00.5676226Z     728.2 ms  ✓ RoundingEmulator
2025-08-27T07:26:00.9849528Z    1155.3 ms  ✓ IrrationalConstants
2025-08-27T07:26:01.0030136Z     433.3 ms  ✓ PtrArrays
2025-08-27T07:26:01.1753152Z     956.1 ms  ✓ ProgressMeter
2025-08-27T07:26:01.2318742Z     991.0 ms  ✓ Formatting
2025-08-27T07:26:01.4220917Z     888.2 ms  ✓ Extents
2025-08-27T07:26:01.6721937Z     496.0 ms  ✓ NaNMath
2025-08-27T07:26:01.7649943Z     763.1 ms  ✓ TranscodingStreams
2025-08-27T07:26:01.8206171Z     586.4 ms  ✓ LazyModules
2025-08-27T07:26:01.8904846Z     904.7 ms  ✓ UnicodeFun
2025-08-27T07:26:01.9380672Z     515.2 ms  ✓ Multisets
2025-08-27T07:26:02.0448455Z     372.1 ms  ✓ RingLists
2025-08-27T07:26:02.2561807Z     490.6 ms  ✓ Inflate
2025-08-27T07:26:02.3000611Z     480.5 ms  ✓ ConstructionBase
2025-08-27T07:26:02.3856769Z     494.5 ms  ✓ Mods
2025-08-27T07:26:02.4977389Z     558.1 ms  ✓ DataAPI
2025-08-27T07:26:02.6285133Z     583.5 ms  ✓ Scratch
2025-08-27T07:26:02.7436477Z     487.0 ms  ✓ StaticArraysCore
2025-08-27T07:26:02.8301861Z     529.4 ms  ✓ TupleTools
2025-08-27T07:26:02.9520877Z     561.7 ms  ✓ MappedArrays
2025-08-27T07:26:03.0375591Z     541.0 ms  ✓ WeakKeyIdDicts
2025-08-27T07:26:03.2930109Z     663.8 ms  ✓ SuiteSparse
2025-08-27T07:26:03.6608367Z     621.0 ms  ✓ Permutations
2025-08-27T07:26:03.7079110Z     414.1 ms  ✓ TableTraits
2025-08-27T07:26:03.9059405Z    1071.5 ms  ✓ WoodburyMatrices
2025-08-27T07:26:03.9347326Z    1188.0 ms  ✓ Statistics
2025-08-27T07:26:04.3665542Z     657.8 ms  ✓ Primes
2025-08-27T07:26:04.4178595Z     509.0 ms  ✓ StackViews
2025-08-27T07:26:04.4659816Z     526.7 ms  ✓ PaddedViews
2025-08-27T07:26:04.6900866Z    1735.6 ms  ✓ AbstractFFTs → AbstractFFTsTestExt
2025-08-27T07:26:04.8454207Z     428.9 ms  ✓ Showoff
2025-08-27T07:26:04.9168797Z    1255.8 ms  ✓ DifferentiationInterface
2025-08-27T07:26:05.0943994Z     624.2 ms  ✓ JLLWrappers
2025-08-27T07:26:05.1468498Z     456.4 ms  ✓ PrecompileTools
2025-08-27T07:26:05.2257910Z     858.4 ms  ✓ FillArrays → FillArraysSparseArraysExt
2025-08-27T07:26:05.2763430Z     429.5 ms  ✓ Compat → CompatLinearAlgebraExt
2025-08-27T07:26:05.4445988Z     528.9 ms  ✓ Parameters
2025-08-27T07:26:05.6929450Z     547.4 ms  ✓ Ratios
2025-08-27T07:26:05.8121406Z     586.0 ms  ✓ Adapt
2025-08-27T07:26:05.8762528Z     784.4 ms  ✓ MakieCore
2025-08-27T07:26:06.2830875Z     837.7 ms  ✓ CommonSubexpressions
2025-08-27T07:26:06.3916768Z     515.0 ms  ✓ IntervalSets → IntervalSetsRandomExt
2025-08-27T07:26:06.6565108Z     840.5 ms  ✓ PikaParser
2025-08-27T07:26:06.9685751Z     574.7 ms  ✓ AliasTables
2025-08-27T07:26:07.0878843Z     804.4 ms  ✓ LogExpFunctions
2025-08-27T07:26:07.0965705Z    1403.0 ms  ✓ SimpleTraits
2025-08-27T07:26:07.1180215Z     460.9 ms  ✓ ConstructionBase → ConstructionBaseLinearAlgebraExt
2025-08-27T07:26:07.4947258Z     397.4 ms  ✓ RelocatableFolders
2025-08-27T07:26:07.5895611Z     501.2 ms  ✓ Missings
2025-08-27T07:26:07.6310540Z     513.1 ms  ✓ DiffResults
2025-08-27T07:26:07.8886001Z    2608.6 ms  ✓ FileIO
2025-08-27T07:26:08.3837969Z    1416.5 ms  ✓ GeoInterface
2025-08-27T07:26:08.4447546Z     815.0 ms  ✓ AxisAlgorithms
2025-08-27T07:26:08.7350800Z    1235.8 ms  ✓ PDMats
2025-08-27T07:26:08.7638204Z     876.5 ms  ✓ SignedDistanceFields
2025-08-27T07:26:08.8098248Z    1219.4 ms  ✓ Tables
2025-08-27T07:26:08.9916350Z     545.7 ms  ✓ MosaicViews
2025-08-27T07:26:09.4279163Z     665.4 ms  ✓ OpenSSL_jll
2025-08-27T07:26:09.4459668Z     635.4 ms  ✓ Graphite2_jll
2025-08-27T07:26:09.6015571Z     867.6 ms  ✓ DifferentiationInterface → DifferentiationInterfaceSparseArraysExt
2025-08-27T07:26:09.6035483Z     606.8 ms  ✓ Libmount_jll
2025-08-27T07:26:09.9161310Z     483.3 ms  ✓ EpollShim_jll
2025-08-27T07:26:10.1672258Z     717.3 ms  ✓ LLVMOpenMP_jll
2025-08-27T07:26:10.1937579Z     589.9 ms  ✓ Bzip2_jll
2025-08-27T07:26:10.3467873Z     739.5 ms  ✓ Rmath_jll
2025-08-27T07:26:10.4818333Z     565.5 ms  ✓ Xorg_libXau_jll
2025-08-27T07:26:10.6731395Z     505.0 ms  ✓ libpng_jll
2025-08-27T07:26:10.7601960Z     565.7 ms  ✓ libfdk_aac_jll
2025-08-27T07:26:11.0431440Z    2655.3 ms  ✓ FixedPointNumbers
2025-08-27T07:26:11.0924227Z     611.9 ms  ✓ IntelOpenMP_jll
2025-08-27T07:26:11.1115075Z     765.9 ms  ✓ Imath_jll
2025-08-27T07:26:11.3017718Z     627.8 ms  ✓ Giflib_jll
2025-08-27T07:26:11.3368745Z     574.2 ms  ✓ LAME_jll
2025-08-27T07:26:11.6616966Z     568.4 ms  ✓ EarCut_jll
2025-08-27T07:26:11.6899496Z     648.0 ms  ✓ LERC_jll
2025-08-27T07:26:11.8152406Z     702.9 ms  ✓ CRlibm_jll
2025-08-27T07:26:11.8665864Z     564.0 ms  ✓ JpegTurbo_jll
2025-08-27T07:26:12.0307021Z     695.0 ms  ✓ XZ_jll
2025-08-27T07:26:12.3616258Z     696.5 ms  ✓ Ogg_jll
2025-08-27T07:26:12.3883625Z     697.6 ms  ✓ oneTBB_jll
2025-08-27T07:26:12.4503018Z     630.0 ms  ✓ Xorg_libXdmcp_jll
2025-08-27T07:26:12.4764699Z     609.2 ms  ✓ x265_jll
2025-08-27T07:26:12.7207296Z     688.1 ms  ✓ x264_jll
2025-08-27T07:26:13.0180619Z     656.0 ms  ✓ libaom_jll
2025-08-27T07:26:13.0536307Z     576.2 ms  ✓ LZO_jll
2025-08-27T07:26:13.0835172Z     634.6 ms  ✓ Expat_jll
2025-08-27T07:26:13.1024835Z     711.6 ms  ✓ Zstd_jll
2025-08-27T07:26:13.3817782Z     660.8 ms  ✓ Opus_jll
2025-08-27T07:26:13.5884946Z     571.7 ms  ✓ Xorg_xtrans_jll
2025-08-27T07:26:13.6189058Z     564.3 ms  ✓ Libiconv_jll
2025-08-27T07:26:13.7488848Z     647.8 ms  ✓ isoband_jll
2025-08-27T07:26:13.7566130Z     672.2 ms  ✓ Libffi_jll
2025-08-27T07:26:14.0002396Z     616.6 ms  ✓ FFTW_jll
2025-08-27T07:26:14.1489008Z     527.8 ms  ✓ FriBidi_jll
2025-08-27T07:26:14.2355686Z     647.1 ms  ✓ Libuuid_jll
2025-08-27T07:26:14.4333398Z     673.6 ms  ✓ OpenSpecFun_jll
2025-08-27T07:26:14.4381755Z     687.5 ms  ✓ OpenBLASConsistentFPCSR_jll
2025-08-27T07:26:15.3986098Z     958.7 ms  ✓ FillArrays → FillArraysStatisticsExt
2025-08-27T07:26:15.7082490Z    1560.5 ms  ✓ RecipesBase
2025-08-27T07:26:16.9014399Z    1505.1 ms  ✓ ChainRulesCore
2025-08-27T07:26:17.3932252Z    1680.3 ms  ✓ Aqua
2025-08-27T07:26:18.2038869Z     810.6 ms  ✓ Adapt → AdaptSparseArraysExt
2025-08-27T07:26:19.1394754Z     935.2 ms  ✓ ArrayInterface
2025-08-27T07:26:19.5397991Z    2637.4 ms  ✓ DataStructures
2025-08-27T07:26:19.7217143Z     582.2 ms  ✓ OffsetArrays → OffsetArraysAdaptExt
2025-08-27T07:26:20.5757050Z    1035.1 ms  ✓ AxisArrays
2025-08-27T07:26:20.5881398Z     865.5 ms  ✓ IntervalSets → IntervalSetsStatisticsExt
2025-08-27T07:26:21.0459555Z     469.4 ms  ✓ ADTypes → ADTypesConstructionBaseExt
2025-08-27T07:26:21.7112301Z     664.9 ms  ✓ ConstructionBase → ConstructionBaseIntervalSetsExt
2025-08-27T07:26:22.1058901Z    1517.4 ms  ✓ Setfield
2025-08-27T07:26:22.6476907Z    8646.5 ms  ✓ StaticArrays
2025-08-27T07:26:22.6718525Z     958.4 ms  ✓ FillArrays → FillArraysPDMatsExt
2025-08-27T07:26:23.2211250Z    1116.6 ms  ✓ StructArrays
2025-08-27T07:26:23.4149306Z    8980.8 ms  ✓ SIMD
2025-08-27T07:26:23.4339776Z     759.4 ms  ✓ Pixman_jll
2025-08-27T07:26:23.8230649Z     601.1 ms  ✓ FreeType2_jll
2025-08-27T07:26:24.2760658Z     859.0 ms  ✓ Rmath
2025-08-27T07:26:24.3976774Z   10157.7 ms  ✓ Parsers
2025-08-27T07:26:24.5481380Z     724.2 ms  ✓ Ratios → RatiosFixedPointNumbersExt
2025-08-27T07:26:25.0361041Z     757.1 ms  ✓ OpenEXR_jll
2025-08-27T07:26:25.0852786Z     687.1 ms  ✓ CRlibm
2025-08-27T07:26:25.1575798Z     608.7 ms  ✓ libsixel_jll
2025-08-27T07:26:25.7283896Z     693.5 ms  ✓ libvorbis_jll
2025-08-27T07:26:25.7589261Z     670.7 ms  ✓ MKL_jll
2025-08-27T07:26:25.8007279Z     641.0 ms  ✓ Xorg_libxcb_jll
2025-08-27T07:26:26.1890066Z    3537.7 ms  ✓ StableHashTraits
2025-08-27T07:26:26.3845021Z     583.7 ms  ✓ XML2_jll
2025-08-27T07:26:26.3918999Z     630.1 ms  ✓ Libtiff_jll
2025-08-27T07:26:26.5006928Z     771.4 ms  ✓ Dbus_jll
2025-08-27T07:26:26.6502366Z    3217.4 ms  ✓ ColorTypes
2025-08-27T07:26:26.8117212Z     623.9 ms  ✓ GettextRuntime_jll
2025-08-27T07:26:26.9532547Z     566.5 ms  ✓ Isoband
2025-08-27T07:26:27.2320738Z     837.0 ms  ✓ Wayland_jll
2025-08-27T07:26:27.2477441Z     594.1 ms  ✓ IntervalSets → IntervalSetsRecipesBaseExt
2025-08-27T07:26:27.4829462Z     529.6 ms  ✓ AbstractFFTs → AbstractFFTsChainRulesCoreExt
2025-08-27T07:26:27.6332518Z     819.6 ms  ✓ ChainRulesCore → ChainRulesCoreSparseArraysExt
2025-08-27T07:26:27.8275164Z     596.7 ms  ✓ ADTypes → ADTypesChainRulesCoreExt
2025-08-27T07:26:28.1479783Z     515.9 ms  ✓ ArrayInterface → ArrayInterfaceChainRulesCoreExt
2025-08-27T07:26:28.3337252Z     848.6 ms  ✓ ArrayInterface → ArrayInterfaceSparseArraysExt
2025-08-27T07:26:28.3406684Z     512.0 ms  ✓ ArrayInterface → ArrayInterfaceStaticArraysCoreExt
2025-08-27T07:26:28.8527404Z     703.8 ms  ✓ SortingAlgorithms
2025-08-27T07:26:28.8779423Z    1629.6 ms  ✓ LogExpFunctions → LogExpFunctionsChainRulesCoreExt
2025-08-27T07:26:28.9665738Z     624.7 ms  ✓ SimplePartitions
2025-08-27T07:26:29.5450848Z    1214.7 ms  ✓ QuadGK
2025-08-27T07:26:29.7834396Z    3281.9 ms  ✓ SpecialFunctions
2025-08-27T07:26:29.8081468Z     927.5 ms  ✓ StaticArrays → StaticArraysChainRulesCoreExt
2025-08-27T07:26:30.2540332Z    1288.6 ms  ✓ StaticArrays → StaticArraysStatisticsExt
2025-08-27T07:26:30.5091589Z     957.9 ms  ✓ ConstructionBase → ConstructionBaseStaticArraysExt
2025-08-27T07:26:30.6219734Z     834.1 ms  ✓ DifferentiationInterface → DifferentiationInterfaceStaticArraysExt
2025-08-27T07:26:30.6418566Z     835.1 ms  ✓ Adapt → AdaptStaticArraysExt
2025-08-27T07:26:30.7713693Z     516.4 ms  ✓ StructArrays → StructArraysLinearAlgebraExt
2025-08-27T07:26:31.2796084Z     636.8 ms  ✓ Fontconfig_jll
2025-08-27T07:26:32.0277471Z    1402.4 ms  ✓ FreeType
2025-08-27T07:26:32.6276601Z    1854.0 ms  ✓ JSON
2025-08-27T07:26:33.3526597Z     726.2 ms  ✓ Xorg_libX11_jll
2025-08-27T07:26:33.9541839Z     597.5 ms  ✓ LightXML
2025-08-27T07:26:34.0319824Z    2751.6 ms  ✓ IntervalArithmetic
2025-08-27T07:26:35.3247470Z    1371.9 ms  ✓ QOI
2025-08-27T07:26:36.0763184Z    4053.0 ms  ✓ FFTW
2025-08-27T07:26:37.0916362Z    3056.9 ms  ✓ ColorVectorSpace
2025-08-27T07:26:37.7847538Z     690.0 ms  ✓ Glib_jll
2025-08-27T07:26:38.3383111Z     548.1 ms  ✓ DifferentiationInterface → DifferentiationInterfaceChainRulesCoreExt
2025-08-27T07:26:39.2059873Z     869.1 ms  ✓ FiniteDiff
2025-08-27T07:26:39.9515330Z    9443.7 ms  ✓ Automa
2025-08-27T07:26:40.3246173Z    4244.3 ms  ✓ Colors
2025-08-27T07:26:41.6459135Z    1320.9 ms  ✓ HypergeometricFunctions
2025-08-27T07:26:42.0575957Z    2105.2 ms  ✓ SpecialFunctions → SpecialFunctionsChainRulesCoreExt
2025-08-27T07:26:42.2923677Z    3080.7 ms  ✓ StatsBase
2025-08-27T07:26:42.4641384Z     813.4 ms  ✓ DiffRules
2025-08-27T07:26:42.9786386Z     687.8 ms  ✓ StructArrays → StructArraysAdaptExt
2025-08-27T07:26:43.4123474Z     949.4 ms  ✓ StructArrays → StructArraysSparseArraysExt
2025-08-27T07:26:44.0109357Z    1031.9 ms  ✓ StructArrays → StructArraysStaticArraysExt
2025-08-27T07:26:44.1440789Z     729.9 ms  ✓ Xorg_libXrender_jll
2025-08-27T07:26:44.6055046Z     593.7 ms  ✓ Xorg_libXext_jll
2025-08-27T07:26:44.9732176Z     827.6 ms  ✓ Xorg_libXfixes_jll
2025-08-27T07:26:45.1444230Z    3084.8 ms  ✓ Interpolations
2025-08-27T07:26:45.2416753Z     635.2 ms  ✓ Xorg_libxkbfile_jll
2025-08-27T07:26:45.7127486Z     740.7 ms  ✓ IntervalArithmetic → IntervalArithmeticLinearAlgebraExt
2025-08-27T07:26:46.0603438Z     815.7 ms  ✓ FiniteDiff → FiniteDiffSparseArraysExt
2025-08-27T07:26:46.4694084Z    1321.9 ms  ✓ ColorVectorSpace → SpecialFunctionsExt
2025-08-27T07:26:46.4727096Z     759.1 ms  ✓ FiniteDiff → FiniteDiffStaticArraysExt
2025-08-27T07:26:46.7981358Z     736.0 ms  ✓ DifferentiationInterface → DifferentiationInterfaceFiniteDiffExt
2025-08-27T07:26:47.6764253Z    1202.8 ms  ✓ Animations
2025-08-27T07:26:47.6853546Z    1216.2 ms  ✓ Graphics
2025-08-27T07:26:48.0201302Z    1223.2 ms  ✓ OpenEXR
2025-08-27T07:26:49.0532828Z   20195.3 ms  ✓ Polynomials
2025-08-27T07:26:49.2862460Z    1602.0 ms  ✓ ColorBrewer
2025-08-27T07:26:50.9281636Z    1876.3 ms  ✓ StatsFuns
2025-08-27T07:26:53.6431353Z    4358.2 ms  ✓ ForwardDiff
2025-08-27T07:26:54.1520805Z    6131.0 ms  ✓ ColorSchemes
2025-08-27T07:26:54.2079574Z     563.9 ms  ✓ Xorg_libXinerama_jll
2025-08-27T07:26:54.7319451Z     578.8 ms  ✓ Xorg_libXrandr_jll
2025-08-27T07:26:54.9029843Z     692.5 ms  ✓ Libglvnd_jll
2025-08-27T07:26:55.4841864Z     747.5 ms  ✓ Cairo_jll
2025-08-27T07:26:55.6312480Z     729.7 ms  ✓ Xorg_libXcursor_jll
2025-08-27T07:26:56.1589866Z     674.5 ms  ✓ Xorg_libXi_jll
2025-08-27T07:26:56.2248212Z     592.6 ms  ✓ Xorg_xkbcomp_jll
2025-08-27T07:26:57.0602267Z     899.7 ms  ✓ IntervalArithmetic → IntervalArithmeticSparseArraysExt
2025-08-27T07:26:57.2501557Z    6319.7 ms  ✓ GeometryBasics
2025-08-27T07:26:57.9065798Z     847.7 ms  ✓ IntervalArithmetic → IntervalArithmeticIntervalSetsExt
2025-08-27T07:26:57.9646394Z     715.5 ms  ✓ IntervalArithmetic → IntervalArithmeticRecipesBaseExt
2025-08-27T07:26:58.0810031Z   22754.5 ms  ✓ TiffImages
2025-08-27T07:26:58.4457422Z     536.7 ms  ✓ IntervalArithmetic → IntervalArithmeticDiffRulesExt
2025-08-27T07:26:59.3015459Z    3075.9 ms  ✓ ExactPredicates
2025-08-27T07:26:59.4590194Z    1489.8 ms  ✓ Polynomials → PolynomialsMakieCoreExt
2025-08-27T07:26:59.6836320Z    1601.1 ms  ✓ Polynomials → PolynomialsChainRulesCoreExt
2025-08-27T07:27:00.2132202Z    1768.7 ms  ✓ Polynomials → PolynomialsFFTWExt
2025-08-27T07:27:01.0594813Z    1601.6 ms  ✓ StatsFuns → StatsFunsChainRulesCoreExt
2025-08-27T07:27:01.2091123Z     992.5 ms  ✓ ForwardDiff → ForwardDiffStaticArraysExt
2025-08-27T07:27:01.2327839Z    1930.4 ms  ✓ SimplePolynomials
2025-08-27T07:27:01.9207596Z     686.7 ms  ✓ libwebp_jll
2025-08-27T07:27:01.9811669Z     918.1 ms  ✓ DifferentiationInterface → DifferentiationInterfaceForwardDiffExt
2025-08-27T07:27:02.4890547Z     509.1 ms  ✓ Xorg_xkeyboard_config_jll
2025-08-27T07:27:02.6532665Z     729.6 ms  ✓ HarfBuzz_jll
2025-08-27T07:27:04.1354936Z    1481.9 ms  ✓ Packing
2025-08-27T07:27:06.4657393Z   18777.5 ms  ✓ ImageCore
2025-08-27T07:27:06.4881048Z    2351.7 ms  ✓ ShaderAbstractions
2025-08-27T07:27:06.7563831Z    7072.1 ms  ✓ Distributions
2025-08-27T07:27:07.4347173Z     677.6 ms  ✓ IntervalArithmetic → IntervalArithmeticForwardDiffExt
2025-08-27T07:27:08.0366243Z    5543.7 ms  ✓ GridLayoutBase
2025-08-27T07:27:09.2457290Z    1809.2 ms  ✓ Interpolations → InterpolationsForwardDiffExt
2025-08-27T07:27:09.2901853Z    2821.2 ms  ✓ MeshIO
2025-08-27T07:27:09.7142054Z    3221.2 ms  ✓ FreeTypeAbstraction
2025-08-27T07:27:09.8185479Z     529.7 ms  ✓ xkbcommon_jll
2025-08-27T07:27:09.8421736Z    1801.7 ms  ✓ LinearAlgebraX
2025-08-27T07:27:10.4406110Z     620.4 ms  ✓ Pango_jll
2025-08-27T07:27:10.5046978Z     791.6 ms  ✓ libass_jll
2025-08-27T07:27:10.5194844Z    1272.8 ms  ✓ NLSolversBase
2025-08-27T07:27:11.2721494Z   10062.9 ms  ✓ PlotUtils
2025-08-27T07:27:12.4576029Z    2615.7 ms  ✓ ImageBase
2025-08-27T07:27:12.9662196Z    2460.7 ms  ✓ Sixel
2025-08-27T07:27:13.1741363Z    2651.0 ms  ✓ JpegTurbo
2025-08-27T07:27:13.6806979Z    2409.8 ms  ✓ WebP
2025-08-27T07:27:14.1428744Z    3698.0 ms  ✓ PNGFiles
2025-08-27T07:27:14.5533876Z    2095.5 ms  ✓ Distributions → DistributionsTestExt
2025-08-27T07:27:14.5942664Z    1419.7 ms  ✓ SimpleRandom
2025-08-27T07:27:14.7846244Z    1817.4 ms  ✓ Distributions → DistributionsChainRulesCoreExt
2025-08-27T07:27:14.9775918Z     838.1 ms  ✓ libdecor_jll
2025-08-27T07:27:15.3714394Z     778.5 ms  ✓ FFMPEG_jll
2025-08-27T07:27:16.4702655Z    1914.4 ms  ✓ Cairo
2025-08-27T07:27:17.1542643Z    2366.5 ms  ✓ LineSearches
2025-08-27T07:27:17.1755084Z     704.8 ms  ✓ GLFW_jll
2025-08-27T07:27:17.9232837Z    2943.3 ms  ✓ ImageAxes
2025-08-27T07:27:18.3892838Z    3014.6 ms  ✓ KernelDensity
2025-08-27T07:27:18.4571600Z    1282.9 ms  ✓ GLFW
2025-08-27T07:27:19.7267590Z    1804.6 ms  ✓ ImageMetadata
2025-08-27T07:27:20.0514106Z    2896.1 ms  ✓ Optim
2025-08-27T07:27:21.6944011Z    8012.9 ms  ✓ MathTeXEngine
2025-08-27T07:27:22.3504096Z    2623.4 ms  ✓ Netpbm
2025-08-27T07:27:22.3866023Z    2334.8 ms  ✓ SimpleGraphs
2025-08-27T07:27:22.7399500Z     389.2 ms  ✓ ImageIO
2025-08-27T07:27:25.4575718Z    3070.6 ms  ✓ DelaunayTriangulation
2025-08-27T07:28:08.3926042Z   42934.7 ms  ✓ Makie
2025-08-27T07:28:14.5232174Z            ✗ GLMakie
2025-08-27T07:28:37.8253066Z   29432.4 ms  ✓ CairoMakie
2025-08-27T07:28:38.5030120Z     677.5 ms  ✓ PointController
2025-08-27T07:28:38.5067205Z   295 dependencies successfully precompiled in 166 seconds. 9 already precompiled.
2025-08-27T07:28:38.5068819Z   2 dependencies had output during precompilation:
2025-08-27T07:28:38.5069833Z ┌ Formatting
2025-08-27T07:28:38.5070256Z │  ┌ Warning: DEPRECATION NOTICE
2025-08-27T07:28:38.5070678Z │  │ 
2025-08-27T07:28:38.5071240Z │  │ Formatting.jl has been unmaintained for a while, with some serious
2025-08-27T07:28:38.5072195Z │  │ correctness bugs compromising the original purpose of the package. As a result,
2025-08-27T07:28:38.5073088Z │  │ it has been deprecated - consider using an alternative, such as
2025-08-27T07:28:38.5074029Z │  │ `Format.jl` (https://github.com/JuliaString/Format.jl) or the `Printf` stdlib directly.
2025-08-27T07:28:38.5074904Z │  │ 
2025-08-27T07:28:38.5075344Z │  │ If you are not using Formatting.jl as a direct dependency, please consider
2025-08-27T07:28:38.5075947Z │  │ opening an issue on any packages you are using that do use it as a dependency.
2025-08-27T07:28:38.5076522Z │  │ From Julia 1.9 onwards, you can query `]why Formatting` to figure out which
2025-08-27T07:28:38.5076993Z │  │ package originally brings it in as a dependency.
2025-08-27T07:28:38.5077462Z │  └ @ Formatting ~/.julia/packages/Formatting/3VxOt/src/Formatting.jl:12
2025-08-27T07:28:38.5077821Z └  
2025-08-27T07:28:38.5078003Z ┌ CairoMakie
2025-08-27T07:28:38.5078767Z │  WARNING: Makie.MakieLayout is deprecatedThe module `MakieLayout` has been removed and integrated into Makie, so simply replace all usage of `MakieLayout` with `Makie`.
2025-08-27T07:28:38.5079473Z │    likely near none:1
2025-08-27T07:28:38.5079857Z │  WARNING: importing deprecated binding Makie.MakieLayout into CairoMakie.
2025-08-27T07:28:38.5080610Z │  The module `MakieLayout` has been removed and integrated into Makie, so simply replace all usage of `MakieLayout` with `Makie`.
2025-08-27T07:28:38.5081356Z │  WARNING: Makie._alternative_fonts is deprecated, use ALTERNATIVE_FONTS instead.
2025-08-27T07:28:38.5081760Z │    likely near none:1
2025-08-27T07:28:38.5082157Z │  WARNING: importing deprecated binding Makie._alternative_fonts into CairoMakie.
2025-08-27T07:28:38.5082590Z │  , use ALTERNATIVE_FONTS instead.
2025-08-27T07:28:38.5082992Z │  WARNING: Makie._current_figure is deprecated, use CURRENT_FIGURE instead.
2025-08-27T07:28:38.5083365Z │    likely near none:1
2025-08-27T07:28:38.5083745Z │  WARNING: importing deprecated binding Makie._current_figure into CairoMakie.
2025-08-27T07:28:38.5084154Z │  , use CURRENT_FIGURE instead.
2025-08-27T07:28:38.5084711Z │  WARNING: Makie._default_font is deprecated, use DEFAULT_FONT instead.
2025-08-27T07:28:38.5085086Z │    likely near none:1
2025-08-27T07:28:38.5085465Z │  WARNING: importing deprecated binding Makie._default_font into CairoMakie.
2025-08-27T07:28:38.5086131Z │  , use DEFAULT_FONT instead.
2025-08-27T07:28:38.5086545Z │  WARNING: Makie.default_palettes is deprecated, use DEFAULT_PALETTES instead.
2025-08-27T07:28:38.5086930Z │    likely near none:1
2025-08-27T07:28:38.5087290Z │  WARNING: importing deprecated binding Makie.default_palettes into CairoMakie.
2025-08-27T07:28:38.5087698Z │  , use DEFAULT_PALETTES instead.
2025-08-27T07:28:38.5088251Z │  WARNING: Makie.minimal_default is deprecated, use MAKIE_DEFAULT_THEME instead.
2025-08-27T07:28:38.5088675Z │    likely near none:1
2025-08-27T07:28:38.5089033Z │  WARNING: importing deprecated binding Makie.minimal_default into CairoMakie.
2025-08-27T07:28:38.5089417Z │  , use MAKIE_DEFAULT_THEME instead.
2025-08-27T07:28:38.5089646Z └  
2025-08-27T07:28:38.5243313Z 
2025-08-27T07:28:38.8059090Z ERROR: The following 1 direct dependency failed to precompile:
2025-08-27T07:28:38.8059688Z 
2025-08-27T07:28:38.8059836Z GLMakie 
2025-08-27T07:28:38.8060044Z 
2025-08-27T07:28:38.8060807Z Failed to precompile GLMakie [e9467ef8-e4e7-5192-8a1a-b1aee30e663a] to "/home/runner/.julia/compiled/v1.10/GLMakie/jl_W7d1ZI".
2025-08-27T07:28:38.8062191Z WARNING: Makie.MakieLayout is deprecatedThe module `MakieLayout` has been removed and integrated into Makie, so simply replace all usage of `MakieLayout` with `Makie`.
2025-08-27T07:28:38.8062966Z   likely near none:1
2025-08-27T07:28:38.8063336Z WARNING: importing deprecated binding Makie.MakieLayout into GLMakie.
2025-08-27T07:28:38.8064066Z The module `MakieLayout` has been removed and integrated into Makie, so simply replace all usage of `MakieLayout` with `Makie`.
2025-08-27T07:28:38.8065061Z WARNING: Makie._alternative_fonts is deprecated, use ALTERNATIVE_FONTS instead.
2025-08-27T07:28:38.8065491Z   likely near none:1
2025-08-27T07:28:38.8065858Z WARNING: importing deprecated binding Makie._alternative_fonts into GLMakie.
2025-08-27T07:28:38.8066299Z , use ALTERNATIVE_FONTS instead.
2025-08-27T07:28:38.8066688Z WARNING: Makie._current_figure is deprecated, use CURRENT_FIGURE instead.
2025-08-27T07:28:38.8067092Z   likely near none:1
2025-08-27T07:28:38.8067440Z WARNING: importing deprecated binding Makie._current_figure into GLMakie.
2025-08-27T07:28:38.8067852Z , use CURRENT_FIGURE instead.
2025-08-27T07:28:38.8068216Z WARNING: Makie._default_font is deprecated, use DEFAULT_FONT instead.
2025-08-27T07:28:38.8068600Z   likely near none:1
2025-08-27T07:28:38.8068940Z WARNING: importing deprecated binding Makie._default_font into GLMakie.
2025-08-27T07:28:38.8069351Z , use DEFAULT_FONT instead.
2025-08-27T07:28:38.8069737Z WARNING: Makie.default_palettes is deprecated, use DEFAULT_PALETTES instead.
2025-08-27T07:28:38.8070149Z   likely near none:1
2025-08-27T07:28:38.8070512Z WARNING: importing deprecated binding Makie.default_palettes into GLMakie.
2025-08-27T07:28:38.8070942Z , use DEFAULT_PALETTES instead.
2025-08-27T07:28:38.8071462Z WARNING: Makie.minimal_default is deprecated, use MAKIE_DEFAULT_THEME instead.
2025-08-27T07:28:38.8072044Z   likely near none:1
2025-08-27T07:28:38.8072516Z WARNING: importing deprecated binding Makie.minimal_default into GLMakie.
2025-08-27T07:28:38.8073071Z , use MAKIE_DEFAULT_THEME instead.
2025-08-27T07:28:38.8073874Z ┌ Warning:     OpenGL/GLFW wasn't loaded correctly or couldn't be initialized.
2025-08-27T07:28:38.8074873Z │     This likely means, you're on a headless server without having OpenGL support setup correctly.
2025-08-27T07:28:38.8075401Z │     Have a look at the troubleshooting section in the readme:
2025-08-27T07:28:38.8076012Z │     https://github.com/MakieOrg/Makie.jl/tree/master/GLMakie#troubleshooting-opengl.
2025-08-27T07:28:38.8076517Z └ @ GLMakie ~/.julia/packages/GLMakie/F1fQC/src/gl_backend.jl:4
2025-08-27T07:28:38.8077145Z ERROR: LoadError: InitError: Exception[GLFW.GLFWError(65550, "X11: The DISPLAY environment variable is missing"), ErrorException("glfwInit failed")]
2025-08-27T07:28:38.8077689Z Stacktrace:
2025-08-27T07:28:38.8077848Z   [1] __init__()
2025-08-27T07:28:38.8078063Z     @ GLFW ~/.julia/packages/GLFW/Zwulj/src/GLFW.jl:69
2025-08-27T07:28:38.8082335Z   [2] run_module_init(mod::Module, i::Int64)
2025-08-27T07:28:38.8082627Z     @ Base ./loading.jl:1193
2025-08-27T07:28:38.8083002Z   [3] register_restored_modules(sv::Core.SimpleVector, pkg::Base.PkgId, path::String)
2025-08-27T07:28:38.8083374Z     @ Base ./loading.jl:1181
2025-08-27T07:28:38.8083953Z   [4] _include_from_serialized(pkg::Base.PkgId, path::String, ocachepath::Nothing, depmods::Vector{Any})
2025-08-27T07:28:38.8084349Z     @ Base ./loading.jl:1126
2025-08-27T07:28:38.8084944Z   [5] _require_search_from_serialized(pkg::Base.PkgId, sourcepath::String, build_id::UInt128)
2025-08-27T07:28:38.8085322Z     @ Base ./loading.jl:1651
2025-08-27T07:28:38.8085544Z   [6] _require(pkg::Base.PkgId, env::String)
2025-08-27T07:28:38.8085785Z     @ Base ./loading.jl:2008
2025-08-27T07:28:38.8086030Z   [7] __require_prelocked(uuidkey::Base.PkgId, env::String)
2025-08-27T07:28:38.8086292Z     @ Base ./loading.jl:1882
2025-08-27T07:28:38.8086487Z   [8] #invoke_in_world#3
2025-08-27T07:28:38.8086689Z     @ ./essentials.jl:926 [inlined]
2025-08-27T07:28:38.8086904Z   [9] invoke_in_world
2025-08-27T07:28:38.8087094Z     @ ./essentials.jl:923 [inlined]
2025-08-27T07:28:38.8087354Z  [10] _require_prelocked(uuidkey::Base.PkgId, env::String)
2025-08-27T07:28:38.8087635Z     @ Base ./loading.jl:1873
2025-08-27T07:28:38.8087833Z  [11] macro expansion
2025-08-27T07:28:38.8088024Z     @ ./loading.jl:1860 [inlined]
2025-08-27T07:28:38.8088235Z  [12] macro expansion
2025-08-27T07:28:38.8088407Z     @ ./lock.jl:267 [inlined]
2025-08-27T07:28:38.8088629Z  [13] __require(into::Module, mod::Symbol)
2025-08-27T07:28:38.8088863Z     @ Base ./loading.jl:1823
2025-08-27T07:28:38.8089053Z  [14] #invoke_in_world#3
2025-08-27T07:28:38.8089248Z     @ ./essentials.jl:926 [inlined]
2025-08-27T07:28:38.8089450Z  [15] invoke_in_world
2025-08-27T07:28:38.8089631Z     @ ./essentials.jl:923 [inlined]
2025-08-27T07:28:38.8089889Z  [16] require(into::Module, mod::Symbol)
2025-08-27T07:28:38.8090116Z     @ Base ./loading.jl:1816
2025-08-27T07:28:38.8090308Z  [17] top-level scope
2025-08-27T07:28:38.8090532Z     @ ~/.julia/packages/GLMakie/F1fQC/src/gl_backend.jl:2
2025-08-27T07:28:38.8090817Z  [18] include(mod::Module, _path::String)
2025-08-27T07:28:38.8091047Z     @ Base ./Base.jl:495
2025-08-27T07:28:38.8091228Z  [19] include(x::String)
2025-08-27T07:28:38.8091479Z     @ GLMakie ~/.julia/packages/GLMakie/F1fQC/src/GLMakie.jl:1
2025-08-27T07:28:38.8091757Z  [20] top-level scope
2025-08-27T07:28:38.8091973Z     @ ~/.julia/packages/GLMakie/F1fQC/src/GLMakie.jl:51
2025-08-27T07:28:38.8092223Z  [21] include
2025-08-27T07:28:38.8092389Z     @ ./Base.jl:495 [inlined]
2025-08-27T07:28:38.8093084Z  [22] include_package_for_output(pkg::Base.PkgId, input::String, depot_path::Vector{String}, dl_load_path::Vector{String}, load_path::Vector{String}, concrete_deps::Vector{Pair{Base.PkgId, UInt128}}, source::Nothing)
2025-08-27T07:28:38.8093788Z     @ Base ./loading.jl:2292
2025-08-27T07:28:38.8093985Z  [23] top-level scope
2025-08-27T07:28:38.8094159Z     @ stdin:4
2025-08-27T07:28:38.8094339Z during initialization of module GLFW
2025-08-27T07:28:38.8094914Z in expression starting at /home/runner/.julia/packages/GLMakie/F1fQC/src/gl_backend.jl:1
2025-08-27T07:28:38.8095532Z in expression starting at /home/runner/.julia/packages/GLMakie/F1fQC/src/GLMakie.jl:1
2025-08-27T07:28:38.8095899Z in expression starting at stdin:
2025-08-27T07:28:38.8398283Z      Testing Precompilation of test environment failed. Continuing to tests
2025-08-27T07:28:38.8398779Z      Testing Running tests...
2025-08-27T07:28:39.6140636Z [ Info: No Makie backend detected - users must activate one before use
2025-08-27T07:28:40.9124184Z ┌ Info: Quit requested
2025-08-27T07:28:40.9124809Z └   context = "movement_state"
2025-08-27T07:28:42.0167528Z ┌ Error: Makie backend check failed
2025-08-27T07:28:42.0168237Z │   context = "backend_check"
2025-08-27T07:28:42.0168735Z │   exception = "UndefVarError(:Figure)"
2025-08-27T07:28:42.0169606Z └ @ PointController ~/work/JuliaTestRocket/JuliaTestRocket/src/logging_config.jl:159
2025-08-27T07:28:42.0171238Z ┌ Error: Make sure to activate a Makie backend before using PointController:
2025-08-27T07:28:42.0172394Z └ @ PointController ~/work/JuliaTestRocket/JuliaTestRocket/src/PointController.jl:336
2025-08-27T07:28:42.0173385Z ┌ Error:   GLMakie.activate!() or CairoMakie.activate!()
2025-08-27T07:28:42.0174900Z └ @ PointController ~/work/JuliaTestRocket/JuliaTestRocket/src/PointController.jl:337
2025-08-27T07:28:42.2622363Z Test Summary:            | Pass  Total  Time
2025-08-27T07:28:42.2758728Z PointController.jl Tests |  122    122  2.3s
2025-08-27T07:29:09.1773440Z WARNING: Makie.MakieLayout is deprecatedThe module `MakieLayout` has been removed and integrated into Makie, so simply replace all usage of `MakieLayout` with `Makie`.
2025-08-27T07:29:09.1774701Z   likely near none:1
2025-08-27T07:29:09.1775166Z WARNING: importing deprecated binding Makie.MakieLayout into GLMakie.
2025-08-27T07:29:09.1776114Z The module `MakieLayout` has been removed and integrated into Makie, so simply replace all usage of `MakieLayout` with `Makie`.
2025-08-27T07:29:09.1846845Z WARNING: Makie._alternative_fonts is deprecated, use ALTERNATIVE_FONTS instead.
2025-08-27T07:29:09.1847460Z   likely near none:1
2025-08-27T07:29:09.1848114Z WARNING: importing deprecated binding Makie._alternative_fonts into GLMakie.
2025-08-27T07:29:09.1848865Z , use ALTERNATIVE_FONTS instead.
2025-08-27T07:29:09.1849571Z WARNING: Makie._current_figure is deprecated, use CURRENT_FIGURE instead.
2025-08-27T07:29:09.1850305Z   likely near none:1
2025-08-27T07:29:09.1850949Z WARNING: importing deprecated binding Makie._current_figure into GLMakie.
2025-08-27T07:29:09.1851720Z , use CURRENT_FIGURE instead.
2025-08-27T07:29:09.1852290Z WARNING: Makie._default_font is deprecated, use DEFAULT_FONT instead.
2025-08-27T07:29:09.1852886Z   likely near none:1
2025-08-27T07:29:09.1853420Z WARNING: importing deprecated binding Makie._default_font into GLMakie.
2025-08-27T07:29:09.1854071Z , use DEFAULT_FONT instead.
2025-08-27T07:29:09.1900941Z WARNING: Makie.default_palettes is deprecated, use DEFAULT_PALETTES instead.
2025-08-27T07:29:09.1901682Z   likely near none:1
2025-08-27T07:29:09.1902247Z WARNING: importing deprecated binding Makie.default_palettes into GLMakie.
2025-08-27T07:29:09.1902874Z , use DEFAULT_PALETTES instead.
2025-08-27T07:29:09.1945294Z WARNING: Makie.minimal_default is deprecated, use MAKIE_DEFAULT_THEME instead.
2025-08-27T07:29:09.1946070Z   likely near none:1
2025-08-27T07:29:09.1946706Z WARNING: importing deprecated binding Makie.minimal_default into GLMakie.
2025-08-27T07:29:09.1947452Z , use MAKIE_DEFAULT_THEME instead.
2025-08-27T07:29:09.7296339Z ┌ Warning:     OpenGL/GLFW wasn't loaded correctly or couldn't be initialized.
2025-08-27T07:29:09.7297761Z │     This likely means, you're on a headless server without having OpenGL support setup correctly.
2025-08-27T07:29:09.7298925Z │     Have a look at the troubleshooting section in the readme:
2025-08-27T07:29:09.7299943Z │     https://github.com/MakieOrg/Makie.jl/tree/master/GLMakie#troubleshooting-opengl.
2025-08-27T07:29:09.7300706Z └ @ GLMakie ~/.julia/packages/GLMakie/F1fQC/src/gl_backend.jl:4
2025-08-27T07:29:10.7049831Z ERROR: LoadError: InitError: Exception[GLFW.GLFWError(65550, "X11: The DISPLAY environment variable is missing"), ErrorException("glfwInit failed")]
2025-08-27T07:29:10.7050988Z Stacktrace:
2025-08-27T07:29:10.7051236Z   [1] __init__()
2025-08-27T07:29:10.7051579Z     @ GLFW ~/.julia/packages/GLFW/Zwulj/src/GLFW.jl:69
2025-08-27T07:29:10.7052380Z   [2] run_module_init(mod::Module, i::Int64)
2025-08-27T07:29:10.7052971Z     @ Base ./loading.jl:1193
2025-08-27T07:29:10.7053785Z   [3] register_restored_modules(sv::Core.SimpleVector, pkg::Base.PkgId, path::String)
2025-08-27T07:29:10.7054928Z     @ Base ./loading.jl:1181
2025-08-27T07:29:10.7061288Z   [4] _include_from_serialized(pkg::Base.PkgId, path::String, ocachepath::Nothing, depmods::Vector{Any})
2025-08-27T07:29:10.7062529Z     @ Base ./loading.jl:1126
2025-08-27T07:29:10.7063208Z   [5] _require_search_from_serialized(pkg::Base.PkgId, sourcepath::String, build_id::UInt128)
2025-08-27T07:29:10.7063934Z     @ Base ./loading.jl:1651
2025-08-27T07:29:10.7064357Z   [6] _require(pkg::Base.PkgId, env::String)
2025-08-27T07:29:10.7064973Z     @ Base ./loading.jl:2008
2025-08-27T07:29:10.7065681Z   [7] __require_prelocked(uuidkey::Base.PkgId, env::String)
2025-08-27T07:29:10.7066206Z     @ Base ./loading.jl:1882
2025-08-27T07:29:10.7066575Z   [8] #invoke_in_world#3
2025-08-27T07:29:10.7066950Z     @ ./essentials.jl:926 [inlined]
2025-08-27T07:29:10.7067353Z   [9] invoke_in_world
2025-08-27T07:29:10.7067700Z     @ ./essentials.jl:923 [inlined]
2025-08-27T07:29:10.7068201Z  [10] _require_prelocked(uuidkey::Base.PkgId, env::String)
2025-08-27T07:29:10.7068710Z     @ Base ./loading.jl:1873
2025-08-27T07:29:10.7069082Z  [11] macro expansion
2025-08-27T07:29:10.7069427Z     @ ./loading.jl:1860 [inlined]
2025-08-27T07:29:10.7069835Z  [12] macro expansion
2025-08-27T07:29:10.7070185Z     @ ./lock.jl:267 [inlined]
2025-08-27T07:29:10.7070599Z  [13] __require(into::Module, mod::Symbol)
2025-08-27T07:29:10.7071036Z     @ Base ./loading.jl:1823
2025-08-27T07:29:10.7071398Z  [14] #invoke_in_world#3
2025-08-27T07:29:10.7071728Z     @ ./essentials.jl:926 [inlined]
2025-08-27T07:29:10.7072092Z  [15] invoke_in_world
2025-08-27T07:29:10.7072460Z     @ ./essentials.jl:923 [inlined]
2025-08-27T07:29:10.7073223Z  [16] require(into::Module, mod::Symbol)
2025-08-27T07:29:10.7073622Z     @ Base ./loading.jl:1816
2025-08-27T07:29:10.7075828Z  [17] top-level scope
2025-08-27T07:29:10.7076263Z     @ ~/.julia/packages/GLMakie/F1fQC/src/gl_backend.jl:2
2025-08-27T07:29:10.7076768Z  [18] include(mod::Module, _path::String)
2025-08-27T07:29:10.7077175Z     @ Base ./Base.jl:495
2025-08-27T07:29:10.7077501Z  [19] include(x::String)
2025-08-27T07:29:10.7077931Z     @ GLMakie ~/.julia/packages/GLMakie/F1fQC/src/GLMakie.jl:1
2025-08-27T07:29:10.7078425Z  [20] top-level scope
2025-08-27T07:29:10.7078814Z     @ ~/.julia/packages/GLMakie/F1fQC/src/GLMakie.jl:51
2025-08-27T07:29:10.7079257Z  [21] include
2025-08-27T07:29:10.7079543Z     @ ./Base.jl:495 [inlined]
2025-08-27T07:29:10.7114021Z  [22] include_package_for_output(pkg::Base.PkgId, input::String, depot_path::Vector{String}, dl_load_path::Vector{String}, load_path::Vector{String}, concrete_deps::Vector{Pair{Base.PkgId, UInt128}}, source::String)
2025-08-27T07:29:10.7115789Z     @ Base ./loading.jl:2292
2025-08-27T07:29:10.7116057Z  [23] top-level scope
2025-08-27T07:29:10.7116286Z     @ stdin:4
2025-08-27T07:29:10.7116528Z during initialization of module GLFW
2025-08-27T07:29:10.7117005Z in expression starting at /home/runner/.julia/packages/GLMakie/F1fQC/src/gl_backend.jl:1
2025-08-27T07:29:10.7117654Z in expression starting at /home/runner/.julia/packages/GLMakie/F1fQC/src/GLMakie.jl:1
2025-08-27T07:29:10.7118106Z in expression starting at stdin:4
2025-08-27T07:29:11.3033277Z ┌ Warning: GLMakie not available, skipping GLMakie tests: ErrorException("Failed to precompile GLMakie [e9467ef8-e4e7-5192-8a1a-b1aee30e663a] to \"/home/runner/.julia/compiled/v1.10/GLMakie/jl_HQ5mCw\".")
2025-08-27T07:29:11.3035329Z └ @ Main ~/work/JuliaTestRocket/JuliaTestRocket/test/runtests.jl:55
2025-08-27T07:29:11.3035995Z Test Summary:          | Pass  Total   Time
2025-08-27T07:29:11.3036396Z Backend-Specific Tests |   51     51  29.0s
2025-08-27T07:29:11.3648716Z      Testing PointController tests passed 
2025-08-27T07:29:11.4259569Z ##[group]Run julia-actions/julia-processcoverage@v1
2025-08-27T07:29:11.4259891Z with:
2025-08-27T07:29:11.4260062Z   directories: src,ext
2025-08-27T07:29:11.4260256Z ##[endgroup]
2025-08-27T07:29:11.4274193Z ##[group]Run julia --color=yes "$GITHUB_ACTION_PATH"/main.jl
2025-08-27T07:29:11.4274727Z [36;1mjulia --color=yes "$GITHUB_ACTION_PATH"/main.jl[0m
2025-08-27T07:29:11.4314249Z shell: /usr/bin/bash --noprofile --norc -e -o pipefail {0}
2025-08-27T07:29:11.4314664Z env:
2025-08-27T07:29:11.4314844Z   INPUT_DIRECTORIES: src,ext
2025-08-27T07:29:11.4315247Z ##[endgroup]
2025-08-27T07:29:11.7361441Z [32m[1m  Activating[22m[39m new project at `~/.julia/environments/coveragetempenv`
2025-08-27T07:29:12.9942238Z [32m[1m    Updating[22m[39m registry at `~/.julia/registries/General.toml`
2025-08-27T07:29:13.0057727Z [32m[1m   Resolving[22m[39m package versions...
2025-08-27T07:29:13.6664167Z [32m[1m   Installed[22m[39m CoverageTools ─ v1.3.2
2025-08-27T07:29:14.6820825Z [32m[1m    Updating[22m[39m `~/.julia/environments/coveragetempenv/Project.toml`
2025-08-27T07:29:14.6823201Z   [90m[c36e975a] [39m[92m+ CoverageTools v1.3.2[39m
2025-08-27T07:29:14.6823924Z [32m[1m    Updating[22m[39m `~/.julia/environments/coveragetempenv/Manifest.toml`
2025-08-27T07:29:14.6827092Z   [90m[c36e975a] [39m[92m+ CoverageTools v1.3.2[39m
2025-08-27T07:29:15.8338475Z [32m[1mPrecompiling[22m[39m packages...
2025-08-27T07:29:16.4330084Z     589.0 ms[32m  ✓ [39mCoverageTools
2025-08-27T07:29:16.4330730Z   1 dependency successfully precompiled in 2 seconds
2025-08-27T07:29:17.3352316Z [36m[1m[ [22m[39m[36m[1mInfo: [22m[39mCoverageTools.process_folder: Searching src for .jl files...
2025-08-27T07:29:17.3353696Z [36m[1m[ [22m[39m[36m[1mInfo: [22m[39mCoverageTools.process_file: Detecting coverage for src/PointController.jl
2025-08-27T07:29:17.3355531Z [36m[1m[ [22m[39m[36m[1mInfo: [22m[39mCoverageTools.process_cov: processing src/PointController.jl.6109.cov
2025-08-27T07:29:17.3356941Z [36m[1m[ [22m[39m[36m[1mInfo: [22m[39mCoverageTools.process_cov: processing src/PointController.jl.6116.cov
2025-08-27T07:29:17.3676195Z [36m[1m[ [22m[39m[36m[1mInfo: [22m[39mCoverageTools.process_file: Detecting coverage for src/input_handler.jl
2025-08-27T07:29:17.3677581Z [36m[1m[ [22m[39m[36m[1mInfo: [22m[39mCoverageTools.process_cov: processing src/input_handler.jl.6116.cov
2025-08-27T07:29:17.3714890Z [36m[1m[ [22m[39m[36m[1mInfo: [22m[39mCoverageTools.process_file: Detecting coverage for src/logging_config.jl
2025-08-27T07:29:17.3716309Z [36m[1m[ [22m[39m[36m[1mInfo: [22m[39mCoverageTools.process_cov: processing src/logging_config.jl.6116.cov
2025-08-27T07:29:17.3727256Z [36m[1m[ [22m[39m[36m[1mInfo: [22m[39mCoverageTools.process_file: Detecting coverage for src/movement_state.jl
2025-08-27T07:29:17.3728631Z [36m[1m[ [22m[39m[36m[1mInfo: [22m[39mCoverageTools.process_cov: processing src/movement_state.jl.6116.cov
2025-08-27T07:29:17.3745703Z [36m[1m[ [22m[39m[36m[1mInfo: [22m[39mCoverageTools.process_file: Detecting coverage for src/visualization.jl
2025-08-27T07:29:17.3747001Z [36m[1m[ [22m[39m[36m[1mInfo: [22m[39mCoverageTools.process_cov: processing src/visualization.jl.6116.cov
2025-08-27T07:29:17.4411750Z ##[group]Run codecov/codecov-action@v3
2025-08-27T07:29:17.4412264Z with:
2025-08-27T07:29:17.4412559Z   files: lcov.info
2025-08-27T07:29:17.4413266Z   token: ***
2025-08-27T07:29:17.4413596Z ##[endgroup]
2025-08-27T07:29:17.5499902Z ==> linux OS detected
2025-08-27T07:29:17.9601784Z https://uploader.codecov.io/latest/linux/codecov.SHA256SUM
2025-08-27T07:29:18.0284146Z ==> SHASUM file signed by key id 806bb28aed779869
2025-08-27T07:29:18.1035391Z ==> Uploader SHASUM verified (b37359013b48fbc3b0790d59fc474a52a260fb96e28e1b2c2ae001dc9b9cc996  codecov)
2025-08-27T07:29:18.1036242Z ==> Running version latest
2025-08-27T07:29:18.2004346Z ==> Running version v0.8.0
2025-08-27T07:29:18.2020504Z [command]/home/runner/work/_actions/codecov/codecov-action/v3/dist/codecov -n  -Q github-action-3.1.6 -f lcov.info
2025-08-27T07:29:18.4096716Z [2025-08-27T07:29:18.408Z] ['info'] 
2025-08-27T07:29:18.4097185Z      _____          _
2025-08-27T07:29:18.4097499Z     / ____|        | |
2025-08-27T07:29:18.4097882Z    | |     ___   __| | ___  ___ _____   __
2025-08-27T07:29:18.4098272Z    | |    / _ \ / _` |/ _ \/ __/ _ \ \ / /
2025-08-27T07:29:18.4098656Z    | |___| (_) | (_| |  __/ (_| (_) \ V /
2025-08-27T07:29:18.4099044Z     \_____\___/ \__,_|\___|\___\___/ \_/
2025-08-27T07:29:18.4099672Z 
2025-08-27T07:29:18.4099774Z   Codecov report uploader 0.8.0
2025-08-27T07:29:18.4153501Z [2025-08-27T07:29:18.415Z] ['info'] => Project root located at: /home/runner/work/JuliaTestRocket/JuliaTestRocket
2025-08-27T07:29:18.4181123Z [2025-08-27T07:29:18.417Z] ['info'] ->  Token found by environment variables
2025-08-27T07:29:18.4250528Z [2025-08-27T07:29:18.424Z] ['info'] Searching for coverage files...
2025-08-27T07:29:18.4720931Z [2025-08-27T07:29:18.471Z] ['info'] => Found 1 possible coverage files:
2025-08-27T07:29:18.4721693Z   lcov.info
2025-08-27T07:29:18.4722947Z [2025-08-27T07:29:18.471Z] ['info'] Processing /home/runner/work/JuliaTestRocket/JuliaTestRocket/lcov.info...
2025-08-27T07:29:18.4744765Z [2025-08-27T07:29:18.474Z] ['info'] Detected GitHub Actions as the CI provider.
2025-08-27T07:29:18.9401314Z [2025-08-27T07:29:18.939Z] ['info'] Pinging Codecov: https://codecov.io/upload/v4?package=github-action-3.1.6-uploader-0.8.0&token=*******&branch=main&build=17260080498&build_url=https%3A%2F%2Fgithub.com%2Fbakulev%2FJuliaTestRocket%2Factions%2Fruns%2F17260080498&commit=048c831dcbcc177572e3761b8279a61c28f21783&job=CI&pr=&service=github-actions&slug=bakulev%2FJuliaTestRocket&name=&tag=&flags=&parent=
2025-08-27T07:29:19.1429860Z [2025-08-27T07:29:19.142Z] ['info'] https://app.codecov.io/github/bakulev/juliatestrocket/commit/048c831dcbcc177572e3761b8279a61c28f21783
2025-08-27T07:29:19.1433827Z https://storage.googleapis.com/codecov-production/shelter/v4/github/bakulev/juliatestrocket/048c831dcbcc177572e3761b8279a61c28f21783/fd782401-f4c2-4f68-ad16-57d6384104ca.txt?X-Amz-Algorithm=AWS4-HMAC-SHA256&X-Amz-Credential=GOOG1EJWQHUGIBILH4J7Q6ZUSCIFNEOLYSNDS7L3B4N5SIBQ2J4YLYE5CRFCD%2F20250827%2Fus%2Fs3%2Faws4_request&X-Amz-Date=20250827T072919Z&X-Amz-Expires=120&X-Amz-SignedHeaders=host&X-Amz-Signature=5978954c188ab6251274e318e21ab8ffebbb5f60754d2786e315b0c7dd6a7b76
2025-08-27T07:29:19.1436599Z [2025-08-27T07:29:19.142Z] ['info'] Uploading...
2025-08-27T07:29:19.2619312Z [2025-08-27T07:29:19.261Z] ['info'] {"status":"processing","resultURL":"https://app.codecov.io/github/bakulev/juliatestrocket/commit/048c831dcbcc177572e3761b8279a61c28f21783"}
2025-08-27T07:29:19.2998847Z Post job cleanup.
2025-08-27T07:29:19.3020126Z Post job cleanup.
2025-08-27T07:29:20.0337154Z       Active manifest files: 2 found
2025-08-27T07:29:20.0629987Z       Active artifact files: 73 found
2025-08-27T07:29:20.0653184Z       Active scratchspaces: 0 found
2025-08-27T07:29:20.0716723Z      Deleted no artifacts, repos, packages or scratchspaces
2025-08-27T07:29:22.1837063Z No existing caches found on ref `refs/heads/main` matching restore key `julia-cache;workflow=CI;job=test;os=Linux;version=1.10;os=ubuntu-latest;arch=x64;`
2025-08-27T07:29:22.2050610Z Post job cleanup.
2025-08-27T07:29:22.3292768Z [command]/usr/bin/tar --posix -cf cache.tzst --exclude cache.tzst -P -C /home/runner/work/JuliaTestRocket/JuliaTestRocket --files-from manifest.txt --use-compress-program zstdmt
2025-08-27T07:29:26.3824177Z ##[warning]Failed to save: <h2>Our services aren't available right now</h2><p>We're working to restore all services as soon as possible. Please check back soon.</p>01rOuaAAAAAAYXL98JMTWQob4lgr/pvQiQkwyQUEyMDMwMTA2MDMzAEVkZ2U=
2025-08-27T07:29:26.4898884Z Post job cleanup.
2025-08-27T07:29:26.5839256Z [command]/usr/bin/git version
2025-08-27T07:29:26.5880411Z git version 2.51.0
2025-08-27T07:29:26.5924079Z Temporarily overriding HOME='/home/runner/work/_temp/4e66d828-10c1-46d2-a3ae-7e7c99e926b8' before making global git config changes
2025-08-27T07:29:26.5925566Z Adding repository directory to the temporary git global config as a safe directory
2025-08-27T07:29:26.5930700Z [command]/usr/bin/git config --global --add safe.directory /home/runner/work/JuliaTestRocket/JuliaTestRocket
2025-08-27T07:29:26.5971757Z [command]/usr/bin/git config --local --name-only --get-regexp core\.sshCommand
2025-08-27T07:29:26.6004980Z [command]/usr/bin/git submodule foreach --recursive sh -c "git config --local --name-only --get-regexp 'core\.sshCommand' && git config --local --unset-all 'core.sshCommand' || :"
2025-08-27T07:29:26.6226566Z [command]/usr/bin/git config --local --name-only --get-regexp http\.https\:\/\/github\.com\/\.extraheader
2025-08-27T07:29:26.6246435Z http.https://github.com/.extraheader
2025-08-27T07:29:26.6258962Z [command]/usr/bin/git config --local --unset-all http.https://github.com/.extraheader
2025-08-27T07:29:26.6289432Z [command]/usr/bin/git submodule foreach --recursive sh -c "git config --local --name-only --get-regexp 'http\.https\:\/\/github\.com\/\.extraheader' && git config --local --unset-all 'http.https://github.com/.extraheader' || :"
2025-08-27T07:29:26.6617480Z Cleaning up orphan processes
