2025-08-27T07:21:08.1314783Z Current runner version: '2.328.0'
2025-08-27T07:21:08.1343057Z ##[group]Runner Image Provisioner
2025-08-27T07:21:08.1344152Z Hosted Compute Agent
2025-08-27T07:21:08.1344986Z Version: 20250818.377
2025-08-27T07:21:08.1345576Z Commit: 3c593e9f75fe0b87e893bca80d6e12ba089c61fc
2025-08-27T07:21:08.1346262Z Build Date: 2025-08-18T14:52:18Z
2025-08-27T07:21:08.1346898Z ##[endgroup]
2025-08-27T07:21:08.1347706Z ##[group]Operating System
2025-08-27T07:21:08.1348243Z Ubuntu
2025-08-27T07:21:08.1348799Z 24.04.2
2025-08-27T07:21:08.1349274Z LTS
2025-08-27T07:21:08.1349690Z ##[endgroup]
2025-08-27T07:21:08.1350270Z ##[group]Runner Image
2025-08-27T07:21:08.1350791Z Image: ubuntu-24.04
2025-08-27T07:21:08.1351302Z Version: 20250818.1.0
2025-08-27T07:21:08.1352289Z Included Software: https://github.com/actions/runner-images/blob/ubuntu24/20250818.1/images/ubuntu/Ubuntu2404-Readme.md
2025-08-27T07:21:08.1353817Z Image Release: https://github.com/actions/runner-images/releases/tag/ubuntu24%2F20250818.1
2025-08-27T07:21:08.1354857Z ##[endgroup]
2025-08-27T07:21:08.1357456Z ##[group]GITHUB_TOKEN Permissions
2025-08-27T07:21:08.1359491Z Actions: write
2025-08-27T07:21:08.1360116Z Attestations: write
2025-08-27T07:21:08.1360645Z Checks: write
2025-08-27T07:21:08.1361179Z Contents: write
2025-08-27T07:21:08.1361706Z Deployments: write
2025-08-27T07:21:08.1362215Z Discussions: write
2025-08-27T07:21:08.1362664Z Issues: write
2025-08-27T07:21:08.1363226Z Metadata: read
2025-08-27T07:21:08.1363693Z Models: read
2025-08-27T07:21:08.1364170Z Packages: write
2025-08-27T07:21:08.1364782Z Pages: write
2025-08-27T07:21:08.1365248Z PullRequests: write
2025-08-27T07:21:08.1365774Z RepositoryProjects: write
2025-08-27T07:21:08.1366373Z SecurityEvents: write
2025-08-27T07:21:08.1366975Z Statuses: write
2025-08-27T07:21:08.1367869Z ##[endgroup]
2025-08-27T07:21:08.1370382Z Secret source: Actions
2025-08-27T07:21:08.1371106Z Prepare workflow directory
2025-08-27T07:21:08.1872545Z Prepare all required actions
2025-08-27T07:21:08.1974478Z Getting action download info
2025-08-27T07:21:08.5153350Z Download action repository 'actions/checkout@v4' (SHA:08eba0b27e820071cde6df949e0beb9ba4906955)
2025-08-27T07:21:08.7517764Z Download action repository 'julia-actions/setup-julia@v1' (SHA:ac0d62164df5a47de404f4e96ce86a1a28a28d56)
2025-08-27T07:21:09.1034128Z Download action repository 'julia-actions/cache@v1' (SHA:dc1a3cdeacb521b0ca93cfc66143fcadb15a5bd0)
2025-08-27T07:21:09.5348967Z Getting action download info
2025-08-27T07:21:09.7007383Z Download action repository 'dcarbone/install-jq-action@v2.1.0' (SHA:8867ddb4788346d7c22b72ea2e2ffe4d514c7bcb)
2025-08-27T07:21:09.9606954Z Download action repository 'actions/cache@4d4ae6ae148a43d0fd1eda1800170683e9882738' (SHA:4d4ae6ae148a43d0fd1eda1800170683e9882738)
2025-08-27T07:21:10.6392581Z Download action repository 'pyTooling/Actions@adef08d3bdef092282614f3b683897cefae82ee3' (SHA:adef08d3bdef092282614f3b683897cefae82ee3)
2025-08-27T07:21:11.0980775Z Complete job name: GLMakie Smoke Test
2025-08-27T07:21:11.1627289Z ##[group]Run actions/checkout@v4
2025-08-27T07:21:11.1627960Z with:
2025-08-27T07:21:11.1628210Z   repository: bakulev/JuliaTestRocket
2025-08-27T07:21:11.1628644Z   token: ***
2025-08-27T07:21:11.1628870Z   ssh-strict: true
2025-08-27T07:21:11.1629090Z   ssh-user: git
2025-08-27T07:21:11.1629337Z   persist-credentials: true
2025-08-27T07:21:11.1629588Z   clean: true
2025-08-27T07:21:11.1629826Z   sparse-checkout-cone-mode: true
2025-08-27T07:21:11.1630104Z   fetch-depth: 1
2025-08-27T07:21:11.1630329Z   fetch-tags: false
2025-08-27T07:21:11.1630553Z   show-progress: true
2025-08-27T07:21:11.1630780Z   lfs: false
2025-08-27T07:21:11.1630994Z   submodules: false
2025-08-27T07:21:11.1631221Z   set-safe-directory: true
2025-08-27T07:21:11.1631670Z ##[endgroup]
2025-08-27T07:21:11.2698881Z Syncing repository: bakulev/JuliaTestRocket
2025-08-27T07:21:11.2700252Z ##[group]Getting Git version info
2025-08-27T07:21:11.2700812Z Working directory is '/home/runner/work/JuliaTestRocket/JuliaTestRocket'
2025-08-27T07:21:11.2701782Z [command]/usr/bin/git version
2025-08-27T07:21:11.4134956Z git version 2.51.0
2025-08-27T07:21:11.4162845Z ##[endgroup]
2025-08-27T07:21:11.4178373Z Temporarily overriding HOME='/home/runner/work/_temp/6404e978-aeab-4202-8fd3-2896772eb244' before making global git config changes
2025-08-27T07:21:11.4179566Z Adding repository directory to the temporary git global config as a safe directory
2025-08-27T07:21:11.4191908Z [command]/usr/bin/git config --global --add safe.directory /home/runner/work/JuliaTestRocket/JuliaTestRocket
2025-08-27T07:21:11.4292286Z Deleting the contents of '/home/runner/work/JuliaTestRocket/JuliaTestRocket'
2025-08-27T07:21:11.4295970Z ##[group]Initializing the repository
2025-08-27T07:21:11.4300987Z [command]/usr/bin/git init /home/runner/work/JuliaTestRocket/JuliaTestRocket
2025-08-27T07:21:11.5520401Z hint: Using 'master' as the name for the initial branch. This default branch name
2025-08-27T07:21:11.5521833Z hint: is subject to change. To configure the initial branch name to use in all
2025-08-27T07:21:11.5522635Z hint: of your new repositories, which will suppress this warning, call:
2025-08-27T07:21:11.5523161Z hint:
2025-08-27T07:21:11.5523582Z hint: 	git config --global init.defaultBranch <name>
2025-08-27T07:21:11.5524040Z hint:
2025-08-27T07:21:11.5524514Z hint: Names commonly chosen instead of 'master' are 'main', 'trunk' and
2025-08-27T07:21:11.5525230Z hint: 'development'. The just-created branch can be renamed via this command:
2025-08-27T07:21:11.5525719Z hint:
2025-08-27T07:21:11.5526000Z hint: 	git branch -m <name>
2025-08-27T07:21:11.5526305Z hint:
2025-08-27T07:21:11.5526762Z hint: Disable this message with "git config set advice.defaultBranchName false"
2025-08-27T07:21:11.5583753Z Initialized empty Git repository in /home/runner/work/JuliaTestRocket/JuliaTestRocket/.git/
2025-08-27T07:21:11.5601064Z [command]/usr/bin/git remote add origin https://github.com/bakulev/JuliaTestRocket
2025-08-27T07:21:11.5778967Z ##[endgroup]
2025-08-27T07:21:11.5779635Z ##[group]Disabling automatic garbage collection
2025-08-27T07:21:11.5785166Z [command]/usr/bin/git config --local gc.auto 0
2025-08-27T07:21:11.5820220Z ##[endgroup]
2025-08-27T07:21:11.5820702Z ##[group]Setting up auth
2025-08-27T07:21:11.5831296Z [command]/usr/bin/git config --local --name-only --get-regexp core\.sshCommand
2025-08-27T07:21:11.5866586Z [command]/usr/bin/git submodule foreach --recursive sh -c "git config --local --name-only --get-regexp 'core\.sshCommand' && git config --local --unset-all 'core.sshCommand' || :"
2025-08-27T07:21:11.7969765Z [command]/usr/bin/git config --local --name-only --get-regexp http\.https\:\/\/github\.com\/\.extraheader
2025-08-27T07:21:11.8004115Z [command]/usr/bin/git submodule foreach --recursive sh -c "git config --local --name-only --get-regexp 'http\.https\:\/\/github\.com\/\.extraheader' && git config --local --unset-all 'http.https://github.com/.extraheader' || :"
2025-08-27T07:21:11.8244524Z [command]/usr/bin/git config --local http.https://github.com/.extraheader AUTHORIZATION: basic ***
2025-08-27T07:21:11.8285676Z ##[endgroup]
2025-08-27T07:21:11.8287549Z ##[group]Fetching the repository
2025-08-27T07:21:11.8295714Z [command]/usr/bin/git -c protocol.version=2 fetch --no-tags --prune --no-recurse-submodules --depth=1 origin +048c831dcbcc177572e3761b8279a61c28f21783:refs/remotes/origin/main
2025-08-27T07:21:12.3499072Z From https://github.com/bakulev/JuliaTestRocket
2025-08-27T07:21:12.3499647Z  * [new ref]         048c831dcbcc177572e3761b8279a61c28f21783 -> origin/main
2025-08-27T07:21:12.3597343Z ##[endgroup]
2025-08-27T07:21:12.3598165Z ##[group]Determining the checkout info
2025-08-27T07:21:12.3600562Z ##[endgroup]
2025-08-27T07:21:12.3605598Z [command]/usr/bin/git sparse-checkout disable
2025-08-27T07:21:12.3709473Z [command]/usr/bin/git config --local --unset-all extensions.worktreeConfig
2025-08-27T07:21:12.3736143Z ##[group]Checking out the ref
2025-08-27T07:21:12.3740647Z [command]/usr/bin/git checkout --progress --force -B main refs/remotes/origin/main
2025-08-27T07:21:12.3920427Z Switched to a new branch 'main'
2025-08-27T07:21:12.3923214Z branch 'main' set up to track 'origin/main'.
2025-08-27T07:21:12.3928607Z ##[endgroup]
2025-08-27T07:21:12.3966397Z [command]/usr/bin/git log -1 --format=%H
2025-08-27T07:21:12.3988183Z 048c831dcbcc177572e3761b8279a61c28f21783
2025-08-27T07:21:12.4245990Z ##[group]Run julia-actions/setup-julia@v1
2025-08-27T07:21:12.4246287Z with:
2025-08-27T07:21:12.4246448Z   version: 1.10
2025-08-27T07:21:12.4246647Z   include-all-prereleases: false
2025-08-27T07:21:12.4246859Z   arch: X64
2025-08-27T07:21:12.4247186Z   show-versioninfo: false
2025-08-27T07:21:12.4247389Z ##[endgroup]
2025-08-27T07:21:13.5716660Z [command]/usr/bin/tar xf /home/runner/work/_temp/5b384e98-89ce-4878-ae61-da6fe5005bf4 --strip-components=1 -C /opt/hostedtoolcache/julia/1.10.10/x64
2025-08-27T07:21:17.2310793Z [command]/opt/hostedtoolcache/julia/1.10.10/x64/bin/julia --version
2025-08-27T07:21:17.2437409Z julia version 1.10.10
2025-08-27T07:21:17.2654560Z ##[group]Run julia-actions/cache@v1
2025-08-27T07:21:17.2654862Z with:
2025-08-27T07:21:17.2655100Z   cache-name: julia-cache;workflow=CI;job=smoke-glmakie
2025-08-27T07:21:17.2655392Z   include-matrix: true
2025-08-27T07:21:17.2655586Z   cache-artifacts: true
2025-08-27T07:21:17.2655784Z   cache-packages: true
2025-08-27T07:21:17.2655978Z   cache-registries: true
2025-08-27T07:21:17.2656181Z   cache-compiled: true
2025-08-27T07:21:17.2656381Z   cache-scratchspaces: true
2025-08-27T07:21:17.2656592Z   cache-logs: true
2025-08-27T07:21:17.2656779Z   delete-old-caches: true
2025-08-27T07:21:17.2657403Z   token: ***
2025-08-27T07:21:17.2657611Z ##[endgroup]
2025-08-27T07:21:17.2767812Z ##[group]Run if [ -n "" ]; then
2025-08-27T07:21:17.2768162Z [36;1mif [ -n "" ]; then[0m
2025-08-27T07:21:17.2768382Z [36;1m    depot=""[0m
2025-08-27T07:21:17.2768635Z [36;1melif [ -n "$JULIA_DEPOT_PATH" ]; then[0m
2025-08-27T07:21:17.2768920Z [36;1m    # Use the first depot path[0m
2025-08-27T07:21:17.2769282Z [36;1m    depot=$(echo $JULIA_DEPOT_PATH | cut -d$PATH_DELIMITER -f1)[0m
2025-08-27T07:21:17.2769592Z [36;1melse[0m
2025-08-27T07:21:17.2769771Z [36;1m    depot="~/.julia"[0m
2025-08-27T07:21:17.2769964Z [36;1mfi[0m
2025-08-27T07:21:17.2770193Z [36;1mecho "depot=$depot" | tee -a "$GITHUB_OUTPUT"[0m
2025-08-27T07:21:17.2770452Z [36;1m[0m
2025-08-27T07:21:17.2770611Z [36;1mcache_paths=()[0m
2025-08-27T07:21:17.2770834Z [36;1martifacts_path="${depot}/artifacts"[0m
2025-08-27T07:21:17.2771144Z [36;1m[ "true" = "true" ] && cache_paths+=("$artifacts_path")[0m
2025-08-27T07:21:17.2771462Z [36;1mpackages_path="${depot}/packages"[0m
2025-08-27T07:21:17.2771740Z [36;1m[ "true" = "true" ] && cache_paths+=("$packages_path")[0m
2025-08-27T07:21:17.2772040Z [36;1mregistries_path="${depot}/registries"[0m
2025-08-27T07:21:17.2772291Z [36;1mif [ "true" = "true" ]; then[0m
2025-08-27T07:21:17.2772563Z [36;1m    if [ ! -d "${registries_path/#\~/$HOME}" ]; then[0m
2025-08-27T07:21:17.2772863Z [36;1m        cache_paths+=("$registries_path")[0m
2025-08-27T07:21:17.2773105Z [36;1m    else[0m
2025-08-27T07:21:17.2773899Z [36;1m        echo "::warning::Julia depot registries already exist. Skipping restoring of cached registries to avoid potential merge conflicts when updating. Please ensure that \`julia-actions/cache\` precedes any workflow steps which add registries."[0m
2025-08-27T07:21:17.2774740Z [36;1m    fi[0m
2025-08-27T07:21:17.2774900Z [36;1mfi[0m
2025-08-27T07:21:17.2775087Z [36;1mcompiled_path="${depot}/compiled"[0m
2025-08-27T07:21:17.2775369Z [36;1m[ "true" = "true" ] && cache_paths+=("$compiled_path")[0m
2025-08-27T07:21:17.2775685Z [36;1mscratchspaces_path="${depot}/scratchspaces"[0m
2025-08-27T07:21:17.2775998Z [36;1m[ "true" = "true" ] && cache_paths+=("$scratchspaces_path")[0m
2025-08-27T07:21:17.2776284Z [36;1mlogs_path="${depot}/logs"[0m
2025-08-27T07:21:17.2776540Z [36;1m[ "true" = "true" ] && cache_paths+=("$logs_path")[0m
2025-08-27T07:21:17.2776807Z [36;1m{[0m
2025-08-27T07:21:17.2777333Z [36;1m    echo "cache-paths<<EOF"[0m
2025-08-27T07:21:17.2777589Z [36;1m    printf "%s\n" "${cache_paths[@]}"[0m
2025-08-27T07:21:17.2777833Z [36;1m    echo "EOF"[0m
2025-08-27T07:21:17.2778032Z [36;1m} | tee -a "$GITHUB_OUTPUT"[0m
2025-08-27T07:21:17.2855323Z shell: /usr/bin/bash --noprofile --norc -e -o pipefail {0}
2025-08-27T07:21:17.2855657Z env:
2025-08-27T07:21:17.2855826Z   PATH_DELIMITER: :
2025-08-27T07:21:17.2856017Z ##[endgroup]
2025-08-27T07:21:17.2945344Z depot=~/.julia
2025-08-27T07:21:17.2959933Z cache-paths<<EOF
2025-08-27T07:21:17.2960280Z ~/.julia/artifacts
2025-08-27T07:21:17.2960583Z ~/.julia/packages
2025-08-27T07:21:17.2960851Z ~/.julia/registries
2025-08-27T07:21:17.2961044Z ~/.julia/compiled
2025-08-27T07:21:17.2961235Z ~/.julia/scratchspaces
2025-08-27T07:21:17.2961426Z ~/.julia/logs
2025-08-27T07:21:17.2961596Z EOF
2025-08-27T07:21:17.3013795Z ##[group]Run # `matrix_key` joins all of matrix keys/values (including nested objects) to ensure that concurrent runs each use a unique cache key.
2025-08-27T07:21:17.3014651Z [36;1m# `matrix_key` joins all of matrix keys/values (including nested objects) to ensure that concurrent runs each use a unique cache key.[0m
2025-08-27T07:21:17.3015265Z [36;1m# When `matrix` isn't set for the job then `MATRIX_JSON=null`.[0m
2025-08-27T07:21:17.3015668Z [36;1mif [ "true" == "true" ] && [ "$MATRIX_JSON" != "null" ]; then[0m
2025-08-27T07:21:17.3016209Z [36;1m  matrix_key=$(echo "$MATRIX_JSON" | jq 'paths(type != "object") as $p | ($p | join("-")) + "=" + (getpath($p) | tostring)' | jq -rs 'join(";") | . + ";"')[0m
2025-08-27T07:21:17.3016664Z [36;1mfi[0m
2025-08-27T07:21:17.3017173Z [36;1mrestore_key="julia-cache;workflow=CI;job=smoke-glmakie;os=Linux;${matrix_key}"[0m
2025-08-27T07:21:17.3017746Z [36;1m# URL encode any restricted characters:[0m
2025-08-27T07:21:17.3018340Z [36;1m# https://github.com/actions/toolkit/blob/5430c5d84832076372990c7c27f900878ff66dc9/packages/cache/src/cache.ts#L38-L43[0m
2025-08-27T07:21:17.3018938Z [36;1mrestore_key=$(sed 's/,/%2C/g' <<<"${restore_key}")[0m
2025-08-27T07:21:17.3019269Z [36;1mkey="${restore_key}run_id=17260080498;run_attempt=1"[0m
2025-08-27T07:21:17.3019618Z [36;1mecho "restore-key=${restore_key}" >> $GITHUB_OUTPUT[0m
2025-08-27T07:21:17.3019926Z [36;1mecho "key=${key}" >> $GITHUB_OUTPUT[0m
2025-08-27T07:21:17.3056430Z shell: /usr/bin/bash --noprofile --norc -e -o pipefail {0}
2025-08-27T07:21:17.3056742Z env:
2025-08-27T07:21:17.3056939Z   MATRIX_JSON: null
2025-08-27T07:21:17.3057345Z ##[endgroup]
2025-08-27T07:21:17.3161549Z ##[group]Run actions/cache@4d4ae6ae148a43d0fd1eda1800170683e9882738
2025-08-27T07:21:17.3161865Z with:
2025-08-27T07:21:17.3162291Z   path: ~/.julia/artifacts
~/.julia/packages
~/.julia/registries
~/.julia/compiled
~/.julia/scratchspaces
~/.julia/logs

2025-08-27T07:21:17.3162902Z   key: julia-cache;workflow=CI;job=smoke-glmakie;os=Linux;run_id=17260080498;run_attempt=1
2025-08-27T07:21:17.3163368Z   restore-keys: julia-cache;workflow=CI;job=smoke-glmakie;os=Linux;
2025-08-27T07:21:17.3163703Z   enableCrossOsArchive: false
2025-08-27T07:21:17.3163937Z   fail-on-cache-miss: false
2025-08-27T07:21:17.3164150Z   lookup-only: false
2025-08-27T07:21:17.3164337Z ##[endgroup]
2025-08-27T07:21:17.5451813Z ##[warning]Failed to restore: Cache service responded with 400
2025-08-27T07:21:17.5452953Z Cache not found for input keys: julia-cache;workflow=CI;job=smoke-glmakie;os=Linux;run_id=17260080498;run_attempt=1, julia-cache;workflow=CI;job=smoke-glmakie;os=Linux;
2025-08-27T07:21:17.5503507Z ##[group]Run mkdir -p ~/.julia
2025-08-27T07:21:17.5503789Z [36;1mmkdir -p ~/.julia[0m
2025-08-27T07:21:17.5504014Z [36;1mdu -shc ~/.julia/* || true[0m
2025-08-27T07:21:17.5543750Z shell: /usr/bin/bash --noprofile --norc -e -o pipefail {0}
2025-08-27T07:21:17.5544075Z ##[endgroup]
2025-08-27T07:21:17.5901818Z du: cannot access '/home/runner/.julia/*': No such file or directory
2025-08-27T07:21:17.5902648Z 0	total
2025-08-27T07:21:17.5939376Z ##[group]Run pyTooling/Actions/with-post-step@adef08d3bdef092282614f3b683897cefae82ee3
2025-08-27T07:21:17.5939939Z with:
2025-08-27T07:21:17.5940107Z   main: echo ""
2025-08-27T07:21:17.5940646Z   post: julia $GITHUB_ACTION_PATH/handle_caches.jl rm "bakulev/JuliaTestRocket" "julia-cache;workflow=CI;job=smoke-glmakie;os=Linux;" "refs/heads/main" "true"
2025-08-27T07:21:17.5941269Z   key: POST
2025-08-27T07:21:17.5941433Z env:
2025-08-27T07:21:17.5941775Z   GH_TOKEN: ***
2025-08-27T07:21:17.5941964Z ##[endgroup]
2025-08-27T07:21:17.6182662Z 
2025-08-27T07:21:17.6237629Z ##[group]Run echo "cache-hit=$CACHE_HIT" >> $GITHUB_OUTPUT
2025-08-27T07:21:17.6237998Z [36;1mecho "cache-hit=$CACHE_HIT" >> $GITHUB_OUTPUT[0m
2025-08-27T07:21:17.6275435Z shell: /usr/bin/bash --noprofile --norc -e -o pipefail {0}
2025-08-27T07:21:17.6275752Z env:
2025-08-27T07:21:17.6275917Z   CACHE_HIT: 
2025-08-27T07:21:17.6276087Z ##[endgroup]
2025-08-27T07:21:17.6395013Z ##[group]Run sudo apt-get update
2025-08-27T07:21:17.6395305Z [36;1msudo apt-get update[0m
2025-08-27T07:21:17.6395674Z [36;1msudo apt-get install -y xorg-dev mesa-utils xvfb libgl1 freeglut3-dev \[0m
2025-08-27T07:21:17.6396144Z [36;1m  libxrandr-dev libxinerama-dev libxcursor-dev libxi-dev libxext-dev[0m
2025-08-27T07:21:17.6458211Z shell: /usr/bin/bash -e {0}
2025-08-27T07:21:17.6458454Z ##[endgroup]
2025-08-27T07:21:17.8121356Z Get:1 file:/etc/apt/apt-mirrors.txt Mirrorlist [144 B]
2025-08-27T07:21:17.8662586Z Hit:2 http://azure.archive.ubuntu.com/ubuntu noble InRelease
2025-08-27T07:21:17.8682141Z Get:3 http://azure.archive.ubuntu.com/ubuntu noble-updates InRelease [126 kB]
2025-08-27T07:21:17.8788211Z Get:4 http://azure.archive.ubuntu.com/ubuntu noble-backports InRelease [126 kB]
2025-08-27T07:21:17.8862088Z Get:5 http://azure.archive.ubuntu.com/ubuntu noble-security InRelease [126 kB]
2025-08-27T07:21:17.9586873Z Hit:6 https://packages.microsoft.com/repos/azure-cli noble InRelease
2025-08-27T07:21:17.9824095Z Get:7 https://packages.microsoft.com/ubuntu/24.04/prod noble InRelease [3600 B]
2025-08-27T07:21:18.0618759Z Get:8 http://azure.archive.ubuntu.com/ubuntu noble-updates/main amd64 Packages [1370 kB]
2025-08-27T07:21:18.0809731Z Get:9 http://azure.archive.ubuntu.com/ubuntu noble-updates/main Translation-en [271 kB]
2025-08-27T07:21:18.0840919Z Get:10 http://azure.archive.ubuntu.com/ubuntu noble-updates/main amd64 Components [175 kB]
2025-08-27T07:21:18.0880143Z Get:11 http://azure.archive.ubuntu.com/ubuntu noble-updates/universe amd64 Packages [1126 kB]
2025-08-27T07:21:18.0968784Z Get:12 http://azure.archive.ubuntu.com/ubuntu noble-updates/universe Translation-en [288 kB]
2025-08-27T07:21:18.1008026Z Get:13 http://azure.archive.ubuntu.com/ubuntu noble-updates/universe amd64 Components [377 kB]
2025-08-27T07:21:18.1134710Z Get:14 http://azure.archive.ubuntu.com/ubuntu noble-updates/restricted amd64 Packages [1773 kB]
2025-08-27T07:21:18.1259562Z Get:15 http://azure.archive.ubuntu.com/ubuntu noble-updates/restricted Translation-en [395 kB]
2025-08-27T07:21:18.1302645Z Get:16 http://azure.archive.ubuntu.com/ubuntu noble-updates/restricted amd64 Components [212 B]
2025-08-27T07:21:18.1312946Z Get:17 http://azure.archive.ubuntu.com/ubuntu noble-updates/multiverse amd64 Components [940 B]
2025-08-27T07:21:18.1751599Z Get:18 http://azure.archive.ubuntu.com/ubuntu noble-backports/main amd64 Components [7084 B]
2025-08-27T07:21:18.1764427Z Get:19 http://azure.archive.ubuntu.com/ubuntu noble-backports/universe amd64 Components [19.2 kB]
2025-08-27T07:21:18.1777956Z Get:20 http://azure.archive.ubuntu.com/ubuntu noble-backports/restricted amd64 Components [216 B]
2025-08-27T07:21:18.1789953Z Get:21 http://azure.archive.ubuntu.com/ubuntu noble-backports/multiverse amd64 Components [212 B]
2025-08-27T07:21:18.1992182Z Get:22 http://azure.archive.ubuntu.com/ubuntu noble-security/main amd64 Packages [1083 kB]
2025-08-27T07:21:18.2080359Z Get:23 http://azure.archive.ubuntu.com/ubuntu noble-security/main Translation-en [187 kB]
2025-08-27T07:21:18.2112331Z Get:24 http://azure.archive.ubuntu.com/ubuntu noble-security/main amd64 Components [21.6 kB]
2025-08-27T07:21:18.2127715Z Get:25 http://azure.archive.ubuntu.com/ubuntu noble-security/universe amd64 Packages [881 kB]
2025-08-27T07:21:18.2196765Z Get:26 http://azure.archive.ubuntu.com/ubuntu noble-security/universe Translation-en [195 kB]
2025-08-27T07:21:18.2232783Z Get:27 http://azure.archive.ubuntu.com/ubuntu noble-security/universe amd64 Components [52.3 kB]
2025-08-27T07:21:18.2265129Z Get:28 http://azure.archive.ubuntu.com/ubuntu noble-security/restricted amd64 Packages [1631 kB]
2025-08-27T07:21:18.2378257Z Get:29 http://azure.archive.ubuntu.com/ubuntu noble-security/restricted Translation-en [361 kB]
2025-08-27T07:21:18.2418695Z Get:30 http://azure.archive.ubuntu.com/ubuntu noble-security/restricted amd64 Components [212 B]
2025-08-27T07:21:18.2448799Z Get:31 http://azure.archive.ubuntu.com/ubuntu noble-security/multiverse amd64 Components [212 B]
2025-08-27T07:21:18.3432474Z Get:32 https://packages.microsoft.com/ubuntu/24.04/prod noble/main amd64 Packages [49.4 kB]
2025-08-27T07:21:18.3484923Z Get:33 https://packages.microsoft.com/ubuntu/24.04/prod noble/main armhf Packages [9870 B]
2025-08-27T07:21:18.3543593Z Get:34 https://packages.microsoft.com/ubuntu/24.04/prod noble/main arm64 Packages [33.5 kB]
2025-08-27T07:21:28.6525133Z Fetched 10.7 MB in 1s (7804 kB/s)
2025-08-27T07:21:29.3314908Z Reading package lists...
2025-08-27T07:21:29.3626511Z Reading package lists...
2025-08-27T07:21:29.5170685Z Building dependency tree...
2025-08-27T07:21:29.5178107Z Reading state information...
2025-08-27T07:21:29.6563860Z xvfb is already the newest version (2:21.1.12-1ubuntu1.4).
2025-08-27T07:21:29.6564498Z libgl1 is already the newest version (1.7.0-1build1).
2025-08-27T07:21:29.6565141Z libgl1 set to manually installed.
2025-08-27T07:21:29.6565639Z The following additional packages will be installed:
2025-08-27T07:21:29.6566362Z   bzip2-doc libbrotli-dev libbz2-dev libdecor-0-0 libdecor-0-plugin-1-gtk
2025-08-27T07:21:29.6568474Z   libdmx-dev libdmx1 libdrm-dev libdrm-nouveau2 libdrm-radeon1 libegl-dev
2025-08-27T07:21:29.6569414Z   libegl-mesa0 libegl1 libfontconfig-dev libfontconfig1-dev libfontenc-dev
2025-08-27T07:21:29.6570226Z   libfreetype-dev libfs-dev libfs6 libgl-dev libgl1-mesa-dev libgles-dev
2025-08-27T07:21:29.6571037Z   libgles1 libgles2 libglu1-mesa libglu1-mesa-dev libglut-dev libglut3.12
2025-08-27T07:21:29.6571810Z   libglvnd-core-dev libglvnd-dev libglx-dev libice-dev libopengl-dev
2025-08-27T07:21:29.6572530Z   libopengl0 libpciaccess-dev libpixman-1-dev libpng-dev libpng-tools
2025-08-27T07:21:29.6572980Z   libpthread-stubs0-dev libsm-dev libx11-dev libxau-dev libxaw7-dev
2025-08-27T07:21:29.6573381Z   libxcb-xkb1 libxcb1-dev libxcomposite-dev libxcvt-dev libxcvt0
2025-08-27T07:21:29.6573784Z   libxdamage-dev libxdmcp-dev libxfixes-dev libxfont-dev libxft-dev
2025-08-27T07:21:29.6574322Z   libxkbcommon-x11-0 libxkbfile-dev libxmu-dev libxmu-headers libxmuu-dev
2025-08-27T07:21:29.6575053Z   libxpm-dev libxrender-dev libxres-dev libxres1 libxss-dev libxt-dev
2025-08-27T07:21:29.6575681Z   libxtst-dev libxv-dev libxv1 libxvmc-dev libxvmc1 libxxf86dga-dev
2025-08-27T07:21:29.6576098Z   libxxf86dga1 libxxf86vm-dev mesa-common-dev mesa-utils-bin uuid-dev
2025-08-27T07:21:29.6576484Z   x11proto-dev xorg-sgml-doctools xserver-xorg-dev xtrans-dev
2025-08-27T07:21:29.6578410Z Suggested packages:
2025-08-27T07:21:29.6578820Z   freetype2-doc libice-doc libsm-doc libx11-doc libxaw-doc libxcb-doc
2025-08-27T07:21:29.6579149Z   libxext-doc libxt-doc
2025-08-27T07:21:29.7598743Z The following NEW packages will be installed:
2025-08-27T07:21:29.7599754Z   bzip2-doc freeglut3-dev libbrotli-dev libbz2-dev libdecor-0-0
2025-08-27T07:21:29.7600460Z   libdecor-0-plugin-1-gtk libdmx-dev libdmx1 libdrm-dev libdrm-nouveau2
2025-08-27T07:21:29.7601219Z   libdrm-radeon1 libegl-dev libegl-mesa0 libegl1 libfontconfig-dev
2025-08-27T07:21:29.7602001Z   libfontconfig1-dev libfontenc-dev libfreetype-dev libfs-dev libfs6 libgl-dev
2025-08-27T07:21:29.7602567Z   libgl1-mesa-dev libgles-dev libgles1 libgles2 libglu1-mesa libglu1-mesa-dev
2025-08-27T07:21:29.7603400Z   libglut-dev libglut3.12 libglvnd-core-dev libglvnd-dev libglx-dev libice-dev
2025-08-27T07:21:29.7604191Z   libopengl-dev libopengl0 libpciaccess-dev libpixman-1-dev libpng-dev
2025-08-27T07:21:29.7604822Z   libpng-tools libpthread-stubs0-dev libsm-dev libx11-dev libxau-dev
2025-08-27T07:21:29.7605255Z   libxaw7-dev libxcb-xkb1 libxcb1-dev libxcomposite-dev libxcursor-dev
2025-08-27T07:21:29.7605715Z   libxcvt-dev libxcvt0 libxdamage-dev libxdmcp-dev libxext-dev libxfixes-dev
2025-08-27T07:21:29.7606171Z   libxfont-dev libxft-dev libxi-dev libxinerama-dev libxkbcommon-x11-0
2025-08-27T07:21:29.7606885Z   libxkbfile-dev libxmu-dev libxmu-headers libxmuu-dev libxpm-dev
2025-08-27T07:21:29.7607705Z   libxrandr-dev libxrender-dev libxres-dev libxres1 libxss-dev libxt-dev
2025-08-27T07:21:29.7608347Z   libxtst-dev libxv-dev libxv1 libxvmc-dev libxvmc1 libxxf86dga-dev
2025-08-27T07:21:29.7608808Z   libxxf86dga1 libxxf86vm-dev mesa-common-dev mesa-utils mesa-utils-bin
2025-08-27T07:21:29.7609253Z   uuid-dev x11proto-dev xorg-dev xorg-sgml-doctools xserver-xorg-dev
2025-08-27T07:21:29.7609581Z   xtrans-dev
2025-08-27T07:21:29.7802565Z 0 upgraded, 87 newly installed, 0 to remove and 30 not upgraded.
2025-08-27T07:21:29.7803128Z Need to get 11.5 MB of archives.
2025-08-27T07:21:29.7803589Z After this operation, 35.3 MB of additional disk space will be used.
2025-08-27T07:21:29.7803976Z Get:1 file:/etc/apt/apt-mirrors.txt Mirrorlist [144 B]
2025-08-27T07:21:29.8271962Z Get:2 http://azure.archive.ubuntu.com/ubuntu noble-updates/main amd64 bzip2-doc all 1.0.8-5.1build0.1 [499 kB]
2025-08-27T07:21:29.8876242Z Get:3 http://azure.archive.ubuntu.com/ubuntu noble/universe amd64 libglut3.12 amd64 3.4.0-1build1 [98.0 kB]
2025-08-27T07:21:29.9251731Z Get:4 http://azure.archive.ubuntu.com/ubuntu noble/main amd64 xorg-sgml-doctools all 1:1.11-1.1 [10.9 kB]
2025-08-27T07:21:29.9541756Z Get:5 http://azure.archive.ubuntu.com/ubuntu noble/main amd64 x11proto-dev all 2023.2-1 [602 kB]
2025-08-27T07:21:30.0205868Z Get:6 http://azure.archive.ubuntu.com/ubuntu noble/main amd64 libxau-dev amd64 1:1.0.9-1build6 [9570 B]
2025-08-27T07:21:30.0500208Z Get:7 http://azure.archive.ubuntu.com/ubuntu noble/main amd64 libxdmcp-dev amd64 1:1.1.3-0ubuntu6 [26.5 kB]
2025-08-27T07:21:30.0826090Z Get:8 http://azure.archive.ubuntu.com/ubuntu noble/main amd64 xtrans-dev all 1.4.0-1 [68.9 kB]
2025-08-27T07:21:30.1146071Z Get:9 http://azure.archive.ubuntu.com/ubuntu noble/main amd64 libpthread-stubs0-dev amd64 0.4-1build3 [4746 B]
2025-08-27T07:21:30.1448429Z Get:10 http://azure.archive.ubuntu.com/ubuntu noble/main amd64 libxcb1-dev amd64 1.15-1ubuntu2 [85.8 kB]
2025-08-27T07:21:30.1764919Z Get:11 http://azure.archive.ubuntu.com/ubuntu noble/main amd64 libx11-dev amd64 2:1.8.7-1build1 [732 kB]
2025-08-27T07:21:30.2361412Z Get:12 http://azure.archive.ubuntu.com/ubuntu noble/main amd64 libglx-dev amd64 1.7.0-1build1 [14.2 kB]
2025-08-27T07:21:30.2659076Z Get:13 http://azure.archive.ubuntu.com/ubuntu noble/main amd64 libgl-dev amd64 1.7.0-1build1 [102 kB]
2025-08-27T07:21:30.2953093Z Get:14 http://azure.archive.ubuntu.com/ubuntu noble/main amd64 libglvnd-core-dev amd64 1.7.0-1build1 [13.6 kB]
2025-08-27T07:21:30.3240757Z Get:15 http://azure.archive.ubuntu.com/ubuntu noble-updates/main amd64 libegl-mesa0 amd64 25.0.7-0ubuntu0.24.04.1 [124 kB]
2025-08-27T07:21:30.3567812Z Get:16 http://azure.archive.ubuntu.com/ubuntu noble/main amd64 libegl1 amd64 1.7.0-1build1 [28.7 kB]
2025-08-27T07:21:30.3861961Z Get:17 http://azure.archive.ubuntu.com/ubuntu noble/main amd64 libegl-dev amd64 1.7.0-1build1 [18.2 kB]
2025-08-27T07:21:30.4157870Z Get:18 http://azure.archive.ubuntu.com/ubuntu noble/main amd64 libgles1 amd64 1.7.0-1build1 [11.6 kB]
2025-08-27T07:21:30.4449685Z Get:19 http://azure.archive.ubuntu.com/ubuntu noble/main amd64 libgles2 amd64 1.7.0-1build1 [17.1 kB]
2025-08-27T07:21:30.4779011Z Get:20 http://azure.archive.ubuntu.com/ubuntu noble/main amd64 libgles-dev amd64 1.7.0-1build1 [50.5 kB]
2025-08-27T07:21:30.5500263Z Get:21 http://azure.archive.ubuntu.com/ubuntu noble/main amd64 libopengl0 amd64 1.7.0-1build1 [32.8 kB]
2025-08-27T07:21:30.5797756Z Get:22 http://azure.archive.ubuntu.com/ubuntu noble/main amd64 libopengl-dev amd64 1.7.0-1build1 [3454 B]
2025-08-27T07:21:30.6128362Z Get:23 http://azure.archive.ubuntu.com/ubuntu noble/main amd64 libglvnd-dev amd64 1.7.0-1build1 [3198 B]
2025-08-27T07:21:30.6492287Z Get:24 http://azure.archive.ubuntu.com/ubuntu noble-updates/main amd64 libgl1-mesa-dev amd64 25.0.7-0ubuntu0.24.04.1 [20.4 kB]
2025-08-27T07:21:30.6780870Z Get:25 http://azure.archive.ubuntu.com/ubuntu noble/main amd64 libglu1-mesa amd64 9.0.2-1.1build1 [152 kB]
2025-08-27T07:21:30.7089808Z Get:26 http://azure.archive.ubuntu.com/ubuntu noble/main amd64 libglu1-mesa-dev amd64 9.0.2-1.1build1 [237 kB]
2025-08-27T07:21:30.7448611Z Get:27 http://azure.archive.ubuntu.com/ubuntu noble/main amd64 libxext-dev amd64 2:1.3.4-1build2 [83.5 kB]
2025-08-27T07:21:30.8150915Z Get:28 http://azure.archive.ubuntu.com/ubuntu noble/main amd64 libice-dev amd64 2:1.0.10-1build3 [51.0 kB]
2025-08-27T07:21:30.8441650Z Get:29 http://azure.archive.ubuntu.com/ubuntu noble/main amd64 libsm-dev amd64 2:1.2.3-1build3 [17.8 kB]
2025-08-27T07:21:30.8737583Z Get:30 http://azure.archive.ubuntu.com/ubuntu noble/main amd64 libxt-dev amd64 1:1.2.1-1.2build1 [394 kB]
2025-08-27T07:21:30.9290079Z Get:31 http://azure.archive.ubuntu.com/ubuntu noble/universe amd64 libglut-dev amd64 3.4.0-1build1 [125 kB]
2025-08-27T07:21:30.9640916Z Get:32 http://azure.archive.ubuntu.com/ubuntu noble/universe amd64 freeglut3-dev amd64 3.4.0-1build1 [2022 B]
2025-08-27T07:21:30.9929706Z Get:33 http://azure.archive.ubuntu.com/ubuntu noble/main amd64 libbrotli-dev amd64 1.1.0-2build2 [353 kB]
2025-08-27T07:21:31.0319960Z Get:34 http://azure.archive.ubuntu.com/ubuntu noble-updates/main amd64 libbz2-dev amd64 1.0.8-5.1build0.1 [33.6 kB]
2025-08-27T07:21:31.0618522Z Get:35 http://azure.archive.ubuntu.com/ubuntu noble/main amd64 libdecor-0-0 amd64 0.2.2-1build2 [16.5 kB]
2025-08-27T07:21:31.0906062Z Get:36 http://azure.archive.ubuntu.com/ubuntu noble/main amd64 libdecor-0-plugin-1-gtk amd64 0.2.2-1build2 [22.2 kB]
2025-08-27T07:21:31.1198824Z Get:37 http://azure.archive.ubuntu.com/ubuntu noble/main amd64 libdmx1 amd64 1:1.1.4-2build3 [8630 B]
2025-08-27T07:21:31.1491617Z Get:38 http://azure.archive.ubuntu.com/ubuntu noble/main amd64 libdmx-dev amd64 1:1.1.4-2build3 [33.1 kB]
2025-08-27T07:21:31.2214345Z Get:39 http://azure.archive.ubuntu.com/ubuntu noble-updates/main amd64 libdrm-radeon1 amd64 2.4.122-1~ubuntu0.24.04.1 [20.8 kB]
2025-08-27T07:21:31.2512456Z Get:40 http://azure.archive.ubuntu.com/ubuntu noble-updates/main amd64 libdrm-nouveau2 amd64 2.4.122-1~ubuntu0.24.04.1 [17.7 kB]
2025-08-27T07:21:31.2801315Z Get:41 http://azure.archive.ubuntu.com/ubuntu noble-updates/main amd64 libpciaccess-dev amd64 0.17-3ubuntu0.24.04.2 [22.0 kB]
2025-08-27T07:21:31.3102313Z Get:42 http://azure.archive.ubuntu.com/ubuntu noble-updates/main amd64 libdrm-dev amd64 2.4.122-1~ubuntu0.24.04.1 [310 kB]
2025-08-27T07:21:31.3475834Z Get:43 http://azure.archive.ubuntu.com/ubuntu noble/main amd64 libpng-dev amd64 1.6.43-5build1 [264 kB]
2025-08-27T07:21:31.3894371Z Get:44 http://azure.archive.ubuntu.com/ubuntu noble/main amd64 libfreetype-dev amd64 2.13.2+dfsg-1build3 [575 kB]
2025-08-27T07:21:31.4535989Z Get:45 http://azure.archive.ubuntu.com/ubuntu noble-updates/main amd64 uuid-dev amd64 2.39.3-9ubuntu6.3 [33.5 kB]
2025-08-27T07:21:31.4842545Z Get:46 http://azure.archive.ubuntu.com/ubuntu noble/main amd64 libfontconfig-dev amd64 2.15.0-1.1ubuntu2 [161 kB]
2025-08-27T07:21:31.5150787Z Get:47 http://azure.archive.ubuntu.com/ubuntu noble/main amd64 libfontconfig1-dev amd64 2.15.0-1.1ubuntu2 [1840 B]
2025-08-27T07:21:31.5439908Z Get:48 http://azure.archive.ubuntu.com/ubuntu noble/main amd64 libfontenc-dev amd64 1:1.1.8-1build1 [15.6 kB]
2025-08-27T07:21:31.5728227Z Get:49 http://azure.archive.ubuntu.com/ubuntu noble/main amd64 libfs6 amd64 2:1.0.8-1build3 [22.0 kB]
2025-08-27T07:21:31.6015883Z Get:50 http://azure.archive.ubuntu.com/ubuntu noble/main amd64 libfs-dev amd64 2:1.0.8-1build3 [28.7 kB]
2025-08-27T07:21:31.6303643Z Get:51 http://azure.archive.ubuntu.com/ubuntu noble/main amd64 libpixman-1-dev amd64 0.42.2-1build1 [296 kB]
2025-08-27T07:21:31.6688116Z Get:52 http://azure.archive.ubuntu.com/ubuntu noble/main amd64 libpng-tools amd64 1.6.43-5build1 [28.5 kB]
2025-08-27T07:21:31.7054153Z Get:53 http://azure.archive.ubuntu.com/ubuntu noble/main amd64 libxmu-headers all 2:1.1.3-3build2 [53.0 kB]
2025-08-27T07:21:31.7420871Z Get:54 http://azure.archive.ubuntu.com/ubuntu noble/main amd64 libxmu-dev amd64 2:1.1.3-3build2 [55.4 kB]
2025-08-27T07:21:31.7722291Z Get:55 http://azure.archive.ubuntu.com/ubuntu noble/main amd64 libxpm-dev amd64 1:3.5.17-1build2 [109 kB]
2025-08-27T07:21:31.8028995Z Get:56 http://azure.archive.ubuntu.com/ubuntu noble/main amd64 libxaw7-dev amd64 2:1.0.14-1build2 [253 kB]
2025-08-27T07:21:31.8355933Z Get:57 http://azure.archive.ubuntu.com/ubuntu noble/main amd64 libxcb-xkb1 amd64 1.15-1ubuntu2 [32.3 kB]
2025-08-27T07:21:31.9300884Z Get:58 http://azure.archive.ubuntu.com/ubuntu noble/main amd64 libxfixes-dev amd64 1:6.0.0-2build1 [12.1 kB]
2025-08-27T07:21:31.9590383Z Get:59 http://azure.archive.ubuntu.com/ubuntu noble/main amd64 libxcomposite-dev amd64 1:0.4.5-1build3 [9374 B]
2025-08-27T07:21:31.9881615Z Get:60 http://azure.archive.ubuntu.com/ubuntu noble/main amd64 libxrender-dev amd64 1:0.9.10-1.1build1 [26.3 kB]
2025-08-27T07:21:32.0173491Z Get:61 http://azure.archive.ubuntu.com/ubuntu noble/main amd64 libxcursor-dev amd64 1:1.2.1-1build1 [31.8 kB]
2025-08-27T07:21:32.0463549Z Get:62 http://azure.archive.ubuntu.com/ubuntu noble/main amd64 libxcvt0 amd64 0.1.2-1build1 [5684 B]
2025-08-27T07:21:32.0753560Z Get:63 http://azure.archive.ubuntu.com/ubuntu noble/main amd64 libxcvt-dev amd64 0.1.2-1build1 [3252 B]
2025-08-27T07:21:32.1040046Z Get:64 http://azure.archive.ubuntu.com/ubuntu noble/main amd64 libxdamage-dev amd64 1:1.1.6-1build1 [5270 B]
2025-08-27T07:21:32.1326810Z Get:65 http://azure.archive.ubuntu.com/ubuntu noble/main amd64 libxfont-dev amd64 1:2.0.6-1build1 [128 kB]
2025-08-27T07:21:32.1624798Z Get:66 http://azure.archive.ubuntu.com/ubuntu noble/main amd64 libxft-dev amd64 2.3.6-1build1 [64.3 kB]
2025-08-27T07:21:32.1919334Z Get:67 http://azure.archive.ubuntu.com/ubuntu noble/main amd64 libxi-dev amd64 2:1.8.1-1build1 [194 kB]
2025-08-27T07:21:32.2235452Z Get:68 http://azure.archive.ubuntu.com/ubuntu noble/main amd64 libxinerama-dev amd64 2:1.1.4-3build1 [7988 B]
2025-08-27T07:21:32.2524124Z Get:69 http://azure.archive.ubuntu.com/ubuntu noble/main amd64 libxkbcommon-x11-0 amd64 1.6.0-1build1 [14.5 kB]
2025-08-27T07:21:32.2814050Z Get:70 http://azure.archive.ubuntu.com/ubuntu noble/main amd64 libxkbfile-dev amd64 1:1.1.0-1build4 [84.4 kB]
2025-08-27T07:21:32.3110021Z Get:71 http://azure.archive.ubuntu.com/ubuntu noble/main amd64 libxmuu-dev amd64 2:1.1.3-3build2 [7882 B]
2025-08-27T07:21:32.3398817Z Get:72 http://azure.archive.ubuntu.com/ubuntu noble/main amd64 libxrandr-dev amd64 2:1.5.2-2build1 [26.4 kB]
2025-08-27T07:21:32.3691682Z Get:73 http://azure.archive.ubuntu.com/ubuntu noble/main amd64 libxres1 amd64 2:1.2.1-1build1 [6778 B]
2025-08-27T07:21:32.3974287Z Get:74 http://azure.archive.ubuntu.com/ubuntu noble/main amd64 libxres-dev amd64 2:1.2.1-1build1 [8492 B]
2025-08-27T07:21:32.4278822Z Get:75 http://azure.archive.ubuntu.com/ubuntu noble/main amd64 libxss-dev amd64 1:1.2.3-1build3 [12.1 kB]
2025-08-27T07:21:32.4605571Z Get:76 http://azure.archive.ubuntu.com/ubuntu noble/main amd64 libxtst-dev amd64 2:1.2.3-1.1build1 [15.9 kB]
2025-08-27T07:21:32.5344269Z Get:77 http://azure.archive.ubuntu.com/ubuntu noble/main amd64 libxv1 amd64 2:1.0.11-1.1build1 [10.7 kB]
2025-08-27T07:21:32.5634925Z Get:78 http://azure.archive.ubuntu.com/ubuntu noble/main amd64 libxv-dev amd64 2:1.0.11-1.1build1 [33.3 kB]
2025-08-27T07:21:32.5928571Z Get:79 http://azure.archive.ubuntu.com/ubuntu noble/main amd64 libxvmc1 amd64 2:1.0.12-2build3 [13.2 kB]
2025-08-27T07:21:32.6248842Z Get:80 http://azure.archive.ubuntu.com/ubuntu noble/main amd64 libxvmc-dev amd64 2:1.0.12-2build3 [24.0 kB]
2025-08-27T07:21:32.6557587Z Get:81 http://azure.archive.ubuntu.com/ubuntu noble/main amd64 libxxf86dga1 amd64 2:1.1.5-1build1 [11.6 kB]
2025-08-27T07:21:32.6841125Z Get:82 http://azure.archive.ubuntu.com/ubuntu noble/main amd64 libxxf86dga-dev amd64 2:1.1.5-1build1 [16.0 kB]
2025-08-27T07:21:32.7243617Z Get:83 http://azure.archive.ubuntu.com/ubuntu noble/main amd64 libxxf86vm-dev amd64 1:1.1.4-1build4 [13.8 kB]
2025-08-27T07:21:32.7543251Z Get:84 http://azure.archive.ubuntu.com/ubuntu noble-updates/main amd64 mesa-common-dev amd64 25.0.7-0ubuntu0.24.04.1 [2927 kB]
2025-08-27T07:21:32.8692362Z Get:85 http://azure.archive.ubuntu.com/ubuntu noble/universe amd64 mesa-utils-bin amd64 9.0.0-2 [164 kB]
2025-08-27T07:21:32.8991378Z Get:86 http://azure.archive.ubuntu.com/ubuntu noble-updates/main amd64 xserver-xorg-dev amd64 2:21.1.12-1ubuntu1.4 [210 kB]
2025-08-27T07:21:32.9299848Z Get:87 http://azure.archive.ubuntu.com/ubuntu noble/main amd64 xorg-dev all 1:7.7+23ubuntu3 [4060 B]
2025-08-27T07:21:32.9600631Z Get:88 http://azure.archive.ubuntu.com/ubuntu noble/universe amd64 mesa-utils amd64 9.0.0-2 [1051 kB]
2025-08-27T07:21:33.3149886Z Fetched 11.5 MB in 3s (3582 kB/s)
2025-08-27T07:21:33.3563033Z Selecting previously unselected package bzip2-doc.
2025-08-27T07:21:33.5019318Z (Reading database ... 
2025-08-27T07:21:33.5019760Z (Reading database ... 5%
2025-08-27T07:21:33.5020016Z (Reading database ... 10%
2025-08-27T07:21:33.5020239Z (Reading database ... 15%
2025-08-27T07:21:33.5020459Z (Reading database ... 20%
2025-08-27T07:21:33.5020671Z (Reading database ... 25%
2025-08-27T07:21:33.5020887Z (Reading database ... 30%
2025-08-27T07:21:33.5021098Z (Reading database ... 35%
2025-08-27T07:21:33.5021314Z (Reading database ... 40%
2025-08-27T07:21:33.5021527Z (Reading database ... 45%
2025-08-27T07:21:33.5021803Z (Reading database ... 50%
2025-08-27T07:21:33.6384815Z (Reading database ... 55%
2025-08-27T07:21:34.3412286Z (Reading database ... 60%
2025-08-27T07:21:35.0614272Z (Reading database ... 65%
2025-08-27T07:21:35.8203881Z (Reading database ... 70%
2025-08-27T07:21:36.5505397Z (Reading database ... 75%
2025-08-27T07:21:37.3656415Z (Reading database ... 80%
2025-08-27T07:21:38.2318338Z (Reading database ... 85%
2025-08-27T07:21:39.0796623Z (Reading database ... 90%
2025-08-27T07:21:39.9523453Z (Reading database ... 95%
2025-08-27T07:21:39.9524009Z (Reading database ... 100%
2025-08-27T07:21:39.9524502Z (Reading database ... 219830 files and directories currently installed.)
2025-08-27T07:21:39.9570305Z Preparing to unpack .../00-bzip2-doc_1.0.8-5.1build0.1_all.deb ...
2025-08-27T07:21:39.9596397Z Unpacking bzip2-doc (1.0.8-5.1build0.1) ...
2025-08-27T07:21:40.0178179Z Selecting previously unselected package libglut3.12:amd64.
2025-08-27T07:21:40.0312280Z Preparing to unpack .../01-libglut3.12_3.4.0-1build1_amd64.deb ...
2025-08-27T07:21:40.0333477Z Unpacking libglut3.12:amd64 (3.4.0-1build1) ...
2025-08-27T07:21:40.0571796Z Selecting previously unselected package xorg-sgml-doctools.
2025-08-27T07:21:40.0708165Z Preparing to unpack .../02-xorg-sgml-doctools_1%3a1.11-1.1_all.deb ...
2025-08-27T07:21:40.0719473Z Unpacking xorg-sgml-doctools (1:1.11-1.1) ...
2025-08-27T07:21:40.1042348Z Selecting previously unselected package x11proto-dev.
2025-08-27T07:21:40.1178464Z Preparing to unpack .../03-x11proto-dev_2023.2-1_all.deb ...
2025-08-27T07:21:40.1189413Z Unpacking x11proto-dev (2023.2-1) ...
2025-08-27T07:21:40.1873946Z Selecting previously unselected package libxau-dev:amd64.
2025-08-27T07:21:40.2009156Z Preparing to unpack .../04-libxau-dev_1%3a1.0.9-1build6_amd64.deb ...
2025-08-27T07:21:40.2021378Z Unpacking libxau-dev:amd64 (1:1.0.9-1build6) ...
2025-08-27T07:21:40.3153063Z Selecting previously unselected package libxdmcp-dev:amd64.
2025-08-27T07:21:40.3287936Z Preparing to unpack .../05-libxdmcp-dev_1%3a1.1.3-0ubuntu6_amd64.deb ...
2025-08-27T07:21:40.3297773Z Unpacking libxdmcp-dev:amd64 (1:1.1.3-0ubuntu6) ...
2025-08-27T07:21:40.3503283Z Selecting previously unselected package xtrans-dev.
2025-08-27T07:21:40.3636911Z Preparing to unpack .../06-xtrans-dev_1.4.0-1_all.deb ...
2025-08-27T07:21:40.3648582Z Unpacking xtrans-dev (1.4.0-1) ...
2025-08-27T07:21:40.3953183Z Selecting previously unselected package libpthread-stubs0-dev:amd64.
2025-08-27T07:21:40.4087850Z Preparing to unpack .../07-libpthread-stubs0-dev_0.4-1build3_amd64.deb ...
2025-08-27T07:21:40.4097907Z Unpacking libpthread-stubs0-dev:amd64 (0.4-1build3) ...
2025-08-27T07:21:40.4301690Z Selecting previously unselected package libxcb1-dev:amd64.
2025-08-27T07:21:40.4435797Z Preparing to unpack .../08-libxcb1-dev_1.15-1ubuntu2_amd64.deb ...
2025-08-27T07:21:40.4445318Z Unpacking libxcb1-dev:amd64 (1.15-1ubuntu2) ...
2025-08-27T07:21:40.4679465Z Selecting previously unselected package libx11-dev:amd64.
2025-08-27T07:21:40.4813460Z Preparing to unpack .../09-libx11-dev_2%3a1.8.7-1build1_amd64.deb ...
2025-08-27T07:21:40.4824121Z Unpacking libx11-dev:amd64 (2:1.8.7-1build1) ...
2025-08-27T07:21:40.5143408Z Selecting previously unselected package libglx-dev:amd64.
2025-08-27T07:21:40.5277341Z Preparing to unpack .../10-libglx-dev_1.7.0-1build1_amd64.deb ...
2025-08-27T07:21:40.5288533Z Unpacking libglx-dev:amd64 (1.7.0-1build1) ...
2025-08-27T07:21:40.5502731Z Selecting previously unselected package libgl-dev:amd64.
2025-08-27T07:21:40.5635775Z Preparing to unpack .../11-libgl-dev_1.7.0-1build1_amd64.deb ...
2025-08-27T07:21:40.5646055Z Unpacking libgl-dev:amd64 (1.7.0-1build1) ...
2025-08-27T07:21:40.5899567Z Selecting previously unselected package libglvnd-core-dev:amd64.
2025-08-27T07:21:40.6032583Z Preparing to unpack .../12-libglvnd-core-dev_1.7.0-1build1_amd64.deb ...
2025-08-27T07:21:40.6043127Z Unpacking libglvnd-core-dev:amd64 (1.7.0-1build1) ...
2025-08-27T07:21:40.6264824Z Selecting previously unselected package libegl-mesa0:amd64.
2025-08-27T07:21:40.6396840Z Preparing to unpack .../13-libegl-mesa0_25.0.7-0ubuntu0.24.04.1_amd64.deb ...
2025-08-27T07:21:40.6406463Z Unpacking libegl-mesa0:amd64 (25.0.7-0ubuntu0.24.04.1) ...
2025-08-27T07:21:40.6654340Z Selecting previously unselected package libegl1:amd64.
2025-08-27T07:21:40.6789082Z Preparing to unpack .../14-libegl1_1.7.0-1build1_amd64.deb ...
2025-08-27T07:21:40.6801506Z Unpacking libegl1:amd64 (1.7.0-1build1) ...
2025-08-27T07:21:40.7021242Z Selecting previously unselected package libegl-dev:amd64.
2025-08-27T07:21:40.7155735Z Preparing to unpack .../15-libegl-dev_1.7.0-1build1_amd64.deb ...
2025-08-27T07:21:40.7165669Z Unpacking libegl-dev:amd64 (1.7.0-1build1) ...
2025-08-27T07:21:40.7394755Z Selecting previously unselected package libgles1:amd64.
2025-08-27T07:21:40.7526255Z Preparing to unpack .../16-libgles1_1.7.0-1build1_amd64.deb ...
2025-08-27T07:21:40.7537277Z Unpacking libgles1:amd64 (1.7.0-1build1) ...
2025-08-27T07:21:40.7940321Z Selecting previously unselected package libgles2:amd64.
2025-08-27T07:21:40.8071667Z Preparing to unpack .../17-libgles2_1.7.0-1build1_amd64.deb ...
2025-08-27T07:21:40.8082712Z Unpacking libgles2:amd64 (1.7.0-1build1) ...
2025-08-27T07:21:40.8473455Z Selecting previously unselected package libgles-dev:amd64.
2025-08-27T07:21:40.8604067Z Preparing to unpack .../18-libgles-dev_1.7.0-1build1_amd64.deb ...
2025-08-27T07:21:40.8613983Z Unpacking libgles-dev:amd64 (1.7.0-1build1) ...
2025-08-27T07:21:40.8891409Z Selecting previously unselected package libopengl0:amd64.
2025-08-27T07:21:40.9022039Z Preparing to unpack .../19-libopengl0_1.7.0-1build1_amd64.deb ...
2025-08-27T07:21:40.9031572Z Unpacking libopengl0:amd64 (1.7.0-1build1) ...
2025-08-27T07:21:40.9252224Z Selecting previously unselected package libopengl-dev:amd64.
2025-08-27T07:21:40.9383123Z Preparing to unpack .../20-libopengl-dev_1.7.0-1build1_amd64.deb ...
2025-08-27T07:21:40.9394739Z Unpacking libopengl-dev:amd64 (1.7.0-1build1) ...
2025-08-27T07:21:40.9602823Z Selecting previously unselected package libglvnd-dev:amd64.
2025-08-27T07:21:40.9731118Z Preparing to unpack .../21-libglvnd-dev_1.7.0-1build1_amd64.deb ...
2025-08-27T07:21:40.9741734Z Unpacking libglvnd-dev:amd64 (1.7.0-1build1) ...
2025-08-27T07:21:40.9944098Z Selecting previously unselected package libgl1-mesa-dev:amd64.
2025-08-27T07:21:41.0072664Z Preparing to unpack .../22-libgl1-mesa-dev_25.0.7-0ubuntu0.24.04.1_amd64.deb ...
2025-08-27T07:21:41.0082777Z Unpacking libgl1-mesa-dev:amd64 (25.0.7-0ubuntu0.24.04.1) ...
2025-08-27T07:21:41.0300196Z Selecting previously unselected package libglu1-mesa:amd64.
2025-08-27T07:21:41.0429229Z Preparing to unpack .../23-libglu1-mesa_9.0.2-1.1build1_amd64.deb ...
2025-08-27T07:21:41.0439825Z Unpacking libglu1-mesa:amd64 (9.0.2-1.1build1) ...
2025-08-27T07:21:41.0721298Z Selecting previously unselected package libglu1-mesa-dev:amd64.
2025-08-27T07:21:41.0855934Z Preparing to unpack .../24-libglu1-mesa-dev_9.0.2-1.1build1_amd64.deb ...
2025-08-27T07:21:41.0867242Z Unpacking libglu1-mesa-dev:amd64 (9.0.2-1.1build1) ...
2025-08-27T07:21:41.1133527Z Selecting previously unselected package libxext-dev:amd64.
2025-08-27T07:21:41.1268068Z Preparing to unpack .../25-libxext-dev_2%3a1.3.4-1build2_amd64.deb ...
2025-08-27T07:21:41.1279037Z Unpacking libxext-dev:amd64 (2:1.3.4-1build2) ...
2025-08-27T07:21:41.1901429Z Selecting previously unselected package libice-dev:amd64.
2025-08-27T07:21:41.2036944Z Preparing to unpack .../26-libice-dev_2%3a1.0.10-1build3_amd64.deb ...
2025-08-27T07:21:41.2048954Z Unpacking libice-dev:amd64 (2:1.0.10-1build3) ...
2025-08-27T07:21:41.2275506Z Selecting previously unselected package libsm-dev:amd64.
2025-08-27T07:21:41.2410879Z Preparing to unpack .../27-libsm-dev_2%3a1.2.3-1build3_amd64.deb ...
2025-08-27T07:21:41.2423167Z Unpacking libsm-dev:amd64 (2:1.2.3-1build3) ...
2025-08-27T07:21:41.2643890Z Selecting previously unselected package libxt-dev:amd64.
2025-08-27T07:21:41.2780442Z Preparing to unpack .../28-libxt-dev_1%3a1.2.1-1.2build1_amd64.deb ...
2025-08-27T07:21:41.2793352Z Unpacking libxt-dev:amd64 (1:1.2.1-1.2build1) ...
2025-08-27T07:21:41.3390425Z Selecting previously unselected package libglut-dev:amd64.
2025-08-27T07:21:41.3525099Z Preparing to unpack .../29-libglut-dev_3.4.0-1build1_amd64.deb ...
2025-08-27T07:21:41.3536638Z Unpacking libglut-dev:amd64 (3.4.0-1build1) ...
2025-08-27T07:21:41.3845238Z Selecting previously unselected package freeglut3-dev:amd64.
2025-08-27T07:21:41.3980848Z Preparing to unpack .../30-freeglut3-dev_3.4.0-1build1_amd64.deb ...
2025-08-27T07:21:41.3991945Z Unpacking freeglut3-dev:amd64 (3.4.0-1build1) ...
2025-08-27T07:21:41.4202263Z Selecting previously unselected package libbrotli-dev:amd64.
2025-08-27T07:21:41.4336051Z Preparing to unpack .../31-libbrotli-dev_1.1.0-2build2_amd64.deb ...
2025-08-27T07:21:41.4348271Z Unpacking libbrotli-dev:amd64 (1.1.0-2build2) ...
2025-08-27T07:21:41.4631049Z Selecting previously unselected package libbz2-dev:amd64.
2025-08-27T07:21:41.4770307Z Preparing to unpack .../32-libbz2-dev_1.0.8-5.1build0.1_amd64.deb ...
2025-08-27T07:21:41.4782075Z Unpacking libbz2-dev:amd64 (1.0.8-5.1build0.1) ...
2025-08-27T07:21:41.5058977Z Selecting previously unselected package libdecor-0-0:amd64.
2025-08-27T07:21:41.5194640Z Preparing to unpack .../33-libdecor-0-0_0.2.2-1build2_amd64.deb ...
2025-08-27T07:21:41.5206312Z Unpacking libdecor-0-0:amd64 (0.2.2-1build2) ...
2025-08-27T07:21:41.5422095Z Selecting previously unselected package libdecor-0-plugin-1-gtk:amd64.
2025-08-27T07:21:41.5555843Z Preparing to unpack .../34-libdecor-0-plugin-1-gtk_0.2.2-1build2_amd64.deb ...
2025-08-27T07:21:41.5565957Z Unpacking libdecor-0-plugin-1-gtk:amd64 (0.2.2-1build2) ...
2025-08-27T07:21:41.5783597Z Selecting previously unselected package libdmx1:amd64.
2025-08-27T07:21:41.5915637Z Preparing to unpack .../35-libdmx1_1%3a1.1.4-2build3_amd64.deb ...
2025-08-27T07:21:41.5926703Z Unpacking libdmx1:amd64 (1:1.1.4-2build3) ...
2025-08-27T07:21:41.6131576Z Selecting previously unselected package libdmx-dev:amd64.
2025-08-27T07:21:41.6263227Z Preparing to unpack .../36-libdmx-dev_1%3a1.1.4-2build3_amd64.deb ...
2025-08-27T07:21:41.6275586Z Unpacking libdmx-dev:amd64 (1:1.1.4-2build3) ...
2025-08-27T07:21:41.6536119Z Selecting previously unselected package libdrm-radeon1:amd64.
2025-08-27T07:21:41.6669957Z Preparing to unpack .../37-libdrm-radeon1_2.4.122-1~ubuntu0.24.04.1_amd64.deb ...
2025-08-27T07:21:41.6680506Z Unpacking libdrm-radeon1:amd64 (2.4.122-1~ubuntu0.24.04.1) ...
2025-08-27T07:21:41.6905969Z Selecting previously unselected package libdrm-nouveau2:amd64.
2025-08-27T07:21:41.7041565Z Preparing to unpack .../38-libdrm-nouveau2_2.4.122-1~ubuntu0.24.04.1_amd64.deb ...
2025-08-27T07:21:41.7052579Z Unpacking libdrm-nouveau2:amd64 (2.4.122-1~ubuntu0.24.04.1) ...
2025-08-27T07:21:41.7264130Z Selecting previously unselected package libpciaccess-dev:amd64.
2025-08-27T07:21:41.7397406Z Preparing to unpack .../39-libpciaccess-dev_0.17-3ubuntu0.24.04.2_amd64.deb ...
2025-08-27T07:21:41.7409569Z Unpacking libpciaccess-dev:amd64 (0.17-3ubuntu0.24.04.2) ...
2025-08-27T07:21:41.7622683Z Selecting previously unselected package libdrm-dev:amd64.
2025-08-27T07:21:41.7754746Z Preparing to unpack .../40-libdrm-dev_2.4.122-1~ubuntu0.24.04.1_amd64.deb ...
2025-08-27T07:21:41.7766689Z Unpacking libdrm-dev:amd64 (2.4.122-1~ubuntu0.24.04.1) ...
2025-08-27T07:21:41.8365208Z Selecting previously unselected package libpng-dev:amd64.
2025-08-27T07:21:41.8500243Z Preparing to unpack .../41-libpng-dev_1.6.43-5build1_amd64.deb ...
2025-08-27T07:21:41.8511385Z Unpacking libpng-dev:amd64 (1.6.43-5build1) ...
2025-08-27T07:21:41.9200824Z Selecting previously unselected package libfreetype-dev:amd64.
2025-08-27T07:21:41.9333583Z Preparing to unpack .../42-libfreetype-dev_2.13.2+dfsg-1build3_amd64.deb ...
2025-08-27T07:21:41.9343210Z Unpacking libfreetype-dev:amd64 (2.13.2+dfsg-1build3) ...
2025-08-27T07:21:41.9706082Z Selecting previously unselected package uuid-dev:amd64.
2025-08-27T07:21:41.9841101Z Preparing to unpack .../43-uuid-dev_2.39.3-9ubuntu6.3_amd64.deb ...
2025-08-27T07:21:41.9852287Z Unpacking uuid-dev:amd64 (2.39.3-9ubuntu6.3) ...
2025-08-27T07:21:42.0082401Z Selecting previously unselected package libfontconfig-dev:amd64.
2025-08-27T07:21:42.0216075Z Preparing to unpack .../44-libfontconfig-dev_2.15.0-1.1ubuntu2_amd64.deb ...
2025-08-27T07:21:42.0226166Z Unpacking libfontconfig-dev:amd64 (2.15.0-1.1ubuntu2) ...
2025-08-27T07:21:42.0563019Z Selecting previously unselected package libfontconfig1-dev:amd64.
2025-08-27T07:21:42.0700601Z Preparing to unpack .../45-libfontconfig1-dev_2.15.0-1.1ubuntu2_amd64.deb ...
2025-08-27T07:21:42.0712026Z Unpacking libfontconfig1-dev:amd64 (2.15.0-1.1ubuntu2) ...
2025-08-27T07:21:42.0923935Z Selecting previously unselected package libfontenc-dev:amd64.
2025-08-27T07:21:42.1059261Z Preparing to unpack .../46-libfontenc-dev_1%3a1.1.8-1build1_amd64.deb ...
2025-08-27T07:21:42.1070621Z Unpacking libfontenc-dev:amd64 (1:1.1.8-1build1) ...
2025-08-27T07:21:42.1290022Z Selecting previously unselected package libfs6:amd64.
2025-08-27T07:21:42.1423896Z Preparing to unpack .../47-libfs6_2%3a1.0.8-1build3_amd64.deb ...
2025-08-27T07:21:42.1436535Z Unpacking libfs6:amd64 (2:1.0.8-1build3) ...
2025-08-27T07:21:42.1642447Z Selecting previously unselected package libfs-dev:amd64.
2025-08-27T07:21:42.1775193Z Preparing to unpack .../48-libfs-dev_2%3a1.0.8-1build3_amd64.deb ...
2025-08-27T07:21:42.1789311Z Unpacking libfs-dev:amd64 (2:1.0.8-1build3) ...
2025-08-27T07:21:42.2009752Z Selecting previously unselected package libpixman-1-dev:amd64.
2025-08-27T07:21:42.2143945Z Preparing to unpack .../49-libpixman-1-dev_0.42.2-1build1_amd64.deb ...
2025-08-27T07:21:42.2155171Z Unpacking libpixman-1-dev:amd64 (0.42.2-1build1) ...
2025-08-27T07:21:42.2407934Z Selecting previously unselected package libpng-tools.
2025-08-27T07:21:42.2543878Z Preparing to unpack .../50-libpng-tools_1.6.43-5build1_amd64.deb ...
2025-08-27T07:21:42.2555781Z Unpacking libpng-tools (1.6.43-5build1) ...
2025-08-27T07:21:42.2760808Z Selecting previously unselected package libxmu-headers.
2025-08-27T07:21:42.2895627Z Preparing to unpack .../51-libxmu-headers_2%3a1.1.3-3build2_all.deb ...
2025-08-27T07:21:42.2906145Z Unpacking libxmu-headers (2:1.1.3-3build2) ...
2025-08-27T07:21:42.3172343Z Selecting previously unselected package libxmu-dev:amd64.
2025-08-27T07:21:42.3306130Z Preparing to unpack .../52-libxmu-dev_2%3a1.1.3-3build2_amd64.deb ...
2025-08-27T07:21:42.3321004Z Unpacking libxmu-dev:amd64 (2:1.1.3-3build2) ...
2025-08-27T07:21:42.3542120Z Selecting previously unselected package libxpm-dev:amd64.
2025-08-27T07:21:42.3675972Z Preparing to unpack .../53-libxpm-dev_1%3a3.5.17-1build2_amd64.deb ...
2025-08-27T07:21:42.3687548Z Unpacking libxpm-dev:amd64 (1:3.5.17-1build2) ...
2025-08-27T07:21:42.3972763Z Selecting previously unselected package libxaw7-dev:amd64.
2025-08-27T07:21:42.4105763Z Preparing to unpack .../54-libxaw7-dev_2%3a1.0.14-1build2_amd64.deb ...
2025-08-27T07:21:42.4118609Z Unpacking libxaw7-dev:amd64 (2:1.0.14-1build2) ...
2025-08-27T07:21:42.4485877Z Selecting previously unselected package libxcb-xkb1:amd64.
2025-08-27T07:21:42.4618978Z Preparing to unpack .../55-libxcb-xkb1_1.15-1ubuntu2_amd64.deb ...
2025-08-27T07:21:42.4630293Z Unpacking libxcb-xkb1:amd64 (1.15-1ubuntu2) ...
2025-08-27T07:21:42.4843289Z Selecting previously unselected package libxfixes-dev:amd64.
2025-08-27T07:21:42.4975576Z Preparing to unpack .../56-libxfixes-dev_1%3a6.0.0-2build1_amd64.deb ...
2025-08-27T07:21:42.4986376Z Unpacking libxfixes-dev:amd64 (1:6.0.0-2build1) ...
2025-08-27T07:21:42.5204887Z Selecting previously unselected package libxcomposite-dev:amd64.
2025-08-27T07:21:42.5336025Z Preparing to unpack .../57-libxcomposite-dev_1%3a0.4.5-1build3_amd64.deb ...
2025-08-27T07:21:42.5344184Z Unpacking libxcomposite-dev:amd64 (1:0.4.5-1build3) ...
2025-08-27T07:21:42.5557668Z Selecting previously unselected package libxrender-dev:amd64.
2025-08-27T07:21:42.5688038Z Preparing to unpack .../58-libxrender-dev_1%3a0.9.10-1.1build1_amd64.deb ...
2025-08-27T07:21:42.5697813Z Unpacking libxrender-dev:amd64 (1:0.9.10-1.1build1) ...
2025-08-27T07:21:42.5901728Z Selecting previously unselected package libxcursor-dev:amd64.
2025-08-27T07:21:42.6032494Z Preparing to unpack .../59-libxcursor-dev_1%3a1.2.1-1build1_amd64.deb ...
2025-08-27T07:21:42.6040007Z Unpacking libxcursor-dev:amd64 (1:1.2.1-1build1) ...
2025-08-27T07:21:42.6303670Z Selecting previously unselected package libxcvt0:amd64.
2025-08-27T07:21:42.6432270Z Preparing to unpack .../60-libxcvt0_0.1.2-1build1_amd64.deb ...
2025-08-27T07:21:42.6440647Z Unpacking libxcvt0:amd64 (0.1.2-1build1) ...
2025-08-27T07:21:42.6644317Z Selecting previously unselected package libxcvt-dev:amd64.
2025-08-27T07:21:42.6775641Z Preparing to unpack .../61-libxcvt-dev_0.1.2-1build1_amd64.deb ...
2025-08-27T07:21:42.6783838Z Unpacking libxcvt-dev:amd64 (0.1.2-1build1) ...
2025-08-27T07:21:42.6984949Z Selecting previously unselected package libxdamage-dev:amd64.
2025-08-27T07:21:42.7116761Z Preparing to unpack .../62-libxdamage-dev_1%3a1.1.6-1build1_amd64.deb ...
2025-08-27T07:21:42.7126028Z Unpacking libxdamage-dev:amd64 (1:1.1.6-1build1) ...
2025-08-27T07:21:42.7383370Z Selecting previously unselected package libxfont-dev.
2025-08-27T07:21:42.7523124Z Preparing to unpack .../63-libxfont-dev_1%3a2.0.6-1build1_amd64.deb ...
2025-08-27T07:21:42.7531945Z Unpacking libxfont-dev (1:2.0.6-1build1) ...
2025-08-27T07:21:42.7763796Z Selecting previously unselected package libxft-dev:amd64.
2025-08-27T07:21:42.7897911Z Preparing to unpack .../64-libxft-dev_2.3.6-1build1_amd64.deb ...
2025-08-27T07:21:42.7907528Z Unpacking libxft-dev:amd64 (2.3.6-1build1) ...
2025-08-27T07:21:42.8181521Z Selecting previously unselected package libxi-dev:amd64.
2025-08-27T07:21:42.8315720Z Preparing to unpack .../65-libxi-dev_2%3a1.8.1-1build1_amd64.deb ...
2025-08-27T07:21:42.8324325Z Unpacking libxi-dev:amd64 (2:1.8.1-1build1) ...
2025-08-27T07:21:42.8641686Z Selecting previously unselected package libxinerama-dev:amd64.
2025-08-27T07:21:42.8776612Z Preparing to unpack .../66-libxinerama-dev_2%3a1.1.4-3build1_amd64.deb ...
2025-08-27T07:21:42.8785185Z Unpacking libxinerama-dev:amd64 (2:1.1.4-3build1) ...
2025-08-27T07:21:42.8998979Z Selecting previously unselected package libxkbcommon-x11-0:amd64.
2025-08-27T07:21:42.9130814Z Preparing to unpack .../67-libxkbcommon-x11-0_1.6.0-1build1_amd64.deb ...
2025-08-27T07:21:42.9141062Z Unpacking libxkbcommon-x11-0:amd64 (1.6.0-1build1) ...
2025-08-27T07:21:42.9340218Z Selecting previously unselected package libxkbfile-dev:amd64.
2025-08-27T07:21:42.9474995Z Preparing to unpack .../68-libxkbfile-dev_1%3a1.1.0-1build4_amd64.deb ...
2025-08-27T07:21:42.9485291Z Unpacking libxkbfile-dev:amd64 (1:1.1.0-1build4) ...
2025-08-27T07:21:42.9718740Z Selecting previously unselected package libxmuu-dev:amd64.
2025-08-27T07:21:42.9850536Z Preparing to unpack .../69-libxmuu-dev_2%3a1.1.3-3build2_amd64.deb ...
2025-08-27T07:21:42.9858507Z Unpacking libxmuu-dev:amd64 (2:1.1.3-3build2) ...
2025-08-27T07:21:43.0054167Z Selecting previously unselected package libxrandr-dev:amd64.
2025-08-27T07:21:43.0186116Z Preparing to unpack .../70-libxrandr-dev_2%3a1.5.2-2build1_amd64.deb ...
2025-08-27T07:21:43.0193996Z Unpacking libxrandr-dev:amd64 (2:1.5.2-2build1) ...
2025-08-27T07:21:43.0416185Z Selecting previously unselected package libxres1:amd64.
2025-08-27T07:21:43.0546683Z Preparing to unpack .../71-libxres1_2%3a1.2.1-1build1_amd64.deb ...
2025-08-27T07:21:43.0565182Z Unpacking libxres1:amd64 (2:1.2.1-1build1) ...
2025-08-27T07:21:43.0908962Z Selecting previously unselected package libxres-dev:amd64.
2025-08-27T07:21:43.1045411Z Preparing to unpack .../72-libxres-dev_2%3a1.2.1-1build1_amd64.deb ...
2025-08-27T07:21:43.1053316Z Unpacking libxres-dev:amd64 (2:1.2.1-1build1) ...
2025-08-27T07:21:43.1255962Z Selecting previously unselected package libxss-dev:amd64.
2025-08-27T07:21:43.1391881Z Preparing to unpack .../73-libxss-dev_1%3a1.2.3-1build3_amd64.deb ...
2025-08-27T07:21:43.1399949Z Unpacking libxss-dev:amd64 (1:1.2.3-1build3) ...
2025-08-27T07:21:43.1615788Z Selecting previously unselected package libxtst-dev:amd64.
2025-08-27T07:21:43.1750820Z Preparing to unpack .../74-libxtst-dev_2%3a1.2.3-1.1build1_amd64.deb ...
2025-08-27T07:21:43.1760039Z Unpacking libxtst-dev:amd64 (2:1.2.3-1.1build1) ...
2025-08-27T07:21:43.2030194Z Selecting previously unselected package libxv1:amd64.
2025-08-27T07:21:43.2165187Z Preparing to unpack .../75-libxv1_2%3a1.0.11-1.1build1_amd64.deb ...
2025-08-27T07:21:43.2173735Z Unpacking libxv1:amd64 (2:1.0.11-1.1build1) ...
2025-08-27T07:21:43.2368762Z Selecting previously unselected package libxv-dev:amd64.
2025-08-27T07:21:43.2504034Z Preparing to unpack .../76-libxv-dev_2%3a1.0.11-1.1build1_amd64.deb ...
2025-08-27T07:21:43.2514382Z Unpacking libxv-dev:amd64 (2:1.0.11-1.1build1) ...
2025-08-27T07:21:43.2759129Z Selecting previously unselected package libxvmc1:amd64.
2025-08-27T07:21:43.2893793Z Preparing to unpack .../77-libxvmc1_2%3a1.0.12-2build3_amd64.deb ...
2025-08-27T07:21:43.2905264Z Unpacking libxvmc1:amd64 (2:1.0.12-2build3) ...
2025-08-27T07:21:43.3211418Z Selecting previously unselected package libxvmc-dev:amd64.
2025-08-27T07:21:43.3346134Z Preparing to unpack .../78-libxvmc-dev_2%3a1.0.12-2build3_amd64.deb ...
2025-08-27T07:21:43.3355255Z Unpacking libxvmc-dev:amd64 (2:1.0.12-2build3) ...
2025-08-27T07:21:43.3574900Z Selecting previously unselected package libxxf86dga1:amd64.
2025-08-27T07:21:43.3708427Z Preparing to unpack .../79-libxxf86dga1_2%3a1.1.5-1build1_amd64.deb ...
2025-08-27T07:21:43.3733415Z Unpacking libxxf86dga1:amd64 (2:1.1.5-1build1) ...
2025-08-27T07:21:43.3933354Z Selecting previously unselected package libxxf86dga-dev:amd64.
2025-08-27T07:21:43.4068318Z Preparing to unpack .../80-libxxf86dga-dev_2%3a1.1.5-1build1_amd64.deb ...
2025-08-27T07:21:43.4090653Z Unpacking libxxf86dga-dev:amd64 (2:1.1.5-1build1) ...
2025-08-27T07:21:43.4325151Z Selecting previously unselected package libxxf86vm-dev:amd64.
2025-08-27T07:21:43.4458599Z Preparing to unpack .../81-libxxf86vm-dev_1%3a1.1.4-1build4_amd64.deb ...
2025-08-27T07:21:43.4466383Z Unpacking libxxf86vm-dev:amd64 (1:1.1.4-1build4) ...
2025-08-27T07:21:43.4820070Z Selecting previously unselected package mesa-common-dev:amd64.
2025-08-27T07:21:43.4953441Z Preparing to unpack .../82-mesa-common-dev_25.0.7-0ubuntu0.24.04.1_amd64.deb ...
2025-08-27T07:21:43.4960819Z Unpacking mesa-common-dev:amd64 (25.0.7-0ubuntu0.24.04.1) ...
2025-08-27T07:21:43.6057817Z Selecting previously unselected package mesa-utils-bin:amd64.
2025-08-27T07:21:43.6194983Z Preparing to unpack .../83-mesa-utils-bin_9.0.0-2_amd64.deb ...
2025-08-27T07:21:43.6202394Z Unpacking mesa-utils-bin:amd64 (9.0.0-2) ...
2025-08-27T07:21:43.6460862Z Selecting previously unselected package xserver-xorg-dev.
2025-08-27T07:21:43.6594911Z Preparing to unpack .../84-xserver-xorg-dev_2%3a21.1.12-1ubuntu1.4_amd64.deb ...
2025-08-27T07:21:43.6602047Z Unpacking xserver-xorg-dev (2:21.1.12-1ubuntu1.4) ...
2025-08-27T07:21:43.7103949Z Selecting previously unselected package xorg-dev.
2025-08-27T07:21:43.7240352Z Preparing to unpack .../85-xorg-dev_1%3a7.7+23ubuntu3_all.deb ...
2025-08-27T07:21:43.7250634Z Unpacking xorg-dev (1:7.7+23ubuntu3) ...
2025-08-27T07:21:43.7466437Z Selecting previously unselected package mesa-utils.
2025-08-27T07:21:43.7601210Z Preparing to unpack .../86-mesa-utils_9.0.0-2_amd64.deb ...
2025-08-27T07:21:43.7609907Z Unpacking mesa-utils (9.0.0-2) ...
2025-08-27T07:21:43.9033215Z Setting up bzip2-doc (1.0.8-5.1build0.1) ...
2025-08-27T07:21:43.9062822Z Setting up libdrm-nouveau2:amd64 (2.4.122-1~ubuntu0.24.04.1) ...
2025-08-27T07:21:43.9091925Z Setting up libpixman-1-dev:amd64 (0.42.2-1build1) ...
2025-08-27T07:21:43.9112046Z Setting up libpciaccess-dev:amd64 (0.17-3ubuntu0.24.04.2) ...
2025-08-27T07:21:43.9132984Z Setting up libglvnd-core-dev:amd64 (1.7.0-1build1) ...
2025-08-27T07:21:43.9159630Z Setting up libpng-tools (1.6.43-5build1) ...
2025-08-27T07:21:43.9181309Z Setting up libdrm-radeon1:amd64 (2.4.122-1~ubuntu0.24.04.1) ...
2025-08-27T07:21:43.9229189Z Setting up libpng-dev:amd64 (1.6.43-5build1) ...
2025-08-27T07:21:43.9256286Z Setting up libfontenc-dev:amd64 (1:1.1.8-1build1) ...
2025-08-27T07:21:43.9280858Z Setting up libxxf86dga1:amd64 (2:1.1.5-1build1) ...
2025-08-27T07:21:43.9307563Z Setting up libxvmc1:amd64 (2:1.0.12-2build3) ...
2025-08-27T07:21:43.9340728Z Setting up libpthread-stubs0-dev:amd64 (0.4-1build3) ...
2025-08-27T07:21:43.9360894Z Setting up libopengl0:amd64 (1.7.0-1build1) ...
2025-08-27T07:21:43.9397196Z Setting up libxcb-xkb1:amd64 (1.15-1ubuntu2) ...
2025-08-27T07:21:43.9418979Z Setting up xtrans-dev (1.4.0-1) ...
2025-08-27T07:21:43.9440974Z Setting up libegl-mesa0:amd64 (25.0.7-0ubuntu0.24.04.1) ...
2025-08-27T07:21:43.9465175Z Setting up libgles2:amd64 (1.7.0-1build1) ...
2025-08-27T07:21:43.9487708Z Setting up libdmx1:amd64 (1:1.1.4-2build3) ...
2025-08-27T07:21:43.9511300Z Setting up libglut3.12:amd64 (3.4.0-1build1) ...
2025-08-27T07:21:43.9539453Z Setting up uuid-dev:amd64 (2.39.3-9ubuntu6.3) ...
2025-08-27T07:21:43.9562306Z Setting up libgles1:amd64 (1.7.0-1build1) ...
2025-08-27T07:21:43.9586760Z Setting up libxkbcommon-x11-0:amd64 (1.6.0-1build1) ...
2025-08-27T07:21:43.9610862Z Setting up libxv1:amd64 (2:1.0.11-1.1build1) ...
2025-08-27T07:21:43.9632220Z Setting up libfs6:amd64 (2:1.0.8-1build3) ...
2025-08-27T07:21:43.9655668Z Setting up libegl1:amd64 (1.7.0-1build1) ...
2025-08-27T07:21:43.9682484Z Setting up libxcvt0:amd64 (0.1.2-1build1) ...
2025-08-27T07:21:43.9724359Z Setting up libdecor-0-0:amd64 (0.2.2-1build2) ...
2025-08-27T07:21:43.9751871Z Setting up xorg-sgml-doctools (1:1.11-1.1) ...
2025-08-27T07:21:43.9772898Z Setting up libglu1-mesa:amd64 (9.0.2-1.1build1) ...
2025-08-27T07:21:43.9796067Z Setting up libopengl-dev:amd64 (1.7.0-1build1) ...
2025-08-27T07:21:43.9821561Z Setting up libdecor-0-plugin-1-gtk:amd64 (0.2.2-1build2) ...
2025-08-27T07:21:43.9845008Z Setting up libbrotli-dev:amd64 (1.1.0-2build2) ...
2025-08-27T07:21:43.9875027Z Setting up libxres1:amd64 (2:1.2.1-1build1) ...
2025-08-27T07:21:43.9898330Z Setting up libbz2-dev:amd64 (1.0.8-5.1build0.1) ...
2025-08-27T07:21:43.9921099Z Setting up libdrm-dev:amd64 (2.4.122-1~ubuntu0.24.04.1) ...
2025-08-27T07:21:43.9946262Z Setting up libxcvt-dev:amd64 (0.1.2-1build1) ...
2025-08-27T07:21:43.9970253Z Setting up libfreetype-dev:amd64 (2.13.2+dfsg-1build3) ...
2025-08-27T07:21:43.9993505Z Setting up mesa-utils-bin:amd64 (9.0.0-2) ...
2025-08-27T07:21:44.0024240Z Setting up libfontconfig-dev:amd64 (2.15.0-1.1ubuntu2) ...
2025-08-27T07:21:44.0047927Z Setting up mesa-utils (9.0.0-2) ...
2025-08-27T07:21:44.0071680Z Setting up libfontconfig1-dev:amd64 (2.15.0-1.1ubuntu2) ...
2025-08-27T07:21:44.0318488Z Processing triggers for libc-bin (2.39-0ubuntu8.5) ...
2025-08-27T07:21:46.1362483Z Processing triggers for man-db (2.12.0-4build2) ...
2025-08-27T07:23:35.0418178Z Processing triggers for sgml-base (1.31) ...
2025-08-27T07:23:35.0904506Z Processing triggers for install-info (7.1-3build2) ...
2025-08-27T07:23:35.6649656Z Setting up x11proto-dev (2023.2-1) ...
2025-08-27T07:23:35.6677935Z Setting up libxau-dev:amd64 (1:1.0.9-1build6) ...
2025-08-27T07:23:35.6706627Z Setting up libice-dev:amd64 (2:1.0.10-1build3) ...
2025-08-27T07:23:35.6734360Z Setting up libsm-dev:amd64 (2:1.2.3-1build3) ...
2025-08-27T07:23:35.6790606Z Setting up libxdmcp-dev:amd64 (1:1.1.3-0ubuntu6) ...
2025-08-27T07:23:35.6826097Z Setting up libfs-dev:amd64 (2:1.0.8-1build3) ...
2025-08-27T07:23:35.6895622Z Setting up libxcb1-dev:amd64 (1.15-1ubuntu2) ...
2025-08-27T07:23:35.6935025Z Setting up libx11-dev:amd64 (2:1.8.7-1build1) ...
2025-08-27T07:23:35.6973627Z Setting up libxfixes-dev:amd64 (1:6.0.0-2build1) ...
2025-08-27T07:23:35.7006964Z Setting up libxt-dev:amd64 (1:1.2.1-1.2build1) ...
2025-08-27T07:23:35.7031660Z Setting up libdmx-dev:amd64 (1:1.1.4-2build3) ...
2025-08-27T07:23:35.7056587Z Setting up libxpm-dev:amd64 (1:3.5.17-1build2) ...
2025-08-27T07:23:35.7086184Z Setting up libxext-dev:amd64 (2:1.3.4-1build2) ...
2025-08-27T07:23:35.7117913Z Setting up libglx-dev:amd64 (1.7.0-1build1) ...
2025-08-27T07:23:35.7141339Z Setting up libxres-dev:amd64 (2:1.2.1-1build1) ...
2025-08-27T07:23:35.7172655Z Setting up libxi-dev:amd64 (2:1.8.1-1build1) ...
2025-08-27T07:23:35.7208798Z Setting up libxrender-dev:amd64 (1:0.9.10-1.1build1) ...
2025-08-27T07:23:35.7238066Z Setting up libgl-dev:amd64 (1.7.0-1build1) ...
2025-08-27T07:23:35.7269057Z Setting up libxft-dev:amd64 (2.3.6-1build1) ...
2025-08-27T07:23:35.7294045Z Setting up libxtst-dev:amd64 (2:1.2.3-1.1build1) ...
2025-08-27T07:23:35.7321529Z Setting up libxkbfile-dev:amd64 (1:1.1.0-1build4) ...
2025-08-27T07:23:35.7362630Z Setting up libxdamage-dev:amd64 (1:1.1.6-1build1) ...
2025-08-27T07:23:35.7389327Z Setting up libxmu-headers (2:1.1.3-3build2) ...
2025-08-27T07:23:35.7421539Z Setting up libegl-dev:amd64 (1.7.0-1build1) ...
2025-08-27T07:23:35.7447282Z Setting up libxcomposite-dev:amd64 (1:0.4.5-1build3) ...
2025-08-27T07:23:35.7472842Z Setting up libxcursor-dev:amd64 (1:1.2.1-1build1) ...
2025-08-27T07:23:35.7500561Z Setting up libxxf86dga-dev:amd64 (2:1.1.5-1build1) ...
2025-08-27T07:23:35.7529711Z Setting up libxxf86vm-dev:amd64 (1:1.1.4-1build4) ...
2025-08-27T07:23:35.7555687Z Setting up libxfont-dev (1:2.0.6-1build1) ...
2025-08-27T07:23:35.7591138Z Setting up libxmu-dev:amd64 (2:1.1.3-3build2) ...
2025-08-27T07:23:35.7618694Z Setting up libxss-dev:amd64 (1:1.2.3-1build3) ...
2025-08-27T07:23:35.7648943Z Setting up libxv-dev:amd64 (2:1.0.11-1.1build1) ...
2025-08-27T07:23:35.7674626Z Setting up libxrandr-dev:amd64 (2:1.5.2-2build1) ...
2025-08-27T07:23:35.7699454Z Setting up libglu1-mesa-dev:amd64 (9.0.2-1.1build1) ...
2025-08-27T07:23:35.7725943Z Setting up libxinerama-dev:amd64 (2:1.1.4-3build1) ...
2025-08-27T07:23:35.7755508Z Setting up libxaw7-dev:amd64 (2:1.0.14-1build2) ...
2025-08-27T07:23:35.7782992Z Setting up mesa-common-dev:amd64 (25.0.7-0ubuntu0.24.04.1) ...
2025-08-27T07:23:35.7816414Z Setting up libgles-dev:amd64 (1.7.0-1build1) ...
2025-08-27T07:23:35.7841929Z Setting up libxmuu-dev:amd64 (2:1.1.3-3build2) ...
2025-08-27T07:23:35.7872271Z Setting up libxvmc-dev:amd64 (2:1.0.12-2build3) ...
2025-08-27T07:23:35.8009732Z Setting up xserver-xorg-dev (2:21.1.12-1ubuntu1.4) ...
2025-08-27T07:23:35.8039738Z Setting up libglvnd-dev:amd64 (1.7.0-1build1) ...
2025-08-27T07:23:35.8068831Z Setting up xorg-dev (1:7.7+23ubuntu3) ...
2025-08-27T07:23:35.8099694Z Setting up libgl1-mesa-dev:amd64 (25.0.7-0ubuntu0.24.04.1) ...
2025-08-27T07:23:35.8124808Z Setting up libglut-dev:amd64 (3.4.0-1build1) ...
2025-08-27T07:23:35.8155269Z Setting up freeglut3-dev:amd64 (3.4.0-1build1) ...
2025-08-27T07:23:37.5516458Z 
2025-08-27T07:23:37.5516938Z Running kernel seems to be up-to-date.
2025-08-27T07:23:37.5517490Z 
2025-08-27T07:23:37.5517593Z Restarting services...
2025-08-27T07:23:37.5589660Z 
2025-08-27T07:23:37.5590044Z Service restarts being deferred:
2025-08-27T07:23:37.5594304Z  systemctl restart hosted-compute-agent.service
2025-08-27T07:23:37.5594667Z 
2025-08-27T07:23:37.5595009Z No containers need to be restarted.
2025-08-27T07:23:37.5595339Z 
2025-08-27T07:23:37.5595521Z No user sessions are running outdated binaries.
2025-08-27T07:23:37.5596164Z 
2025-08-27T07:23:37.5596471Z No VM guests are running outdated hypervisor (qemu) binaries on this host.
2025-08-27T07:23:38.3818665Z ##[group]Run julia --project=. -e "
2025-08-27T07:23:38.3818991Z [36;1mjulia --project=. -e "[0m
2025-08-27T07:23:38.3819212Z [36;1m  using Pkg[0m
2025-08-27T07:23:38.3819400Z [36;1m  Pkg.instantiate()[0m
2025-08-27T07:23:38.3819614Z [36;1m  Pkg.add(\"GLMakie\")[0m
2025-08-27T07:23:38.3819819Z [36;1m"[0m
2025-08-27T07:23:38.3859403Z shell: /usr/bin/bash -e {0}
2025-08-27T07:23:38.3859630Z ##[endgroup]
2025-08-27T07:23:38.8020807Z   Installing known registries into `~/.julia`
2025-08-27T07:23:40.8182897Z        Added `General` registry to ~/.julia/registries
2025-08-27T07:23:41.5908270Z     Updating registry at `~/.julia/registries/General.toml`
2025-08-27T07:23:42.1471685Z    Installed StaticArraysCore ─ v1.4.3
2025-08-27T07:23:42.1473073Z    Installed Observables ────── v0.5.5
2025-08-27T07:23:42.1522065Z    Installed Preferences ────── v1.5.0
2025-08-27T07:23:42.1529532Z    Installed PrecompileTools ── v1.2.1
2025-08-27T07:23:42.1669317Z    Installed StaticArrays ───── v1.9.14
2025-08-27T07:23:43.2051064Z     Updating `~/work/JuliaTestRocket/JuliaTestRocket/Project.toml`
2025-08-27T07:23:43.2206855Z   [510215fc] + Observables v0.5.5
2025-08-27T07:23:43.2207516Z   [90137ffa] + StaticArrays v1.9.14
2025-08-27T07:23:43.2270592Z     Updating `~/work/JuliaTestRocket/JuliaTestRocket/Manifest.toml`
2025-08-27T07:23:43.2330209Z   [510215fc] + Observables v0.5.5
2025-08-27T07:23:43.2330937Z ⌅ [aea7be01] + PrecompileTools v1.2.1
2025-08-27T07:23:43.2331386Z   [21216c6a] + Preferences v1.5.0
2025-08-27T07:23:43.2331787Z   [90137ffa] + StaticArrays v1.9.14
2025-08-27T07:23:43.2332235Z   [1e83bf80] + StaticArraysCore v1.4.3
2025-08-27T07:23:43.2332667Z   [56f22d72] + Artifacts
2025-08-27T07:23:43.2333006Z   [ade2ca70] + Dates
2025-08-27T07:23:43.2333312Z   [8f399da3] + Libdl
2025-08-27T07:23:43.2333644Z   [37e2e46d] + LinearAlgebra
2025-08-27T07:23:43.2333960Z   [56ddb016] + Logging
2025-08-27T07:23:43.2334272Z   [de0858da] + Printf
2025-08-27T07:23:43.2334575Z   [9a3f8284] + Random
2025-08-27T07:23:43.2334926Z   [ea8e919c] + SHA v0.7.0
2025-08-27T07:23:43.2335255Z   [fa267f1f] + TOML v1.0.3
2025-08-27T07:23:43.2335604Z   [4ec0a83e] + Unicode
2025-08-27T07:23:43.2335995Z   [e66e0078] + CompilerSupportLibraries_jll v1.1.1+0
2025-08-27T07:23:43.2336456Z   [4536629a] + OpenBLAS_jll v0.3.23+4
2025-08-27T07:23:43.2336899Z   [8e850b90] + libblastrampoline_jll v5.11.0+0
2025-08-27T07:23:43.2338445Z         Info Packages marked with ⌅ have new versions available but compatibility constraints restrict them from upgrading. To see why use `status --outdated -m`
2025-08-27T07:23:44.2720911Z Precompiling packages...
2025-08-27T07:23:44.8703652Z     390.7 ms  ✓ Observables
2025-08-27T07:23:44.9205034Z     641.2 ms  ✓ StaticArraysCore
2025-08-27T07:23:45.0988776Z     624.0 ms  ✓ Preferences
2025-08-27T07:23:45.3868547Z     287.8 ms  ✓ PrecompileTools
2025-08-27T07:23:51.5286740Z    6141.7 ms  ✓ StaticArrays
2025-08-27T07:23:52.2547561Z     726.0 ms  ✓ PointController
2025-08-27T07:23:52.2548273Z   6 dependencies successfully precompiled in 9 seconds
2025-08-27T07:23:52.4060056Z    Resolving package versions...
2025-08-27T07:23:53.8635365Z    Installed x265_jll ──────────────────── v4.1.0+0
2025-08-27T07:23:53.8639689Z    Installed JpegTurbo_jll ─────────────── v3.1.2+0
2025-08-27T07:23:53.8657690Z    Installed OffsetArrays ──────────────── v1.17.0
2025-08-27T07:23:53.8700941Z    Installed TiffImages ────────────────── v0.11.6
2025-08-27T07:23:53.8704883Z    Installed libdecor_jll ──────────────── v0.2.2+0
2025-08-27T07:23:53.8883942Z    Installed libfdk_aac_jll ────────────── v2.0.4+0
2025-08-27T07:23:53.8891858Z    Installed ImageIO ───────────────────── v0.6.9
2025-08-27T07:23:53.9287672Z    Installed AxisArrays ────────────────── v0.4.7
2025-08-27T07:23:54.0431096Z    Installed Libmount_jll ──────────────── v2.41.1+0
2025-08-27T07:23:54.0851816Z    Installed LERC_jll ──────────────────── v4.0.1+0
2025-08-27T07:23:54.0905863Z    Installed JpegTurbo ─────────────────── v0.1.6
2025-08-27T07:23:54.0906899Z    Installed AdaptivePredicates ────────── v1.2.0
2025-08-27T07:23:54.0912393Z    Installed HypergeometricFunctions ───── v0.3.28
2025-08-27T07:23:54.0916555Z    Installed StatsFuns ─────────────────── v1.5.0
2025-08-27T07:23:54.0917713Z    Installed PNGFiles ──────────────────── v0.4.4
2025-08-27T07:23:54.0934927Z    Installed FFTW ──────────────────────── v1.9.0
2025-08-27T07:23:54.0975017Z    Installed Opus_jll ──────────────────── v1.5.2+0
2025-08-27T07:23:54.4651112Z    Installed EarCut_jll ────────────────── v2.2.4+0
2025-08-27T07:23:54.4656152Z    Installed Xorg_xkbcomp_jll ──────────── v1.4.7+0
2025-08-27T07:23:54.4668962Z    Installed PDMats ────────────────────── v0.11.35
2025-08-27T07:23:54.4674571Z    Installed RelocatableFolders ────────── v1.0.1
2025-08-27T07:23:54.4689284Z    Installed Sixel ─────────────────────── v0.1.5
2025-08-27T07:23:54.4694268Z    Installed Unitful ───────────────────── v1.24.0
2025-08-27T07:23:54.4698806Z    Installed Contour ───────────────────── v0.6.3
2025-08-27T07:23:54.5503696Z    Installed OpenEXR ───────────────────── v0.3.3
2025-08-27T07:23:54.5506837Z    Installed Grisu ─────────────────────── v1.0.2
2025-08-27T07:23:54.5515710Z    Installed BaseDirs ──────────────────── v1.3.2
2025-08-27T07:23:54.5533541Z    Installed ProgressMeter ─────────────── v1.11.0
2025-08-27T07:23:54.5537985Z    Installed PlotUtils ─────────────────── v1.4.3
2025-08-27T07:23:54.5552902Z    Installed ModernGL ──────────────────── v1.1.8
2025-08-27T07:23:54.5556838Z    Installed GLMakie ───────────────────── v0.10.18
2025-08-27T07:23:54.6306077Z    Installed EnumX ─────────────────────── v1.0.5
2025-08-27T07:23:54.6336974Z    Installed Xorg_libxkbfile_jll ───────── v1.1.3+0
2025-08-27T07:23:54.6344487Z    Installed IntelOpenMP_jll ───────────── v2025.2.0+0
2025-08-27T07:23:54.6351275Z    Installed Fontconfig_jll ────────────── v2.17.1+0
2025-08-27T07:23:54.6356494Z    Installed Cairo_jll ─────────────────── v1.18.5+0
2025-08-27T07:23:54.6360309Z    Installed CEnum ─────────────────────── v0.5.0
2025-08-27T07:23:54.6521664Z    Installed FileIO ────────────────────── v1.17.0
2025-08-27T07:23:54.7514224Z    Installed ColorSchemes ──────────────── v3.30.0
2025-08-27T07:23:54.7543226Z    Installed EpollShim_jll ─────────────── v0.0.20230411+1
2025-08-27T07:23:54.7550053Z    Installed SignedDistanceFields ──────── v0.4.0
2025-08-27T07:23:54.7550669Z    Installed Xorg_libXau_jll ───────────── v1.0.13+0
2025-08-27T07:23:54.7551331Z    Installed Xorg_libXinerama_jll ──────── v1.1.6+0
2025-08-27T07:23:54.7556602Z    Installed Netpbm ────────────────────── v1.1.1
2025-08-27T07:23:54.7557482Z    Installed FilePaths ─────────────────── v0.8.3
2025-08-27T07:23:54.7563270Z    Installed RoundingEmulator ──────────── v0.2.1
2025-08-27T07:23:55.0052901Z    Installed TriplotBase ───────────────── v0.1.0
2025-08-27T07:23:55.0057370Z    Installed SIMD ──────────────────────── v3.7.1
2025-08-27T07:23:55.0061981Z    Installed Giflib_jll ────────────────── v5.2.3+0
2025-08-27T07:23:55.0072366Z    Installed Missings ──────────────────── v1.2.0
2025-08-27T07:23:55.0081583Z    Installed Showoff ───────────────────── v1.0.3
2025-08-27T07:23:55.0099108Z    Installed IrrationalConstants ───────── v0.2.4
2025-08-27T07:23:55.0124219Z    Installed JSON ──────────────────────── v0.21.4
2025-08-27T07:23:55.0830518Z    Installed Pango_jll ─────────────────── v1.56.3+0
2025-08-27T07:23:55.0851314Z    Installed Bzip2_jll ─────────────────── v1.0.9+0
2025-08-27T07:23:55.0862187Z    Installed xkbcommon_jll ─────────────── v1.9.2+0
2025-08-27T07:23:55.0867593Z    Installed PtrArrays ─────────────────── v1.3.0
2025-08-27T07:23:55.0873810Z    Installed OpenBLASConsistentFPCSR_jll ─ v0.3.29+0
2025-08-27T07:23:55.0892764Z    Installed SpecialFunctions ──────────── v2.5.1
2025-08-27T07:23:55.0900218Z    Installed PolygonOps ────────────────── v0.1.2
2025-08-27T07:23:55.1798395Z    Installed LZO_jll ───────────────────── v2.10.3+0
2025-08-27T07:23:55.1809524Z    Installed XZ_jll ────────────────────── v5.8.1+0
2025-08-27T07:23:55.1811807Z    Installed PkgVersion ────────────────── v0.3.3
2025-08-27T07:23:55.1813286Z    Installed isoband_jll ───────────────── v0.2.3+0
2025-08-27T07:23:55.1823765Z    Installed HarfBuzz_jll ──────────────── v8.5.1+0
2025-08-27T07:23:55.1825214Z    Installed QOI ───────────────────────── v1.0.1
2025-08-27T07:23:55.1827338Z    Installed MathTeXEngine ─────────────── v0.6.6
2025-08-27T07:23:55.1833130Z    Installed TranscodingStreams ────────── v0.11.3
2025-08-27T07:23:55.2426537Z    Installed Rmath_jll ─────────────────── v0.5.1+0
2025-08-27T07:23:55.2430737Z    Installed UnicodeFun ────────────────── v0.4.1
2025-08-27T07:23:55.2457702Z    Installed GLFW_jll ──────────────────── v3.4.0+2
2025-08-27T07:23:55.2463697Z    Installed x264_jll ──────────────────── v10164.0.1+0
2025-08-27T07:23:55.2467836Z    Installed FriBidi_jll ───────────────── v1.0.17+0
2025-08-27T07:23:55.2474907Z    Installed ImageMetadata ─────────────── v0.9.10
2025-08-27T07:23:55.2475581Z    Installed WebP ──────────────────────── v0.1.3
2025-08-27T07:23:55.2483329Z    Installed Ratios ────────────────────── v0.4.5
2025-08-27T07:23:55.3480744Z    Installed FreeType2_jll ─────────────── v2.13.4+0
2025-08-27T07:23:55.3521222Z    Installed PaddedViews ───────────────── v0.5.12
2025-08-27T07:23:55.3524506Z    Installed StatsAPI ──────────────────── v1.7.1
2025-08-27T07:23:55.3533270Z    Installed MappedArrays ──────────────── v0.4.2
2025-08-27T07:23:55.3539250Z    Installed Compat ────────────────────── v4.18.0
2025-08-27T07:23:55.3564868Z    Installed DataStructures ────────────── v0.19.1
2025-08-27T07:23:55.3570959Z    Installed FreeType ──────────────────── v4.1.1
2025-08-27T07:23:55.3575360Z    Installed Colors ────────────────────── v0.13.1
2025-08-27T07:23:55.4506468Z    Installed libpng_jll ────────────────── v1.6.50+0
2025-08-27T07:23:55.4511690Z    Installed libaom_jll ────────────────── v3.12.1+0
2025-08-27T07:23:55.4516118Z    Installed GridLayoutBase ────────────── v0.11.2
2025-08-27T07:23:55.4530258Z    Installed Xorg_libxcb_jll ───────────── v1.17.1+0
2025-08-27T07:23:55.4536025Z    Installed MosaicViews ───────────────── v0.3.4
2025-08-27T07:23:55.4541595Z    Installed LazyModules ───────────────── v0.3.1
2025-08-27T07:23:55.4549931Z    Installed StatsBase ─────────────────── v0.34.6
2025-08-27T07:23:55.4561574Z    Installed Automa ────────────────────── v1.1.0
2025-08-27T07:23:55.5513856Z    Installed oneTBB_jll ────────────────── v2022.0.0+0
2025-08-27T07:23:55.5519249Z    Installed Zstd_jll ──────────────────── v1.5.7+1
2025-08-27T07:23:55.5522063Z    Installed Xorg_libXext_jll ──────────── v1.3.7+0
2025-08-27T07:23:55.5529760Z    Installed Dbus_jll ──────────────────── v1.16.2+0
2025-08-27T07:23:55.5535846Z    Installed TensorCore ────────────────── v0.1.1
2025-08-27T07:23:55.5544330Z    Installed ColorTypes ────────────────── v0.11.5
2025-08-27T07:23:55.5552733Z    Installed Scratch ───────────────────── v1.3.0
2025-08-27T07:23:55.5564087Z    Installed ImageCore ─────────────────── v0.10.5
2025-08-27T07:23:55.6901671Z    Installed Imath_jll ─────────────────── v3.1.11+0
2025-08-27T07:23:55.6916370Z    Installed Expat_jll ─────────────────── v2.7.1+0
2025-08-27T07:23:55.6925371Z    Installed Parsers ───────────────────── v2.8.3
2025-08-27T07:23:55.6930050Z    Installed TableTraits ───────────────── v1.0.1
2025-08-27T07:23:55.6937695Z    Installed FreeTypeAbstraction ───────── v0.10.8
2025-08-27T07:23:55.6940439Z    Installed Isoband ───────────────────── v0.1.1
2025-08-27T07:23:55.7640810Z    Installed Animations ────────────────── v0.4.2
2025-08-27T07:23:55.7656518Z    Installed MKL_jll ───────────────────── v2025.2.0+0
2025-08-27T07:23:55.7664625Z    Installed Libtiff_jll ───────────────── v4.7.1+0
2025-08-27T07:23:55.7667624Z    Installed JLLWrappers ───────────────── v1.7.1
2025-08-27T07:23:55.7680022Z    Installed Format ────────────────────── v1.3.7
2025-08-27T07:23:55.7686186Z    Installed Inflate ───────────────────── v0.1.5
2025-08-27T07:23:55.7688764Z    Installed AbstractFFTs ──────────────── v1.5.0
2025-08-27T07:23:55.8117983Z    Installed DataValueInterfaces ───────── v1.0.0
2025-08-27T07:23:55.8147536Z    Installed Packing ───────────────────── v0.5.1
2025-08-27T07:23:55.8268449Z    Installed ConstructionBase ──────────── v1.6.0
2025-08-27T07:23:55.8279651Z    Installed Libffi_jll ────────────────── v3.4.7+0
2025-08-27T07:23:55.8299590Z    Installed AbstractTrees ─────────────── v0.4.5
2025-08-27T07:23:55.8300411Z    Installed ColorVectorSpace ──────────── v0.10.0
2025-08-27T07:23:55.8303176Z    Installed OrderedCollections ────────── v1.8.1
2025-08-27T07:23:55.8463364Z    Installed Extents ───────────────────── v0.1.6
2025-08-27T07:23:55.9411502Z    Installed Xorg_libXrender_jll ───────── v0.9.12+0
2025-08-27T07:23:55.9458919Z    Installed Ogg_jll ───────────────────── v1.3.6+0
2025-08-27T07:23:55.9633456Z    Installed ExactPredicates ───────────── v2.2.8
2025-08-27T07:23:55.9636447Z    Installed KernelDensity ─────────────── v0.6.10
2025-08-27T07:23:55.9741825Z    Installed Xorg_libXi_jll ────────────── v1.8.3+0
2025-08-27T07:23:55.9774865Z    Installed ChainRulesCore ────────────── v1.26.0
2025-08-27T07:23:55.9780846Z    Installed MeshIO ────────────────────── v0.4.13
2025-08-27T07:23:55.9803145Z    Installed Interpolations ────────────── v0.15.1
2025-08-27T07:23:56.0376592Z    Installed Reexport ──────────────────── v1.2.2
2025-08-27T07:23:56.0391910Z    Installed RangeArrays ───────────────── v0.3.2
2025-08-27T07:23:56.0416466Z    Installed FFTW_jll ──────────────────── v3.3.11+0
2025-08-27T07:23:56.0433707Z    Installed AliasTables ───────────────── v1.1.3
2025-08-27T07:23:56.0449440Z    Installed StackViews ────────────────── v0.1.2
2025-08-27T07:23:56.0468797Z    Installed LogExpFunctions ───────────── v0.3.29
2025-08-27T07:23:56.0470672Z    Installed MacroTools ────────────────── v0.5.16
2025-08-27T07:23:56.0624342Z    Installed IntervalArithmetic ────────── v0.22.36
2025-08-27T07:23:56.7342460Z    Installed GeoFormatTypes ────────────── v0.4.4
2025-08-27T07:23:57.0528242Z    Installed Libuuid_jll ───────────────── v2.41.1+0
2025-08-27T07:23:57.0576315Z    Installed Xorg_libXcursor_jll ───────── v1.2.4+0
2025-08-27T07:23:57.3652674Z    Installed OpenSpecFun_jll ───────────── v0.5.6+0
2025-08-27T07:23:57.3713200Z    Installed SimpleTraits ──────────────── v0.9.5
2025-08-27T07:23:57.6895577Z    Installed InverseFunctions ──────────── v0.1.17
2025-08-27T07:23:58.0173365Z    Installed ColorBrewer ───────────────── v0.4.1
2025-08-27T07:23:58.3438928Z    Installed OpenEXR_jll ───────────────── v3.2.4+0
2025-08-27T07:23:58.3496926Z    Installed Graphite2_jll ─────────────── v1.3.15+0
2025-08-27T07:23:58.6432893Z    Installed StableRNGs ────────────────── v1.0.3
2025-08-27T07:23:58.6481721Z    Installed Adapt ─────────────────────── v4.3.0
2025-08-27T07:23:58.6495646Z    Installed DocStringExtensions ───────── v0.9.5
2025-08-27T07:23:58.6586225Z    Installed libass_jll ────────────────── v0.17.4+0
2025-08-27T07:23:58.6673923Z    Installed Pixman_jll ────────────────── v0.44.2+0
2025-08-27T07:23:58.6679744Z    Installed Rmath ─────────────────────── v0.8.0
2025-08-27T07:23:58.6823229Z    Installed ImageBase ─────────────────── v0.1.7
2025-08-27T07:23:58.7094799Z    Installed Wayland_jll ───────────────── v1.24.0+0
2025-08-27T07:23:58.7170044Z    Installed IntervalSets ──────────────── v0.7.11
2025-08-27T07:23:58.7174735Z    Installed IterTools ─────────────────── v1.10.0
2025-08-27T07:23:58.7180060Z    Installed Xorg_xtrans_jll ───────────── v1.6.0+0
2025-08-27T07:23:58.7183578Z    Installed OpenSSL_jll ───────────────── v3.5.2+0
2025-08-27T07:23:58.7189606Z    Installed GLFW ──────────────────────── v3.4.5
2025-08-27T07:23:58.7310414Z    Installed IndirectArrays ────────────── v1.0.0
2025-08-27T07:23:58.7817472Z    Installed FFMPEG_jll ────────────────── v6.1.3+0
2025-08-27T07:23:58.7860906Z    Installed MakieCore ─────────────────── v0.8.12
2025-08-27T07:23:58.7866681Z    Installed Xorg_xkeyboard_config_jll ─── v2.44.0+0
2025-08-27T07:23:58.7871395Z    Installed DataAPI ───────────────────── v1.16.0
2025-08-27T07:23:58.7876756Z    Installed Tables ────────────────────── v1.12.1
2025-08-27T07:23:58.7885244Z    Installed GeometryBasics ────────────── v0.4.11
2025-08-27T07:23:58.7910116Z    Installed LLVMOpenMP_jll ────────────── v18.1.8+0
2025-08-27T07:23:59.4687976Z    Installed LAME_jll ──────────────────── v3.100.3+0
2025-08-27T07:23:59.4691586Z    Installed Xorg_libXrandr_jll ────────── v1.5.5+0
2025-08-27T07:23:59.4698875Z    Installed Xorg_libXfixes_jll ────────── v6.0.1+0
2025-08-27T07:23:59.4700138Z    Installed FixedPointNumbers ─────────── v0.8.5
2025-08-27T07:23:59.4710978Z    Installed ShaderAbstractions ────────── v0.4.1
2025-08-27T07:23:59.4740760Z    Installed IteratorInterfaceExtensions ─ v1.0.0
2025-08-27T07:24:00.8950531Z    Installed Libiconv_jll ──────────────── v1.18.0+0
2025-08-27T07:24:00.8953139Z    Installed GettextRuntime_jll ────────── v0.22.4+0
2025-08-27T07:24:00.8958874Z    Installed Glib_jll ──────────────────── v2.84.3+0
2025-08-27T07:24:00.8959564Z    Installed libvorbis_jll ─────────────── v1.3.8+0
2025-08-27T07:24:00.8969520Z    Installed LaTeXStrings ──────────────── v1.4.0
2025-08-27T07:24:00.8996119Z    Installed StructArrays ──────────────── v0.6.21
2025-08-27T07:24:00.9763624Z    Installed Libglvnd_jll ──────────────── v1.7.1+1
2025-08-27T07:24:00.9774327Z    Installed libsixel_jll ──────────────── v1.10.5+0
2025-08-27T07:24:00.9775608Z    Installed AxisAlgorithms ────────────── v1.1.0
2025-08-27T07:24:00.9790326Z    Installed FilePathsBase ─────────────── v0.9.24
2025-08-27T07:24:00.9791354Z    Installed QuadGK ────────────────────── v2.11.2
2025-08-27T07:24:00.9792359Z    Installed FillArrays ────────────────── v1.13.0
2025-08-27T07:24:01.0669897Z    Installed Xorg_libXdmcp_jll ─────────── v1.1.6+0
2025-08-27T07:24:01.0697163Z    Installed Xorg_libX11_jll ───────────── v1.8.12+0
2025-08-27T07:24:01.0928453Z    Installed CRlibm ────────────────────── v1.0.2
2025-08-27T07:24:01.0934221Z    Installed ImageAxes ─────────────────── v0.6.12
2025-08-27T07:24:01.0940523Z    Installed Requires ──────────────────── v1.3.1
2025-08-27T07:24:01.1014690Z    Installed Distributions ─────────────── v0.25.120
2025-08-27T07:24:01.1877631Z    Installed CRlibm_jll ────────────────── v1.0.1+0
2025-08-27T07:24:01.1878830Z    Installed libwebp_jll ───────────────── v1.6.0+0
2025-08-27T07:24:01.1879791Z    Installed WoodburyMatrices ──────────── v1.0.0
2025-08-27T07:24:01.1903807Z    Installed SortingAlgorithms ─────────── v1.2.2
2025-08-27T07:24:01.1908072Z    Installed GeoInterface ──────────────── v1.4.1
2025-08-27T07:24:02.0166883Z    Installed Makie ─────────────────────── v0.21.18
2025-08-27T07:24:02.4206739Z    Installed DelaunayTriangulation ─────── v1.6.4
2025-08-27T07:24:12.9518691Z     Updating `~/work/JuliaTestRocket/JuliaTestRocket/Project.toml`
2025-08-27T07:24:12.9677757Z ⌅ [e9467ef8] + GLMakie v0.10.18
2025-08-27T07:24:12.9681663Z     Updating `~/work/JuliaTestRocket/JuliaTestRocket/Manifest.toml`
2025-08-27T07:24:13.0199720Z   [621f4979] + AbstractFFTs v1.5.0
2025-08-27T07:24:13.0200381Z   [1520ce14] + AbstractTrees v0.4.5
2025-08-27T07:24:13.0201030Z   [79e6a3ab] + Adapt v4.3.0
2025-08-27T07:24:13.0201568Z   [35492f91] + AdaptivePredicates v1.2.0
2025-08-27T07:24:13.0202187Z   [66dad0bd] + AliasTables v1.1.3
2025-08-27T07:24:13.0202741Z   [27a7e980] + Animations v0.4.2
2025-08-27T07:24:13.0203256Z   [67c07d97] + Automa v1.1.0
2025-08-27T07:24:13.0203778Z   [13072b0f] + AxisAlgorithms v1.1.0
2025-08-27T07:24:13.0204353Z   [39de3d68] + AxisArrays v0.4.7
2025-08-27T07:24:13.0204877Z   [18cc8868] + BaseDirs v1.3.2
2025-08-27T07:24:13.0205385Z   [fa961155] + CEnum v0.5.0
2025-08-27T07:24:13.0205868Z   [96374032] + CRlibm v1.0.2
2025-08-27T07:24:13.0206376Z   [d360d2e6] + ChainRulesCore v1.26.0
2025-08-27T07:24:13.0206959Z   [a2cac450] + ColorBrewer v0.4.1
2025-08-27T07:24:13.0207751Z   [35d6a980] + ColorSchemes v3.30.0
2025-08-27T07:24:13.0208587Z ⌅ [3da002f7] + ColorTypes v0.11.5
2025-08-27T07:24:13.0209254Z ⌃ [c3611d14] + ColorVectorSpace v0.10.0
2025-08-27T07:24:13.0209830Z   [5ae59095] + Colors v0.13.1
2025-08-27T07:24:13.0210362Z   [34da2185] + Compat v4.18.0
2025-08-27T07:24:13.0210885Z   [187b0558] + ConstructionBase v1.6.0
2025-08-27T07:24:13.0211459Z   [d38c429a] + Contour v0.6.3
2025-08-27T07:24:13.0211970Z   [9a962f9c] + DataAPI v1.16.0
2025-08-27T07:24:13.0212453Z   [864edb3b] + DataStructures v0.19.1
2025-08-27T07:24:13.0212905Z   [e2d170a0] + DataValueInterfaces v1.0.0
2025-08-27T07:24:13.0213370Z   [927a84f5] + DelaunayTriangulation v1.6.4
2025-08-27T07:24:13.0213823Z   [31c24e10] + Distributions v0.25.120
2025-08-27T07:24:13.0214260Z   [ffbed154] + DocStringExtensions v0.9.5
2025-08-27T07:24:13.0214685Z   [4e289a0a] + EnumX v1.0.5
2025-08-27T07:24:13.0215056Z   [429591f6] + ExactPredicates v2.2.8
2025-08-27T07:24:13.0215460Z   [411431e0] + Extents v0.1.6
2025-08-27T07:24:13.0215815Z   [7a1cc6ca] + FFTW v1.9.0
2025-08-27T07:24:13.0216165Z   [5789e2e9] + FileIO v1.17.0
2025-08-27T07:24:13.0216604Z ⌅ [8fc22ac5] + FilePaths v0.8.3
2025-08-27T07:24:13.0217122Z   [48062228] + FilePathsBase v0.9.24
2025-08-27T07:24:13.0217965Z   [1a297f60] + FillArrays v1.13.0
2025-08-27T07:24:13.0218372Z   [53c48c17] + FixedPointNumbers v0.8.5
2025-08-27T07:24:13.0218800Z   [1fa38f19] + Format v1.3.7
2025-08-27T07:24:13.0219163Z   [b38be410] + FreeType v4.1.1
2025-08-27T07:24:13.0219568Z   [663a7486] + FreeTypeAbstraction v0.10.8
2025-08-27T07:24:13.0219991Z   [f7f18e0c] + GLFW v3.4.5
2025-08-27T07:24:13.0220426Z ⌅ [e9467ef8] + GLMakie v0.10.18
2025-08-27T07:24:13.0220809Z   [68eda718] + GeoFormatTypes v0.4.4
2025-08-27T07:24:13.0221305Z ⌃ [cf35fbd7] + GeoInterface v1.4.1
2025-08-27T07:24:13.0221768Z ⌅ [5c1252a2] + GeometryBasics v0.4.11
2025-08-27T07:24:13.0222145Z   [3955a311] + GridLayoutBase v0.11.2
2025-08-27T07:24:13.0222513Z   [42e2da0e] + Grisu v1.0.2
2025-08-27T07:24:13.0222909Z   [34004b35] + HypergeometricFunctions v0.3.28
2025-08-27T07:24:13.0223327Z   [2803e5a7] + ImageAxes v0.6.12
2025-08-27T07:24:13.0223666Z   [c817782e] + ImageBase v0.1.7
2025-08-27T07:24:13.0224007Z   [a09fc81d] + ImageCore v0.10.5
2025-08-27T07:24:13.0224539Z   [82e4d734] + ImageIO v0.6.9
2025-08-27T07:24:13.0224902Z   [bc367c6b] + ImageMetadata v0.9.10
2025-08-27T07:24:13.0225281Z   [9b13fd28] + IndirectArrays v1.0.0
2025-08-27T07:24:13.0225641Z   [d25df0c9] + Inflate v0.1.5
2025-08-27T07:24:13.0226066Z ⌅ [a98d9a8b] + Interpolations v0.15.1
2025-08-27T07:24:13.0226534Z ⌅ [d1acc4aa] + IntervalArithmetic v0.22.36
2025-08-27T07:24:13.0226940Z   [8197267c] + IntervalSets v0.7.11
2025-08-27T07:24:13.0227445Z   [3587e190] + InverseFunctions v0.1.17
2025-08-27T07:24:13.0227853Z   [92d709cd] + IrrationalConstants v0.2.4
2025-08-27T07:24:13.0228242Z   [f1662d9f] + Isoband v0.1.1
2025-08-27T07:24:13.0228579Z   [c8e1da08] + IterTools v1.10.0
2025-08-27T07:24:13.0228995Z   [82899510] + IteratorInterfaceExtensions v1.0.0
2025-08-27T07:24:13.0229438Z   [692b3bcd] + JLLWrappers v1.7.1
2025-08-27T07:24:13.0229794Z   [682c06a0] + JSON v0.21.4
2025-08-27T07:24:13.0230118Z   [b835a17e] + JpegTurbo v0.1.6
2025-08-27T07:24:13.0230472Z   [5ab0869b] + KernelDensity v0.6.10
2025-08-27T07:24:13.0230869Z   [b964fa9f] + LaTeXStrings v1.4.0
2025-08-27T07:24:13.0231241Z   [8cdb02fc] + LazyModules v0.3.1
2025-08-27T07:24:13.0231610Z   [2ab3a3ac] + LogExpFunctions v0.3.29
2025-08-27T07:24:13.0231995Z   [1914dd2f] + MacroTools v0.5.16
2025-08-27T07:24:13.0232415Z ⌅ [ee78f7c6] + Makie v0.21.18
2025-08-27T07:24:13.0232810Z ⌅ [20f20a25] + MakieCore v0.8.12
2025-08-27T07:24:13.0233169Z   [dbb5928d] + MappedArrays v0.4.2
2025-08-27T07:24:13.0233535Z   [0a4f8689] + MathTeXEngine v0.6.6
2025-08-27T07:24:13.0233958Z ⌅ [7269a6da] + MeshIO v0.4.13
2025-08-27T07:24:13.0234292Z   [e1d29d7a] + Missings v1.2.0
2025-08-27T07:24:13.0234643Z   [66fc600b] + ModernGL v1.1.8
2025-08-27T07:24:13.0234984Z   [e94cdb99] + MosaicViews v0.3.4
2025-08-27T07:24:13.0235344Z   [f09324ee] + Netpbm v1.1.1
2025-08-27T07:24:13.0235682Z   [6fe1bfb0] + OffsetArrays v1.17.0
2025-08-27T07:24:13.0236051Z   [52e1d378] + OpenEXR v0.3.3
2025-08-27T07:24:13.0236405Z   [bac558e1] + OrderedCollections v1.8.1
2025-08-27T07:24:13.0236826Z   [90014a1f] + PDMats v0.11.35
2025-08-27T07:24:13.0237314Z   [f57f5aa1] + PNGFiles v0.4.4
2025-08-27T07:24:13.0237649Z   [19eb6ba3] + Packing v0.5.1
2025-08-27T07:24:13.0237997Z   [5432bcbf] + PaddedViews v0.5.12
2025-08-27T07:24:13.0238353Z   [69de0a69] + Parsers v2.8.3
2025-08-27T07:24:13.0238696Z   [eebad327] + PkgVersion v0.3.3
2025-08-27T07:24:13.0239047Z   [995b91a9] + PlotUtils v1.4.3
2025-08-27T07:24:13.0239391Z   [647866c9] + PolygonOps v0.1.2
2025-08-27T07:24:13.0239741Z   [92933f4c] + ProgressMeter v1.11.0
2025-08-27T07:24:13.0240112Z   [43287f4e] + PtrArrays v1.3.0
2025-08-27T07:24:13.0240439Z   [4b34888f] + QOI v1.0.1
2025-08-27T07:24:13.0240756Z   [1fd47b50] + QuadGK v2.11.2
2025-08-27T07:24:13.0241105Z   [b3c3ace0] + RangeArrays v0.3.2
2025-08-27T07:24:13.0241457Z   [c84ed2f1] + Ratios v0.4.5
2025-08-27T07:24:13.0241790Z   [189a3867] + Reexport v1.2.2
2025-08-27T07:24:13.0242138Z   [05181044] + RelocatableFolders v1.0.1
2025-08-27T07:24:13.0242525Z   [ae029012] + Requires v1.3.1
2025-08-27T07:24:13.0243059Z   [79098fc4] + Rmath v0.8.0
2025-08-27T07:24:13.0243397Z   [5eaf0fd0] + RoundingEmulator v0.2.1
2025-08-27T07:24:13.0243778Z   [fdea26ae] + SIMD v3.7.1
2025-08-27T07:24:13.0244094Z   [6c6a2e73] + Scratch v1.3.0
2025-08-27T07:24:13.0244528Z ⌅ [65257c39] + ShaderAbstractions v0.4.1
2025-08-27T07:24:13.0244905Z   [992d4aef] + Showoff v1.0.3
2025-08-27T07:24:13.0245271Z   [73760f76] + SignedDistanceFields v0.4.0
2025-08-27T07:24:13.0245669Z   [699a6c99] + SimpleTraits v0.9.5
2025-08-27T07:24:13.0246019Z   [45858cf5] + Sixel v0.1.5
2025-08-27T07:24:13.0246360Z   [a2af1166] + SortingAlgorithms v1.2.2
2025-08-27T07:24:13.0246754Z   [276daf66] + SpecialFunctions v2.5.1
2025-08-27T07:24:13.0247324Z   [860ef19b] + StableRNGs v1.0.3
2025-08-27T07:24:13.0247673Z   [cae243ae] + StackViews v0.1.2
2025-08-27T07:24:13.0248022Z   [82ae8749] + StatsAPI v1.7.1
2025-08-27T07:24:13.0248358Z   [2913bbd2] + StatsBase v0.34.6
2025-08-27T07:24:13.0248706Z   [4c63d2b9] + StatsFuns v1.5.0
2025-08-27T07:24:13.0249291Z ⌅ [09ab397b] + StructArrays v0.6.21
2025-08-27T07:24:13.0249679Z   [3783bdb8] + TableTraits v1.0.1
2025-08-27T07:24:13.0250027Z   [bd369af6] + Tables v1.12.1
2025-08-27T07:24:13.0250365Z   [62fd8b95] + TensorCore v0.1.1
2025-08-27T07:24:13.0250710Z   [731e570b] + TiffImages v0.11.6
2025-08-27T07:24:13.0251080Z   [3bb67fe8] + TranscodingStreams v0.11.3
2025-08-27T07:24:13.0251485Z   [981d1d27] + TriplotBase v0.1.0
2025-08-27T07:24:13.0251835Z   [1cfade01] + UnicodeFun v0.4.1
2025-08-27T07:24:13.0252183Z   [1986cc42] + Unitful v1.24.0
2025-08-27T07:24:13.0252515Z   [e3aaa7dc] + WebP v0.1.3
2025-08-27T07:24:13.0252862Z   [efce3f68] + WoodburyMatrices v1.0.0
2025-08-27T07:24:13.0253402Z   [6e34b625] + Bzip2_jll v1.0.9+0
2025-08-27T07:24:13.0253762Z   [4e9b3aee] + CRlibm_jll v1.0.1+0
2025-08-27T07:24:13.0254142Z   [83423d85] + Cairo_jll v1.18.5+0
2025-08-27T07:24:13.0254496Z   [ee1fde0b] + Dbus_jll v1.16.2+0
2025-08-27T07:24:13.0254845Z   [5ae413db] + EarCut_jll v2.2.4+0
2025-08-27T07:24:13.0255228Z   [2702e6a9] + EpollShim_jll v0.0.20230411+1
2025-08-27T07:24:13.0255625Z   [2e619515] + Expat_jll v2.7.1+0
2025-08-27T07:24:13.0256048Z ⌅ [b22a6f82] + FFMPEG_jll v6.1.3+0
2025-08-27T07:24:13.0256392Z   [f5851436] + FFTW_jll v3.3.11+0
2025-08-27T07:24:13.0256751Z   [a3f928ae] + Fontconfig_jll v2.17.1+0
2025-08-27T07:24:13.0257303Z   [d7e528f0] + FreeType2_jll v2.13.4+0
2025-08-27T07:24:13.0257674Z   [559328eb] + FriBidi_jll v1.0.17+0
2025-08-27T07:24:13.0258040Z   [0656b61e] + GLFW_jll v3.4.0+2
2025-08-27T07:24:13.0258402Z   [b0724c58] + GettextRuntime_jll v0.22.4+0
2025-08-27T07:24:13.0258793Z   [59f7168a] + Giflib_jll v5.2.3+0
2025-08-27T07:24:13.0259138Z   [7746bdde] + Glib_jll v2.84.3+0
2025-08-27T07:24:13.0259496Z   [3b182d85] + Graphite2_jll v1.3.15+0
2025-08-27T07:24:13.0259865Z   [2e76f6c2] + HarfBuzz_jll v8.5.1+0
2025-08-27T07:24:13.0260229Z   [905a6f67] + Imath_jll v3.1.11+0
2025-08-27T07:24:13.0260600Z   [1d5cc7b8] + IntelOpenMP_jll v2025.2.0+0
2025-08-27T07:24:13.0261003Z   [aacddb02] + JpegTurbo_jll v3.1.2+0
2025-08-27T07:24:13.0261402Z   [c1c5ebd0] + LAME_jll v3.100.3+0
2025-08-27T07:24:13.0261745Z   [88015f11] + LERC_jll v4.0.1+0
2025-08-27T07:24:13.0262102Z   [1d63c593] + LLVMOpenMP_jll v18.1.8+0
2025-08-27T07:24:13.0262470Z   [dd4b983a] + LZO_jll v2.10.3+0
2025-08-27T07:24:13.0262815Z   [e9f186c6] + Libffi_jll v3.4.7+0
2025-08-27T07:24:13.0263164Z   [7e76a0d4] + Libglvnd_jll v1.7.1+1
2025-08-27T07:24:13.0263534Z   [94ce4f54] + Libiconv_jll v1.18.0+0
2025-08-27T07:24:13.0263901Z   [4b2f31a3] + Libmount_jll v2.41.1+0
2025-08-27T07:24:13.0264269Z   [89763e89] + Libtiff_jll v4.7.1+0
2025-08-27T07:24:13.0264630Z   [38a345b3] + Libuuid_jll v2.41.1+0
2025-08-27T07:24:13.0264979Z   [856f044c] + MKL_jll v2025.2.0+0
2025-08-27T07:24:13.0265323Z   [e7412a2a] + Ogg_jll v1.3.6+0
2025-08-27T07:24:13.0265725Z   [6cdc7f73] + OpenBLASConsistentFPCSR_jll v0.3.29+0
2025-08-27T07:24:13.0266175Z   [18a262bb] + OpenEXR_jll v3.2.4+0
2025-08-27T07:24:13.0266531Z   [458c3c95] + OpenSSL_jll v3.5.2+0
2025-08-27T07:24:13.0266906Z   [efe28fd5] + OpenSpecFun_jll v0.5.6+0
2025-08-27T07:24:13.0267609Z   [91d4177d] + Opus_jll v1.5.2+0
2025-08-27T07:24:13.0267978Z   [36c8627f] + Pango_jll v1.56.3+0
2025-08-27T07:24:13.0268411Z ⌅ [30392449] + Pixman_jll v0.44.2+0
2025-08-27T07:24:13.0268761Z   [f50d1b31] + Rmath_jll v0.5.1+0
2025-08-27T07:24:13.0269113Z   [a2964d1f] + Wayland_jll v1.24.0+0
2025-08-27T07:24:13.0269470Z   [ffd25f8a] + XZ_jll v5.8.1+0
2025-08-27T07:24:13.0269823Z   [4f6342f7] + Xorg_libX11_jll v1.8.12+0
2025-08-27T07:24:13.0270206Z   [0c0b7dd1] + Xorg_libXau_jll v1.0.13+0
2025-08-27T07:24:13.0270607Z   [935fb764] + Xorg_libXcursor_jll v1.2.4+0
2025-08-27T07:24:13.0271011Z   [a3789734] + Xorg_libXdmcp_jll v1.1.6+0
2025-08-27T07:24:13.0271405Z   [1082639a] + Xorg_libXext_jll v1.3.7+0
2025-08-27T07:24:13.0271793Z   [d091e8ba] + Xorg_libXfixes_jll v6.0.1+0
2025-08-27T07:24:13.0272180Z   [a51aa0fd] + Xorg_libXi_jll v1.8.3+0
2025-08-27T07:24:13.0272419Z   [d1454406] + Xorg_libXinerama_jll v1.1.6+0
2025-08-27T07:24:13.0272787Z   [ec84b674] + Xorg_libXrandr_jll v1.5.5+0
2025-08-27T07:24:13.0273042Z   [ea2f1a96] + Xorg_libXrender_jll v0.9.12+0
2025-08-27T07:24:13.0273275Z   [c7cfdc94] + Xorg_libxcb_jll v1.17.1+0
2025-08-27T07:24:13.0273508Z   [cc61e674] + Xorg_libxkbfile_jll v1.1.3+0
2025-08-27T07:24:13.0273732Z   [35661453] + Xorg_xkbcomp_jll v1.4.7+0
2025-08-27T07:24:13.0273980Z   [33bec58e] + Xorg_xkeyboard_config_jll v2.44.0+0
2025-08-27T07:24:13.0274230Z   [c5fb5394] + Xorg_xtrans_jll v1.6.0+0
2025-08-27T07:24:13.0274451Z   [3161d3a3] + Zstd_jll v1.5.7+1
2025-08-27T07:24:13.0274678Z   [9a68df92] + isoband_jll v0.2.3+0
2025-08-27T07:24:13.0274889Z   [a4ae2306] + libaom_jll v3.12.1+0
2025-08-27T07:24:13.0275095Z   [0ac62f75] + libass_jll v0.17.4+0
2025-08-27T07:24:13.0275298Z   [1183f4f0] + libdecor_jll v0.2.2+0
2025-08-27T07:24:13.0275515Z   [f638f0a6] + libfdk_aac_jll v2.0.4+0
2025-08-27T07:24:13.0275729Z   [b53b4c65] + libpng_jll v1.6.50+0
2025-08-27T07:24:13.0275938Z   [075b6546] + libsixel_jll v1.10.5+0
2025-08-27T07:24:13.0276163Z   [f27f6e37] + libvorbis_jll v1.3.8+0
2025-08-27T07:24:13.0276380Z   [c5f90fcd] + libwebp_jll v1.6.0+0
2025-08-27T07:24:13.0276589Z   [1317d2d5] + oneTBB_jll v2022.0.0+0
2025-08-27T07:24:13.0276793Z   [1270edf5] + x264_jll v10164.0.1+0
2025-08-27T07:24:13.0277185Z   [dfaa095f] + x265_jll v4.1.0+0
2025-08-27T07:24:13.0277452Z   [d8fb68d0] + xkbcommon_jll v1.9.2+0
2025-08-27T07:24:13.0277671Z   [0dad84c5] + ArgTools v1.1.1
2025-08-27T07:24:13.0277865Z   [2a0f44e3] + Base64
2025-08-27T07:24:13.0278041Z   [8bf52ea8] + CRC32c
2025-08-27T07:24:13.0278209Z   [8ba89e20] + Distributed
2025-08-27T07:24:13.0278411Z   [f43a241f] + Downloads v1.6.0
2025-08-27T07:24:13.0278613Z   [7b1f6079] + FileWatching
2025-08-27T07:24:13.0278806Z   [b77e0a4c] + InteractiveUtils
2025-08-27T07:24:13.0279009Z   [4af54fe1] + LazyArtifacts
2025-08-27T07:24:13.0279203Z   [b27032c2] + LibCURL v0.6.4
2025-08-27T07:24:13.0279395Z   [76f85450] + LibGit2
2025-08-27T07:24:13.0279564Z   [d6f4376e] + Markdown
2025-08-27T07:24:13.0279742Z   [a63ad114] + Mmap
2025-08-27T07:24:13.0279926Z   [ca575930] + NetworkOptions v1.2.0
2025-08-27T07:24:13.0280145Z   [44cfe95a] + Pkg v1.10.0
2025-08-27T07:24:13.0280327Z   [3fa0cd96] + REPL
2025-08-27T07:24:13.0280497Z   [9e88b42a] + Serialization
2025-08-27T07:24:13.0280691Z   [1a1011a3] + SharedArrays
2025-08-27T07:24:13.0280871Z   [6462fe0b] + Sockets
2025-08-27T07:24:13.0281053Z   [2f01184e] + SparseArrays v1.10.0
2025-08-27T07:24:13.0281265Z   [10745b16] + Statistics v1.10.0
2025-08-27T07:24:13.0281473Z   [4607b0f0] + SuiteSparse
2025-08-27T07:24:13.0281652Z   [a4e569a6] + Tar v1.10.0
2025-08-27T07:24:13.0281831Z   [8dfed614] + Test
2025-08-27T07:24:13.0281987Z   [cf7118a7] + UUIDs
2025-08-27T07:24:13.0282171Z   [deac9b47] + LibCURL_jll v8.4.0+0
2025-08-27T07:24:13.0282381Z   [e37daf67] + LibGit2_jll v1.6.4+0
2025-08-27T07:24:13.0282590Z   [29816b5a] + LibSSH2_jll v1.11.0+1
2025-08-27T07:24:13.0282796Z   [c8ffd9c3] + MbedTLS_jll v2.28.2+1
2025-08-27T07:24:13.0283024Z   [14a3606d] + MozillaCACerts_jll v2023.1.10
2025-08-27T07:24:13.0283394Z   [05823500] + OpenLibm_jll v0.8.5+0
2025-08-27T07:24:13.0283608Z   [efcefdf7] + PCRE2_jll v10.42.0+1
2025-08-27T07:24:13.0283834Z   [bea87d4a] + SuiteSparse_jll v7.2.1+1
2025-08-27T07:24:13.0284057Z   [83775a58] + Zlib_jll v1.2.13+1
2025-08-27T07:24:13.0284266Z   [8e850ede] + nghttp2_jll v1.52.0+1
2025-08-27T07:24:13.0284477Z   [3f19e933] + p7zip_jll v17.4.0+2
2025-08-27T07:24:13.0285363Z         Info Packages marked with ⌃ and ⌅ have new versions available. Those with ⌃ may be upgradable, but those with ⌅ are restricted by compatibility constraints from upgrading. To see why use `status --outdated -m`
2025-08-27T07:24:13.1529548Z Precompiling packages...
2025-08-27T07:24:13.6216842Z     467.3 ms  ✓ RangeArrays
2025-08-27T07:24:13.6539235Z     496.5 ms  ✓ LaTeXStrings
2025-08-27T07:24:13.6807700Z     522.6 ms  ✓ IndirectArrays
2025-08-27T07:24:13.8810895Z     726.1 ms  ✓ AbstractFFTs
2025-08-27T07:24:14.1378560Z     484.8 ms  ✓ IteratorInterfaceExtensions
2025-08-27T07:24:14.1578981Z     536.1 ms  ✓ PolygonOps
2025-08-27T07:24:14.2395986Z     558.6 ms  ✓ TensorCore
2025-08-27T07:24:14.6603229Z     499.7 ms  ✓ StatsAPI
2025-08-27T07:24:14.7189153Z     581.3 ms  ✓ GeoFormatTypes
2025-08-27T07:24:14.7395869Z     499.9 ms  ✓ Contour
2025-08-27T07:24:15.2288607Z     568.4 ms  ✓ CEnum
2025-08-27T07:24:15.3443505Z     600.5 ms  ✓ TriplotBase
2025-08-27T07:24:16.3128664Z    1590.8 ms  ✓ OffsetArrays
2025-08-27T07:24:16.8896899Z    1546.7 ms  ✓ FillArrays
2025-08-27T07:24:17.0304437Z    1801.4 ms  ✓ Format
2025-08-27T07:24:17.3147459Z    1002.7 ms  ✓ InverseFunctions
2025-08-27T07:24:17.3493425Z    3468.1 ms  ✓ ModernGL
2025-08-27T07:24:17.5128630Z     619.9 ms  ✓ CompilerSupportLibraries_jll
2025-08-27T07:24:17.9288543Z     898.6 ms  ✓ IterTools
2025-08-27T07:24:18.0428634Z    4884.4 ms  ✓ BaseDirs
2025-08-27T07:24:18.2054209Z     884.6 ms  ✓ PkgVersion
2025-08-27T07:24:18.4269100Z     916.6 ms  ✓ Grisu
2025-08-27T07:24:18.6226805Z     694.8 ms  ✓ Compat
2025-08-27T07:24:18.8704308Z     666.4 ms  ✓ Requires
2025-08-27T07:24:18.9530220Z     910.9 ms  ✓ OrderedCollections
2025-08-27T07:24:19.0126803Z     584.9 ms  ✓ DataValueInterfaces
2025-08-27T07:24:19.0883500Z     461.2 ms  ✓ EnumX
2025-08-27T07:24:19.3965596Z     525.4 ms  ✓ StableRNGs
2025-08-27T07:24:19.5131248Z     563.2 ms  ✓ Reexport
2025-08-27T07:24:19.8989427Z     884.7 ms  ✓ DocStringExtensions
2025-08-27T07:24:19.9523056Z     861.8 ms  ✓ AbstractTrees
2025-08-27T07:24:20.3172523Z     799.6 ms  ✓ IntervalSets
2025-08-27T07:24:20.5603468Z     662.7 ms  ✓ RoundingEmulator
2025-08-27T07:24:20.6298713Z    3276.2 ms  ✓ MacroTools
2025-08-27T07:24:20.9882653Z     426.9 ms  ✓ PtrArrays
2025-08-27T07:24:21.1223462Z     804.7 ms  ✓ Extents
2025-08-27T07:24:21.2280863Z    1277.0 ms  ✓ ProgressMeter
2025-08-27T07:24:21.4326793Z    2035.9 ms  ✓ IrrationalConstants
2025-08-27T07:24:21.6853895Z     455.5 ms  ✓ LazyModules
2025-08-27T07:24:21.8662748Z     867.0 ms  ✓ TranscodingStreams
2025-08-27T07:24:21.9464478Z     513.1 ms  ✓ Inflate
2025-08-27T07:24:22.3588560Z    1728.1 ms  ✓ UnicodeFun
2025-08-27T07:24:22.4324045Z     748.5 ms  ✓ ConstructionBase
2025-08-27T07:24:22.4799709Z     613.5 ms  ✓ DataAPI
2025-08-27T07:24:22.8306159Z     474.6 ms  ✓ Scratch
2025-08-27T07:24:23.0730606Z     640.5 ms  ✓ MappedArrays
2025-08-27T07:24:23.2134111Z     730.8 ms  ✓ JLLWrappers
2025-08-27T07:24:23.5408694Z    2418.7 ms  ✓ AdaptivePredicates
2025-08-27T07:24:23.6262351Z     796.9 ms  ✓ SuiteSparse
2025-08-27T07:24:24.0712190Z     996.5 ms  ✓ Statistics
2025-08-27T07:24:24.1729156Z     960.2 ms  ✓ WoodburyMatrices
2025-08-27T07:24:24.7332956Z     559.4 ms  ✓ TableTraits
2025-08-27T07:24:25.4506211Z     718.5 ms  ✓ StackViews
2025-08-27T07:24:25.7408092Z    1670.8 ms  ✓ AbstractFFTs → AbstractFFTsTestExt
2025-08-27T07:24:26.1692965Z     714.7 ms  ✓ PaddedViews
2025-08-27T07:24:26.7038616Z     534.4 ms  ✓ InverseFunctions → InverseFunctionsDatesExt
2025-08-27T07:24:26.7495819Z    1006.9 ms  ✓ FillArrays → FillArraysSparseArraysExt
2025-08-27T07:24:27.2928919Z     543.4 ms  ✓ Compat → CompatLinearAlgebraExt
2025-08-27T07:24:27.3215833Z     619.0 ms  ✓ Showoff
2025-08-27T07:24:27.8773499Z     583.1 ms  ✓ Ratios
2025-08-27T07:24:28.0342776Z     710.5 ms  ✓ Adapt
2025-08-27T07:24:30.8788992Z    2845.2 ms  ✓ DataStructures
2025-08-27T07:24:31.4934504Z     614.3 ms  ✓ IntervalSets → IntervalSetsRandomExt
2025-08-27T07:24:32.7128948Z    1217.9 ms  ✓ SimpleTraits
2025-08-27T07:24:33.4313325Z     718.3 ms  ✓ AliasTables
2025-08-27T07:24:33.4442667Z    5568.2 ms  ✓ FileIO
2025-08-27T07:24:33.9141412Z     469.1 ms  ✓ ConstructionBase → ConstructionBaseLinearAlgebraExt
2025-08-27T07:24:34.4208755Z     986.6 ms  ✓ LogExpFunctions
2025-08-27T07:24:35.2832907Z     865.0 ms  ✓ Missings
2025-08-27T07:24:35.7400317Z    1825.2 ms  ✓ GeoInterface
2025-08-27T07:24:36.1125405Z     830.5 ms  ✓ RelocatableFolders
2025-08-27T07:24:36.8980087Z    1157.8 ms  ✓ OpenSSL_jll
2025-08-27T07:24:37.2924920Z    1178.4 ms  ✓ Graphite2_jll
2025-08-27T07:24:38.0560198Z    1157.8 ms  ✓ Libmount_jll
2025-08-27T07:24:38.1931256Z     900.3 ms  ✓ EpollShim_jll
2025-08-27T07:24:38.6246793Z   14993.8 ms  ✓ SIMD
2025-08-27T07:24:38.9728686Z     911.5 ms  ✓ LLVMOpenMP_jll
2025-08-27T07:24:39.1853189Z     989.1 ms  ✓ Bzip2_jll
2025-08-27T07:24:39.6239217Z     999.7 ms  ✓ Rmath_jll
2025-08-27T07:24:39.9702616Z     786.2 ms  ✓ libpng_jll
2025-08-27T07:24:40.0088868Z    1037.7 ms  ✓ Xorg_libXau_jll
2025-08-27T07:24:40.6619448Z    1035.9 ms  ✓ libfdk_aac_jll
2025-08-27T07:24:40.7184057Z     744.0 ms  ✓ Imath_jll
2025-08-27T07:24:40.8879707Z     878.4 ms  ✓ IntelOpenMP_jll
2025-08-27T07:24:41.6088939Z     888.4 ms  ✓ LAME_jll
2025-08-27T07:24:41.6358570Z     970.3 ms  ✓ Giflib_jll
2025-08-27T07:24:41.9137584Z    1027.1 ms  ✓ LERC_jll
2025-08-27T07:24:42.4618695Z     828.2 ms  ✓ CRlibm_jll
2025-08-27T07:24:42.5508691Z     943.2 ms  ✓ EarCut_jll
2025-08-27T07:24:42.7628712Z     848.9 ms  ✓ JpegTurbo_jll
2025-08-27T07:24:43.5132469Z    1052.2 ms  ✓ XZ_jll
2025-08-27T07:24:43.5960558Z    1045.7 ms  ✓ Ogg_jll
2025-08-27T07:24:43.6088760Z     843.9 ms  ✓ oneTBB_jll
2025-08-27T07:24:44.3554374Z     843.6 ms  ✓ Xorg_libXdmcp_jll
2025-08-27T07:24:44.4884866Z     876.2 ms  ✓ x264_jll
2025-08-27T07:24:44.6399620Z    1043.8 ms  ✓ x265_jll
2025-08-27T07:24:44.8949285Z   21351.9 ms  ✓ Parsers
2025-08-27T07:24:45.0805331Z     724.9 ms  ✓ libaom_jll
2025-08-27T07:24:45.1054955Z     620.0 ms  ✓ Zstd_jll
2025-08-27T07:24:45.5259263Z     887.3 ms  ✓ Expat_jll
2025-08-27T07:24:45.6387247Z     741.6 ms  ✓ LZO_jll
2025-08-27T07:24:45.7121351Z     606.4 ms  ✓ Xorg_xtrans_jll
2025-08-27T07:24:45.8098845Z     727.4 ms  ✓ Opus_jll
2025-08-27T07:24:46.2348747Z     708.7 ms  ✓ Libiconv_jll
2025-08-27T07:24:46.3639148Z     726.6 ms  ✓ Libffi_jll
2025-08-27T07:24:46.4288944Z     716.6 ms  ✓ isoband_jll
2025-08-27T07:24:46.4852778Z     672.7 ms  ✓ FFTW_jll
2025-08-27T07:24:46.9894432Z     754.4 ms  ✓ Libuuid_jll
2025-08-27T07:24:47.1429001Z     658.5 ms  ✓ OpenSpecFun_jll
2025-08-27T07:24:47.1509813Z     723.5 ms  ✓ OpenBLASConsistentFPCSR_jll
2025-08-27T07:24:47.2261548Z     860.6 ms  ✓ FriBidi_jll
2025-08-27T07:24:48.0958825Z     951.5 ms  ✓ SignedDistanceFields
2025-08-27T07:24:48.4578767Z    1465.7 ms  ✓ PDMats
2025-08-27T07:24:48.8038615Z    1574.9 ms  ✓ StaticArrays → StaticArraysStatisticsExt
2025-08-27T07:24:49.1788536Z    1080.8 ms  ✓ AxisAlgorithms
2025-08-27T07:24:49.5399451Z     738.6 ms  ✓ MosaicViews
2025-08-27T07:24:50.0284159Z    1573.0 ms  ✓ Tables
2025-08-27T07:24:50.0895431Z     911.4 ms  ✓ InverseFunctions → InverseFunctionsTestExt
2025-08-27T07:24:50.6458786Z    1104.9 ms  ✓ FillArrays → FillArraysStatisticsExt
2025-08-27T07:24:51.3889184Z    1359.3 ms  ✓ FilePathsBase
2025-08-27T07:24:51.6757746Z    1030.6 ms  ✓ Adapt → AdaptStaticArraysExt
2025-08-27T07:24:51.8174639Z    4661.1 ms  ✓ FixedPointNumbers
2025-08-27T07:24:52.2468787Z     567.7 ms  ✓ OffsetArrays → OffsetArraysAdaptExt
2025-08-27T07:24:52.6105406Z    1222.5 ms  ✓ Adapt → AdaptSparseArraysExt
2025-08-27T07:24:52.6498705Z     830.5 ms  ✓ SortingAlgorithms
2025-08-27T07:24:52.8554643Z    2767.4 ms  ✓ ChainRulesCore
2025-08-27T07:24:53.5973137Z     949.2 ms  ✓ IntervalSets → IntervalSetsStatisticsExt
2025-08-27T07:24:53.8248908Z    1581.5 ms  ✓ QuadGK
2025-08-27T07:24:53.8852678Z    1027.5 ms  ✓ ConstructionBase → ConstructionBaseStaticArraysExt
2025-08-27T07:24:54.0624472Z    1451.2 ms  ✓ AxisArrays
2025-08-27T07:24:54.4091935Z     813.2 ms  ✓ ConstructionBase → ConstructionBaseIntervalSetsExt
2025-08-27T07:24:54.5584675Z     729.7 ms  ✓ LogExpFunctions → LogExpFunctionsInverseFunctionsExt
2025-08-27T07:24:55.1229403Z    1057.8 ms  ✓ Pixman_jll
2025-08-27T07:24:55.2075594Z     796.8 ms  ✓ FreeType2_jll
2025-08-27T07:24:55.7460251Z    1187.5 ms  ✓ Rmath
2025-08-27T07:24:56.3136074Z    1192.5 ms  ✓ OpenEXR_jll
2025-08-27T07:24:56.3910238Z    1184.8 ms  ✓ CRlibm
2025-08-27T07:24:56.6153266Z     869.2 ms  ✓ libsixel_jll
2025-08-27T07:24:57.1181351Z     804.4 ms  ✓ libvorbis_jll
2025-08-27T07:24:57.1602883Z   35213.1 ms  ✓ Unitful
2025-08-27T07:24:57.8837520Z     722.7 ms  ✓ Libtiff_jll
2025-08-27T07:24:58.8552228Z     971.2 ms  ✓ Dbus_jll
2025-08-27T07:24:58.9618751Z    2346.1 ms  ✓ Xorg_libxcb_jll
2025-08-27T07:24:59.0079660Z    1889.1 ms  ✓ JSON
2025-08-27T07:24:59.5164564Z     506.4 ms  ✓ Isoband
2025-08-27T07:24:59.7315795Z     874.3 ms  ✓ GettextRuntime_jll
2025-08-27T07:24:59.7387677Z     777.4 ms  ✓ Wayland_jll
2025-08-27T07:25:00.6609087Z     929.9 ms  ✓ FillArrays → FillArraysPDMatsExt
2025-08-27T07:25:00.8945142Z    1156.7 ms  ✓ StructArrays
2025-08-27T07:25:01.2588523Z     593.2 ms  ✓ FilePathsBase → FilePathsBaseMmapExt
2025-08-27T07:25:02.2341404Z     979.2 ms  ✓ Ratios → RatiosFixedPointNumbersExt
2025-08-27T07:25:03.3993177Z    3884.2 ms  ✓ SpecialFunctions
2025-08-27T07:25:04.2339502Z     834.5 ms  ✓ ChainRulesCore → ChainRulesCoreSparseArraysExt
2025-08-27T07:25:04.3701906Z    7979.0 ms  ✓ MKL_jll
2025-08-27T07:25:04.9416869Z    4046.6 ms  ✓ ColorTypes
2025-08-27T07:25:05.1101951Z     738.4 ms  ✓ AbstractFFTs → AbstractFFTsChainRulesCoreExt
2025-08-27T07:25:05.4139929Z    3177.8 ms  ✓ StatsBase
2025-08-27T07:25:05.4854265Z    1251.3 ms  ✓ StaticArrays → StaticArraysChainRulesCoreExt
2025-08-27T07:25:06.4957695Z    1385.5 ms  ✓ FreeType
2025-08-27T07:25:06.7036607Z    1291.5 ms  ✓ Fontconfig_jll
2025-08-27T07:25:07.3314893Z    2389.6 ms  ✓ LogExpFunctions → LogExpFunctionsChainRulesCoreExt
2025-08-27T07:25:07.4996109Z    1005.1 ms  ✓ Unitful → PrintfExt
2025-08-27T07:25:07.8714737Z    1164.2 ms  ✓ Xorg_libX11_jll
2025-08-27T07:25:08.4057618Z    1074.1 ms  ✓ Glib_jll
2025-08-27T07:25:08.4558742Z     956.1 ms  ✓ StructArrays → StructArraysLinearAlgebraExt
2025-08-27T07:25:09.2768898Z    3787.4 ms  ✓ IntervalArithmetic
2025-08-27T07:25:09.4437595Z    1572.2 ms  ✓ FilePathsBase → FilePathsBaseTestExt
2025-08-27T07:25:09.5181766Z    1112.3 ms  ✓ FilePaths
2025-08-27T07:25:10.3344437Z    1878.4 ms  ✓ HypergeometricFunctions
2025-08-27T07:25:11.4708295Z    2028.4 ms  ✓ QOI
2025-08-27T07:25:14.5680238Z   20684.2 ms  ✓ Automa
2025-08-27T07:25:14.7742327Z    5255.8 ms  ✓ ColorVectorSpace
2025-08-27T07:25:17.0248930Z    2247.0 ms  ✓ SpecialFunctions → SpecialFunctionsChainRulesCoreExt
2025-08-27T07:25:18.0803761Z    3511.7 ms  ✓ Interpolations
2025-08-27T07:25:18.1828951Z    1159.4 ms  ✓ Unitful → ConstructionBaseUnitfulExt
2025-08-27T07:25:19.4218824Z    1237.6 ms  ✓ Xorg_libXrender_jll
2025-08-27T07:25:19.4653621Z    1382.7 ms  ✓ Unitful → InverseFunctionsUnitfulExt
2025-08-27T07:25:20.4232811Z     957.9 ms  ✓ Xorg_libXfixes_jll
2025-08-27T07:25:20.4748823Z    1051.3 ms  ✓ Xorg_libXext_jll
2025-08-27T07:25:20.7123535Z    9238.5 ms  ✓ Colors
2025-08-27T07:25:21.3518465Z     876.7 ms  ✓ StructArrays → StructArraysAdaptExt
2025-08-27T07:25:21.5056667Z    1079.8 ms  ✓ Xorg_libxkbfile_jll
2025-08-27T07:25:21.8157930Z    1104.7 ms  ✓ StructArrays → StructArraysSparseArraysExt
2025-08-27T07:25:22.6879524Z    1183.9 ms  ✓ IntervalArithmetic → IntervalArithmeticLinearAlgebraExt
2025-08-27T07:25:22.7914877Z    1442.5 ms  ✓ StructArrays → StructArraysStaticArraysExt
2025-08-27T07:25:24.3938849Z    1704.3 ms  ✓ ColorVectorSpace → SpecialFunctionsExt
2025-08-27T07:25:24.7888239Z    2971.4 ms  ✓ StatsFuns
2025-08-27T07:25:25.1719045Z    2380.3 ms  ✓ Interpolations → InterpolationsUnitfulExt
2025-08-27T07:25:25.4543135Z    1060.3 ms  ✓ Xorg_libXcursor_jll
2025-08-27T07:25:25.5638764Z     774.1 ms  ✓ Xorg_libXi_jll
2025-08-27T07:25:26.1354547Z     963.4 ms  ✓ Xorg_libXinerama_jll
2025-08-27T07:25:26.5766956Z    1123.7 ms  ✓ Xorg_libXrandr_jll
2025-08-27T07:25:26.6882659Z    1124.9 ms  ✓ Libglvnd_jll
2025-08-27T07:25:27.1662437Z    1030.5 ms  ✓ Cairo_jll
2025-08-27T07:25:27.2675679Z   17994.5 ms  ✓ FFTW
2025-08-27T07:25:27.7404654Z    1162.2 ms  ✓ Animations
2025-08-27T07:25:28.1824223Z    1491.4 ms  ✓ OpenEXR
2025-08-27T07:25:28.2581269Z    1093.2 ms  ✓ ColorBrewer
2025-08-27T07:25:28.9548513Z     770.0 ms  ✓ Xorg_xkbcomp_jll
2025-08-27T07:25:29.2874148Z    1028.6 ms  ✓ IntervalArithmetic → IntervalArithmeticSparseArraysExt
2025-08-27T07:25:30.0664727Z     778.9 ms  ✓ IntervalArithmetic → IntervalArithmeticIntervalSetsExt
2025-08-27T07:25:34.6088715Z    5653.6 ms  ✓ ExactPredicates
2025-08-27T07:25:34.8129985Z    7072.4 ms  ✓ ColorSchemes
2025-08-27T07:25:35.3263643Z     718.2 ms  ✓ StatsFuns → StatsFunsInverseFunctionsExt
2025-08-27T07:25:36.6807418Z    1869.0 ms  ✓ StatsFuns → StatsFunsChainRulesCoreExt
2025-08-27T07:25:38.2360554Z    1555.2 ms  ✓ libwebp_jll
2025-08-27T07:25:38.6528606Z    8582.8 ms  ✓ GeometryBasics
2025-08-27T07:25:39.1082399Z     872.0 ms  ✓ HarfBuzz_jll
2025-08-27T07:25:39.3064206Z     653.0 ms  ✓ Xorg_xkeyboard_config_jll
2025-08-27T07:25:44.0634047Z    8732.3 ms  ✓ Distributions
2025-08-27T07:25:46.5132607Z    7403.4 ms  ✓ DelaunayTriangulation
2025-08-27T07:25:48.9203490Z    2407.0 ms  ✓ Packing
2025-08-27T07:25:52.3543751Z    3434.0 ms  ✓ ShaderAbstractions
2025-08-27T07:25:57.6538374Z    5296.0 ms  ✓ MeshIO
2025-08-27T07:25:58.5514140Z   14489.3 ms  ✓ GridLayoutBase
2025-08-27T07:26:03.8688952Z   53532.7 ms  ✓ TiffImages
2025-08-27T07:26:03.9679167Z    5412.6 ms  ✓ FreeTypeAbstraction
2025-08-27T07:26:04.8038770Z     933.2 ms  ✓ libass_jll
2025-08-27T07:26:05.1613663Z    1193.4 ms  ✓ Pango_jll
2025-08-27T07:26:05.5608589Z   26251.4 ms  ✓ PlotUtils
2025-08-27T07:26:05.6863414Z     885.5 ms  ✓ xkbcommon_jll
2025-08-27T07:26:06.0635768Z   38788.9 ms  ✓ ImageCore
2025-08-27T07:26:06.6728980Z    9020.6 ms  ✓ MakieCore
2025-08-27T07:26:07.0124807Z    1852.4 ms  ✓ Distributions → DistributionsTestExt
2025-08-27T07:26:07.2932453Z    1735.1 ms  ✓ Distributions → DistributionsChainRulesCoreExt
2025-08-27T07:26:07.4122260Z    1350.1 ms  ✓ FFMPEG_jll
2025-08-27T07:26:07.4219117Z     746.0 ms  ✓ libdecor_jll
2025-08-27T07:26:10.0978681Z    2683.6 ms  ✓ Sixel
2025-08-27T07:26:10.8158627Z    3394.6 ms  ✓ JpegTurbo
2025-08-27T07:26:10.9235624Z    3910.9 ms  ✓ ImageBase
2025-08-27T07:26:11.7766352Z     852.9 ms  ✓ GLFW_jll
2025-08-27T07:26:13.0523198Z    2954.2 ms  ✓ WebP
2025-08-27T07:26:13.5869221Z    2770.9 ms  ✓ KernelDensity
2025-08-27T07:26:14.5282390Z    8841.2 ms  ✓ MathTeXEngine
2025-08-27T07:26:14.7891934Z    7497.1 ms  ✓ PNGFiles
2025-08-27T07:26:14.8658412Z    3088.9 ms  ✓ ImageAxes
2025-08-27T07:26:14.9601330Z    1909.1 ms  ✓ GLFW
2025-08-27T07:26:15.9500653Z    1084.2 ms  ✓ ImageMetadata
2025-08-27T07:26:17.0528109Z    1102.6 ms  ✓ Netpbm
2025-08-27T07:26:17.4879407Z     435.0 ms  ✓ ImageIO
2025-08-27T07:28:07.3531684Z  109865.1 ms  ✓ Makie
2025-08-27T07:28:13.7559639Z            ✗ GLMakie
2025-08-27T07:28:13.7609011Z   241 dependencies successfully precompiled in 241 seconds. 15 already precompiled.
2025-08-27T07:28:13.7610093Z   1 dependency had output during precompilation:
2025-08-27T07:28:13.7610849Z ┌ MKL_jll
2025-08-27T07:28:13.7611392Z │  Downloading artifact: IntelOpenMP
2025-08-27T07:28:13.7612056Z └  
2025-08-27T07:28:13.7612255Z 
2025-08-27T07:28:13.7612531Z The following 1 direct dependency failed to precompile:
2025-08-27T07:28:13.7613044Z 
2025-08-27T07:28:13.7613182Z GLMakie 
2025-08-27T07:28:13.7613387Z 
2025-08-27T07:28:13.7614568Z Failed to precompile GLMakie [e9467ef8-e4e7-5192-8a1a-b1aee30e663a] to "/home/runner/.julia/compiled/v1.10/GLMakie/jl_yEFdow".
2025-08-27T07:28:13.7615981Z ┌ Warning:     OpenGL/GLFW wasn't loaded correctly or couldn't be initialized.
2025-08-27T07:28:13.7616807Z │     This likely means, you're on a headless server without having OpenGL support setup correctly.
2025-08-27T07:28:13.7617885Z │     Have a look at the troubleshooting section in the readme:
2025-08-27T07:28:13.7618660Z │     https://github.com/MakieOrg/Makie.jl/tree/master/GLMakie#troubleshooting-opengl.
2025-08-27T07:28:13.7619389Z └ @ GLMakie ~/.julia/packages/GLMakie/TH3rf/src/gl_backend.jl:4
2025-08-27T07:28:13.7620314Z ERROR: LoadError: InitError: Exception[GLFW.GLFWError(65550, "X11: The DISPLAY environment variable is missing"), ErrorException("glfwInit failed")]
2025-08-27T07:28:13.7621315Z Stacktrace:
2025-08-27T07:28:13.7621666Z   [1] __init__()
2025-08-27T07:28:13.7622172Z     @ GLFW ~/.julia/packages/GLFW/Zwulj/src/GLFW.jl:69
2025-08-27T07:28:13.7629488Z   [2] run_module_init(mod::Module, i::Int64)
2025-08-27T07:28:13.7629964Z     @ Base ./loading.jl:1193
2025-08-27T07:28:13.7630545Z   [3] register_restored_modules(sv::Core.SimpleVector, pkg::Base.PkgId, path::String)
2025-08-27T07:28:13.7631151Z     @ Base ./loading.jl:1181
2025-08-27T07:28:13.7631782Z   [4] _include_from_serialized(pkg::Base.PkgId, path::String, ocachepath::String, depmods::Vector{Any})
2025-08-27T07:28:13.7632440Z     @ Base ./loading.jl:1126
2025-08-27T07:28:13.7632994Z   [5] _require_search_from_serialized(pkg::Base.PkgId, sourcepath::String, build_id::UInt128)
2025-08-27T07:28:13.7633595Z     @ Base ./loading.jl:1651
2025-08-27T07:28:13.7633957Z   [6] _require(pkg::Base.PkgId, env::String)
2025-08-27T07:28:13.7634345Z     @ Base ./loading.jl:2008
2025-08-27T07:28:13.7634744Z   [7] __require_prelocked(uuidkey::Base.PkgId, env::String)
2025-08-27T07:28:13.7635192Z     @ Base ./loading.jl:1882
2025-08-27T07:28:13.7635514Z   [8] #invoke_in_world#3
2025-08-27T07:28:13.7635839Z     @ ./essentials.jl:926 [inlined]
2025-08-27T07:28:13.7636193Z   [9] invoke_in_world
2025-08-27T07:28:13.7636490Z     @ ./essentials.jl:923 [inlined]
2025-08-27T07:28:13.7636955Z  [10] _require_prelocked(uuidkey::Base.PkgId, env::String)
2025-08-27T07:28:13.7637623Z     @ Base ./loading.jl:1873
2025-08-27T07:28:13.7637946Z  [11] macro expansion
2025-08-27T07:28:13.7638264Z     @ ./loading.jl:1860 [inlined]
2025-08-27T07:28:13.7638590Z  [12] macro expansion
2025-08-27T07:28:13.7638884Z     @ ./lock.jl:267 [inlined]
2025-08-27T07:28:13.7639221Z  [13] __require(into::Module, mod::Symbol)
2025-08-27T07:28:13.7639583Z     @ Base ./loading.jl:1823
2025-08-27T07:28:13.7639884Z  [14] #invoke_in_world#3
2025-08-27T07:28:13.7640193Z     @ ./essentials.jl:926 [inlined]
2025-08-27T07:28:13.7640541Z  [15] invoke_in_world
2025-08-27T07:28:13.7640835Z     @ ./essentials.jl:923 [inlined]
2025-08-27T07:28:13.7641191Z  [16] require(into::Module, mod::Symbol)
2025-08-27T07:28:13.7641549Z     @ Base ./loading.jl:1816
2025-08-27T07:28:13.7641875Z  [17] top-level scope
2025-08-27T07:28:13.7642491Z     @ ~/.julia/packages/GLMakie/TH3rf/src/gl_backend.jl:2
2025-08-27T07:28:13.7642968Z  [18] include(mod::Module, _path::String)
2025-08-27T07:28:13.7643358Z     @ Base ./Base.jl:495
2025-08-27T07:28:13.7643702Z  [19] include(x::String)
2025-08-27T07:28:13.7644113Z     @ GLMakie ~/.julia/packages/GLMakie/TH3rf/src/GLMakie.jl:1
2025-08-27T07:28:13.7644587Z  [20] top-level scope
2025-08-27T07:28:13.7644953Z     @ ~/.julia/packages/GLMakie/TH3rf/src/GLMakie.jl:87
2025-08-27T07:28:13.7645372Z  [21] include
2025-08-27T07:28:13.7645647Z     @ ./Base.jl:495 [inlined]
2025-08-27T07:28:13.7646833Z  [22] include_package_for_output(pkg::Base.PkgId, input::String, depot_path::Vector{String}, dl_load_path::Vector{String}, load_path::Vector{String}, concrete_deps::Vector{Pair{Base.PkgId, UInt128}}, source::Nothing)
2025-08-27T07:28:13.7648193Z     @ Base ./loading.jl:2292
2025-08-27T07:28:13.7648522Z  [23] top-level scope
2025-08-27T07:28:13.7648810Z     @ stdin:4
2025-08-27T07:28:13.7649297Z during initialization of module GLFW
2025-08-27T07:28:13.7649951Z in expression starting at /home/runner/.julia/packages/GLMakie/TH3rf/src/gl_backend.jl:1
2025-08-27T07:28:13.7650840Z in expression starting at /home/runner/.julia/packages/GLMakie/TH3rf/src/GLMakie.jl:1
2025-08-27T07:28:13.7833614Z in expression starting at stdin:
2025-08-27T07:28:13.7861111Z ##[group]Run DISPLAY=:0 xvfb-run -s '-screen 0 1024x768x24' \
2025-08-27T07:28:13.7861557Z [36;1mDISPLAY=:0 xvfb-run -s '-screen 0 1024x768x24' \[0m
2025-08-27T07:28:13.7861866Z [36;1m  julia --project=. -e "[0m
2025-08-27T07:28:13.7862097Z [36;1m    using GLMakie[0m
2025-08-27T07:28:13.7862326Z [36;1m    GLMakie.activate!()[0m
2025-08-27T07:28:13.7862545Z [36;1m    using Pkg[0m
2025-08-27T07:28:13.7862790Z [36;1m    # Only run the GLMakie smoke test, not all tests[0m
2025-08-27T07:28:13.7863087Z [36;1m    include(\"test/test_glmakie_smoke.jl\")[0m
2025-08-27T07:28:13.7863333Z [36;1m  "[0m
2025-08-27T07:28:13.7902432Z shell: /usr/bin/bash -e {0}
2025-08-27T07:28:13.7902668Z ##[endgroup]
2025-08-27T07:29:01.1053473Z 
2025-08-27T07:29:01.1054148Z [pid 6699] waiting for IO to finish:
2025-08-27T07:29:01.1054825Z  Handle type        uv_handle_t->data
2025-08-27T07:29:01.1055409Z  timer              0x1bde2330->0x7ff6ffdc6830
2025-08-27T07:29:01.1057843Z This means that a package has started a background task or event source that has not finished running. For precompilation to complete successfully, the event source needs to be closed explicitly. See the developer documentation on fixing precompilation hangs for more help.
2025-08-27T07:29:37.3991584Z [ Info: GLMakie backend detected and loaded
2025-08-27T07:29:38.4788646Z Test Summary:      | Pass  Total  Time
2025-08-27T07:29:38.4894870Z GLMakie Smoke Test |   12     12  1.0s
2025-08-27T07:29:38.5713717Z Post job cleanup.
2025-08-27T07:29:38.5735960Z Post job cleanup.
2025-08-27T07:29:39.3915678Z       Active manifest files: 1 found
2025-08-27T07:29:39.4202492Z       Active artifact files: 72 found
2025-08-27T07:29:39.4223330Z       Active scratchspaces: 1 found
2025-08-27T07:29:39.4277682Z      Deleted no artifacts, repos, packages or scratchspaces
2025-08-27T07:29:43.1213503Z No existing caches found on ref `refs/heads/main` matching restore key `julia-cache;workflow=CI;job=smoke-glmakie;os=Linux;`
2025-08-27T07:29:43.1414761Z Post job cleanup.
2025-08-27T07:29:43.2646024Z [command]/usr/bin/tar --posix -cf cache.tzst --exclude cache.tzst -P -C /home/runner/work/JuliaTestRocket/JuliaTestRocket --files-from manifest.txt --use-compress-program zstdmt
2025-08-27T07:29:46.8025721Z ##[warning]Failed to save: <h2>Our services aren't available right now</h2><p>We're working to restore all services as soon as possible. Please check back soon.</p>06rOuaAAAAADsjaWC5VJBSZ1/V/dYc+diQ0hJMzBFREdFMDIwOQBFZGdl
2025-08-27T07:29:46.9030891Z Post job cleanup.
2025-08-27T07:29:46.9955241Z [command]/usr/bin/git version
2025-08-27T07:29:46.9990538Z git version 2.51.0
2025-08-27T07:29:47.0034175Z Temporarily overriding HOME='/home/runner/work/_temp/775341f5-d8b3-4121-afb7-b0ef73c2b18f' before making global git config changes
2025-08-27T07:29:47.0035737Z Adding repository directory to the temporary git global config as a safe directory
2025-08-27T07:29:47.0041036Z [command]/usr/bin/git config --global --add safe.directory /home/runner/work/JuliaTestRocket/JuliaTestRocket
2025-08-27T07:29:47.0075583Z [command]/usr/bin/git config --local --name-only --get-regexp core\.sshCommand
2025-08-27T07:29:47.0107505Z [command]/usr/bin/git submodule foreach --recursive sh -c "git config --local --name-only --get-regexp 'core\.sshCommand' && git config --local --unset-all 'core.sshCommand' || :"
2025-08-27T07:29:47.0386033Z [command]/usr/bin/git config --local --name-only --get-regexp http\.https\:\/\/github\.com\/\.extraheader
2025-08-27T07:29:47.0406356Z http.https://github.com/.extraheader
2025-08-27T07:29:47.0419789Z [command]/usr/bin/git config --local --unset-all http.https://github.com/.extraheader
2025-08-27T07:29:47.0449240Z [command]/usr/bin/git submodule foreach --recursive sh -c "git config --local --name-only --get-regexp 'http\.https\:\/\/github\.com\/\.extraheader' && git config --local --unset-all 'http.https://github.com/.extraheader' || :"
2025-08-27T07:29:47.0764430Z Cleaning up orphan processes
