2025-08-27T07:21:07.6082560Z Current runner version: '2.328.0'
2025-08-27T07:21:07.6117680Z ##[group]Runner Image Provisioner
2025-08-27T07:21:07.6119000Z Hosted Compute Agent
2025-08-27T07:21:07.6119860Z Version: 20250825.382
2025-08-27T07:21:07.6120800Z Commit: 7109f2abf901479dac39397456e363ac0cca0730
2025-08-27T07:21:07.6121910Z Build Date: 2025-08-25T22:55:50Z
2025-08-27T07:21:07.6122840Z ##[endgroup]
2025-08-27T07:21:07.6123710Z ##[group]Operating System
2025-08-27T07:21:07.6124650Z macOS
2025-08-27T07:21:07.6125380Z 15.5
2025-08-27T07:21:07.6126080Z 24F74
2025-08-27T07:21:07.6126780Z ##[endgroup]
2025-08-27T07:21:07.6127550Z ##[group]Runner Image
2025-08-27T07:21:07.6128400Z Image: macos-15-arm64
2025-08-27T07:21:07.6129210Z Version: 20250818.2206
2025-08-27T07:21:07.6131180Z Included Software: https://github.com/actions/runner-images/blob/macos-15-arm64/20250818.2206/images/macos/macos-15-arm64-Readme.md
2025-08-27T07:21:07.6134130Z Image Release: https://github.com/actions/runner-images/releases/tag/macos-15-arm64%2F20250818.2206
2025-08-27T07:21:07.6136610Z ##[endgroup]
2025-08-27T07:21:07.6141080Z ##[group]GITHUB_TOKEN Permissions
2025-08-27T07:21:07.6143860Z Actions: write
2025-08-27T07:21:07.6144240Z Attestations: write
2025-08-27T07:21:07.6144560Z Checks: write
2025-08-27T07:21:07.6144950Z Contents: write
2025-08-27T07:21:07.6145260Z Deployments: write
2025-08-27T07:21:07.6145570Z Discussions: write
2025-08-27T07:21:07.6145880Z Issues: write
2025-08-27T07:21:07.6146170Z Metadata: read
2025-08-27T07:21:07.6146470Z Models: read
2025-08-27T07:21:07.6146770Z Packages: write
2025-08-27T07:21:07.6147070Z Pages: write
2025-08-27T07:21:07.6147360Z PullRequests: write
2025-08-27T07:21:07.6147690Z RepositoryProjects: write
2025-08-27T07:21:07.6148040Z SecurityEvents: write
2025-08-27T07:21:07.6148430Z Statuses: write
2025-08-27T07:21:07.6148750Z ##[endgroup]
2025-08-27T07:21:07.6150340Z Secret source: Actions
2025-08-27T07:21:07.6150770Z Prepare workflow directory
2025-08-27T07:21:07.6365720Z Prepare all required actions
2025-08-27T07:21:07.6392850Z Getting action download info
2025-08-27T07:21:07.9191130Z Download action repository 'actions/checkout@v4' (SHA:08eba0b27e820071cde6df949e0beb9ba4906955)
2025-08-27T07:21:09.3049640Z Download action repository 'julia-actions/setup-julia@v1' (SHA:ac0d62164df5a47de404f4e96ce86a1a28a28d56)
2025-08-27T07:21:10.6234470Z Download action repository 'julia-actions/cache@v1' (SHA:dc1a3cdeacb521b0ca93cfc66143fcadb15a5bd0)
2025-08-27T07:21:11.4900850Z Download action repository 'julia-actions/julia-processcoverage@v1' (SHA:03114f09f119417c3242a9fb6e0b722676aedf38)
2025-08-27T07:21:12.4020760Z Download action repository 'codecov/codecov-action@v3' (SHA:ab904c41d6ece82784817410c45d8b8c02684457)
2025-08-27T07:21:13.8422780Z Getting action download info
2025-08-27T07:21:13.9805410Z Download action repository 'dcarbone/install-jq-action@v2.1.0' (SHA:8867ddb4788346d7c22b72ea2e2ffe4d514c7bcb)
2025-08-27T07:21:14.9854400Z Download action repository 'actions/cache@4d4ae6ae148a43d0fd1eda1800170683e9882738' (SHA:4d4ae6ae148a43d0fd1eda1800170683e9882738)
2025-08-27T07:21:16.5160820Z Download action repository 'pyTooling/Actions@adef08d3bdef092282614f3b683897cefae82ee3' (SHA:adef08d3bdef092282614f3b683897cefae82ee3)
2025-08-27T07:21:17.7954660Z Complete job name: Julia nightly - macOS-latest - x64
2025-08-27T07:21:17.8409910Z ##[group]Run actions/checkout@v4
2025-08-27T07:21:17.8410440Z with:
2025-08-27T07:21:17.8410870Z   repository: bakulev/JuliaTestRocket
2025-08-27T07:21:17.8411280Z   token: ***
2025-08-27T07:21:17.8411440Z   ssh-strict: true
2025-08-27T07:21:17.8411600Z   ssh-user: git
2025-08-27T07:21:17.8411760Z   persist-credentials: true
2025-08-27T07:21:17.8411930Z   clean: true
2025-08-27T07:21:17.8412100Z   sparse-checkout-cone-mode: true
2025-08-27T07:21:17.8412290Z   fetch-depth: 1
2025-08-27T07:21:17.8412430Z   fetch-tags: false
2025-08-27T07:21:17.8412590Z   show-progress: true
2025-08-27T07:21:17.8412730Z   lfs: false
2025-08-27T07:21:17.8412850Z   submodules: false
2025-08-27T07:21:17.8413000Z   set-safe-directory: true
2025-08-27T07:21:17.8413840Z ##[endgroup]
2025-08-27T07:21:18.2011230Z Syncing repository: bakulev/JuliaTestRocket
2025-08-27T07:21:18.2012490Z ##[group]Getting Git version info
2025-08-27T07:21:18.2012880Z Working directory is '/Users/runner/work/JuliaTestRocket/JuliaTestRocket'
2025-08-27T07:21:18.2013400Z [command]/opt/homebrew/bin/git version
2025-08-27T07:21:18.2229740Z git version 2.50.1
2025-08-27T07:21:18.2251320Z ##[endgroup]
2025-08-27T07:21:18.2260870Z Copying '/Users/runner/.gitconfig' to '/Users/runner/work/_temp/d8545cba-c240-4e40-b251-5523bd569ec0/.gitconfig'
2025-08-27T07:21:18.2266830Z Temporarily overriding HOME='/Users/runner/work/_temp/d8545cba-c240-4e40-b251-5523bd569ec0' before making global git config changes
2025-08-27T07:21:18.2267420Z Adding repository directory to the temporary git global config as a safe directory
2025-08-27T07:21:18.2270310Z [command]/opt/homebrew/bin/git config --global --add safe.directory /Users/runner/work/JuliaTestRocket/JuliaTestRocket
2025-08-27T07:21:18.2357050Z Deleting the contents of '/Users/runner/work/JuliaTestRocket/JuliaTestRocket'
2025-08-27T07:21:18.2359300Z ##[group]Initializing the repository
2025-08-27T07:21:18.2363850Z [command]/opt/homebrew/bin/git init /Users/runner/work/JuliaTestRocket/JuliaTestRocket
2025-08-27T07:21:18.2524760Z hint: Using 'master' as the name for the initial branch. This default branch name
2025-08-27T07:21:18.2525450Z hint: is subject to change. To configure the initial branch name to use in all
2025-08-27T07:21:18.2525940Z hint: of your new repositories, which will suppress this warning, call:
2025-08-27T07:21:18.2526270Z hint:
2025-08-27T07:21:18.2526760Z hint: 	git config --global init.defaultBranch <name>
2025-08-27T07:21:18.2527020Z hint:
2025-08-27T07:21:18.2527770Z hint: Names commonly chosen instead of 'master' are 'main', 'trunk' and
2025-08-27T07:21:18.2528190Z hint: 'development'. The just-created branch can be renamed via this command:
2025-08-27T07:21:18.2528470Z hint:
2025-08-27T07:21:18.2528620Z hint: 	git branch -m <name>
2025-08-27T07:21:18.2528790Z hint:
2025-08-27T07:21:18.2529050Z hint: Disable this message with "git config set advice.defaultBranchName false"
2025-08-27T07:21:18.2529520Z Initialized empty Git repository in /Users/runner/work/JuliaTestRocket/JuliaTestRocket/.git/
2025-08-27T07:21:18.2532860Z [command]/opt/homebrew/bin/git remote add origin https://github.com/bakulev/JuliaTestRocket
2025-08-27T07:21:18.2590260Z ##[endgroup]
2025-08-27T07:21:18.2590680Z ##[group]Disabling automatic garbage collection
2025-08-27T07:21:18.2593160Z [command]/opt/homebrew/bin/git config --local gc.auto 0
2025-08-27T07:21:18.2637120Z ##[endgroup]
2025-08-27T07:21:18.2637370Z ##[group]Setting up auth
2025-08-27T07:21:18.2641550Z [command]/opt/homebrew/bin/git config --local --name-only --get-regexp core\.sshCommand
2025-08-27T07:21:18.2692040Z [command]/opt/homebrew/bin/git submodule foreach --recursive sh -c "git config --local --name-only --get-regexp 'core\.sshCommand' && git config --local --unset-all 'core.sshCommand' || :"
2025-08-27T07:21:18.3391410Z [command]/opt/homebrew/bin/git config --local --name-only --get-regexp http\.https\:\/\/github\.com\/\.extraheader
2025-08-27T07:21:18.3437710Z [command]/opt/homebrew/bin/git submodule foreach --recursive sh -c "git config --local --name-only --get-regexp 'http\.https\:\/\/github\.com\/\.extraheader' && git config --local --unset-all 'http.https://github.com/.extraheader' || :"
2025-08-27T07:21:18.4003640Z [command]/opt/homebrew/bin/git config --local http.https://github.com/.extraheader AUTHORIZATION: basic ***
2025-08-27T07:21:18.4059690Z ##[endgroup]
2025-08-27T07:21:18.4059980Z ##[group]Fetching the repository
2025-08-27T07:21:18.4064320Z [command]/opt/homebrew/bin/git -c protocol.version=2 fetch --no-tags --prune --no-recurse-submodules --depth=1 origin +048c831dcbcc177572e3761b8279a61c28f21783:refs/remotes/origin/main
2025-08-27T07:21:19.2582170Z From https://github.com/bakulev/JuliaTestRocket
2025-08-27T07:21:19.2582780Z  * [new ref]         048c831dcbcc177572e3761b8279a61c28f21783 -> origin/main
2025-08-27T07:21:19.2646990Z ##[endgroup]
2025-08-27T07:21:19.2647250Z ##[group]Determining the checkout info
2025-08-27T07:21:19.2648100Z ##[endgroup]
2025-08-27T07:21:19.2651440Z [command]/opt/homebrew/bin/git sparse-checkout disable
2025-08-27T07:21:19.2732500Z [command]/opt/homebrew/bin/git config --local --unset-all extensions.worktreeConfig
2025-08-27T07:21:19.2789820Z ##[group]Checking out the ref
2025-08-27T07:21:19.2792390Z [command]/opt/homebrew/bin/git checkout --progress --force -B main refs/remotes/origin/main
2025-08-27T07:21:19.2981830Z Switched to a new branch 'main'
2025-08-27T07:21:19.2984240Z branch 'main' set up to track 'origin/main'.
2025-08-27T07:21:19.2988460Z ##[endgroup]
2025-08-27T07:21:19.3069410Z [command]/opt/homebrew/bin/git log -1 --format=%H
2025-08-27T07:21:19.3128140Z 048c831dcbcc177572e3761b8279a61c28f21783
2025-08-27T07:21:19.3251440Z ##[group]Run julia-actions/setup-julia@v1
2025-08-27T07:21:19.3251670Z with:
2025-08-27T07:21:19.3251790Z   version: nightly
2025-08-27T07:21:19.3251940Z   arch: x64
2025-08-27T07:21:19.3252080Z   include-all-prereleases: false
2025-08-27T07:21:19.3252240Z   show-versioninfo: false
2025-08-27T07:21:19.3252380Z ##[endgroup]
2025-08-27T07:21:25.0418930Z [command]/usr/bin/tar xf /Users/runner/work/_temp/0fe36f17-5219-4246-a91a-eef352476c82 --strip-components=1 -C /Users/runner/hostedtoolcache/julia/nightly/x64
2025-08-27T07:21:27.8347010Z [command]/Users/runner/hostedtoolcache/julia/nightly/x64/bin/julia --compile=min -O0 -e using InteractiveUtils; versioninfo()
2025-08-27T07:21:46.1570920Z Julia Version 1.13.0-DEV.1050
2025-08-27T07:21:46.1658430Z Commit cbea8cf28e0 (2025-08-26 22:51 UTC)
2025-08-27T07:21:46.1694590Z Build Info:
2025-08-27T07:21:46.1713420Z   Official https://julialang.org release
2025-08-27T07:21:46.1723460Z Platform Info:
2025-08-27T07:21:46.1733210Z   OS: macOS (x86_64-apple-darwin24.0.0)
2025-08-27T07:21:46.1735000Z   CPU: 3 × Apple M1 (Virtual)
2025-08-27T07:21:46.1750500Z   WORD_SIZE: 64
2025-08-27T07:21:46.1752760Z   LLVM: libLLVM-20.1.8 (ORCJIT, westmere)
2025-08-27T07:21:46.1753910Z   GC: Built with stock GC
2025-08-27T07:21:46.1755020Z Threads: 1 default, 1 interactive, 1 GC (on 3 virtual cores)
2025-08-27T07:21:46.2287790Z ##[group]Run julia-actions/cache@v1
2025-08-27T07:21:46.2288470Z with:
2025-08-27T07:21:46.2288960Z   cache-name: julia-cache;workflow=CI;job=test
2025-08-27T07:21:46.2289670Z   include-matrix: true
2025-08-27T07:21:46.2290050Z   cache-artifacts: true
2025-08-27T07:21:46.2290660Z   cache-packages: true
2025-08-27T07:21:46.2290940Z   cache-registries: true
2025-08-27T07:21:46.2292200Z   cache-compiled: true
2025-08-27T07:21:46.2292380Z   cache-scratchspaces: true
2025-08-27T07:21:46.2292570Z   cache-logs: true
2025-08-27T07:21:46.2293590Z   delete-old-caches: true
2025-08-27T07:21:46.2295320Z   token: ***
2025-08-27T07:21:46.2295800Z ##[endgroup]
2025-08-27T07:21:46.2494770Z ##[group]Run if [ -n "" ]; then
2025-08-27T07:21:46.2495430Z [36;1mif [ -n "" ]; then[0m
2025-08-27T07:21:46.2495910Z [36;1m    depot=""[0m
2025-08-27T07:21:46.2496360Z [36;1melif [ -n "$JULIA_DEPOT_PATH" ]; then[0m
2025-08-27T07:21:46.2496930Z [36;1m    # Use the first depot path[0m
2025-08-27T07:21:46.2497880Z [36;1m    depot=$(echo $JULIA_DEPOT_PATH | cut -d$PATH_DELIMITER -f1)[0m
2025-08-27T07:21:46.2498540Z [36;1melse[0m
2025-08-27T07:21:46.2499050Z [36;1m    depot="~/.julia"[0m
2025-08-27T07:21:46.2499970Z [36;1mfi[0m
2025-08-27T07:21:46.2501000Z [36;1mecho "depot=$depot" | tee -a "$GITHUB_OUTPUT"[0m
2025-08-27T07:21:46.2501400Z [36;1m[0m
2025-08-27T07:21:46.2501530Z [36;1mcache_paths=()[0m
2025-08-27T07:21:46.2501890Z [36;1martifacts_path="${depot}/artifacts"[0m
2025-08-27T07:21:46.2502200Z [36;1m[ "true" = "true" ] && cache_paths+=("$artifacts_path")[0m
2025-08-27T07:21:46.2502520Z [36;1mpackages_path="${depot}/packages"[0m
2025-08-27T07:21:46.2502880Z [36;1m[ "true" = "true" ] && cache_paths+=("$packages_path")[0m
2025-08-27T07:21:46.2503130Z [36;1mregistries_path="${depot}/registries"[0m
2025-08-27T07:21:46.2510920Z [36;1mif [ "true" = "true" ]; then[0m
2025-08-27T07:21:46.2511310Z [36;1m    if [ ! -d "${registries_path/#\~/$HOME}" ]; then[0m
2025-08-27T07:21:46.2511640Z [36;1m        cache_paths+=("$registries_path")[0m
2025-08-27T07:21:46.2511950Z [36;1m    else[0m
2025-08-27T07:21:46.2512710Z [36;1m        echo "::warning::Julia depot registries already exist. Skipping restoring of cached registries to avoid potential merge conflicts when updating. Please ensure that \`julia-actions/cache\` precedes any workflow steps which add registries."[0m
2025-08-27T07:21:46.2513480Z [36;1m    fi[0m
2025-08-27T07:21:46.2513660Z [36;1mfi[0m
2025-08-27T07:21:46.2513810Z [36;1mcompiled_path="${depot}/compiled"[0m
2025-08-27T07:21:46.2514050Z [36;1m[ "true" = "true" ] && cache_paths+=("$compiled_path")[0m
2025-08-27T07:21:46.2514310Z [36;1mscratchspaces_path="${depot}/scratchspaces"[0m
2025-08-27T07:21:46.2514940Z [36;1m[ "true" = "true" ] && cache_paths+=("$scratchspaces_path")[0m
2025-08-27T07:21:46.2515180Z [36;1mlogs_path="${depot}/logs"[0m
2025-08-27T07:21:46.2515390Z [36;1m[ "true" = "true" ] && cache_paths+=("$logs_path")[0m
2025-08-27T07:21:46.2515590Z [36;1m{[0m
2025-08-27T07:21:46.2515780Z [36;1m    echo "cache-paths<<EOF"[0m
2025-08-27T07:21:46.2516070Z [36;1m    printf "%s\n" "${cache_paths[@]}"[0m
2025-08-27T07:21:46.2516330Z [36;1m    echo "EOF"[0m
2025-08-27T07:21:46.2516620Z [36;1m} | tee -a "$GITHUB_OUTPUT"[0m
2025-08-27T07:21:46.2568400Z shell: /bin/bash --noprofile --norc -e -o pipefail {0}
2025-08-27T07:21:46.2568640Z env:
2025-08-27T07:21:46.2568770Z   PATH_DELIMITER: :
2025-08-27T07:21:46.2568900Z ##[endgroup]
2025-08-27T07:21:46.3243000Z depot=~/.julia
2025-08-27T07:21:46.3360180Z cache-paths<<EOF
2025-08-27T07:21:46.3361100Z ~/.julia/artifacts
2025-08-27T07:21:46.3361310Z ~/.julia/packages
2025-08-27T07:21:46.3361510Z ~/.julia/registries
2025-08-27T07:21:46.3361840Z ~/.julia/compiled
2025-08-27T07:21:46.3362110Z ~/.julia/scratchspaces
2025-08-27T07:21:46.3362320Z ~/.julia/logs
2025-08-27T07:21:46.3362510Z EOF
2025-08-27T07:21:46.3526250Z ##[group]Run # `matrix_key` joins all of matrix keys/values (including nested objects) to ensure that concurrent runs each use a unique cache key.
2025-08-27T07:21:46.3526990Z [36;1m# `matrix_key` joins all of matrix keys/values (including nested objects) to ensure that concurrent runs each use a unique cache key.[0m
2025-08-27T07:21:46.3527510Z [36;1m# When `matrix` isn't set for the job then `MATRIX_JSON=null`.[0m
2025-08-27T07:21:46.3527810Z [36;1mif [ "true" == "true" ] && [ "$MATRIX_JSON" != "null" ]; then[0m
2025-08-27T07:21:46.3528440Z [36;1m  matrix_key=$(echo "$MATRIX_JSON" | jq 'paths(type != "object") as $p | ($p | join("-")) + "=" + (getpath($p) | tostring)' | jq -rs 'join(";") | . + ";"')[0m
2025-08-27T07:21:46.3528840Z [36;1mfi[0m
2025-08-27T07:21:46.3529080Z [36;1mrestore_key="julia-cache;workflow=CI;job=test;os=macOS;${matrix_key}"[0m
2025-08-27T07:21:46.3529430Z [36;1m# URL encode any restricted characters:[0m
2025-08-27T07:21:46.3529960Z [36;1m# https://github.com/actions/toolkit/blob/5430c5d84832076372990c7c27f900878ff66dc9/packages/cache/src/cache.ts#L38-L43[0m
2025-08-27T07:21:46.3530460Z [36;1mrestore_key=$(sed 's/,/%2C/g' <<<"${restore_key}")[0m
2025-08-27T07:21:46.3530750Z [36;1mkey="${restore_key}run_id=17260080498;run_attempt=1"[0m
2025-08-27T07:21:46.3531040Z [36;1mecho "restore-key=${restore_key}" >> $GITHUB_OUTPUT[0m
2025-08-27T07:21:46.3531300Z [36;1mecho "key=${key}" >> $GITHUB_OUTPUT[0m
2025-08-27T07:21:46.3559750Z shell: /bin/bash --noprofile --norc -e -o pipefail {0}
2025-08-27T07:21:46.3559980Z env:
2025-08-27T07:21:46.3560200Z   MATRIX_JSON: {
  "version": "nightly",
  "os": "macOS-latest",
  "arch": "x64"
}
2025-08-27T07:21:46.3560470Z ##[endgroup]
2025-08-27T07:21:46.4276510Z ##[group]Run actions/cache@4d4ae6ae148a43d0fd1eda1800170683e9882738
2025-08-27T07:21:46.4276890Z with:
2025-08-27T07:21:46.4277250Z   path: ~/.julia/artifacts
~/.julia/packages
~/.julia/registries
~/.julia/compiled
~/.julia/scratchspaces
~/.julia/logs

2025-08-27T07:21:46.4278220Z   key: julia-cache;workflow=CI;job=test;os=macOS;version=nightly;os=macOS-latest;arch=x64;run_id=17260080498;run_attempt=1
2025-08-27T07:21:46.4278790Z   restore-keys: julia-cache;workflow=CI;job=test;os=macOS;version=nightly;os=macOS-latest;arch=x64;
2025-08-27T07:21:46.4279160Z   enableCrossOsArchive: false
2025-08-27T07:21:46.4279370Z   fail-on-cache-miss: false
2025-08-27T07:21:46.4279550Z   lookup-only: false
2025-08-27T07:21:46.4279710Z ##[endgroup]
2025-08-27T07:21:46.6678360Z ##[warning]Failed to restore: Cache service responded with 400
2025-08-27T07:21:46.6679620Z Cache not found for input keys: julia-cache;workflow=CI;job=test;os=macOS;version=nightly;os=macOS-latest;arch=x64;run_id=17260080498;run_attempt=1, julia-cache;workflow=CI;job=test;os=macOS;version=nightly;os=macOS-latest;arch=x64;
2025-08-27T07:21:46.6702450Z ##[group]Run mkdir -p ~/.julia
2025-08-27T07:21:46.6703370Z [36;1mmkdir -p ~/.julia[0m
2025-08-27T07:21:46.6703900Z [36;1mdu -shc ~/.julia/* || true[0m
2025-08-27T07:21:46.6740100Z shell: /bin/bash --noprofile --norc -e -o pipefail {0}
2025-08-27T07:21:46.6740420Z ##[endgroup]
2025-08-27T07:21:46.7364240Z du: /Users/runner/.julia/*: No such file or directory
2025-08-27T07:21:46.7364690Z   0B	total
2025-08-27T07:21:46.7428050Z ##[group]Run pyTooling/Actions/with-post-step@adef08d3bdef092282614f3b683897cefae82ee3
2025-08-27T07:21:46.7428370Z with:
2025-08-27T07:21:46.7428500Z   main: echo ""
2025-08-27T07:21:46.7429040Z   post: julia $GITHUB_ACTION_PATH/handle_caches.jl rm "bakulev/JuliaTestRocket" "julia-cache;workflow=CI;job=test;os=macOS;version=nightly;os=macOS-latest;arch=x64;" "refs/heads/main" "true"
2025-08-27T07:21:46.7429600Z   key: POST
2025-08-27T07:21:46.7429730Z env:
2025-08-27T07:21:46.7430090Z   GH_TOKEN: ***
2025-08-27T07:21:46.7430250Z ##[endgroup]
2025-08-27T07:21:46.8168030Z 
2025-08-27T07:21:46.8249690Z ##[group]Run echo "cache-hit=$CACHE_HIT" >> $GITHUB_OUTPUT
2025-08-27T07:21:46.8250040Z [36;1mecho "cache-hit=$CACHE_HIT" >> $GITHUB_OUTPUT[0m
2025-08-27T07:21:46.8280530Z shell: /bin/bash --noprofile --norc -e -o pipefail {0}
2025-08-27T07:21:46.8281170Z env:
2025-08-27T07:21:46.8281300Z   CACHE_HIT: 
2025-08-27T07:21:46.8281450Z ##[endgroup]
2025-08-27T07:21:46.8673680Z ##[group]Run julia --project=. -e "
2025-08-27T07:21:46.8673960Z [36;1mjulia --project=. -e "[0m
2025-08-27T07:21:46.8674140Z [36;1m  using Pkg[0m
2025-08-27T07:21:46.8674290Z [36;1m  Pkg.instantiate()[0m
2025-08-27T07:21:46.8674490Z [36;1m  Pkg.precompile()[0m
2025-08-27T07:21:46.8674650Z [36;1m"[0m
2025-08-27T07:21:46.8706420Z shell: /bin/bash --noprofile --norc -e -o pipefail {0}
2025-08-27T07:21:46.8706690Z ##[endgroup]
2025-08-27T07:21:59.0231210Z   Installing known registries into `~/.julia`
2025-08-27T07:22:03.7044780Z        Added `General` registry to ~/.julia/registries
2025-08-27T07:22:05.4236020Z     Updating registry at `~/.julia/registries/General.toml`
2025-08-27T07:22:07.2123190Z    Installed StaticArraysCore ─ v1.4.3
2025-08-27T07:22:07.2225840Z    Installed Observables ────── v0.5.5
2025-08-27T07:22:07.2328850Z    Installed Preferences ────── v1.5.0
2025-08-27T07:22:07.2451070Z    Installed PrecompileTools ── v1.3.2
2025-08-27T07:22:07.4061900Z    Installed StaticArrays ───── v1.9.14
2025-08-27T07:22:08.4660500Z     Updating `~/work/JuliaTestRocket/JuliaTestRocket/Project.toml`
2025-08-27T07:22:08.4767730Z   [510215fc] + Observables v0.5.5
2025-08-27T07:22:08.4874350Z   [90137ffa] + StaticArrays v1.9.14
2025-08-27T07:22:08.4976480Z   [ade2ca70] ~ Dates ⇒ v1.11.0
2025-08-27T07:22:08.5076770Z   [56ddb016] ~ Logging ⇒ v1.11.0
2025-08-27T07:22:08.5179130Z     Updating `~/work/JuliaTestRocket/JuliaTestRocket/Manifest.toml`
2025-08-27T07:22:08.5281450Z   [510215fc] + Observables v0.5.5
2025-08-27T07:22:08.5381290Z   [aea7be01] + PrecompileTools v1.3.2
2025-08-27T07:22:08.5482610Z   [21216c6a] + Preferences v1.5.0
2025-08-27T07:22:08.5583930Z   [90137ffa] + StaticArrays v1.9.14
2025-08-27T07:22:08.5685420Z   [1e83bf80] + StaticArraysCore v1.4.3
2025-08-27T07:22:08.5787180Z   [56f22d72] + Artifacts v1.11.0
2025-08-27T07:22:08.5889950Z   [ade2ca70] ~ Dates ⇒ v1.11.0
2025-08-27T07:22:08.5994140Z   [8f399da3] + Libdl v1.11.0
2025-08-27T07:22:08.6096400Z   [37e2e46d] + LinearAlgebra v1.13.0
2025-08-27T07:22:08.6199130Z   [56ddb016] ~ Logging ⇒ v1.11.0
2025-08-27T07:22:08.6234080Z   [de0858da] + Printf v1.11.0
2025-08-27T07:22:08.6296200Z   [9a3f8284] + Random v1.11.0
2025-08-27T07:22:08.6398300Z   [ea8e919c] + SHA v0.7.0
2025-08-27T07:22:08.6401640Z   [fa267f1f] + TOML v1.0.3
2025-08-27T07:22:08.6404320Z   [4ec0a83e] + Unicode v1.11.0
2025-08-27T07:22:08.6513500Z   [e66e0078] + CompilerSupportLibraries_jll v1.3.0+1
2025-08-27T07:22:08.6641570Z   [4536629a] + OpenBLAS_jll v0.3.29+0
2025-08-27T07:22:08.6745150Z   [8e850b90] + libblastrampoline_jll v5.13.1+0
2025-08-27T07:22:08.6846890Z Precompiling packages...
2025-08-27T07:22:11.8359120Z    3242.1 ms  ✓ StaticArraysCore
2025-08-27T07:22:11.8465800Z    3121.3 ms  ✓ Observables
2025-08-27T07:22:13.6939860Z    5045.8 ms  ✓ Preferences
2025-08-27T07:22:15.3152130Z    1618.4 ms  ✓ PrecompileTools
2025-08-27T07:22:30.8883850Z   15564.7 ms  ✓ StaticArrays
2025-08-27T07:22:34.2098250Z    3318.2 ms  ✓ PointController
2025-08-27T07:22:34.2130540Z   6 dependencies successfully precompiled in 26 seconds. 5 already precompiled.
2025-08-27T07:22:34.7955670Z ##[group]Run julia --project=. -e "
2025-08-27T07:22:34.7956320Z [36;1mjulia --project=. -e "[0m
2025-08-27T07:22:34.7956640Z [36;1m  using Pkg[0m
2025-08-27T07:22:34.7956900Z [36;1m  # Use CairoMakie for CI (no display required)[0m
2025-08-27T07:22:34.7958250Z [36;1m  Pkg.add(\"CairoMakie\")[0m
2025-08-27T07:22:34.7958530Z [36;1m  using CairoMakie[0m
2025-08-27T07:22:34.7958840Z [36;1m  CairoMakie.activate!()[0m
2025-08-27T07:22:34.7959100Z [36;1m  Pkg.test(coverage=true)[0m
2025-08-27T07:22:34.7959340Z [36;1m"[0m
2025-08-27T07:22:34.8011920Z shell: /bin/bash --noprofile --norc -e -o pipefail {0}
2025-08-27T07:22:34.8012460Z env:
2025-08-27T07:22:34.8012690Z   JULIA_NUM_THREADS: 2
2025-08-27T07:22:34.8012970Z ##[endgroup]
2025-08-27T07:22:36.9924050Z    Resolving package versions...
2025-08-27T07:22:40.4294320Z    Installed libass_jll ────────────────── v0.17.4+0
2025-08-27T07:22:40.4446980Z    Installed HarfBuzz_jll ──────────────── v8.5.1+0
2025-08-27T07:22:40.4482100Z    Installed libaom_jll ────────────────── v3.12.1+0
2025-08-27T07:22:40.4513630Z    Installed Libuuid_jll ───────────────── v2.41.1+0
2025-08-27T07:22:40.4578160Z    Installed ImageIO ───────────────────── v0.6.9
2025-08-27T07:22:40.4635050Z    Installed Formatting ────────────────── v0.4.3
2025-08-27T07:22:40.4665260Z    Installed MosaicViews ───────────────── v0.3.4
2025-08-27T07:22:40.4865270Z    Installed PolygonOps ────────────────── v0.1.2
2025-08-27T07:22:40.6371080Z    Installed Bzip2_jll ─────────────────── v1.0.9+0
2025-08-27T07:22:40.6572330Z    Installed Libtiff_jll ───────────────── v4.7.1+0
2025-08-27T07:22:40.8788030Z    Installed Cairo_jll ─────────────────── v1.18.5+0
2025-08-27T07:22:41.0809660Z    Installed Graphite2_jll ─────────────── v1.3.15+0
2025-08-27T07:22:41.0999630Z    Installed MKL_jll ───────────────────── v2025.2.0+0
2025-08-27T07:22:41.1153710Z    Installed OrderedCollections ────────── v1.8.1
2025-08-27T07:22:41.1186140Z    Installed Extents ───────────────────── v0.1.6
2025-08-27T07:22:41.1270370Z    Installed Fontconfig_jll ────────────── v2.17.1+0
2025-08-27T07:22:41.1314640Z    Installed FileIO ────────────────────── v1.17.0
2025-08-27T07:22:41.1352350Z    Installed AbstractLattices ──────────── v0.3.1
2025-08-27T07:22:41.4159140Z    Installed Optim ─────────────────────── v1.13.2
2025-08-27T07:22:41.4176000Z    Installed Giflib_jll ────────────────── v5.2.3+0
2025-08-27T07:22:41.4192720Z    Installed OpenSpecFun_jll ───────────── v0.5.6+0
2025-08-27T07:22:41.4221620Z    Installed Opus_jll ──────────────────── v1.5.2+0
2025-08-27T07:22:41.4237560Z    Installed NaNMath ───────────────────── v1.1.3
2025-08-27T07:22:41.4332880Z    Installed Graphics ──────────────────── v1.1.3
2025-08-27T07:22:41.4354350Z    Installed QuadGK ────────────────────── v2.11.2
2025-08-27T07:22:41.7100180Z    Installed Xorg_libxcb_jll ───────────── v1.17.1+0
2025-08-27T07:22:41.7137610Z    Installed Ogg_jll ───────────────────── v1.3.6+0
2025-08-27T07:22:41.7146060Z    Installed LZO_jll ───────────────────── v2.10.3+0
2025-08-27T07:22:41.7174930Z    Installed EnumX ─────────────────────── v1.0.5
2025-08-27T07:22:41.7192570Z    Installed WoodburyMatrices ──────────── v1.0.0
2025-08-27T07:22:41.7225500Z    Installed NLSolversBase ─────────────── v7.10.0
2025-08-27T07:22:41.7230490Z    Installed SimplePolynomials ─────────── v0.2.18
2025-08-27T07:22:41.7243180Z    Installed Tables ────────────────────── v1.12.1
2025-08-27T07:22:42.0731600Z    Installed LERC_jll ──────────────────── v4.0.1+0
2025-08-27T07:22:42.0791160Z    Installed LLVMOpenMP_jll ────────────── v18.1.8+0
2025-08-27T07:22:42.0839790Z    Installed Reexport ──────────────────── v1.2.2
2025-08-27T07:22:42.0883280Z    Installed Missings ──────────────────── v1.2.0
2025-08-27T07:22:42.0915620Z    Installed Imath_jll ─────────────────── v3.1.11+0
2025-08-27T07:22:42.0936040Z    Installed TableTraits ───────────────── v1.0.1
2025-08-27T07:22:42.1144260Z    Installed Polynomials ───────────────── v4.0.21
2025-08-27T07:22:42.2761740Z    Installed SortingAlgorithms ─────────── v1.2.2
2025-08-27T07:22:42.2948740Z    Installed Grisu ─────────────────────── v1.0.2
2025-08-27T07:22:42.2987480Z    Installed LaTeXStrings ──────────────── v1.4.0
2025-08-27T07:22:42.3078230Z    Installed MappedArrays ──────────────── v0.4.2
2025-08-27T07:22:42.3078990Z    Installed RangeArrays ───────────────── v0.3.2
2025-08-27T07:22:42.4636130Z    Installed UnPack ────────────────────── v1.0.2
2025-08-27T07:22:42.4741890Z    Installed ADTypes ───────────────────── v1.17.0
2025-08-27T07:22:42.7465920Z    Installed CRlibm ────────────────────── v1.0.2
2025-08-27T07:22:42.7566220Z    Installed Inflate ───────────────────── v0.1.5
2025-08-27T07:22:42.7581900Z    Installed ColorBrewer ───────────────── v0.4.1
2025-08-27T07:22:42.7652110Z    Installed MacroTools ────────────────── v0.5.16
2025-08-27T07:22:42.7844420Z    Installed DataStructures ────────────── v0.18.22
2025-08-27T07:22:42.9661300Z    Installed DiffResults ───────────────── v1.1.0
2025-08-27T07:22:43.0279310Z    Installed FillArrays ────────────────── v1.13.0
2025-08-27T07:22:43.0478060Z    Installed OpenEXR_jll ───────────────── v3.2.4+0
2025-08-27T07:22:43.0520420Z    Installed MathTeXEngine ─────────────── v0.5.7
2025-08-27T07:22:43.0608040Z    Installed Packing ───────────────────── v0.5.1
2025-08-27T07:22:43.0739570Z    Installed AbstractTrees ─────────────── v0.4.5
2025-08-27T07:22:43.0777980Z    Installed LazyModules ───────────────── v0.3.1
2025-08-27T07:22:43.3803630Z    Installed MakieCore ─────────────────── v0.6.9
2025-08-27T07:22:43.4441300Z    Installed x264_jll ──────────────────── v10164.0.1+0
2025-08-27T07:22:43.4471040Z    Installed oneTBB_jll ────────────────── v2022.0.0+0
2025-08-27T07:22:43.4603060Z    Installed UnicodeFun ────────────────── v0.4.1
2025-08-27T07:22:43.4634240Z    Installed Xorg_libXau_jll ───────────── v1.0.13+0
2025-08-27T07:22:43.4728690Z    Installed Cairo ─────────────────────── v1.1.1
2025-08-27T07:22:43.4753630Z    Installed StatsBase ─────────────────── v0.34.6
2025-08-27T07:22:43.4799890Z    Installed ArrayInterface ────────────── v7.19.0
2025-08-27T07:22:43.6910070Z    Installed IntelOpenMP_jll ───────────── v2025.2.0+0
2025-08-27T07:22:43.7013020Z    Installed CairoMakie ────────────────── v0.10.12
2025-08-27T07:22:43.7028070Z    Installed DataValueInterfaces ───────── v1.0.0
2025-08-27T07:22:43.7028680Z    Installed CEnum ─────────────────────── v0.5.0
2025-08-27T07:22:43.8175980Z    Installed CommonSubexpressions ──────── v0.3.1
2025-08-27T07:22:43.9010250Z    Installed Expat_jll ─────────────────── v2.7.1+0
2025-08-27T07:22:43.9033920Z    Installed Libffi_jll ────────────────── v3.4.7+0
2025-08-27T07:22:43.9074870Z    Installed Pixman_jll ────────────────── v0.44.2+0
2025-08-27T07:22:43.9089150Z    Installed IrrationalConstants ───────── v0.2.4
2025-08-27T07:22:43.9161490Z    Installed IntegerMathUtils ──────────── v0.1.3
2025-08-27T07:22:43.9299590Z    Installed Contour ───────────────────── v0.6.3
2025-08-27T07:22:44.2059920Z    Installed libpng_jll ────────────────── v1.6.50+0
2025-08-27T07:22:44.2126870Z    Installed isoband_jll ───────────────── v0.2.3+0
2025-08-27T07:22:44.2296400Z    Installed SimpleTraits ──────────────── v0.9.5
2025-08-27T07:22:44.2377800Z    Installed ImageMetadata ─────────────── v0.9.10
2025-08-27T07:22:44.2421210Z    Installed RoundingEmulator ──────────── v0.2.1
2025-08-27T07:22:44.2457760Z    Installed ColorVectorSpace ──────────── v0.10.0
2025-08-27T07:22:44.5450790Z    Installed libfdk_aac_jll ────────────── v2.0.4+0
2025-08-27T07:22:44.5500360Z    Installed StableRNGs ────────────────── v1.0.3
2025-08-27T07:22:44.5554600Z    Installed libsixel_jll ──────────────── v1.10.5+0
2025-08-27T07:22:44.5773480Z    Installed PikaParser ────────────────── v0.6.1
2025-08-27T07:22:44.5803620Z    Installed Scratch ───────────────────── v1.3.0
2025-08-27T07:22:44.6373970Z    Installed Interpolations ────────────── v0.16.2
2025-08-27T07:22:44.7750230Z    Installed libwebp_jll ───────────────── v1.6.0+0
2025-08-27T07:22:44.7852330Z    Installed FFMPEG_jll ────────────────── v7.1.1+0
2025-08-27T07:22:44.8053750Z    Installed Setfield ──────────────────── v1.1.2
2025-08-27T07:22:44.8590510Z    Installed CRlibm_jll ────────────────── v1.0.1+0
2025-08-27T07:22:44.8635510Z    Installed ShaderAbstractions ────────── v0.4.1
2025-08-27T07:22:44.9553880Z    Installed WeakKeyIdDicts ────────────── v0.1.0
2025-08-27T07:22:45.2504740Z    Installed PDMats ────────────────────── v0.11.35
2025-08-27T07:22:45.2621940Z    Installed AxisArrays ────────────────── v0.4.7
2025-08-27T07:22:45.2666850Z    Installed PNGFiles ──────────────────── v0.4.4
2025-08-27T07:22:45.2723090Z    Installed DocStringExtensions ───────── v0.9.5
2025-08-27T07:22:45.2796110Z    Installed ImageCore ─────────────────── v0.10.5
2025-08-27T07:22:45.7746240Z    Installed JpegTurbo ─────────────────── v0.1.6
2025-08-27T07:22:45.7788200Z    Installed FreeType ──────────────────── v4.1.1
2025-08-27T07:22:45.8243490Z    Installed ForwardDiff ───────────────── v1.1.0
2025-08-27T07:22:45.8277870Z    Installed StableHashTraits ──────────── v1.3.4
2025-08-27T07:22:46.1457520Z    Installed DifferentiationInterface ──── v0.7.7
2025-08-27T07:22:46.2018090Z    Installed Rmath_jll ─────────────────── v0.5.1+0
2025-08-27T07:22:46.2122590Z    Installed OpenBLASConsistentFPCSR_jll ─ v0.3.29+0
2025-08-27T07:22:46.2147150Z    Installed ColorSchemes ──────────────── v3.30.0
2025-08-27T07:22:46.2355320Z    Installed Multisets ─────────────────── v0.4.5
2025-08-27T07:22:46.2560320Z    Installed LightXML ──────────────────── v0.9.2
2025-08-27T07:22:46.3168070Z    Installed PkgVersion ────────────────── v0.3.3
2025-08-27T07:22:46.4420640Z    Installed RelocatableFolders ────────── v1.0.1
2025-08-27T07:22:46.4421180Z    Installed StackViews ────────────────── v0.1.2
2025-08-27T07:22:46.6821300Z    Installed KernelDensity ─────────────── v0.6.10
2025-08-27T07:22:46.7201620Z    Installed IteratorInterfaceExtensions ─ v1.0.0
2025-08-27T07:22:46.7238280Z    Installed RecipesBase ───────────────── v1.3.4
2025-08-27T07:22:46.7317760Z    Installed SIMD ──────────────────────── v3.7.1
2025-08-27T07:22:46.7350870Z    Installed Combinatorics ─────────────── v1.0.3
2025-08-27T07:22:46.7395840Z    Installed AliasTables ───────────────── v1.1.3
2025-08-27T07:22:46.7439950Z    Installed DataAPI ───────────────────── v1.16.0
2025-08-27T07:22:47.0930590Z    Installed Netpbm ────────────────────── v1.1.1
2025-08-27T07:22:47.1032100Z    Installed ImageAxes ─────────────────── v0.6.12
2025-08-27T07:22:47.1139810Z    Installed Libglvnd_jll ──────────────── v1.7.1+1
2025-08-27T07:22:47.1229740Z    Installed Mods ──────────────────────── v2.2.6
2025-08-27T07:22:47.1331770Z    Installed AbstractFFTs ──────────────── v1.5.0
2025-08-27T07:22:47.1348510Z    Installed Colors ────────────────────── v0.12.11
2025-08-27T07:22:47.3299000Z    Installed ColorTypes ────────────────── v0.11.5
2025-08-27T07:22:47.3382860Z    Installed AxisAlgorithms ────────────── v1.1.0
2025-08-27T07:22:47.3466730Z    Installed QOI ───────────────────────── v1.0.1
2025-08-27T07:22:47.3672300Z    Installed Requires ──────────────────── v1.3.1
2025-08-27T07:22:47.3686920Z    Installed Glib_jll ──────────────────── v2.84.3+0
2025-08-27T07:22:47.3848600Z    Installed BaseDirs ──────────────────── v1.3.2
2025-08-27T07:22:47.3897310Z    Installed SimplePartitions ──────────── v0.3.3
2025-08-27T07:22:47.6446000Z    Installed DiffRules ─────────────────── v1.15.1
2025-08-27T07:22:47.6648530Z    Installed LogExpFunctions ───────────── v0.3.29
2025-08-27T07:22:47.9046470Z    Installed Parsers ───────────────────── v2.8.3
2025-08-27T07:22:47.9153510Z    Installed FreeTypeAbstraction ───────── v0.10.8
2025-08-27T07:22:47.9261590Z    Installed JSON ──────────────────────── v0.21.4
2025-08-27T07:22:47.9368620Z    Installed FiniteDiff ────────────────── v2.28.1
2025-08-27T07:22:48.0946350Z    Installed Rmath ─────────────────────── v0.8.0
2025-08-27T07:22:48.1173080Z    Installed GeoFormatTypes ────────────── v0.4.4
2025-08-27T07:22:48.1192020Z    Installed Distributions ─────────────── v0.25.120
2025-08-27T07:22:48.1305160Z    Installed Xorg_libXdmcp_jll ─────────── v1.1.6+0
2025-08-27T07:22:48.1321390Z    Installed StatsFuns ─────────────────── v1.5.0
2025-08-27T07:22:48.1344050Z    Installed GridLayoutBase ────────────── v0.9.2
2025-08-27T07:22:48.1364090Z    Installed OpenEXR ───────────────────── v0.3.3
2025-08-27T07:22:48.2925820Z    Installed SignedDistanceFields ──────── v0.4.0
2025-08-27T07:22:48.3593490Z    Installed XZ_jll ────────────────────── v5.8.1+0
2025-08-27T07:22:48.3663180Z    Installed Primes ────────────────────── v0.5.7
2025-08-27T07:22:48.3691810Z    Installed x265_jll ──────────────────── v4.1.0+0
2025-08-27T07:22:48.3735740Z    Installed GeometryBasics ────────────── v0.4.11
2025-08-27T07:22:48.6725570Z    Installed Pango_jll ─────────────────── v1.56.3+0
2025-08-27T07:22:48.6885470Z    Installed JLLWrappers ───────────────── v1.7.1
2025-08-27T07:22:48.6943220Z    Installed ExactPredicates ───────────── v2.2.8
2025-08-27T07:22:48.7003180Z    Installed StructTypes ───────────────── v1.11.0
2025-08-27T07:22:48.7305140Z    Installed IterTools ─────────────────── v1.10.0
2025-08-27T07:22:48.7545300Z    Installed TiffImages ────────────────── v0.11.6
2025-08-27T07:22:49.0494050Z    Installed Xorg_xtrans_jll ───────────── v1.6.0+0
2025-08-27T07:22:49.0547870Z    Installed JpegTurbo_jll ─────────────── v3.1.2+0
2025-08-27T07:22:49.0655830Z    Installed PaddedViews ───────────────── v0.5.12
2025-08-27T07:22:49.0758070Z    Installed Adapt ─────────────────────── v4.3.0
2025-08-27T07:22:49.0865650Z    Installed ConstructionBase ──────────── v1.6.0
2025-08-27T07:22:49.0882100Z    Installed HypergeometricFunctions ───── v0.3.28
2025-08-27T07:22:49.2328190Z    Installed TriplotBase ───────────────── v0.1.0
2025-08-27T07:22:49.2430080Z    Installed Libmount_jll ──────────────── v2.41.1+0
2025-08-27T07:22:49.2531690Z    Installed DelaunayTriangulation ─────── v0.8.12
2025-08-27T07:22:49.4676610Z    Installed Xorg_libX11_jll ───────────── v1.8.12+0
2025-08-27T07:22:49.4781680Z    Installed PlotUtils ─────────────────── v1.4.3
2025-08-27T07:22:49.4878580Z    Installed Compat ────────────────────── v4.18.0
2025-08-27T07:22:49.4935620Z    Installed Sixel ─────────────────────── v0.1.5
2025-08-27T07:22:49.5028850Z    Installed TranscodingStreams ────────── v0.11.3
2025-08-27T07:22:49.5174640Z    Installed LinearAlgebraX ────────────── v0.2.10
2025-08-27T07:22:49.5226210Z    Installed RingLists ─────────────────── v0.2.9
2025-08-27T07:22:49.6935010Z    Installed TensorCore ────────────────── v0.1.1
2025-08-27T07:22:49.9460000Z    Installed EarCut_jll ────────────────── v2.2.4+0
2025-08-27T07:22:49.9574290Z    Installed PositiveFactorizations ────── v0.2.4
2025-08-27T07:22:49.9782030Z    Installed Statistics ────────────────── v1.11.1
2025-08-27T07:22:49.9884480Z    Installed StatsAPI ──────────────────── v1.7.1
2025-08-27T07:22:50.0099250Z    Installed ImageBase ─────────────────── v0.1.7
2025-08-27T07:22:50.0197480Z    Installed StructArrays ──────────────── v0.6.21
2025-08-27T07:22:50.3030460Z    Installed ProgressMeter ─────────────── v1.11.0
2025-08-27T07:22:50.3181270Z    Installed WebP ──────────────────────── v0.1.3
2025-08-27T07:22:50.3368160Z    Installed Animations ────────────────── v0.4.2
2025-08-27T07:22:50.3455830Z    Installed OffsetArrays ──────────────── v1.17.0
2025-08-27T07:22:50.3500730Z    Installed Ratios ────────────────────── v0.4.5
2025-08-27T07:22:50.3638360Z    Installed TupleTools ────────────────── v1.6.0
2025-08-27T07:22:51.4614250Z    Installed FriBidi_jll ───────────────── v1.0.17+0
2025-08-27T07:22:51.4677060Z    Installed ChainRulesCore ────────────── v1.26.0
2025-08-27T07:22:51.4713910Z    Installed GettextRuntime_jll ────────── v0.22.4+0
2025-08-27T07:22:51.4741090Z    Installed LAME_jll ──────────────────── v3.100.3+0
2025-08-27T07:22:51.5060970Z    Installed Xorg_libXrender_jll ───────── v0.9.12+0
2025-08-27T07:22:51.5086100Z    Installed Isoband ───────────────────── v0.1.1
2025-08-27T07:22:51.5930290Z    Installed IntervalArithmetic ────────── v0.22.36
2025-08-27T07:22:51.7066100Z    Installed libvorbis_jll ─────────────── v1.3.8+0
2025-08-27T07:22:51.7168210Z    Installed Parameters ────────────────── v0.12.3
2025-08-27T07:22:52.0820160Z    Installed XML2_jll ──────────────────── v2.14.4+0
2025-08-27T07:22:52.0921630Z    Installed Makie ─────────────────────── v0.19.12
2025-08-27T07:22:52.1023910Z    Installed PtrArrays ─────────────────── v1.3.0
2025-08-27T07:22:52.1125690Z    Installed Showoff ───────────────────── v1.0.3
2025-08-27T07:22:52.1228170Z    Installed IntervalSets ──────────────── v0.7.11
2025-08-27T07:22:52.1336070Z    Installed SpecialFunctions ──────────── v2.5.1
2025-08-27T07:22:52.1439950Z    Installed FixedPointNumbers ─────────── v0.8.5
2025-08-27T07:22:52.5254370Z    Installed FreeType2_jll ─────────────── v2.13.4+0
2025-08-27T07:22:52.5355940Z    Installed FFTW_jll ──────────────────── v3.3.11+0
2025-08-27T07:22:52.5458000Z    Installed Libiconv_jll ──────────────── v1.18.0+0
2025-08-27T07:22:52.5559670Z    Installed FFTW ──────────────────────── v1.9.0
2025-08-27T07:22:52.6465210Z    Installed LineSearches ──────────────── v7.4.0
2025-08-27T07:22:52.8679000Z    Installed Permutations ──────────────── v0.4.23
2025-08-27T07:22:52.9025490Z    Installed Xorg_libXext_jll ──────────── v1.3.7+0
2025-08-27T07:22:52.9046020Z    Installed Automa ────────────────────── v1.1.0
2025-08-27T07:22:52.9152160Z    Installed IndirectArrays ────────────── v1.0.0
2025-08-27T07:22:52.9190450Z    Installed GeoInterface ──────────────── v1.4.1
2025-08-27T07:22:52.9231400Z    Installed SimpleRandom ──────────────── v0.3.2
2025-08-27T07:22:53.1893340Z    Installed SimpleGraphs ──────────────── v0.8.7
2025-08-27T07:22:53.9619870Z   Installing 45 artifacts
2025-08-27T07:22:54.8849050Z    Installed artifact Libffi                  35.9 KiB
2025-08-27T07:22:55.2175240Z    Installed artifact libpng                  315.8 KiB
2025-08-27T07:22:55.2877520Z    Installed artifact libwebp                 615.2 KiB
2025-08-27T07:22:55.7064670Z    Installed artifact Opus                    327.1 KiB
2025-08-27T07:22:55.8281400Z    Installed artifact Pango                   388.2 KiB
2025-08-27T07:22:55.8330420Z    Installed artifact FreeType2               594.7 KiB
2025-08-27T07:22:55.8431400Z    Installed artifact Libiconv                1.7 MiB
2025-08-27T07:22:55.8531860Z    Installed artifact XZ                      731.7 KiB
2025-08-27T07:22:55.9137640Z    Installed artifact HarfBuzz                1.4 MiB
2025-08-27T07:22:56.0447610Z    Installed artifact FriBidi                 63.8 KiB
2025-08-27T07:22:56.0648790Z    Installed artifact Rmath                   111.0 KiB
2025-08-27T07:22:56.2134000Z    Installed artifact Fontconfig              203.1 KiB
2025-08-27T07:22:56.6028760Z    Installed artifact Ogg                     236.6 KiB
2025-08-27T07:22:56.6231990Z    Installed artifact x265                    1.3 MiB
2025-08-27T07:22:56.9248840Z    Installed artifact LAME                    315.8 KiB
2025-08-27T07:22:56.9353510Z    Installed artifact Expat                   137.3 KiB
2025-08-27T07:22:56.9456540Z    Installed artifact Bzip2                   299.1 KiB
2025-08-27T07:22:57.0882970Z    Installed artifact Graphite2               97.6 KiB
2025-08-27T07:22:57.1352840Z    Installed artifact libass                  145.0 KiB
2025-08-27T07:22:57.6866270Z    Installed artifact oneTBB                  418.5 KiB
2025-08-27T07:22:57.6953150Z    Installed artifact OpenEXR                 1.9 MiB
2025-08-27T07:22:57.7059730Z    Installed artifact libsixel                155.7 KiB
2025-08-27T07:22:57.7174500Z    Installed artifact Libtiff                 2.4 MiB
2025-08-27T07:22:57.7385900Z    Installed artifact Pixman                  336.9 KiB
2025-08-27T07:22:58.2690290Z    Installed artifact FFTW                    2.0 MiB
2025-08-27T07:22:58.3807540Z    Installed artifact libaom                  6.4 MiB
2025-08-27T07:22:58.3815250Z    Installed artifact GettextRuntime          312.5 KiB
2025-08-27T07:22:58.3828070Z    Installed artifact EarCut                  44.8 KiB
2025-08-27T07:22:58.3846080Z    Installed artifact LLVMOpenMP              340.9 KiB
2025-08-27T07:22:58.3898720Z    Installed artifact LZO                     125.2 KiB
2025-08-27T07:22:58.9557300Z    Installed artifact isoband                 21.0 KiB
2025-08-27T07:22:59.1151960Z    Installed artifact Glib                    6.9 MiB
2025-08-27T07:22:59.4563750Z    Installed artifact XML2                    948.6 KiB
2025-08-27T07:22:59.4664740Z    Installed artifact libfdk_aac              901.4 KiB
2025-08-27T07:22:59.4766440Z    Installed artifact Imath                   180.0 KiB
2025-08-27T07:22:59.4812870Z    Installed artifact libvorbis               290.9 KiB
2025-08-27T07:22:59.5031170Z    Installed artifact OpenSpecFun             179.3 KiB
2025-08-27T07:22:59.7742020Z    Installed artifact x264                    1.8 MiB
2025-08-27T07:22:59.9882130Z    Installed artifact CRlibm                  148.0 KiB
2025-08-27T07:23:00.1002150Z    Installed artifact Giflib                  140.8 KiB
2025-08-27T07:23:00.2388810Z    Installed artifact LERC                    256.5 KiB
2025-08-27T07:23:00.3698240Z    Installed artifact Cairo                   765.6 KiB
2025-08-27T07:23:00.3801060Z    Installed artifact JpegTurbo               1.6 MiB
2025-08-27T07:23:00.9231980Z    Installed artifact FFMPEG                  12.1 MiB
2025-08-27T07:23:01.0332110Z    Installed artifact OpenBLASConsistentFPCSR 10.9 MiB
2025-08-27T07:23:01.0374650Z       Compat entries added for 
2025-08-27T07:23:01.8316070Z     Updating `~/work/JuliaTestRocket/JuliaTestRocket/Project.toml`
2025-08-27T07:23:01.8332160Z ⌅ [13f3f980] + CairoMakie v0.10.12
2025-08-27T07:23:01.8350560Z     Updating `~/work/JuliaTestRocket/JuliaTestRocket/Manifest.toml`
2025-08-27T07:23:01.9043380Z   [47edcb42] + ADTypes v1.17.0
2025-08-27T07:23:01.9045080Z   [621f4979] + AbstractFFTs v1.5.0
2025-08-27T07:23:01.9047830Z   [398f06c4] + AbstractLattices v0.3.1
2025-08-27T07:23:01.9050550Z   [1520ce14] + AbstractTrees v0.4.5
2025-08-27T07:23:01.9053170Z   [79e6a3ab] + Adapt v4.3.0
2025-08-27T07:23:01.9055950Z   [66dad0bd] + AliasTables v1.1.3
2025-08-27T07:23:01.9058560Z   [27a7e980] + Animations v0.4.2
2025-08-27T07:23:01.9061190Z   [4fba245c] + ArrayInterface v7.19.0
2025-08-27T07:23:01.9063960Z   [67c07d97] + Automa v1.1.0
2025-08-27T07:23:01.9066650Z   [13072b0f] + AxisAlgorithms v1.1.0
2025-08-27T07:23:01.9069500Z   [39de3d68] + AxisArrays v0.4.7
2025-08-27T07:23:01.9072230Z   [18cc8868] + BaseDirs v1.3.2
2025-08-27T07:23:01.9075000Z   [fa961155] + CEnum v0.5.0
2025-08-27T07:23:01.9077630Z   [96374032] + CRlibm v1.0.2
2025-08-27T07:23:01.9080360Z   [159f3aea] + Cairo v1.1.1
2025-08-27T07:23:01.9083690Z ⌅ [13f3f980] + CairoMakie v0.10.12
2025-08-27T07:23:01.9085600Z   [d360d2e6] + ChainRulesCore v1.26.0
2025-08-27T07:23:01.9088300Z   [a2cac450] + ColorBrewer v0.4.1
2025-08-27T07:23:01.9092450Z   [35d6a980] + ColorSchemes v3.30.0
2025-08-27T07:23:01.9095060Z ⌅ [3da002f7] + ColorTypes v0.11.5
2025-08-27T07:23:01.9101190Z ⌃ [c3611d14] + ColorVectorSpace v0.10.0
2025-08-27T07:23:01.9102790Z ⌅ [5ae59095] + Colors v0.12.11
2025-08-27T07:23:01.9105320Z   [861a8166] + Combinatorics v1.0.3
2025-08-27T07:23:01.9108520Z   [bbf7d656] + CommonSubexpressions v0.3.1
2025-08-27T07:23:01.9111140Z   [34da2185] + Compat v4.18.0
2025-08-27T07:23:01.9113690Z   [187b0558] + ConstructionBase v1.6.0
2025-08-27T07:23:01.9116410Z   [d38c429a] + Contour v0.6.3
2025-08-27T07:23:01.9119000Z   [9a962f9c] + DataAPI v1.16.0
2025-08-27T07:23:01.9121610Z ⌅ [864edb3b] + DataStructures v0.18.22
2025-08-27T07:23:01.9124300Z   [e2d170a0] + DataValueInterfaces v1.0.0
2025-08-27T07:23:01.9126850Z ⌅ [927a84f5] + DelaunayTriangulation v0.8.12
2025-08-27T07:23:01.9129230Z   [163ba53b] + DiffResults v1.1.0
2025-08-27T07:23:01.9131790Z   [b552c78f] + DiffRules v1.15.1
2025-08-27T07:23:01.9134380Z   [a0c0ee7d] + DifferentiationInterface v0.7.7
2025-08-27T07:23:01.9137120Z   [31c24e10] + Distributions v0.25.120
2025-08-27T07:23:01.9139680Z   [ffbed154] + DocStringExtensions v0.9.5
2025-08-27T07:23:01.9142110Z   [4e289a0a] + EnumX v1.0.5
2025-08-27T07:23:01.9144840Z   [429591f6] + ExactPredicates v2.2.8
2025-08-27T07:23:01.9147850Z   [411431e0] + Extents v0.1.6
2025-08-27T07:23:01.9150190Z   [7a1cc6ca] + FFTW v1.9.0
2025-08-27T07:23:01.9152870Z   [5789e2e9] + FileIO v1.17.0
2025-08-27T07:23:01.9155480Z   [1a297f60] + FillArrays v1.13.0
2025-08-27T07:23:01.9157740Z   [6a86dc24] + FiniteDiff v2.28.1
2025-08-27T07:23:01.9160450Z   [53c48c17] + FixedPointNumbers v0.8.5
2025-08-27T07:23:01.9162880Z   [59287772] + Formatting v0.4.3
2025-08-27T07:23:01.9165530Z   [f6369f11] + ForwardDiff v1.1.0
2025-08-27T07:23:01.9168000Z   [b38be410] + FreeType v4.1.1
2025-08-27T07:23:01.9170620Z   [663a7486] + FreeTypeAbstraction v0.10.8
2025-08-27T07:23:01.9173020Z   [68eda718] + GeoFormatTypes v0.4.4
2025-08-27T07:23:01.9175760Z ⌃ [cf35fbd7] + GeoInterface v1.4.1
2025-08-27T07:23:01.9178240Z ⌅ [5c1252a2] + GeometryBasics v0.4.11
2025-08-27T07:23:01.9181030Z   [a2bd30eb] + Graphics v1.1.3
2025-08-27T07:23:01.9184100Z ⌅ [3955a311] + GridLayoutBase v0.9.2
2025-08-27T07:23:01.9187200Z   [42e2da0e] + Grisu v1.0.2
2025-08-27T07:23:01.9190230Z   [34004b35] + HypergeometricFunctions v0.3.28
2025-08-27T07:23:01.9194220Z   [2803e5a7] + ImageAxes v0.6.12
2025-08-27T07:23:01.9197360Z   [c817782e] + ImageBase v0.1.7
2025-08-27T07:23:01.9200370Z   [a09fc81d] + ImageCore v0.10.5
2025-08-27T07:23:01.9204280Z   [82e4d734] + ImageIO v0.6.9
2025-08-27T07:23:01.9206830Z   [bc367c6b] + ImageMetadata v0.9.10
2025-08-27T07:23:01.9212830Z   [9b13fd28] + IndirectArrays v1.0.0
2025-08-27T07:23:01.9214200Z   [d25df0c9] + Inflate v0.1.5
2025-08-27T07:23:01.9216810Z   [18e54dd8] + IntegerMathUtils v0.1.3
2025-08-27T07:23:01.9219410Z   [a98d9a8b] + Interpolations v0.16.2
2025-08-27T07:23:01.9222290Z ⌅ [d1acc4aa] + IntervalArithmetic v0.22.36
2025-08-27T07:23:01.9224960Z   [8197267c] + IntervalSets v0.7.11
2025-08-27T07:23:01.9227230Z   [92d709cd] + IrrationalConstants v0.2.4
2025-08-27T07:23:01.9230450Z   [f1662d9f] + Isoband v0.1.1
2025-08-27T07:23:01.9234060Z   [c8e1da08] + IterTools v1.10.0
2025-08-27T07:23:01.9236650Z   [82899510] + IteratorInterfaceExtensions v1.0.0
2025-08-27T07:23:01.9239880Z   [692b3bcd] + JLLWrappers v1.7.1
2025-08-27T07:23:01.9243820Z   [682c06a0] + JSON v0.21.4
2025-08-27T07:23:01.9246950Z   [b835a17e] + JpegTurbo v0.1.6
2025-08-27T07:23:01.9249220Z   [5ab0869b] + KernelDensity v0.6.10
2025-08-27T07:23:01.9251610Z   [b964fa9f] + LaTeXStrings v1.4.0
2025-08-27T07:23:01.9254020Z   [8cdb02fc] + LazyModules v0.3.1
2025-08-27T07:23:01.9257940Z   [9c8b4983] + LightXML v0.9.2
2025-08-27T07:23:01.9260560Z   [d3d80556] + LineSearches v7.4.0
2025-08-27T07:23:01.9263730Z   [9b3f67b0] + LinearAlgebraX v0.2.10
2025-08-27T07:23:01.9266810Z   [2ab3a3ac] + LogExpFunctions v0.3.29
2025-08-27T07:23:01.9269080Z   [1914dd2f] + MacroTools v0.5.16
2025-08-27T07:23:01.9273800Z ⌅ [ee78f7c6] + Makie v0.19.12
2025-08-27T07:23:01.9277610Z ⌅ [20f20a25] + MakieCore v0.6.9
2025-08-27T07:23:01.9281680Z   [dbb5928d] + MappedArrays v0.4.2
2025-08-27T07:23:01.9284280Z ⌅ [0a4f8689] + MathTeXEngine v0.5.7
2025-08-27T07:23:01.9288560Z   [e1d29d7a] + Missings v1.2.0
2025-08-27T07:23:01.9290850Z   [7475f97c] + Mods v2.2.6
2025-08-27T07:23:01.9295120Z   [e94cdb99] + MosaicViews v0.3.4
2025-08-27T07:23:01.9299650Z   [3b2b4ff1] + Multisets v0.4.5
2025-08-27T07:23:01.9301740Z   [d41bc354] + NLSolversBase v7.10.0
2025-08-27T07:23:01.9304370Z   [77ba4419] + NaNMath v1.1.3
2025-08-27T07:23:01.9308450Z   [f09324ee] + Netpbm v1.1.1
2025-08-27T07:23:01.9311500Z   [6fe1bfb0] + OffsetArrays v1.17.0
2025-08-27T07:23:01.9315650Z   [52e1d378] + OpenEXR v0.3.3
2025-08-27T07:23:01.9319510Z   [429524aa] + Optim v1.13.2
2025-08-27T07:23:01.9323830Z   [bac558e1] + OrderedCollections v1.8.1
2025-08-27T07:23:01.9326720Z   [90014a1f] + PDMats v0.11.35
2025-08-27T07:23:01.9330600Z   [f57f5aa1] + PNGFiles v0.4.4
2025-08-27T07:23:01.9336020Z   [19eb6ba3] + Packing v0.5.1
2025-08-27T07:23:01.9340360Z   [5432bcbf] + PaddedViews v0.5.12
2025-08-27T07:23:01.9349360Z   [d96e819e] + Parameters v0.12.3
2025-08-27T07:23:01.9355090Z   [69de0a69] + Parsers v2.8.3
2025-08-27T07:23:01.9359810Z   [2ae35dd2] + Permutations v0.4.23
2025-08-27T07:23:01.9362950Z   [3bbf5609] + PikaParser v0.6.1
2025-08-27T07:23:01.9371630Z   [eebad327] + PkgVersion v0.3.3
2025-08-27T07:23:01.9375820Z   [995b91a9] + PlotUtils v1.4.3
2025-08-27T07:23:01.9380480Z   [647866c9] + PolygonOps v0.1.2
2025-08-27T07:23:01.9385930Z ⌃ [f27b6e38] + Polynomials v4.0.21
2025-08-27T07:23:01.9389210Z   [85a6dd25] + PositiveFactorizations v0.2.4
2025-08-27T07:23:01.9394380Z   [27ebfcd6] + Primes v0.5.7
2025-08-27T07:23:01.9398650Z   [92933f4c] + ProgressMeter v1.11.0
2025-08-27T07:23:01.9402520Z   [43287f4e] + PtrArrays v1.3.0
2025-08-27T07:23:01.9408230Z   [4b34888f] + QOI v1.0.1
2025-08-27T07:23:01.9413360Z   [1fd47b50] + QuadGK v2.11.2
2025-08-27T07:23:01.9414270Z   [b3c3ace0] + RangeArrays v0.3.2
2025-08-27T07:23:01.9419550Z   [c84ed2f1] + Ratios v0.4.5
2025-08-27T07:23:01.9425090Z   [3cdcf5f2] + RecipesBase v1.3.4
2025-08-27T07:23:01.9428510Z   [189a3867] + Reexport v1.2.2
2025-08-27T07:23:01.9433790Z   [05181044] + RelocatableFolders v1.0.1
2025-08-27T07:23:01.9437390Z   [ae029012] + Requires v1.3.1
2025-08-27T07:23:01.9439760Z   [286e9d63] + RingLists v0.2.9
2025-08-27T07:23:01.9445650Z   [79098fc4] + Rmath v0.8.0
2025-08-27T07:23:01.9451370Z   [5eaf0fd0] + RoundingEmulator v0.2.1
2025-08-27T07:23:01.9452960Z   [fdea26ae] + SIMD v3.7.1
2025-08-27T07:23:01.9458330Z   [6c6a2e73] + Scratch v1.3.0
2025-08-27T07:23:01.9460750Z   [efcf1570] + Setfield v1.1.2
2025-08-27T07:23:01.9463670Z ⌅ [65257c39] + ShaderAbstractions v0.4.1
2025-08-27T07:23:01.9467940Z   [992d4aef] + Showoff v1.0.3
2025-08-27T07:23:01.9472010Z   [73760f76] + SignedDistanceFields v0.4.0
2025-08-27T07:23:01.9476080Z   [55797a34] + SimpleGraphs v0.8.7
2025-08-27T07:23:01.9481190Z   [ec83eff0] + SimplePartitions v0.3.3
2025-08-27T07:23:01.9484720Z   [cc47b68c] + SimplePolynomials v0.2.18
2025-08-27T07:23:01.9488020Z   [a6525b86] + SimpleRandom v0.3.2
2025-08-27T07:23:01.9492420Z   [699a6c99] + SimpleTraits v0.9.5
2025-08-27T07:23:01.9498480Z   [45858cf5] + Sixel v0.1.5
2025-08-27T07:23:01.9503320Z   [a2af1166] + SortingAlgorithms v1.2.2
2025-08-27T07:23:01.9506830Z   [276daf66] + SpecialFunctions v2.5.1
2025-08-27T07:23:01.9512470Z ⌅ [c5dd0088] + StableHashTraits v1.3.4
2025-08-27T07:23:01.9514960Z   [860ef19b] + StableRNGs v1.0.3
2025-08-27T07:23:01.9518220Z   [cae243ae] + StackViews v0.1.2
2025-08-27T07:23:01.9521180Z   [10745b16] + Statistics v1.11.1
2025-08-27T07:23:01.9524300Z   [82ae8749] + StatsAPI v1.7.1
2025-08-27T07:23:01.9529460Z   [2913bbd2] + StatsBase v0.34.6
2025-08-27T07:23:01.9533920Z   [4c63d2b9] + StatsFuns v1.5.0
2025-08-27T07:23:01.9539240Z ⌅ [09ab397b] + StructArrays v0.6.21
2025-08-27T07:23:01.9542760Z   [856f2bd8] + StructTypes v1.11.0
2025-08-27T07:23:01.9545970Z   [3783bdb8] + TableTraits v1.0.1
2025-08-27T07:23:01.9549290Z   [bd369af6] + Tables v1.12.1
2025-08-27T07:23:01.9552450Z   [62fd8b95] + TensorCore v0.1.1
2025-08-27T07:23:01.9556810Z   [731e570b] + TiffImages v0.11.6
2025-08-27T07:23:01.9562200Z   [3bb67fe8] + TranscodingStreams v0.11.3
2025-08-27T07:23:01.9567210Z   [981d1d27] + TriplotBase v0.1.0
2025-08-27T07:23:01.9570640Z   [9d95972d] + TupleTools v1.6.0
2025-08-27T07:23:01.9574390Z   [3a884ed6] + UnPack v1.0.2
2025-08-27T07:23:01.9578170Z   [1cfade01] + UnicodeFun v0.4.1
2025-08-27T07:23:01.9581610Z   [ecbed89c] + WeakKeyIdDicts v0.1.0
2025-08-27T07:23:01.9585530Z   [e3aaa7dc] + WebP v0.1.3
2025-08-27T07:23:01.9589510Z   [efce3f68] + WoodburyMatrices v1.0.0
2025-08-27T07:23:01.9593770Z   [6e34b625] + Bzip2_jll v1.0.9+0
2025-08-27T07:23:01.9597780Z   [4e9b3aee] + CRlibm_jll v1.0.1+0
2025-08-27T07:23:01.9601860Z   [83423d85] + Cairo_jll v1.18.5+0
2025-08-27T07:23:01.9605780Z   [5ae413db] + EarCut_jll v2.2.4+0
2025-08-27T07:23:01.9614110Z   [2e619515] + Expat_jll v2.7.1+0
2025-08-27T07:23:01.9618050Z   [b22a6f82] + FFMPEG_jll v7.1.1+0
2025-08-27T07:23:01.9622620Z   [f5851436] + FFTW_jll v3.3.11+0
2025-08-27T07:23:01.9626800Z   [a3f928ae] + Fontconfig_jll v2.17.1+0
2025-08-27T07:23:01.9629890Z   [d7e528f0] + FreeType2_jll v2.13.4+0
2025-08-27T07:23:01.9634530Z   [559328eb] + FriBidi_jll v1.0.17+0
2025-08-27T07:23:01.9638940Z   [b0724c58] + GettextRuntime_jll v0.22.4+0
2025-08-27T07:23:01.9643330Z   [59f7168a] + Giflib_jll v5.2.3+0
2025-08-27T07:23:01.9648230Z   [7746bdde] + Glib_jll v2.84.3+0
2025-08-27T07:23:01.9653140Z   [3b182d85] + Graphite2_jll v1.3.15+0
2025-08-27T07:23:01.9657950Z   [2e76f6c2] + HarfBuzz_jll v8.5.1+0
2025-08-27T07:23:01.9663340Z   [905a6f67] + Imath_jll v3.1.11+0
2025-08-27T07:23:01.9666460Z   [1d5cc7b8] + IntelOpenMP_jll v2025.2.0+0
2025-08-27T07:23:01.9672250Z   [aacddb02] + JpegTurbo_jll v3.1.2+0
2025-08-27T07:23:01.9674780Z   [c1c5ebd0] + LAME_jll v3.100.3+0
2025-08-27T07:23:01.9679580Z   [88015f11] + LERC_jll v4.0.1+0
2025-08-27T07:23:01.9684610Z   [1d63c593] + LLVMOpenMP_jll v18.1.8+0
2025-08-27T07:23:01.9688080Z   [dd4b983a] + LZO_jll v2.10.3+0
2025-08-27T07:23:01.9690770Z   [e9f186c6] + Libffi_jll v3.4.7+0
2025-08-27T07:23:01.9693660Z   [7e76a0d4] + Libglvnd_jll v1.7.1+1
2025-08-27T07:23:01.9703760Z   [94ce4f54] + Libiconv_jll v1.18.0+0
2025-08-27T07:23:01.9706610Z   [4b2f31a3] + Libmount_jll v2.41.1+0
2025-08-27T07:23:01.9711050Z   [89763e89] + Libtiff_jll v4.7.1+0
2025-08-27T07:23:01.9715550Z   [38a345b3] + Libuuid_jll v2.41.1+0
2025-08-27T07:23:01.9719670Z   [856f044c] + MKL_jll v2025.2.0+0
2025-08-27T07:23:01.9724350Z   [e7412a2a] + Ogg_jll v1.3.6+0
2025-08-27T07:23:01.9728600Z   [6cdc7f73] + OpenBLASConsistentFPCSR_jll v0.3.29+0
2025-08-27T07:23:01.9733010Z   [18a262bb] + OpenEXR_jll v3.2.4+0
2025-08-27T07:23:01.9737640Z   [efe28fd5] + OpenSpecFun_jll v0.5.6+0
2025-08-27T07:23:01.9742210Z   [91d4177d] + Opus_jll v1.5.2+0
2025-08-27T07:23:01.9746740Z   [36c8627f] + Pango_jll v1.56.3+0
2025-08-27T07:23:01.9752600Z ⌅ [30392449] + Pixman_jll v0.44.2+0
2025-08-27T07:23:01.9756020Z   [f50d1b31] + Rmath_jll v0.5.1+0
2025-08-27T07:23:01.9760440Z   [02c8fc9c] + XML2_jll v2.14.4+0
2025-08-27T07:23:01.9764370Z   [ffd25f8a] + XZ_jll v5.8.1+0
2025-08-27T07:23:01.9768530Z   [4f6342f7] + Xorg_libX11_jll v1.8.12+0
2025-08-27T07:23:01.9778090Z   [0c0b7dd1] + Xorg_libXau_jll v1.0.13+0
2025-08-27T07:23:01.9780040Z   [a3789734] + Xorg_libXdmcp_jll v1.1.6+0
2025-08-27T07:23:01.9783770Z   [1082639a] + Xorg_libXext_jll v1.3.7+0
2025-08-27T07:23:01.9786730Z   [ea2f1a96] + Xorg_libXrender_jll v0.9.12+0
2025-08-27T07:23:01.9792300Z   [c7cfdc94] + Xorg_libxcb_jll v1.17.1+0
2025-08-27T07:23:01.9795260Z   [c5fb5394] + Xorg_xtrans_jll v1.6.0+0
2025-08-27T07:23:01.9800880Z   [9a68df92] + isoband_jll v0.2.3+0
2025-08-27T07:23:01.9803440Z   [a4ae2306] + libaom_jll v3.12.1+0
2025-08-27T07:23:01.9810240Z   [0ac62f75] + libass_jll v0.17.4+0
2025-08-27T07:23:01.9814090Z   [f638f0a6] + libfdk_aac_jll v2.0.4+0
2025-08-27T07:23:01.9818820Z   [b53b4c65] + libpng_jll v1.6.50+0
2025-08-27T07:23:01.9825770Z   [075b6546] + libsixel_jll v1.10.5+0
2025-08-27T07:23:01.9830200Z   [f27f6e37] + libvorbis_jll v1.3.8+0
2025-08-27T07:23:01.9836790Z   [c5f90fcd] + libwebp_jll v1.6.0+0
2025-08-27T07:23:01.9841050Z   [1317d2d5] + oneTBB_jll v2022.0.0+0
2025-08-27T07:23:01.9843460Z   [1270edf5] + x264_jll v10164.0.1+0
2025-08-27T07:23:01.9846450Z   [dfaa095f] + x265_jll v4.1.0+0
2025-08-27T07:23:01.9874320Z   [0dad84c5] + ArgTools v1.1.2
2025-08-27T07:23:01.9886450Z   [2a0f44e3] + Base64 v1.11.0
2025-08-27T07:23:01.9888780Z   [8bf52ea8] + CRC32c v1.11.0
2025-08-27T07:23:01.9892290Z   [8ba89e20] + Distributed v1.11.0
2025-08-27T07:23:01.9902670Z   [f43a241f] + Downloads v1.7.0
2025-08-27T07:23:01.9919940Z   [7b1f6079] + FileWatching v1.11.0
2025-08-27T07:23:01.9925360Z   [9fa8497b] + Future v1.11.0
2025-08-27T07:23:01.9929140Z   [b77e0a4c] + InteractiveUtils v1.11.0
2025-08-27T07:23:01.9946810Z   [ac6e5ff7] + JuliaSyntaxHighlighting v1.12.0
2025-08-27T07:23:01.9952300Z   [4af54fe1] + LazyArtifacts v1.11.0
2025-08-27T07:23:01.9969230Z   [b27032c2] + LibCURL v0.6.4
2025-08-27T07:23:01.9977250Z   [76f85450] + LibGit2 v1.11.0
2025-08-27T07:23:01.9984000Z   [d6f4376e] + Markdown v1.11.0
2025-08-27T07:23:01.9986120Z   [a63ad114] + Mmap v1.11.0
2025-08-27T07:23:01.9993600Z   [ca575930] + NetworkOptions v1.3.0
2025-08-27T07:23:01.9999820Z   [44cfe95a] + Pkg v1.13.0
2025-08-27T07:23:02.0002420Z   [3fa0cd96] + REPL v1.11.0
2025-08-27T07:23:02.0008520Z   [9e88b42a] + Serialization v1.11.0
2025-08-27T07:23:02.0021530Z   [1a1011a3] + SharedArrays v1.11.0
2025-08-27T07:23:02.0026100Z   [6462fe0b] + Sockets v1.11.0
2025-08-27T07:23:02.0029150Z   [2f01184e] + SparseArrays v1.13.0
2025-08-27T07:23:02.0045370Z   [f489334b] + StyledStrings v1.11.0
2025-08-27T07:23:02.0047200Z   [4607b0f0] + SuiteSparse
2025-08-27T07:23:02.0056520Z   [a4e569a6] + Tar v1.10.0
2025-08-27T07:23:02.0058890Z   [8dfed614] + Test v1.11.0
2025-08-27T07:23:02.0066990Z   [cf7118a7] + UUIDs v1.11.0
2025-08-27T07:23:02.0077170Z   [deac9b47] + LibCURL_jll v8.15.0+1
2025-08-27T07:23:02.0088430Z   [e37daf67] + LibGit2_jll v1.9.1+0
2025-08-27T07:23:02.0097450Z   [29816b5a] + LibSSH2_jll v1.11.3+1
2025-08-27T07:23:02.0107580Z   [14a3606d] + MozillaCACerts_jll v2025.8.12
2025-08-27T07:23:02.0111570Z   [05823500] + OpenLibm_jll v0.8.7+0
2025-08-27T07:23:02.0123780Z   [458c3c95] + OpenSSL_jll v3.5.2+0
2025-08-27T07:23:02.0130750Z   [efcefdf7] + PCRE2_jll v10.45.0+0
2025-08-27T07:23:02.0136250Z   [bea87d4a] + SuiteSparse_jll v7.10.1+0
2025-08-27T07:23:02.0144250Z   [83775a58] + Zlib_jll v1.3.1+2
2025-08-27T07:23:02.0152310Z   [3161d3a3] + Zstd_jll v1.5.7+1
2025-08-27T07:23:02.0161420Z   [8e850ede] + nghttp2_jll v1.66.0+0
2025-08-27T07:23:02.0168840Z   [3f19e933] + p7zip_jll v17.6.0+0
2025-08-27T07:23:02.0174910Z         Info Packages marked with ⌃ and ⌅ have new versions available. Those with ⌃ may be upgradable, but those with ⌅ are restricted by compatibility constraints from upgrading. To see why use `status --outdated -m`
2025-08-27T07:23:02.5800190Z Precompiling packages...
2025-08-27T07:23:04.9682930Z    2327.6 ms  ✓ TensorCore
2025-08-27T07:23:05.0289000Z    2399.8 ms  ✓ Reexport
2025-08-27T07:23:05.1521780Z    2512.1 ms  ✓ MappedArrays
2025-08-27T07:23:07.3731920Z    2343.1 ms  ✓ Mods
2025-08-27T07:23:07.4414320Z    2466.5 ms  ✓ ConstructionBase
2025-08-27T07:23:08.6748030Z    1301.3 ms  ✓ DataValueInterfaces
2025-08-27T07:23:08.8655500Z    1421.1 ms  ✓ StatsAPI
2025-08-27T07:23:10.2972380Z    1430.0 ms  ✓ PolygonOps
2025-08-27T07:23:10.4478980Z    1763.4 ms  ✓ RoundingEmulator
2025-08-27T07:23:10.7254190Z    5576.0 ms  ✓ IrrationalConstants
2025-08-27T07:23:11.7794110Z    1045.3 ms  ✓ CEnum
2025-08-27T07:23:11.8904860Z    1597.1 ms  ✓ IterTools
2025-08-27T07:23:11.9032570Z    1449.6 ms  ✓ IntervalSets
2025-08-27T07:23:12.2591570Z    9660.7 ms  ✓ MacroTools
2025-08-27T07:23:13.3176790Z    1420.6 ms  ✓ RingLists
2025-08-27T07:23:13.3278600Z    1425.4 ms  ✓ Inflate
2025-08-27T07:23:13.5404220Z    1277.4 ms  ✓ Contour
2025-08-27T07:23:14.4855300Z    2713.4 ms  ✓ Combinatorics
2025-08-27T07:23:14.9900280Z    1674.7 ms  ✓ TupleTools
2025-08-27T07:23:15.0482520Z    1508.5 ms  ✓ LaTeXStrings
2025-08-27T07:23:15.3827420Z    2058.2 ms  ✓ TranscodingStreams
2025-08-27T07:23:16.4950040Z    2006.2 ms  ✓ Statistics
2025-08-27T07:23:16.5424340Z    1551.1 ms  ✓ WeakKeyIdDicts
2025-08-27T07:23:16.7255010Z    1674.8 ms  ✓ StableRNGs
2025-08-27T07:23:16.8674900Z    1479.0 ms  ✓ AbstractLattices
2025-08-27T07:23:17.8880520Z    1344.5 ms  ✓ PtrArrays
2025-08-27T07:23:18.2790150Z    1778.5 ms  ✓ GeoFormatTypes
2025-08-27T07:23:18.4813190Z    1615.5 ms  ✓ PositiveFactorizations
2025-08-27T07:23:19.3933560Z    1503.2 ms  ✓ DataAPI
2025-08-27T07:23:19.4503180Z    2719.0 ms  ✓ Grisu
2025-08-27T07:23:20.1008770Z    1824.0 ms  ✓ Multisets
2025-08-27T07:23:20.4920680Z    2009.0 ms  ✓ LazyModules
2025-08-27T07:23:21.3707460Z    1974.8 ms  ✓ AbstractTrees
2025-08-27T07:23:21.6560550Z    2209.3 ms  ✓ AbstractFFTs
2025-08-27T07:23:22.1999030Z    2096.1 ms  ✓ EnumX
2025-08-27T07:23:23.7780160Z    2404.7 ms  ✓ IntegerMathUtils
2025-08-27T07:23:24.2234380Z    2561.4 ms  ✓ TriplotBase
2025-08-27T07:23:24.7569190Z    2552.1 ms  ✓ IndirectArrays
2025-08-27T07:23:25.5477690Z    5047.1 ms  ✓ FillArrays
2025-08-27T07:23:25.8738300Z    2092.2 ms  ✓ UnPack
2025-08-27T07:23:26.3977400Z    2170.5 ms  ✓ Extents
2025-08-27T07:23:26.4077640Z    1636.2 ms  ✓ RangeArrays
2025-08-27T07:23:27.8165360Z    2268.9 ms  ✓ OrderedCollections
2025-08-27T07:23:28.4271620Z    2554.9 ms  ✓ ADTypes
2025-08-27T07:23:28.7063850Z    2311.2 ms  ✓ DocStringExtensions
2025-08-27T07:23:29.8814860Z    1450.0 ms  ✓ IteratorInterfaceExtensions
2025-08-27T07:23:30.4245950Z    1709.8 ms  ✓ DiffResults
2025-08-27T07:23:31.9271130Z    2046.6 ms  ✓ Formatting
2025-08-27T07:23:32.4204780Z    1998.3 ms  ✓ NaNMath
2025-08-27T07:23:32.6604300Z    4841.3 ms  ✓ OffsetArrays
2025-08-27T07:23:34.6730650Z    2740.2 ms  ✓ Requires
2025-08-27T07:23:35.2742610Z    2853.8 ms  ✓ SuiteSparse
2025-08-27T07:23:36.2096770Z    3548.7 ms  ✓ WoodburyMatrices
2025-08-27T07:23:37.9304200Z    3248.0 ms  ✓ Scratch
2025-08-27T07:23:41.0339000Z    3100.9 ms  ✓ Compat
2025-08-27T07:23:41.0627000Z    4848.8 ms  ✓ ProgressMeter
2025-08-27T07:23:41.2889810Z    6003.4 ms  ✓ StructTypes
2025-08-27T07:23:42.9019510Z    1609.6 ms  ✓ JLLWrappers
2025-08-27T07:23:43.3365600Z   16919.8 ms  ✓ BaseDirs
2025-08-27T07:23:46.0322570Z    4956.9 ms  ✓ MakieCore
2025-08-27T07:23:47.1491250Z    6115.7 ms  ✓ UnicodeFun
2025-08-27T07:23:50.4246000Z    7085.5 ms  ✓ RecipesBase
2025-08-27T07:23:52.6312500Z    2205.8 ms  ✓ ConstructionBase → ConstructionBaseLinearAlgebraExt
2025-08-27T07:23:55.0828250Z    7928.7 ms  ✓ PkgVersion
2025-08-27T07:23:55.3429730Z    2695.1 ms  ✓ ConstructionBase → ConstructionBaseStaticArraysExt
2025-08-27T07:23:57.0263750Z    1692.1 ms  ✓ ConstructionBase → ConstructionBaseIntervalSetsExt
2025-08-27T07:23:57.0465560Z    1960.6 ms  ✓ IntervalSets → IntervalSetsRandomExt
2025-08-27T07:23:58.8456710Z    1817.4 ms  ✓ CommonSubexpressions
2025-08-27T07:23:59.4191680Z    2369.0 ms  ✓ SimpleTraits
2025-08-27T07:24:00.9691160Z    2125.8 ms  ✓ Permutations
2025-08-27T07:24:01.2381500Z    1825.3 ms  ✓ SignedDistanceFields
2025-08-27T07:24:02.7817480Z    1809.1 ms  ✓ Statistics → SparseArraysExt
2025-08-27T07:24:04.7972490Z    2010.0 ms  ✓ StaticArrays → StaticArraysStatisticsExt
2025-08-27T07:24:07.3300470Z    2529.8 ms  ✓ IntervalSets → IntervalSetsStatisticsExt
2025-08-27T07:24:09.5412500Z    2214.0 ms  ✓ AliasTables
2025-08-27T07:24:11.0929570Z    1539.9 ms  ✓ Missings
2025-08-27T07:24:11.1740120Z    9928.2 ms  ✓ FixedPointNumbers
2025-08-27T07:24:12.3707690Z    1282.5 ms  ✓ Showoff
2025-08-27T07:24:14.3740000Z    1991.2 ms  ✓ Primes
2025-08-27T07:24:15.0259130Z    3850.8 ms  ✓ AbstractFFTs → AbstractFFTsTestExt
2025-08-27T07:24:16.3938290Z    1356.6 ms  ✓ FillArrays → FillArraysStatisticsExt
2025-08-27T07:24:16.5556130Z    2177.2 ms  ✓ FillArrays → FillArraysSparseArraysExt
2025-08-27T07:24:17.1453710Z   34223.2 ms  ✓ SIMD
2025-08-27T07:24:19.0641450Z    2505.6 ms  ✓ Parameters
2025-08-27T07:24:19.5729840Z    2423.9 ms  ✓ ADTypes → ADTypesConstructionBaseExt
2025-08-27T07:24:21.4566420Z    5069.3 ms  ✓ GeoInterface
2025-08-27T07:24:22.3815770Z    2800.9 ms  ✓ LogExpFunctions
2025-08-27T07:24:22.9199020Z    3852.1 ms  ✓ DifferentiationInterface
2025-08-27T07:24:23.7071520Z    2232.2 ms  ✓ PikaParser
2025-08-27T07:24:23.8542160Z    1469.5 ms  ✓ TableTraits
2025-08-27T07:24:24.7697940Z    1844.9 ms  ✓ PaddedViews
2025-08-27T07:24:25.2533020Z    1549.3 ms  ✓ StackViews
2025-08-27T07:24:25.3659340Z    1509.8 ms  ✓ Ratios
2025-08-27T07:24:26.4610750Z    1667.3 ms  ✓ Adapt
2025-08-27T07:24:28.0158590Z    2655.4 ms  ✓ PDMats
2025-08-27T07:24:28.6200100Z    2146.1 ms  ✓ AxisAlgorithms
2025-08-27T07:24:29.7695760Z    1745.8 ms  ✓ RelocatableFolders
2025-08-27T07:24:30.1361700Z    1522.4 ms  ✓ Compat → CompatLinearAlgebraExt
2025-08-27T07:24:31.6312580Z    1863.1 ms  ✓ Libffi_jll
2025-08-27T07:24:32.3374630Z    2195.6 ms  ✓ LZO_jll
2025-08-27T07:24:35.0258250Z    3388.1 ms  ✓ EarCut_jll
2025-08-27T07:24:35.1465950Z   49089.5 ms  ✓ Parsers
2025-08-27T07:24:35.8298860Z    3484.7 ms  ✓ Bzip2_jll
2025-08-27T07:24:37.4034820Z    2249.5 ms  ✓ OpenBLASConsistentFPCSR_jll
2025-08-27T07:24:37.4869720Z    2462.9 ms  ✓ isoband_jll
2025-08-27T07:24:38.4498080Z    2623.9 ms  ✓ XZ_jll
2025-08-27T07:24:39.5214780Z    2122.0 ms  ✓ Rmath_jll
2025-08-27T07:24:39.6205240Z    2125.0 ms  ✓ OpenSpecFun_jll
2025-08-27T07:24:40.2921540Z    1837.5 ms  ✓ Xorg_xtrans_jll
2025-08-27T07:24:41.8021160Z    2280.2 ms  ✓ Opus_jll
2025-08-27T07:24:42.7190680Z    2415.8 ms  ✓ x265_jll
2025-08-27T07:24:43.3081350Z    3694.1 ms  ✓ IntelOpenMP_jll
2025-08-27T07:24:43.9481600Z    2143.5 ms  ✓ libpng_jll
2025-08-27T07:24:44.7448950Z    2029.2 ms  ✓ CRlibm_jll
2025-08-27T07:24:45.3970390Z    2086.7 ms  ✓ oneTBB_jll
2025-08-27T07:24:46.3341020Z    2384.0 ms  ✓ Imath_jll
2025-08-27T07:24:47.3787410Z    2629.3 ms  ✓ Libmount_jll
2025-08-27T07:24:48.7936680Z   23527.7 ms  ✓ FileIO
2025-08-27T07:24:49.0831080Z    3673.5 ms  ✓ libfdk_aac_jll
2025-08-27T07:24:49.7447600Z    3405.7 ms  ✓ Libuuid_jll
2025-08-27T07:24:51.0241160Z    3644.4 ms  ✓ FriBidi_jll
2025-08-27T07:24:51.5610360Z    2484.5 ms  ✓ Xorg_libXau_jll
2025-08-27T07:24:51.7720680Z    2974.6 ms  ✓ LERC_jll
2025-08-27T07:24:52.3472710Z    2601.9 ms  ✓ Ogg_jll
2025-08-27T07:24:53.3743090Z    2345.6 ms  ✓ FFTW_jll
2025-08-27T07:24:53.6347960Z    2063.2 ms  ✓ LAME_jll
2025-08-27T07:24:54.0448310Z    2267.1 ms  ✓ Graphite2_jll
2025-08-27T07:24:54.4700440Z    2118.0 ms  ✓ x264_jll
2025-08-27T07:24:55.5647240Z    2185.3 ms  ✓ LLVMOpenMP_jll
2025-08-27T07:24:55.7694210Z    2131.8 ms  ✓ Libiconv_jll
2025-08-27T07:24:56.4078110Z    2361.4 ms  ✓ libaom_jll
2025-08-27T07:24:56.5021590Z    2025.7 ms  ✓ Xorg_libXdmcp_jll
2025-08-27T07:24:57.9082490Z    2345.3 ms  ✓ Giflib_jll
2025-08-27T07:24:58.0196250Z    2253.8 ms  ✓ Expat_jll
2025-08-27T07:24:58.5356450Z    2038.9 ms  ✓ IntervalSets → IntervalSetsRecipesBaseExt
2025-08-27T07:24:59.4194370Z    3010.0 ms  ✓ JpegTurbo_jll
2025-08-27T07:25:02.6511280Z    4629.1 ms  ✓ AxisArrays
2025-08-27T07:25:04.7529960Z    2095.9 ms  ✓ DifferentiationInterface → DifferentiationInterfaceStaticArraysExt
2025-08-27T07:25:05.0536340Z    7133.1 ms  ✓ Setfield
2025-08-27T07:25:07.3724180Z    2598.0 ms  ✓ DifferentiationInterface → DifferentiationInterfaceSparseArraysExt
2025-08-27T07:25:08.0534080Z    9510.2 ms  ✓ ColorTypes
2025-08-27T07:25:09.8313050Z    4782.4 ms  ✓ Tables
2025-08-27T07:25:10.9905360Z    3605.0 ms  ✓ MosaicViews
2025-08-27T07:25:11.1547290Z    3100.9 ms  ✓ Ratios → RatiosFixedPointNumbersExt
2025-08-27T07:25:12.5539420Z    2712.8 ms  ✓ ArrayInterface
2025-08-27T07:25:14.2532080Z    3254.5 ms  ✓ Adapt → AdaptSparseArraysExt
2025-08-27T07:25:14.5041130Z    3338.8 ms  ✓ Adapt → AdaptStaticArraysExt
2025-08-27T07:25:15.7526230Z    3198.5 ms  ✓ OffsetArrays → OffsetArraysAdaptExt
2025-08-27T07:25:17.4174280Z    3167.0 ms  ✓ FillArrays → FillArraysPDMatsExt
2025-08-27T07:25:20.9333390Z    6427.8 ms  ✓ ChainRulesCore
2025-08-27T07:25:21.6390610Z    5878.7 ms  ✓ DataStructures
2025-08-27T07:25:23.8407690Z    2195.0 ms  ✓ Isoband
2025-08-27T07:25:23.9416780Z    3002.2 ms  ✓ FreeType2_jll
2025-08-27T07:25:24.4716330Z    7051.6 ms  ✓ JSON
2025-08-27T07:25:28.6424430Z    4797.5 ms  ✓ Rmath
2025-08-27T07:25:31.1482720Z    6670.5 ms  ✓ CRlibm
2025-08-27T07:25:33.2163010Z    4568.3 ms  ✓ MKL_jll
2025-08-27T07:25:33.7527810Z    2604.9 ms  ✓ OpenEXR_jll
2025-08-27T07:25:35.2964170Z    2078.0 ms  ✓ libvorbis_jll
2025-08-27T07:25:35.4088700Z   11461.5 ms  ✓ SpecialFunctions
2025-08-27T07:25:36.2490290Z    2492.8 ms  ✓ Pixman_jll
2025-08-27T07:25:37.9772020Z    2678.8 ms  ✓ XML2_jll
2025-08-27T07:25:38.1952920Z    2785.8 ms  ✓ GettextRuntime_jll
2025-08-27T07:25:38.2959450Z    2046.3 ms  ✓ Xorg_libxcb_jll
2025-08-27T07:25:41.7343920Z    3535.9 ms  ✓ libsixel_jll
2025-08-27T07:25:43.2315360Z    5252.9 ms  ✓ Libtiff_jll
2025-08-27T07:25:53.5109520Z   10266.9 ms  ✓ ColorVectorSpace
2025-08-27T07:26:04.9957000Z   11485.0 ms  ✓ QOI
2025-08-27T07:26:08.6655700Z    3662.7 ms  ✓ StructArrays
2025-08-27T07:26:13.3178140Z   73861.9 ms  ✓ Automa
2025-08-27T07:26:15.8359330Z    2509.0 ms  ✓ ArrayInterface → ArrayInterfaceStaticArraysCoreExt
2025-08-27T07:26:19.1074190Z    3273.4 ms  ✓ ArrayInterface → ArrayInterfaceSparseArraysExt
2025-08-27T07:26:20.1810970Z   38426.3 ms  ✓ Colors
2025-08-27T07:26:20.9925760Z   12309.5 ms  ✓ StableHashTraits
2025-08-27T07:26:21.4893010Z    2380.0 ms  ✓ ChainRulesCore → ChainRulesCoreSparseArraysExt
2025-08-27T07:26:22.2207260Z    2043.8 ms  ✓ StaticArrays → StaticArraysChainRulesCoreExt
2025-08-27T07:26:22.5559720Z    1554.5 ms  ✓ AbstractFFTs → AbstractFFTsChainRulesCoreExt
2025-08-27T07:26:23.0589060Z    1563.8 ms  ✓ ADTypes → ADTypesChainRulesCoreExt
2025-08-27T07:26:24.1762230Z    1615.4 ms  ✓ DifferentiationInterface → DifferentiationInterfaceChainRulesCoreExt
2025-08-27T07:26:24.7178050Z    1654.9 ms  ✓ ArrayInterface → ArrayInterfaceChainRulesCoreExt
2025-08-27T07:26:26.0600200Z    3831.8 ms  ✓ LogExpFunctions → LogExpFunctionsChainRulesCoreExt
2025-08-27T07:26:27.0560650Z    2869.7 ms  ✓ SortingAlgorithms
2025-08-27T07:26:28.4365830Z    3718.8 ms  ✓ QuadGK
2025-08-27T07:26:29.4036940Z    3330.4 ms  ✓ SimplePartitions
2025-08-27T07:26:33.2701920Z    4826.4 ms  ✓ FreeType
2025-08-27T07:26:34.6464160Z    5230.0 ms  ✓ Fontconfig_jll
2025-08-27T07:26:41.2220100Z    7951.8 ms  ✓ IntervalArithmetic
2025-08-27T07:26:49.1213470Z    7889.3 ms  ✓ SpecialFunctions → SpecialFunctionsChainRulesCoreExt
2025-08-27T07:26:54.1971570Z    5077.0 ms  ✓ HypergeometricFunctions
2025-08-27T07:26:56.0668130Z    1866.9 ms  ✓ DiffRules
2025-08-27T07:26:59.6002120Z    3530.2 ms  ✓ LightXML
2025-08-27T07:27:03.9507360Z    4338.4 ms  ✓ Glib_jll
2025-08-27T07:27:06.4840110Z    2534.5 ms  ✓ Xorg_libX11_jll
2025-08-27T07:27:08.5267100Z    2038.1 ms  ✓ ColorVectorSpace → SpecialFunctionsExt
2025-08-27T07:27:10.8080690Z    2285.6 ms  ✓ StructArrays → StructArraysSparseArraysExt
2025-08-27T07:27:13.3663680Z    2556.4 ms  ✓ StructArrays → StructArraysLinearAlgebraExt
2025-08-27T07:27:14.8526740Z   96505.7 ms  ✓ Polynomials
2025-08-27T07:27:15.3086120Z    1935.5 ms  ✓ StructArrays → StructArraysAdaptExt
2025-08-27T07:27:17.5290700Z    2671.3 ms  ✓ StructArrays → StructArraysStaticArraysExt
2025-08-27T07:27:18.1062600Z    2800.0 ms  ✓ FiniteDiff
2025-08-27T07:27:20.6203060Z    3087.1 ms  ✓ Animations
2025-08-27T07:27:23.5012450Z   48834.0 ms  ✓ FFTW
2025-08-27T07:27:23.5436420Z    2919.0 ms  ✓ Graphics
2025-08-27T07:27:25.4776620Z    7362.2 ms  ✓ OpenEXR
2025-08-27T07:27:26.3512710Z    2845.3 ms  ✓ ColorBrewer
2025-08-27T07:27:33.1730830Z    6819.8 ms  ✓ Interpolations
2025-08-27T07:27:38.3156480Z   12826.0 ms  ✓ ColorSchemes
2025-08-27T07:27:40.3847590Z    2071.1 ms  ✓ IntervalArithmetic → IntervalArithmeticSparseArraysExt
2025-08-27T07:27:41.5760930Z    8396.0 ms  ✓ StatsBase
2025-08-27T07:27:41.9158070Z    1535.2 ms  ✓ IntervalArithmetic → IntervalArithmeticRecipesBaseExt
2025-08-27T07:27:43.4566490Z    1527.0 ms  ✓ IntervalArithmetic → IntervalArithmeticIntervalSetsExt
2025-08-27T07:27:51.7913800Z    8320.6 ms  ✓ StatsFuns
2025-08-27T07:27:54.2610960Z   12680.1 ms  ✓ IntervalArithmetic → IntervalArithmeticLinearAlgebraExt
2025-08-27T07:27:55.7568460Z    1494.8 ms  ✓ IntervalArithmetic → IntervalArithmeticDiffRulesExt
2025-08-27T07:27:57.2155980Z    1455.3 ms  ✓ Xorg_libXrender_jll
2025-08-27T07:27:58.6160860Z    1400.6 ms  ✓ Xorg_libXext_jll
2025-08-27T07:28:01.9531950Z    3333.5 ms  ✓ Polynomials → PolynomialsMakieCoreExt
2025-08-27T07:28:03.0114180Z   11219.9 ms  ✓ ForwardDiff
2025-08-27T07:28:04.3947080Z    2435.9 ms  ✓ Polynomials → PolynomialsChainRulesCoreExt
2025-08-27T07:28:07.7435680Z    4729.2 ms  ✓ SimplePolynomials
2025-08-27T07:28:09.9466210Z    2193.9 ms  ✓ FiniteDiff → FiniteDiffStaticArraysExt
2025-08-27T07:28:11.1668040Z  104042.1 ms  ✓ TiffImages
2025-08-27T07:28:11.7871810Z    1841.9 ms  ✓ FiniteDiff → FiniteDiffSparseArraysExt
2025-08-27T07:28:12.7396920Z    1573.2 ms  ✓ DifferentiationInterface → DifferentiationInterfaceFiniteDiffExt
2025-08-27T07:28:14.3929610Z    2601.0 ms  ✓ Polynomials → PolynomialsFFTWExt
2025-08-27T07:28:17.8375860Z    3445.4 ms  ✓ StatsFuns → StatsFunsChainRulesCoreExt
2025-08-27T07:28:21.6922890Z   58122.7 ms  ✓ ImageCore
2025-08-27T07:28:21.9158620Z   17516.7 ms  ✓ GeometryBasics
2025-08-27T07:28:29.0248710Z    7098.2 ms  ✓ Cairo_jll
2025-08-27T07:28:30.6099070Z    1583.1 ms  ✓ Libglvnd_jll
2025-08-27T07:28:32.4670270Z   14622.9 ms  ✓ Distributions
2025-08-27T07:28:33.7565140Z   12046.7 ms  ✓ ExactPredicates
2025-08-27T07:28:33.9797980Z    3361.1 ms  ✓ ForwardDiff → ForwardDiffStaticArraysExt
2025-08-27T07:28:34.3299690Z    1860.4 ms  ✓ DifferentiationInterface → DifferentiationInterfaceForwardDiffExt
2025-08-27T07:28:35.4719080Z    1706.1 ms  ✓ IntervalArithmetic → IntervalArithmeticForwardDiffExt
2025-08-27T07:28:37.4561760Z    3467.5 ms  ✓ Interpolations → InterpolationsForwardDiffExt
2025-08-27T07:28:38.0701960Z    3732.7 ms  ✓ LinearAlgebraX
2025-08-27T07:28:42.1141820Z    6632.5 ms  ✓ ImageBase
2025-08-27T07:28:43.5732700Z    5505.8 ms  ✓ Sixel
2025-08-27T07:28:45.4653830Z   32709.2 ms  ✓ PlotUtils
2025-08-27T07:28:46.3265060Z    2745.9 ms  ✓ Packing
2025-08-27T07:28:47.3016640Z    5187.4 ms  ✓ JpegTurbo
2025-08-27T07:28:49.8919420Z    3567.0 ms  ✓ ShaderAbstractions
2025-08-27T07:28:55.1146210Z   17652.8 ms  ✓ PNGFiles
2025-08-27T07:28:55.8152880Z    5913.8 ms  ✓ HarfBuzz_jll
2025-08-27T07:28:59.8471230Z   12532.3 ms  ✓ FreeTypeAbstraction
2025-08-27T07:29:00.0011840Z    4878.5 ms  ✓ libwebp_jll
2025-08-27T07:29:01.1731010Z    5354.7 ms  ✓ Distributions → DistributionsTestExt
2025-08-27T07:29:04.3796520Z    4532.8 ms  ✓ SimpleRandom
2025-08-27T07:29:04.9218650Z    4914.1 ms  ✓ Distributions → DistributionsChainRulesCoreExt
2025-08-27T07:29:09.6121170Z    8429.2 ms  ✓ NLSolversBase
2025-08-27T07:29:11.5086850Z    6577.8 ms  ✓ libass_jll
2025-08-27T07:29:14.2833950Z    9899.4 ms  ✓ ImageAxes
2025-08-27T07:29:14.6790450Z    5070.0 ms  ✓ Pango_jll
2025-08-27T07:29:16.3084940Z   30829.6 ms  ✓ GridLayoutBase
2025-08-27T07:29:22.7530220Z    8064.7 ms  ✓ KernelDensity
2025-08-27T07:29:23.9071350Z    9611.5 ms  ✓ WebP
2025-08-27T07:29:27.4337730Z   11106.8 ms  ✓ LineSearches
2025-08-27T07:29:31.6537750Z    7724.2 ms  ✓ ImageMetadata
2025-08-27T07:29:35.0007090Z   12239.7 ms  ✓ FFMPEG_jll
2025-08-27T07:29:35.9254920Z    8490.4 ms  ✓ Cairo
2025-08-27T07:29:36.3098540Z   24784.1 ms  ✓ MathTeXEngine
2025-08-27T07:29:39.0031120Z    3994.0 ms  ✓ Netpbm
2025-08-27T07:29:41.6494040Z    2651.9 ms  ✓ ImageIO
2025-08-27T07:29:41.9495210Z   10266.0 ms  ✓ Optim
2025-08-27T07:29:47.0800780Z    5136.0 ms  ✓ SimpleGraphs
2025-08-27T07:29:54.1106670Z    7026.0 ms  ✓ DelaunayTriangulation
2025-08-27T07:32:57.3159070Z  183111.2 ms  ✓ Makie
2025-08-27T07:33:27.4526130Z               ✗ CairoMakie
2025-08-27T07:33:27.4540860Z   268 dependencies successfully precompiled in 625 seconds. 47 already precompiled.
2025-08-27T07:33:27.4542100Z   1 dependency had output during precompilation:
2025-08-27T07:33:27.4572510Z ┌ Formatting
2025-08-27T07:33:27.4574490Z │  ┌ Warning: DEPRECATION NOTICE
2025-08-27T07:33:27.4575340Z │  │ 
2025-08-27T07:33:27.4579000Z │  │ Formatting.jl has been unmaintained for a while, with some serious
2025-08-27T07:33:27.4584720Z │  │ correctness bugs compromising the original purpose of the package. As a result,
2025-08-27T07:33:27.4588650Z │  │ it has been deprecated - consider using an alternative, such as
2025-08-27T07:33:27.4591760Z │  │ `Format.jl` (https://github.com/JuliaString/Format.jl) or the `Printf` stdlib directly.
2025-08-27T07:33:27.4592420Z │  │ 
2025-08-27T07:33:27.4593660Z │  │ If you are not using Formatting.jl as a direct dependency, please consider
2025-08-27T07:33:27.4598310Z │  │ opening an issue on any packages you are using that do use it as a dependency.
2025-08-27T07:33:27.4601200Z │  │ From Julia 1.9 onwards, you can query `]why Formatting` to figure out which
2025-08-27T07:33:27.4609340Z │  │ package originally brings it in as a dependency.
2025-08-27T07:33:27.4615410Z │  └ @ Formatting ~/.julia/packages/Formatting/3VxOt/src/Formatting.jl:12
2025-08-27T07:33:27.4619850Z └  
2025-08-27T07:33:27.4622720Z 
2025-08-27T07:33:27.4628280Z The following 1 direct dependency failed to precompile:
2025-08-27T07:33:27.4628500Z 
2025-08-27T07:33:27.4629200Z CairoMakie 
2025-08-27T07:33:27.4631020Z 
2025-08-27T07:33:27.4632330Z Failed to precompile CairoMakie [13f3f980-e62b-5c42-98c6-ff1f3baf88f0] to "/Users/runner/.julia/compiled/v1.13/CairoMakie/jl_FXswYv" (ProcessExited(1)).
2025-08-27T07:33:27.4635970Z ERROR: LoadError: FieldError: type Core.TypeName has no field `mt`, available fields: `name`, `module`, `singletonname`, `names`, `atomicfields`, `constfields`, `wrapper`, `Typeofwrapper`, `cache`, `linearcache`, `partial`, `hash`, `max_args`, `n_uninitialized`, `flags`, `cache_entry_count`, `max_methods`, `constprop_heuristic`
2025-08-27T07:33:27.4646840Z Stacktrace:
2025-08-27T07:33:27.4671110Z   [1] getproperty(x::Core.TypeName, f::Symbol)
2025-08-27T07:33:27.4672270Z     @ Base ./Base_compiler.jl:57
2025-08-27T07:33:27.4673460Z   [2] func2string(func::typeof(MakieCore.linesegments))
2025-08-27T07:33:27.4675920Z     @ MakieCore ~/.julia/packages/MakieCore/tAY2U/src/recipes.jl:9
2025-08-27T07:33:27.4691590Z   [3] plotkey(::Type{MakieCore.LineSegments{Tuple{Vector{GeometryBasics.Point{2, Float32}}}}})
2025-08-27T07:33:27.4695570Z     @ MakieCore ~/.julia/packages/MakieCore/tAY2U/src/recipes.jl:21
2025-08-27T07:33:27.4697800Z   [4] plotkey(::MakieCore.LineSegments{Tuple{Vector{GeometryBasics.Point{2, Float32}}}})
2025-08-27T07:33:27.4699150Z     @ MakieCore ~/.julia/packages/MakieCore/tAY2U/src/recipes.jl:22
2025-08-27T07:33:27.4702040Z   [5] get_attribute(dict::MakieCore.LineSegments{Tuple{Vector{GeometryBasics.Point{2, Float32}}}}, key::Symbol, default::Nothing)
2025-08-27T07:33:27.4703820Z     @ MakieCore ~/.julia/packages/MakieCore/tAY2U/src/attributes.jl:240
2025-08-27T07:33:27.4708550Z   [6] get_attribute(dict::MakieCore.LineSegments{Tuple{Vector{GeometryBasics.Point{2, Float32}}}}, key::Symbol)
2025-08-27T07:33:27.4710460Z     @ MakieCore ~/.julia/packages/MakieCore/tAY2U/src/attributes.jl:237
2025-08-27T07:33:27.4712710Z   [7] draw_atomic(scene::Makie.Scene, screen::CairoMakie.Screen{CairoMakie.IMAGE}, primitive::Union{MakieCore.Lines, MakieCore.LineSegments})
2025-08-27T07:33:27.4714870Z     @ CairoMakie ~/.julia/packages/CairoMakie/VqiwS/src/primitives.jl:6
2025-08-27T07:33:27.4718230Z   [8] draw_plot(scene::Makie.Scene, screen::CairoMakie.Screen{CairoMakie.IMAGE}, primitive::MakieCore.LineSegments{Tuple{Vector{GeometryBasics.Point{2, Float32}}}})
2025-08-27T07:33:27.4719570Z     @ CairoMakie ~/.julia/packages/CairoMakie/VqiwS/src/infrastructure.jl:131
2025-08-27T07:33:27.4720150Z   [9] cairo_draw(screen::CairoMakie.Screen{CairoMakie.IMAGE}, scene::Makie.Scene)
2025-08-27T07:33:27.4721140Z     @ CairoMakie ~/.julia/packages/CairoMakie/VqiwS/src/infrastructure.jl:51
2025-08-27T07:33:27.4722190Z  [10] colorbuffer(screen::CairoMakie.Screen{CairoMakie.IMAGE})
2025-08-27T07:33:27.4722680Z     @ CairoMakie ~/.julia/packages/CairoMakie/VqiwS/src/screen.jl:307
2025-08-27T07:33:27.4723460Z  [11] colorbuffer(screen::CairoMakie.Screen{CairoMakie.IMAGE}, format::Makie.ImageStorageFormat)
2025-08-27T07:33:27.4724050Z     @ Makie ~/.julia/packages/Makie/RgxaV/src/display.jl:363
2025-08-27T07:33:27.4724630Z  [12] colorbuffer(fig::Makie.FigureAxisPlot, format::Makie.ImageStorageFormat; update::Bool, backend::Module, screen_config::@Kwargs{})
2025-08-27T07:33:27.4725340Z     @ Makie ~/.julia/packages/Makie/RgxaV/src/display.jl:439
2025-08-27T07:33:27.4726780Z  [13] colorbuffer
2025-08-27T07:33:27.4727070Z     @ ~/.julia/packages/Makie/RgxaV/src/display.jl:434 [inlined]
2025-08-27T07:33:27.4727980Z  [14] colorbuffer(fig::Makie.FigureAxisPlot)
2025-08-27T07:33:27.4728300Z     @ Makie ~/.julia/packages/Makie/RgxaV/src/display.jl:434
2025-08-27T07:33:27.4728730Z  [15] top-level scope
2025-08-27T07:33:27.4729800Z     @ ~/.julia/packages/Makie/RgxaV/precompile/shared-precompile.jl:6
2025-08-27T07:33:27.4730910Z  [16] include(mapexpr::Function, mod::Module, _path::String)
2025-08-27T07:33:27.4731230Z     @ Base ./Base.jl:309
2025-08-27T07:33:27.4731720Z  [17] top-level scope
2025-08-27T07:33:27.4732050Z     @ ~/.julia/packages/CairoMakie/VqiwS/src/precompiles.jl:11
2025-08-27T07:33:27.4732490Z  [18] macro expansion
2025-08-27T07:33:27.4733020Z     @ ~/.julia/packages/PrecompileTools/Z8SWe/src/workloads.jl:73 [inlined]
2025-08-27T07:33:27.4733710Z  [19] macro expansion
2025-08-27T07:33:27.4734190Z     @ ~/.julia/packages/CairoMakie/VqiwS/src/precompiles.jl:15 [inlined]
2025-08-27T07:33:27.4734760Z  [20] include(mapexpr::Function, mod::Module, _path::String)
2025-08-27T07:33:27.4735310Z     @ Base ./Base.jl:309
2025-08-27T07:33:27.4735600Z  [21] top-level scope
2025-08-27T07:33:27.4735970Z     @ ~/.julia/packages/CairoMakie/VqiwS/src/CairoMakie.jl:37
2025-08-27T07:33:27.4736470Z  [22] include(mod::Module, _path::String)
2025-08-27T07:33:27.4737860Z     @ Base ./Base.jl:308
2025-08-27T07:33:27.4741120Z  [23] include_package_for_output(pkg::Base.PkgId, input::String, depot_path::Vector{String}, dl_load_path::Vector{String}, load_path::Vector{String}, concrete_deps::Vector{Pair{Base.PkgId, UInt128}}, source::Nothing)
2025-08-27T07:33:27.4743550Z     @ Base ./loading.jl:3019
2025-08-27T07:33:27.4744470Z  [24] top-level scope
2025-08-27T07:33:27.4746810Z     @ stdin:5
2025-08-27T07:33:27.4749030Z  [25] eval(m::Module, e::Any)
2025-08-27T07:33:27.4750700Z     @ Core ./boot.jl:489
2025-08-27T07:33:27.4752710Z  [26] include_string(mapexpr::typeof(identity), mod::Module, code::String, filename::String)
2025-08-27T07:33:27.4756970Z     @ Base ./loading.jl:2865
2025-08-27T07:33:27.4758560Z  [27] include_string
2025-08-27T07:33:27.4759540Z     @ ./loading.jl:2875 [inlined]
2025-08-27T07:33:27.4762280Z  [28] exec_options(opts::Base.JLOptions)
2025-08-27T07:33:27.4763700Z     @ Base ./client.jl:328
2025-08-27T07:33:27.4764530Z  [29] _start()
2025-08-27T07:33:27.4765230Z     @ Base ./client.jl:563
2025-08-27T07:33:27.4767050Z in expression starting at /Users/runner/.julia/packages/Makie/RgxaV/precompile/shared-precompile.jl:4
2025-08-27T07:33:27.4769150Z in expression starting at /Users/runner/.julia/packages/CairoMakie/VqiwS/src/precompiles.jl:10
2025-08-27T07:33:27.4771960Z in expression starting at /Users/runner/.julia/packages/CairoMakie/VqiwS/src/CairoMakie.jl:1
2025-08-27T07:33:31.3058880Z in expression starting at stdin:Precompiling packages...
2025-08-27T07:33:47.1231970Z Info Given CairoMakie was explicitly requested, output will be shown live [0K
2025-08-27T07:33:47.1233540Z [0KERROR: LoadError: FieldError: type Core.TypeName has no field `mt`, available fields: `name`, `module`, `singletonname`, `names`, `atomicfields`, `constfields`, `wrapper`, `Typeofwrapper`, `cache`, `linearcache`, `partial`, `hash`, `max_args`, `n_uninitialized`, `flags`, `cache_entry_count`, `max_methods`, `constprop_heuristic`
2025-08-27T07:33:47.1235240Z [0KStacktrace:
2025-08-27T07:33:47.1354310Z [0K  [1] getproperty(x::Core.TypeName, f::Symbol)
2025-08-27T07:33:47.1355230Z [0K    @ Base ./Base_compiler.jl:57
2025-08-27T07:33:47.1355900Z [0K  [2] func2string(func::typeof(MakieCore.linesegments))
2025-08-27T07:33:47.1356450Z [0K    @ MakieCore ~/.julia/packages/MakieCore/tAY2U/src/recipes.jl:9
2025-08-27T07:33:47.1398240Z [0K  [3] plotkey(::Type{MakieCore.LineSegments{Tuple{Vector{GeometryBasics.Point{2, Float32}}}}})
2025-08-27T07:33:47.1403150Z [0K    @ MakieCore ~/.julia/packages/MakieCore/tAY2U/src/recipes.jl:21
2025-08-27T07:33:47.1416360Z [0K  [4] plotkey(::MakieCore.LineSegments{Tuple{Vector{GeometryBasics.Point{2, Float32}}}})
2025-08-27T07:33:47.1422720Z [0K    @ MakieCore ~/.julia/packages/MakieCore/tAY2U/src/recipes.jl:22
2025-08-27T07:33:47.1432940Z [0K  [5] get_attribute(dict::MakieCore.LineSegments{Tuple{Vector{GeometryBasics.Point{2, Float32}}}}, key::Symbol, default::Nothing)
2025-08-27T07:33:47.1438760Z [0K    @ MakieCore ~/.julia/packages/MakieCore/tAY2U/src/attributes.jl:240
2025-08-27T07:33:47.1449230Z [0K  [6] get_attribute(dict::MakieCore.LineSegments{Tuple{Vector{GeometryBasics.Point{2, Float32}}}}, key::Symbol)
2025-08-27T07:33:47.1454650Z [0K    @ MakieCore ~/.julia/packages/MakieCore/tAY2U/src/attributes.jl:237
2025-08-27T07:33:47.1539800Z [0K  [7] draw_atomic(scene::Makie.Scene, screen::CairoMakie.Screen{CairoMakie.IMAGE}, primitive::Union{MakieCore.Lines, MakieCore.LineSegments})
2025-08-27T07:33:47.1544530Z [0K    @ CairoMakie ~/.julia/packages/CairoMakie/VqiwS/src/primitives.jl:6
2025-08-27T07:33:47.1563660Z [0K  [8] draw_plot(scene::Makie.Scene, screen::CairoMakie.Screen{CairoMakie.IMAGE}, primitive::MakieCore.LineSegments{Tuple{Vector{GeometryBasics.Point{2, Float32}}}})
2025-08-27T07:33:47.1569080Z [0K    @ CairoMakie ~/.julia/packages/CairoMakie/VqiwS/src/infrastructure.jl:131
2025-08-27T07:33:47.1575300Z [0K  [9] cairo_draw(screen::CairoMakie.Screen{CairoMakie.IMAGE}, scene::Makie.Scene)
2025-08-27T07:33:47.1580630Z [0K    @ CairoMakie ~/.julia/packages/CairoMakie/VqiwS/src/infrastructure.jl:51
2025-08-27T07:33:47.1585600Z [0K [10] colorbuffer(screen::CairoMakie.Screen{CairoMakie.IMAGE})
2025-08-27T07:33:47.1591000Z [0K    @ CairoMakie ~/.julia/packages/CairoMakie/VqiwS/src/screen.jl:307
2025-08-27T07:33:47.1596700Z [0K [11] colorbuffer(screen::CairoMakie.Screen{CairoMakie.IMAGE}, format::Makie.ImageStorageFormat)
2025-08-27T07:33:47.1603020Z [0K    @ Makie ~/.julia/packages/Makie/RgxaV/src/display.jl:363
2025-08-27T07:33:47.1627050Z [0K [12] colorbuffer(fig::Makie.FigureAxisPlot, format::Makie.ImageStorageFormat; update::Bool, backend::Module, screen_config::@Kwargs{})
2025-08-27T07:33:47.1631830Z [0K    @ Makie ~/.julia/packages/Makie/RgxaV/src/display.jl:439
2025-08-27T07:33:47.1637660Z [0K [13] colorbuffer
2025-08-27T07:33:47.1643670Z [0K    @ ~/.julia/packages/Makie/RgxaV/src/display.jl:434 [inlined]
2025-08-27T07:33:47.1647460Z [0K [14] colorbuffer(fig::Makie.FigureAxisPlot)
2025-08-27T07:33:47.1653070Z [0K    @ Makie ~/.julia/packages/Makie/RgxaV/src/display.jl:434
2025-08-27T07:33:47.1656210Z [0K [15] top-level scope
2025-08-27T07:33:47.1661300Z [0K    @ ~/.julia/packages/Makie/RgxaV/precompile/shared-precompile.jl:6
2025-08-27T07:33:47.1664690Z [0K [16] include(mapexpr::Function, mod::Module, _path::String)
2025-08-27T07:33:47.1669200Z [0K    @ Base ./Base.jl:309
2025-08-27T07:33:47.1672850Z [0K [17] top-level scope
2025-08-27T07:33:47.1678060Z [0K    @ ~/.julia/packages/CairoMakie/VqiwS/src/precompiles.jl:11
2025-08-27T07:33:47.1681570Z [0K [18] macro expansion
2025-08-27T07:33:47.1685430Z [0K    @ ~/.julia/packages/PrecompileTools/Z8SWe/src/workloads.jl:73 [inlined]
2025-08-27T07:33:47.1688850Z [0K [19] macro expansion
2025-08-27T07:33:47.1693830Z [0K    @ ~/.julia/packages/CairoMakie/VqiwS/src/precompiles.jl:15 [inlined]
2025-08-27T07:33:47.1697160Z [0K [20] include(mapexpr::Function, mod::Module, _path::String)
2025-08-27T07:33:47.1702530Z [0K    @ Base ./Base.jl:309
2025-08-27T07:33:47.1711670Z [0K [21] top-level scope
2025-08-27T07:33:47.1715760Z [0K    @ ~/.julia/packages/CairoMakie/VqiwS/src/CairoMakie.jl:37
2025-08-27T07:33:47.1719680Z [0K [22] include(mod::Module, _path::String)
2025-08-27T07:33:47.1724850Z [0K    @ Base ./Base.jl:308
2025-08-27T07:33:47.1761040Z [0K [23] include_package_for_output(pkg::Base.PkgId, input::String, depot_path::Vector{String}, dl_load_path::Vector{String}, load_path::Vector{String}, concrete_deps::Vector{Pair{Base.PkgId, UInt128}}, source::Nothing)
2025-08-27T07:33:47.1765860Z [0K    @ Base ./loading.jl:3019
2025-08-27T07:33:47.1768980Z [0K [24] top-level scope
2025-08-27T07:33:47.1772560Z [0K    @ stdin:5
2025-08-27T07:33:47.1776050Z [0K [25] eval(m::Module, e::Any)
2025-08-27T07:33:47.1782200Z [0K    @ Core ./boot.jl:489
2025-08-27T07:33:47.1786260Z [0K [26] include_string(mapexpr::typeof(identity), mod::Module, code::String, filename::String)
2025-08-27T07:33:47.1792340Z [0K    @ Base ./loading.jl:2865
2025-08-27T07:33:47.1795750Z [0K [27] include_string
2025-08-27T07:33:47.1800730Z [0K    @ ./loading.jl:2875 [inlined]
2025-08-27T07:33:47.1805890Z [0K [28] exec_options(opts::Base.JLOptions)
2025-08-27T07:33:47.1811290Z [0K    @ Base ./client.jl:328
2025-08-27T07:33:47.1815810Z [0K [29] _start()
2025-08-27T07:33:47.1825270Z [0K    @ Base ./client.jl:563
2025-08-27T07:33:47.1828110Z [0Kin expression starting at /Users/runner/.julia/packages/Makie/RgxaV/precompile/shared-precompile.jl:4
2025-08-27T07:33:47.1828950Z [0Kin expression starting at /Users/runner/.julia/packages/CairoMakie/VqiwS/src/precompiles.jl:10
2025-08-27T07:33:47.1829920Z [0Kin expression starting at /Users/runner/.julia/packages/CairoMakie/VqiwS/src/CairoMakie.jl:1
2025-08-27T07:33:47.1831720Z [0Kin expression starting at stdin:5
2025-08-27T07:33:47.3145070Z               ✗ CairoMakie
2025-08-27T07:33:47.3278770Z   0 dependencies successfully precompiled in 20 seconds. 314 already precompiled.
2025-08-27T07:33:47.3284200Z 
2025-08-27T07:33:48.0432130Z ERROR: The following 1 direct dependency failed to precompile:
2025-08-27T07:33:48.0433160Z 
2025-08-27T07:33:48.0442810Z CairoMakie 
2025-08-27T07:33:48.0444570Z 
2025-08-27T07:33:48.0446000Z Failed to precompile CairoMakie [13f3f980-e62b-5c42-98c6-ff1f3baf88f0] to "/Users/runner/.julia/compiled/v1.13/CairoMakie/jl_0e54eh" (ProcessExited(1)).
2025-08-27T07:33:48.0461330Z ERROR: LoadError: FieldError: type Core.TypeName has no field `mt`, available fields: `name`, `module`, `singletonname`, `names`, `atomicfields`, `constfields`, `wrapper`, `Typeofwrapper`, `cache`, `linearcache`, `partial`, `hash`, `max_args`, `n_uninitialized`, `flags`, `cache_entry_count`, `max_methods`, `constprop_heuristic`
2025-08-27T07:33:48.0470470Z Stacktrace:
2025-08-27T07:33:48.0471310Z   [1] getproperty(x::Core.TypeName, f::Symbol)
2025-08-27T07:33:48.0483000Z     @ Base ./Base_compiler.jl:57
2025-08-27T07:33:48.0485890Z   [2] func2string(func::typeof(MakieCore.linesegments))
2025-08-27T07:33:48.0486400Z     @ MakieCore ~/.julia/packages/MakieCore/tAY2U/src/recipes.jl:9
2025-08-27T07:33:48.0486890Z   [3] plotkey(::Type{MakieCore.LineSegments{Tuple{Vector{GeometryBasics.Point{2, Float32}}}}})
2025-08-27T07:33:48.0487350Z     @ MakieCore ~/.julia/packages/MakieCore/tAY2U/src/recipes.jl:21
2025-08-27T07:33:48.0487860Z   [4] plotkey(::MakieCore.LineSegments{Tuple{Vector{GeometryBasics.Point{2, Float32}}}})
2025-08-27T07:33:48.0488300Z     @ MakieCore ~/.julia/packages/MakieCore/tAY2U/src/recipes.jl:22
2025-08-27T07:33:48.0488840Z   [5] get_attribute(dict::MakieCore.LineSegments{Tuple{Vector{GeometryBasics.Point{2, Float32}}}}, key::Symbol, default::Nothing)
2025-08-27T07:33:48.0489480Z     @ MakieCore ~/.julia/packages/MakieCore/tAY2U/src/attributes.jl:240
2025-08-27T07:33:48.0490030Z   [6] get_attribute(dict::MakieCore.LineSegments{Tuple{Vector{GeometryBasics.Point{2, Float32}}}}, key::Symbol)
2025-08-27T07:33:48.0490590Z     @ MakieCore ~/.julia/packages/MakieCore/tAY2U/src/attributes.jl:237
2025-08-27T07:33:48.0491250Z   [7] draw_atomic(scene::Makie.Scene, screen::CairoMakie.Screen{CairoMakie.IMAGE}, primitive::Union{MakieCore.Lines, MakieCore.LineSegments})
2025-08-27T07:33:48.0491820Z     @ CairoMakie ~/.julia/packages/CairoMakie/VqiwS/src/primitives.jl:6
2025-08-27T07:33:48.0492540Z   [8] draw_plot(scene::Makie.Scene, screen::CairoMakie.Screen{CairoMakie.IMAGE}, primitive::MakieCore.LineSegments{Tuple{Vector{GeometryBasics.Point{2, Float32}}}})
2025-08-27T07:33:48.0493980Z     @ CairoMakie ~/.julia/packages/CairoMakie/VqiwS/src/infrastructure.jl:131
2025-08-27T07:33:48.0495240Z   [9] cairo_draw(screen::CairoMakie.Screen{CairoMakie.IMAGE}, scene::Makie.Scene)
2025-08-27T07:33:48.0496360Z     @ CairoMakie ~/.julia/packages/CairoMakie/VqiwS/src/infrastructure.jl:51
2025-08-27T07:33:48.0497680Z  [10] colorbuffer(screen::CairoMakie.Screen{CairoMakie.IMAGE})
2025-08-27T07:33:48.0498690Z     @ CairoMakie ~/.julia/packages/CairoMakie/VqiwS/src/screen.jl:307
2025-08-27T07:33:48.0499870Z  [11] colorbuffer(screen::CairoMakie.Screen{CairoMakie.IMAGE}, format::Makie.ImageStorageFormat)
2025-08-27T07:33:48.0503210Z     @ Makie ~/.julia/packages/Makie/RgxaV/src/display.jl:363
2025-08-27T07:33:48.0504660Z  [12] colorbuffer(fig::Makie.FigureAxisPlot, format::Makie.ImageStorageFormat; update::Bool, backend::Module, screen_config::@Kwargs{})
2025-08-27T07:33:48.0506020Z     @ Makie ~/.julia/packages/Makie/RgxaV/src/display.jl:439
2025-08-27T07:33:48.0506830Z  [13] colorbuffer
2025-08-27T07:33:48.0507540Z     @ ~/.julia/packages/Makie/RgxaV/src/display.jl:434 [inlined]
2025-08-27T07:33:48.0508350Z  [14] colorbuffer(fig::Makie.FigureAxisPlot)
2025-08-27T07:33:48.0509270Z     @ Makie ~/.julia/packages/Makie/RgxaV/src/display.jl:434
2025-08-27T07:33:48.0509950Z  [15] top-level scope
2025-08-27T07:33:48.0512490Z     @ ~/.julia/packages/Makie/RgxaV/precompile/shared-precompile.jl:6
2025-08-27T07:33:48.0515130Z  [16] include(mapexpr::Function, mod::Module, _path::String)
2025-08-27T07:33:48.0515980Z     @ Base ./Base.jl:309
2025-08-27T07:33:48.0516530Z  [17] top-level scope
2025-08-27T07:33:48.0517220Z     @ ~/.julia/packages/CairoMakie/VqiwS/src/precompiles.jl:11
2025-08-27T07:33:48.0531270Z  [18] macro expansion
2025-08-27T07:33:48.0532210Z     @ ~/.julia/packages/PrecompileTools/Z8SWe/src/workloads.jl:73 [inlined]
2025-08-27T07:33:48.0533060Z  [19] macro expansion
2025-08-27T07:33:48.0533970Z     @ ~/.julia/packages/CairoMakie/VqiwS/src/precompiles.jl:15 [inlined]
2025-08-27T07:33:48.0535630Z  [20] include(mapexpr::Function, mod::Module, _path::String)
2025-08-27T07:33:48.0535990Z     @ Base ./Base.jl:309
2025-08-27T07:33:48.0536280Z  [21] top-level scope
2025-08-27T07:33:48.0536550Z     @ ~/.julia/packages/CairoMakie/VqiwS/src/CairoMakie.jl:37
2025-08-27T07:33:48.0536870Z  [22] include(mod::Module, _path::String)
2025-08-27T07:33:48.0537180Z     @ Base ./Base.jl:308
2025-08-27T07:33:48.0537800Z  [23] include_package_for_output(pkg::Base.PkgId, input::String, depot_path::Vector{String}, dl_load_path::Vector{String}, load_path::Vector{String}, concrete_deps::Vector{Pair{Base.PkgId, UInt128}}, source::Nothing)
2025-08-27T07:33:48.0538690Z     @ Base ./loading.jl:3019
2025-08-27T07:33:48.0559320Z  [24] top-level scope
2025-08-27T07:33:48.0559580Z     @ stdin:5
2025-08-27T07:33:48.0559830Z  [25] eval(m::Module, e::Any)
2025-08-27T07:33:48.0560100Z     @ Core ./boot.jl:489
2025-08-27T07:33:48.0560580Z  [26] include_string(mapexpr::typeof(identity), mod::Module, code::String, filename::String)
2025-08-27T07:33:48.0561030Z     @ Base ./loading.jl:2865
2025-08-27T07:33:48.0561280Z  [27] include_string
2025-08-27T07:33:48.0561580Z     @ ./loading.jl:2875 [inlined]
2025-08-27T07:33:48.0561860Z  [28] exec_options(opts::Base.JLOptions)
2025-08-27T07:33:48.0562150Z     @ Base ./client.jl:328
2025-08-27T07:33:48.0562470Z  [29] _start()
2025-08-27T07:33:48.0562700Z     @ Base ./client.jl:563
2025-08-27T07:33:48.0563150Z in expression starting at /Users/runner/.julia/packages/Makie/RgxaV/precompile/shared-precompile.jl:4
2025-08-27T07:33:48.0563850Z in expression starting at /Users/runner/.julia/packages/CairoMakie/VqiwS/src/precompiles.jl:10
2025-08-27T07:33:48.0564450Z in expression starting at /Users/runner/.julia/packages/CairoMakie/VqiwS/src/CairoMakie.jl:1
2025-08-27T07:33:48.0564890Z in expression starting at stdin:
2025-08-27T07:33:49.0688080Z ##[error]Process completed with exit code 1.
2025-08-27T07:33:49.1541480Z Post job cleanup.
2025-08-27T07:33:49.1586170Z Post job cleanup.
2025-08-27T07:33:52.5384690Z       Active manifest files: 1 found
2025-08-27T07:33:52.6748750Z       Active artifact files: 57 found
2025-08-27T07:33:52.6776300Z       Active scratchspaces: 0 found
2025-08-27T07:33:52.7158980Z      Deleted no artifacts, repos, packages or scratchspaces
2025-08-27T07:33:54.0553140Z No existing caches found on ref `refs/heads/main` matching restore key `julia-cache;workflow=CI;job=test;os=macOS;version=nightly;os=macOS-latest;arch=x64;`
2025-08-27T07:33:54.1480250Z Post job cleanup.
2025-08-27T07:33:54.4846690Z [command]/opt/homebrew/bin/git version
2025-08-27T07:33:54.5122030Z git version 2.50.1
2025-08-27T07:33:54.5177960Z Copying '/Users/runner/.gitconfig' to '/Users/runner/work/_temp/7ede9ca8-9dcd-4f98-b6d0-3687699c36e0/.gitconfig'
2025-08-27T07:33:54.5196610Z Temporarily overriding HOME='/Users/runner/work/_temp/7ede9ca8-9dcd-4f98-b6d0-3687699c36e0' before making global git config changes
2025-08-27T07:33:54.5198560Z Adding repository directory to the temporary git global config as a safe directory
2025-08-27T07:33:54.5205540Z [command]/opt/homebrew/bin/git config --global --add safe.directory /Users/runner/work/JuliaTestRocket/JuliaTestRocket
2025-08-27T07:33:54.5661150Z [command]/opt/homebrew/bin/git config --local --name-only --get-regexp core\.sshCommand
2025-08-27T07:33:54.5775220Z [command]/opt/homebrew/bin/git submodule foreach --recursive sh -c "git config --local --name-only --get-regexp 'core\.sshCommand' && git config --local --unset-all 'core.sshCommand' || :"
2025-08-27T07:33:54.7842820Z [command]/opt/homebrew/bin/git config --local --name-only --get-regexp http\.https\:\/\/github\.com\/\.extraheader
2025-08-27T07:33:54.7951110Z http.https://github.com/.extraheader
2025-08-27T07:33:54.8070460Z [command]/opt/homebrew/bin/git config --local --unset-all http.https://github.com/.extraheader
2025-08-27T07:33:54.8155350Z [command]/opt/homebrew/bin/git submodule foreach --recursive sh -c "git config --local --name-only --get-regexp 'http\.https\:\/\/github\.com\/\.extraheader' && git config --local --unset-all 'http.https://github.com/.extraheader' || :"
2025-08-27T07:33:54.9911180Z Cleaning up orphan processes
