2025-08-27T07:21:08.6251965Z Current runner version: '2.328.0'
2025-08-27T07:21:08.6283518Z ##[group]Runner Image Provisioner
2025-08-27T07:21:08.6284950Z Hosted Compute Agent
2025-08-27T07:21:08.6285927Z Version: 20250825.382
2025-08-27T07:21:08.6286819Z Commit: 7109f2abf901479dac39397456e363ac0cca0730
2025-08-27T07:21:08.6287829Z Build Date: 2025-08-25T22:55:50Z
2025-08-27T07:21:08.6288789Z ##[endgroup]
2025-08-27T07:21:08.6289909Z ##[group]Operating System
2025-08-27T07:21:08.6290853Z Microsoft Windows Server 2022
2025-08-27T07:21:08.6291802Z 10.0.20348
2025-08-27T07:21:08.6292595Z Datacenter
2025-08-27T07:21:08.6293363Z ##[endgroup]
2025-08-27T07:21:08.6294222Z ##[group]Runner Image
2025-08-27T07:21:08.6295078Z Image: windows-2022
2025-08-27T07:21:08.6295925Z Version: 20250817.1.0
2025-08-27T07:21:08.6297755Z Included Software: https://github.com/actions/runner-images/blob/win22/20250817.1/images/windows/Windows2022-Readme.md
2025-08-27T07:21:08.6301359Z Image Release: https://github.com/actions/runner-images/releases/tag/win22%2F20250817.1
2025-08-27T07:21:08.6303258Z ##[endgroup]
2025-08-27T07:21:08.6307807Z ##[group]GITHUB_TOKEN Permissions
2025-08-27T07:21:08.6310453Z Actions: write
2025-08-27T07:21:08.6311321Z Attestations: write
2025-08-27T07:21:08.6312106Z Checks: write
2025-08-27T07:21:08.6312810Z Contents: write
2025-08-27T07:21:08.6313599Z Deployments: write
2025-08-27T07:21:08.6314508Z Discussions: write
2025-08-27T07:21:08.6315438Z Issues: write
2025-08-27T07:21:08.6316331Z Metadata: read
2025-08-27T07:21:08.6317029Z Models: read
2025-08-27T07:21:08.6317752Z Packages: write
2025-08-27T07:21:08.6318489Z Pages: write
2025-08-27T07:21:08.6319206Z PullRequests: write
2025-08-27T07:21:08.6320039Z RepositoryProjects: write
2025-08-27T07:21:08.6321152Z SecurityEvents: write
2025-08-27T07:21:08.6322122Z Statuses: write
2025-08-27T07:21:08.6322979Z ##[endgroup]
2025-08-27T07:21:08.6325764Z Secret source: Actions
2025-08-27T07:21:08.6326727Z Prepare workflow directory
2025-08-27T07:21:08.6683705Z Prepare all required actions
2025-08-27T07:21:08.6720696Z Getting action download info
2025-08-27T07:21:08.9333296Z Download action repository 'actions/checkout@v4' (SHA:08eba0b27e820071cde6df949e0beb9ba4906955)
2025-08-27T07:21:09.3637592Z Download action repository 'julia-actions/setup-julia@v1' (SHA:ac0d62164df5a47de404f4e96ce86a1a28a28d56)
2025-08-27T07:21:09.6853276Z Download action repository 'julia-actions/cache@v1' (SHA:dc1a3cdeacb521b0ca93cfc66143fcadb15a5bd0)
2025-08-27T07:21:09.9364906Z Download action repository 'julia-actions/julia-processcoverage@v1' (SHA:03114f09f119417c3242a9fb6e0b722676aedf38)
2025-08-27T07:21:10.2898356Z Download action repository 'codecov/codecov-action@v3' (SHA:ab904c41d6ece82784817410c45d8b8c02684457)
2025-08-27T07:21:10.7926786Z Getting action download info
2025-08-27T07:21:10.9405832Z Download action repository 'dcarbone/install-jq-action@v2.1.0' (SHA:8867ddb4788346d7c22b72ea2e2ffe4d514c7bcb)
2025-08-27T07:21:11.1847374Z Download action repository 'actions/cache@4d4ae6ae148a43d0fd1eda1800170683e9882738' (SHA:4d4ae6ae148a43d0fd1eda1800170683e9882738)
2025-08-27T07:21:11.8435119Z Download action repository 'pyTooling/Actions@adef08d3bdef092282614f3b683897cefae82ee3' (SHA:adef08d3bdef092282614f3b683897cefae82ee3)
2025-08-27T07:21:12.2343196Z Complete job name: Julia 1.11 - windows-latest - x64
2025-08-27T07:21:12.3866408Z ##[group]Run actions/checkout@v4
2025-08-27T07:21:12.3867268Z with:
2025-08-27T07:21:12.3867573Z   repository: bakulev/JuliaTestRocket
2025-08-27T07:21:12.3868134Z   token: ***
2025-08-27T07:21:12.3868405Z   ssh-strict: true
2025-08-27T07:21:12.3868675Z   ssh-user: git
2025-08-27T07:21:12.3868953Z   persist-credentials: true
2025-08-27T07:21:12.3869260Z   clean: true
2025-08-27T07:21:12.3869531Z   sparse-checkout-cone-mode: true
2025-08-27T07:21:12.3869862Z   fetch-depth: 1
2025-08-27T07:21:12.3870123Z   fetch-tags: false
2025-08-27T07:21:12.3870361Z   show-progress: true
2025-08-27T07:21:12.3870571Z   lfs: false
2025-08-27T07:21:12.3872442Z   submodules: false
2025-08-27T07:21:12.3872685Z   set-safe-directory: true
2025-08-27T07:21:12.3873248Z ##[endgroup]
2025-08-27T07:21:12.5459416Z Syncing repository: bakulev/JuliaTestRocket
2025-08-27T07:21:12.5460757Z ##[group]Getting Git version info
2025-08-27T07:21:12.5461237Z Working directory is 'D:\a\JuliaTestRocket\JuliaTestRocket'
2025-08-27T07:21:12.6571580Z [command]"C:\Program Files\Git\bin\git.exe" version
2025-08-27T07:21:12.9373739Z git version 2.50.1.windows.1
2025-08-27T07:21:12.9433397Z ##[endgroup]
2025-08-27T07:21:12.9452773Z Temporarily overriding HOME='D:\a\_temp\b3b07f12-6f74-4005-b49e-c248af53a27a' before making global git config changes
2025-08-27T07:21:12.9453639Z Adding repository directory to the temporary git global config as a safe directory
2025-08-27T07:21:12.9464772Z [command]"C:\Program Files\Git\bin\git.exe" config --global --add safe.directory D:\a\JuliaTestRocket\JuliaTestRocket
2025-08-27T07:21:12.9863020Z Deleting the contents of 'D:\a\JuliaTestRocket\JuliaTestRocket'
2025-08-27T07:21:12.9868549Z ##[group]Initializing the repository
2025-08-27T07:21:12.9878176Z [command]"C:\Program Files\Git\bin\git.exe" init D:\a\JuliaTestRocket\JuliaTestRocket
2025-08-27T07:21:13.0365143Z Initialized empty Git repository in D:/a/JuliaTestRocket/JuliaTestRocket/.git/
2025-08-27T07:21:13.0398958Z [command]"C:\Program Files\Git\bin\git.exe" remote add origin https://github.com/bakulev/JuliaTestRocket
2025-08-27T07:21:13.0802775Z ##[endgroup]
2025-08-27T07:21:13.0803562Z ##[group]Disabling automatic garbage collection
2025-08-27T07:21:13.0813054Z [command]"C:\Program Files\Git\bin\git.exe" config --local gc.auto 0
2025-08-27T07:21:13.1080135Z ##[endgroup]
2025-08-27T07:21:13.1080819Z ##[group]Setting up auth
2025-08-27T07:21:13.1094175Z [command]"C:\Program Files\Git\bin\git.exe" config --local --name-only --get-regexp core\.sshCommand
2025-08-27T07:21:13.1346048Z [command]"C:\Program Files\Git\bin\git.exe" submodule foreach --recursive "sh -c \"git config --local --name-only --get-regexp 'core\.sshCommand' && git config --local --unset-all 'core.sshCommand' || :\""
2025-08-27T07:21:14.2466382Z [command]"C:\Program Files\Git\bin\git.exe" config --local --name-only --get-regexp http\.https\:\/\/github\.com\/\.extraheader
2025-08-27T07:21:14.2690103Z [command]"C:\Program Files\Git\bin\git.exe" submodule foreach --recursive "sh -c \"git config --local --name-only --get-regexp 'http\.https\:\/\/github\.com\/\.extraheader' && git config --local --unset-all 'http.https://github.com/.extraheader' || :\""
2025-08-27T07:21:14.6741287Z [command]"C:\Program Files\Git\bin\git.exe" config --local http.https://github.com/.extraheader "AUTHORIZATION: basic ***"
2025-08-27T07:21:14.6970232Z ##[endgroup]
2025-08-27T07:21:14.6983247Z ##[group]Fetching the repository
2025-08-27T07:21:14.6984577Z [command]"C:\Program Files\Git\bin\git.exe" -c protocol.version=2 fetch --no-tags --prune --no-recurse-submodules --depth=1 origin +048c831dcbcc177572e3761b8279a61c28f21783:refs/remotes/origin/main
2025-08-27T07:21:15.5186461Z From https://github.com/bakulev/JuliaTestRocket
2025-08-27T07:21:15.5187502Z  * [new ref]         048c831dcbcc177572e3761b8279a61c28f21783 -> origin/main
2025-08-27T07:21:15.5443967Z ##[endgroup]
2025-08-27T07:21:15.5444417Z ##[group]Determining the checkout info
2025-08-27T07:21:15.5450287Z ##[endgroup]
2025-08-27T07:21:15.5458438Z [command]"C:\Program Files\Git\bin\git.exe" sparse-checkout disable
2025-08-27T07:21:15.5772293Z [command]"C:\Program Files\Git\bin\git.exe" config --local --unset-all extensions.worktreeConfig
2025-08-27T07:21:15.6014935Z ##[group]Checking out the ref
2025-08-27T07:21:15.6015489Z [command]"C:\Program Files\Git\bin\git.exe" checkout --progress --force -B main refs/remotes/origin/main
2025-08-27T07:21:15.6656213Z branch 'main' set up to track 'origin/main'.
2025-08-27T07:21:15.6661980Z Switched to a new branch 'main'
2025-08-27T07:21:15.6687961Z ##[endgroup]
2025-08-27T07:21:15.6985242Z [command]"C:\Program Files\Git\bin\git.exe" log -1 --format=%H
2025-08-27T07:21:15.7191757Z 048c831dcbcc177572e3761b8279a61c28f21783
2025-08-27T07:21:15.7541183Z ##[group]Run julia-actions/setup-julia@v1
2025-08-27T07:21:15.7541517Z with:
2025-08-27T07:21:15.7541720Z   version: 1.11
2025-08-27T07:21:15.7541935Z   arch: x64
2025-08-27T07:21:15.7542105Z   include-all-prereleases: false
2025-08-27T07:21:15.7542329Z   show-versioninfo: false
2025-08-27T07:21:15.7542529Z ##[endgroup]
2025-08-27T07:21:20.8528700Z [command]C:\Windows\System32\WindowsPowerShell\v1.0\powershell.exe -Command "tar xf D:\a\_temp\7088a2b7-52a7-4eed-b376-0308c4447006 --strip-components=1 -C C:\hostedtoolcache\windows\julia\1.11.6\x64"
2025-08-27T07:21:34.3839009Z [command]C:\hostedtoolcache\windows\julia\1.11.6\x64\bin\julia.exe --version
2025-08-27T07:21:34.6339932Z julia version 1.11.6
2025-08-27T07:21:34.6655041Z ##[group]Run julia-actions/cache@v1
2025-08-27T07:21:34.6655373Z with:
2025-08-27T07:21:34.6655594Z   cache-name: julia-cache;workflow=CI;job=test
2025-08-27T07:21:34.6655881Z   include-matrix: true
2025-08-27T07:21:34.6656077Z   cache-artifacts: true
2025-08-27T07:21:34.6656257Z   cache-packages: true
2025-08-27T07:21:34.6656444Z   cache-registries: true
2025-08-27T07:21:34.6656635Z   cache-compiled: true
2025-08-27T07:21:34.6656833Z   cache-scratchspaces: true
2025-08-27T07:21:34.6657032Z   cache-logs: true
2025-08-27T07:21:34.6657199Z   delete-old-caches: true
2025-08-27T07:21:34.6657521Z   token: ***
2025-08-27T07:21:34.6657687Z ##[endgroup]
2025-08-27T07:21:34.6835876Z ##[group]Run if [ -n "" ]; then
2025-08-27T07:21:34.6836162Z [36;1mif [ -n "" ]; then[0m
2025-08-27T07:21:34.6836387Z [36;1m    depot=""[0m
2025-08-27T07:21:34.6836604Z [36;1melif [ -n "$JULIA_DEPOT_PATH" ]; then[0m
2025-08-27T07:21:34.6836865Z [36;1m    # Use the first depot path[0m
2025-08-27T07:21:34.6837222Z [36;1m    depot=$(echo $JULIA_DEPOT_PATH | cut -d$PATH_DELIMITER -f1)[0m
2025-08-27T07:21:34.6837515Z [36;1melse[0m
2025-08-27T07:21:34.6837680Z [36;1m    depot="~/.julia"[0m
2025-08-27T07:21:34.6837881Z [36;1mfi[0m
2025-08-27T07:21:34.6838075Z [36;1mecho "depot=$depot" | tee -a "$GITHUB_OUTPUT"[0m
2025-08-27T07:21:34.6838317Z [36;1m[0m
2025-08-27T07:21:34.6838459Z [36;1mcache_paths=()[0m
2025-08-27T07:21:34.6838667Z [36;1martifacts_path="${depot}/artifacts"[0m
2025-08-27T07:21:34.6838949Z [36;1m[ "true" = "true" ] && cache_paths+=("$artifacts_path")[0m
2025-08-27T07:21:34.6839229Z [36;1mpackages_path="${depot}/packages"[0m
2025-08-27T07:21:34.6839498Z [36;1m[ "true" = "true" ] && cache_paths+=("$packages_path")[0m
2025-08-27T07:21:34.6839783Z [36;1mregistries_path="${depot}/registries"[0m
2025-08-27T07:21:34.6840021Z [36;1mif [ "true" = "true" ]; then[0m
2025-08-27T07:21:34.6840277Z [36;1m    if [ ! -d "${registries_path/#\~/$HOME}" ]; then[0m
2025-08-27T07:21:34.6840554Z [36;1m        cache_paths+=("$registries_path")[0m
2025-08-27T07:21:34.6840778Z [36;1m    else[0m
2025-08-27T07:21:34.6841560Z [36;1m        echo "::warning::Julia depot registries already exist. Skipping restoring of cached registries to avoid potential merge conflicts when updating. Please ensure that \`julia-actions/cache\` precedes any workflow steps which add registries."[0m
2025-08-27T07:21:34.6842381Z [36;1m    fi[0m
2025-08-27T07:21:34.6842524Z [36;1mfi[0m
2025-08-27T07:21:34.6842696Z [36;1mcompiled_path="${depot}/compiled"[0m
2025-08-27T07:21:34.6842962Z [36;1m[ "true" = "true" ] && cache_paths+=("$compiled_path")[0m
2025-08-27T07:21:34.6843266Z [36;1mscratchspaces_path="${depot}/scratchspaces"[0m
2025-08-27T07:21:34.6843568Z [36;1m[ "true" = "true" ] && cache_paths+=("$scratchspaces_path")[0m
2025-08-27T07:21:34.6843836Z [36;1mlogs_path="${depot}/logs"[0m
2025-08-27T07:21:34.6844087Z [36;1m[ "true" = "true" ] && cache_paths+=("$logs_path")[0m
2025-08-27T07:21:34.6844323Z [36;1m{[0m
2025-08-27T07:21:34.6844480Z [36;1m    echo "cache-paths<<EOF"[0m
2025-08-27T07:21:34.6844709Z [36;1m    printf "%s\n" "${cache_paths[@]}"[0m
2025-08-27T07:21:34.6845115Z [36;1m    echo "EOF"[0m
2025-08-27T07:21:34.6845300Z [36;1m} | tee -a "$GITHUB_OUTPUT"[0m
2025-08-27T07:21:34.6861326Z shell: C:\Program Files\Git\bin\bash.EXE --noprofile --norc -e -o pipefail {0}
2025-08-27T07:21:34.6861670Z env:
2025-08-27T07:21:34.6861827Z   PATH_DELIMITER: ;
2025-08-27T07:21:34.6862005Z ##[endgroup]
2025-08-27T07:21:34.8398632Z depot=~/.julia
2025-08-27T07:21:34.8644446Z cache-paths<<EOF
2025-08-27T07:21:34.8645284Z ~/.julia/artifacts
2025-08-27T07:21:34.8645627Z ~/.julia/packages
2025-08-27T07:21:34.8645837Z ~/.julia/registries
2025-08-27T07:21:34.8646027Z ~/.julia/compiled
2025-08-27T07:21:34.8646193Z ~/.julia/scratchspaces
2025-08-27T07:21:34.8646441Z ~/.julia/logs
2025-08-27T07:21:34.8646624Z EOF
2025-08-27T07:21:34.8877839Z ##[group]Run # `matrix_key` joins all of matrix keys/values (including nested objects) to ensure that concurrent runs each use a unique cache key.
2025-08-27T07:21:34.8879301Z [36;1m# `matrix_key` joins all of matrix keys/values (including nested objects) to ensure that concurrent runs each use a unique cache key.[0m
2025-08-27T07:21:34.8880301Z [36;1m# When `matrix` isn't set for the job then `MATRIX_JSON=null`.[0m
2025-08-27T07:21:34.8880877Z [36;1mif [ "true" == "true" ] && [ "$MATRIX_JSON" != "null" ]; then[0m
2025-08-27T07:21:34.8881729Z [36;1m  matrix_key=$(echo "$MATRIX_JSON" | jq 'paths(type != "object") as $p | ($p | join("-")) + "=" + (getpath($p) | tostring)' | jq -rs 'join(";") | . + ";"')[0m
2025-08-27T07:21:34.8882495Z [36;1mfi[0m
2025-08-27T07:21:34.8882961Z [36;1mrestore_key="julia-cache;workflow=CI;job=test;os=Windows;${matrix_key}"[0m
2025-08-27T07:21:34.8883568Z [36;1m# URL encode any restricted characters:[0m
2025-08-27T07:21:34.8884512Z [36;1m# https://github.com/actions/toolkit/blob/5430c5d84832076372990c7c27f900878ff66dc9/packages/cache/src/cache.ts#L38-L43[0m
2025-08-27T07:21:34.8885499Z [36;1mrestore_key=$(sed 's/,/%2C/g' <<<"${restore_key}")[0m
2025-08-27T07:21:34.8886031Z [36;1mkey="${restore_key}run_id=17260080498;run_attempt=1"[0m
2025-08-27T07:21:34.8886583Z [36;1mecho "restore-key=${restore_key}" >> $GITHUB_OUTPUT[0m
2025-08-27T07:21:34.8887069Z [36;1mecho "key=${key}" >> $GITHUB_OUTPUT[0m
2025-08-27T07:21:34.8903010Z shell: C:\Program Files\Git\bin\bash.EXE --noprofile --norc -e -o pipefail {0}
2025-08-27T07:21:34.8903554Z env:
2025-08-27T07:21:34.8903948Z   MATRIX_JSON: {
  "version": "1.11",
  "os": "windows-latest",
  "arch": "x64"
}
2025-08-27T07:21:34.8904441Z ##[endgroup]
2025-08-27T07:21:35.1323606Z ##[group]Run actions/cache@4d4ae6ae148a43d0fd1eda1800170683e9882738
2025-08-27T07:21:35.1323907Z with:
2025-08-27T07:21:35.1324356Z   path: ~/.julia/artifacts
~/.julia/packages
~/.julia/registries
~/.julia/compiled
~/.julia/scratchspaces
~/.julia/logs

2025-08-27T07:21:35.1325048Z   key: julia-cache;workflow=CI;job=test;os=Windows;version=1.11;os=windows-latest;arch=x64;run_id=17260080498;run_attempt=1
2025-08-27T07:21:35.1325650Z   restore-keys: julia-cache;workflow=CI;job=test;os=Windows;version=1.11;os=windows-latest;arch=x64;
2025-08-27T07:21:35.1326052Z   enableCrossOsArchive: false
2025-08-27T07:21:35.1326262Z   fail-on-cache-miss: false
2025-08-27T07:21:35.1326444Z   lookup-only: false
2025-08-27T07:21:35.1326610Z ##[endgroup]
2025-08-27T07:21:35.6055244Z ##[warning]Failed to restore: Cache service responded with 400
2025-08-27T07:21:35.6056988Z Cache not found for input keys: julia-cache;workflow=CI;job=test;os=Windows;version=1.11;os=windows-latest;arch=x64;run_id=17260080498;run_attempt=1, julia-cache;workflow=CI;job=test;os=Windows;version=1.11;os=windows-latest;arch=x64;
2025-08-27T07:21:35.6209738Z ##[group]Run mkdir -p ~/.julia
2025-08-27T07:21:35.6209975Z [36;1mmkdir -p ~/.julia[0m
2025-08-27T07:21:35.6210207Z [36;1mdu -shc ~/.julia/* || true[0m
2025-08-27T07:21:35.6221553Z shell: C:\Program Files\Git\bin\bash.EXE --noprofile --norc -e -o pipefail {0}
2025-08-27T07:21:35.6221911Z ##[endgroup]
2025-08-27T07:21:35.7269422Z du: cannot access '/c/Users/runneradmin/.julia/*': No such file or directory
2025-08-27T07:21:35.7270058Z 0	total
2025-08-27T07:21:35.7422235Z ##[group]Run pyTooling/Actions/with-post-step@adef08d3bdef092282614f3b683897cefae82ee3
2025-08-27T07:21:35.7422604Z with:
2025-08-27T07:21:35.7422761Z   main: echo ""
2025-08-27T07:21:35.7423371Z   post: cd %GITHUB_ACTION_PATH% && julia handle_caches.jl rm "bakulev/JuliaTestRocket" "julia-cache;workflow=CI;job=test;os=Windows;version=1.11;os=windows-latest;arch=x64;" "refs/heads/main" "true"
2025-08-27T07:21:35.7424017Z   key: POST
2025-08-27T07:21:35.7424163Z env:
2025-08-27T07:21:35.7424763Z   GH_TOKEN: ***
2025-08-27T07:21:35.7424948Z ##[endgroup]
2025-08-27T07:21:35.7908217Z ""
2025-08-27T07:21:35.8055327Z ##[group]Run echo "cache-hit=$CACHE_HIT" >> $GITHUB_OUTPUT
2025-08-27T07:21:35.8055680Z [36;1mecho "cache-hit=$CACHE_HIT" >> $GITHUB_OUTPUT[0m
2025-08-27T07:21:35.8066737Z shell: C:\Program Files\Git\bin\bash.EXE --noprofile --norc -e -o pipefail {0}
2025-08-27T07:21:35.8067084Z env:
2025-08-27T07:21:35.8067234Z   CACHE_HIT: 
2025-08-27T07:21:35.8067388Z ##[endgroup]
2025-08-27T07:21:35.8490234Z ##[group]Run julia --project=. -e "
2025-08-27T07:21:35.8490589Z [36;1mjulia --project=. -e "[0m
2025-08-27T07:21:35.8490813Z [36;1m  using Pkg[0m
2025-08-27T07:21:35.8490994Z [36;1m  Pkg.instantiate()[0m
2025-08-27T07:21:35.8491198Z [36;1m  Pkg.precompile()[0m
2025-08-27T07:21:35.8491379Z [36;1m"[0m
2025-08-27T07:21:35.8502201Z shell: C:\Program Files\Git\bin\bash.EXE --noprofile --norc -e -o pipefail {0}
2025-08-27T07:21:35.8502542Z ##[endgroup]
2025-08-27T07:21:37.6418884Z   Installing known registries into `C:\Users\runneradmin\.julia`
2025-08-27T07:21:39.6522768Z        Added `General` registry to C:\Users\runneradmin\.julia\registries
2025-08-27T07:21:40.7500368Z     Updating registry at `C:\Users\runneradmin\.julia\registries\General.toml`
2025-08-27T07:21:42.7653698Z    Installed StaticArrays ───── v1.9.14
2025-08-27T07:21:42.7679480Z    Installed StaticArraysCore ─ v1.4.3
2025-08-27T07:21:42.7737323Z    Installed Observables ────── v0.5.5
2025-08-27T07:21:42.7826758Z    Installed Preferences ────── v1.5.0
2025-08-27T07:21:42.7872321Z    Installed PrecompileTools ── v1.2.1
2025-08-27T07:21:43.3933427Z     Updating `D:\a\JuliaTestRocket\JuliaTestRocket\Project.toml`
2025-08-27T07:21:43.4315241Z   [510215fc] + Observables v0.5.5
2025-08-27T07:21:43.4317528Z   [90137ffa] + StaticArrays v1.9.14
2025-08-27T07:21:43.4320758Z   [ade2ca70] ~ Dates ⇒ v1.11.0
2025-08-27T07:21:43.4323148Z   [56ddb016] ~ Logging ⇒ v1.11.0
2025-08-27T07:21:43.4326798Z     Updating `D:\a\JuliaTestRocket\JuliaTestRocket\Manifest.toml`
2025-08-27T07:21:43.4539543Z   [510215fc] + Observables v0.5.5
2025-08-27T07:21:43.4542710Z ⌅ [aea7be01] + PrecompileTools v1.2.1
2025-08-27T07:21:43.4544992Z   [21216c6a] + Preferences v1.5.0
2025-08-27T07:21:43.4547044Z   [90137ffa] + StaticArrays v1.9.14
2025-08-27T07:21:43.4549469Z   [1e83bf80] + StaticArraysCore v1.4.3
2025-08-27T07:21:43.4552293Z   [56f22d72] + Artifacts v1.11.0
2025-08-27T07:21:43.4555025Z   [ade2ca70] + Dates v1.11.0
2025-08-27T07:21:43.4557747Z   [8f399da3] + Libdl v1.11.0
2025-08-27T07:21:43.4560363Z   [37e2e46d] + LinearAlgebra v1.11.0
2025-08-27T07:21:43.4562872Z   [56ddb016] + Logging v1.11.0
2025-08-27T07:21:43.4565531Z   [de0858da] + Printf v1.11.0
2025-08-27T07:21:43.4568081Z   [9a3f8284] + Random v1.11.0
2025-08-27T07:21:43.4570344Z   [ea8e919c] + SHA v0.7.0
2025-08-27T07:21:43.4573061Z   [fa267f1f] + TOML v1.0.3
2025-08-27T07:21:43.4575545Z   [4ec0a83e] + Unicode v1.11.0
2025-08-27T07:21:43.4578085Z   [e66e0078] + CompilerSupportLibraries_jll v1.1.1+0
2025-08-27T07:21:43.4580317Z   [4536629a] + OpenBLAS_jll v0.3.27+1
2025-08-27T07:21:43.4582718Z   [8e850b90] + libblastrampoline_jll v5.11.0+0
2025-08-27T07:21:43.4585441Z         Info Packages marked with ⌅ have new versions available but compatibility constraints restrict them from upgrading. To see why use `status --outdated -m`
2025-08-27T07:21:43.4968877Z Precompiling project...
2025-08-27T07:21:44.1050493Z     607.9 ms  ✓ StaticArraysCore
2025-08-27T07:21:44.1184997Z     563.2 ms  ✓ Observables
2025-08-27T07:21:44.3602179Z     798.3 ms  ✓ Preferences
2025-08-27T07:21:44.8234081Z     462.8 ms  ✓ PrecompileTools
2025-08-27T07:21:51.8716008Z    7047.7 ms  ✓ StaticArrays
2025-08-27T07:21:53.0139908Z    1142.0 ms  ✓ PointController
2025-08-27T07:21:53.0141749Z   6 dependencies successfully precompiled in 10 seconds. 6 already precompiled.
2025-08-27T07:21:53.1950632Z ##[group]Run julia --project=. -e "
2025-08-27T07:21:53.1951008Z [36;1mjulia --project=. -e "[0m
2025-08-27T07:21:53.1951236Z [36;1m  using Pkg[0m
2025-08-27T07:21:53.1951460Z [36;1m  # Use CairoMakie for CI (no display required)[0m
2025-08-27T07:21:53.1951744Z [36;1m  Pkg.add(\"CairoMakie\")[0m
2025-08-27T07:21:53.1951963Z [36;1m  using CairoMakie[0m
2025-08-27T07:21:53.1952173Z [36;1m  CairoMakie.activate!()[0m
2025-08-27T07:21:53.1952417Z [36;1m  Pkg.test(coverage=true)[0m
2025-08-27T07:21:53.1952618Z [36;1m"[0m
2025-08-27T07:21:53.1963673Z shell: C:\Program Files\Git\bin\bash.EXE --noprofile --norc -e -o pipefail {0}
2025-08-27T07:21:53.1964012Z env:
2025-08-27T07:21:53.1964169Z   JULIA_NUM_THREADS: 2
2025-08-27T07:21:53.1964341Z ##[endgroup]
2025-08-27T07:21:55.9032791Z     Updating registry at `C:\Users\runneradmin\.julia\registries\General.toml`
2025-08-27T07:21:55.9168243Z    Resolving package versions...
2025-08-27T07:21:59.7850476Z    Installed Libmount_jll ──────────────── v2.41.1+0
2025-08-27T07:21:59.8995836Z    Installed x265_jll ──────────────────── v4.1.0+0
2025-08-27T07:21:59.9071670Z    Installed AxisArrays ────────────────── v0.4.7
2025-08-27T07:21:59.9510584Z    Installed ImageIO ───────────────────── v0.6.9
2025-08-27T07:22:00.0244907Z    Installed JpegTurbo_jll ─────────────── v3.1.2+0
2025-08-27T07:22:00.1449012Z    Installed OffsetArrays ──────────────── v1.17.0
2025-08-27T07:22:00.1746064Z    Installed libfdk_aac_jll ────────────── v2.0.4+0
2025-08-27T07:22:00.2090722Z    Installed TiffImages ────────────────── v0.11.6
2025-08-27T07:22:00.7695627Z    Installed LERC_jll ──────────────────── v4.0.1+0
2025-08-27T07:22:00.8371564Z    Installed StatsFuns ─────────────────── v1.5.0
2025-08-27T07:22:00.8867111Z    Installed HypergeometricFunctions ───── v0.3.28
2025-08-27T07:22:00.9084305Z    Installed JpegTurbo ─────────────────── v0.1.6
2025-08-27T07:22:00.9109394Z    Installed PNGFiles ──────────────────── v0.4.4
2025-08-27T07:22:00.9114942Z    Installed FFTW ──────────────────────── v1.9.0
2025-08-27T07:22:00.9891195Z    Installed Permutations ──────────────── v0.4.23
2025-08-27T07:22:01.1107343Z    Installed Opus_jll ──────────────────── v1.5.2+0
2025-08-27T07:22:02.5620683Z    Installed Multisets ─────────────────── v0.4.5
2025-08-27T07:22:02.7071580Z    Installed RelocatableFolders ────────── v1.0.1
2025-08-27T07:22:02.7239248Z    Installed Contour ───────────────────── v0.6.3
2025-08-27T07:22:02.7306458Z    Installed Sixel ─────────────────────── v0.1.5
2025-08-27T07:22:02.8766753Z    Installed PDMats ────────────────────── v0.11.35
2025-08-27T07:22:02.8780548Z    Installed StableHashTraits ──────────── v1.3.4
2025-08-27T07:22:02.9718247Z    Installed EarCut_jll ────────────────── v2.2.4+0
2025-08-27T07:22:03.1118354Z    Installed ProgressMeter ─────────────── v1.11.0
2025-08-27T07:22:03.4529011Z    Installed Grisu ─────────────────────── v1.0.2
2025-08-27T07:22:03.4592177Z    Installed PlotUtils ─────────────────── v1.4.3
2025-08-27T07:22:03.4815317Z    Installed OpenEXR ───────────────────── v0.3.3
2025-08-27T07:22:03.6338105Z    Installed Formatting ────────────────── v0.4.3
2025-08-27T07:22:03.6358245Z    Installed BaseDirs ──────────────────── v1.3.2
2025-08-27T07:22:03.6623860Z    Installed EnumX ─────────────────────── v1.0.5
2025-08-27T07:22:04.3774112Z    Installed Fontconfig_jll ────────────── v2.17.1+0
2025-08-27T07:22:04.3813900Z    Installed IntelOpenMP_jll ───────────── v2025.2.0+0
2025-08-27T07:22:04.3895153Z    Installed CEnum ─────────────────────── v0.5.0
2025-08-27T07:22:04.4241982Z    Installed Statistics ────────────────── v1.11.1
2025-08-27T07:22:04.4451406Z    Installed Cairo_jll ─────────────────── v1.18.5+0
2025-08-27T07:22:04.4528140Z    Installed FileIO ────────────────────── v1.17.0
2025-08-27T07:22:04.5781857Z    Installed Polynomials ───────────────── v4.0.21
2025-08-27T07:22:04.7390819Z    Installed ColorSchemes ──────────────── v3.30.0
2025-08-27T07:22:05.0734947Z    Installed Mods ──────────────────────── v2.2.6
2025-08-27T07:22:05.0823617Z    Installed Xorg_libXau_jll ───────────── v1.0.13+0
2025-08-27T07:22:05.0897145Z    Installed SignedDistanceFields ──────── v0.4.0
2025-08-27T07:22:05.0938806Z    Installed Netpbm ────────────────────── v1.1.1
2025-08-27T07:22:05.1868877Z    Installed RoundingEmulator ──────────── v0.2.1
2025-08-27T07:22:05.2122058Z    Installed Missings ──────────────────── v1.2.0
2025-08-27T07:22:05.2127708Z    Installed TupleTools ────────────────── v1.6.0
2025-08-27T07:22:05.3760907Z    Installed FiniteDiff ────────────────── v2.28.1
2025-08-27T07:22:05.5008607Z    Installed Showoff ───────────────────── v1.0.3
2025-08-27T07:22:05.5051380Z    Installed TriplotBase ───────────────── v0.1.0
2025-08-27T07:22:05.5397422Z    Installed IrrationalConstants ───────── v0.2.4
2025-08-27T07:22:05.5495481Z    Installed SIMD ──────────────────────── v3.7.1
2025-08-27T07:22:05.7208249Z    Installed Giflib_jll ────────────────── v5.2.3+0
2025-08-27T07:22:06.0359054Z    Installed AbstractLattices ──────────── v0.3.1
2025-08-27T07:22:06.7657852Z    Installed JSON ──────────────────────── v0.21.4
2025-08-27T07:22:06.7742698Z    Installed Pango_jll ─────────────────── v1.56.3+0
2025-08-27T07:22:06.9539874Z    Installed OpenBLASConsistentFPCSR_jll ─ v0.3.29+0
2025-08-27T07:22:06.9820458Z    Installed SimpleRandom ──────────────── v0.3.2
2025-08-27T07:22:06.9879958Z    Installed MathTeXEngine ─────────────── v0.5.7
2025-08-27T07:22:07.0115816Z    Installed PolygonOps ────────────────── v0.1.2
2025-08-27T07:22:07.0146572Z    Installed PtrArrays ─────────────────── v1.3.0
2025-08-27T07:22:07.4302730Z    Installed SimpleGraphs ──────────────── v0.8.7
2025-08-27T07:22:07.5673199Z    Installed Bzip2_jll ─────────────────── v1.0.9+0
2025-08-27T07:22:07.5755161Z    Installed ADTypes ───────────────────── v1.17.0
2025-08-27T07:22:07.5972053Z    Installed XZ_jll ────────────────────── v5.8.1+0
2025-08-27T07:22:07.6050473Z    Installed QOI ───────────────────────── v1.0.1
2025-08-27T07:22:07.6473942Z    Installed SpecialFunctions ──────────── v2.5.1
2025-08-27T07:22:07.6484823Z    Installed isoband_jll ───────────────── v0.2.3+0
2025-08-27T07:22:07.6485413Z    Installed HarfBuzz_jll ──────────────── v8.5.1+0
2025-08-27T07:22:08.0090205Z    Installed LZO_jll ───────────────────── v2.10.3+0
2025-08-27T07:22:08.0541249Z    Installed FriBidi_jll ───────────────── v1.0.17+0
2025-08-27T07:22:08.0594744Z    Installed NaNMath ───────────────────── v1.1.3
2025-08-27T07:22:08.0755693Z    Installed PkgVersion ────────────────── v0.3.3
2025-08-27T07:22:08.1405100Z    Installed PikaParser ────────────────── v0.6.1
2025-08-27T07:22:08.1630531Z    Installed TranscodingStreams ────────── v0.11.3
2025-08-27T07:22:08.1983038Z    Installed NLSolversBase ─────────────── v7.10.0
2025-08-27T07:22:08.1993071Z    Installed WebP ──────────────────────── v0.1.3
2025-08-27T07:22:08.3702707Z    Installed UnicodeFun ────────────────── v0.4.1
2025-08-27T07:22:08.5609214Z    Installed Rmath_jll ─────────────────── v0.5.1+0
2025-08-27T07:22:08.5813735Z    Installed x264_jll ──────────────────── v10164.0.1+0
2025-08-27T07:22:08.5866190Z    Installed ImageMetadata ─────────────── v0.9.10
2025-08-27T07:22:08.6563256Z    Installed Graphics ──────────────────── v1.1.3
2025-08-27T07:22:08.7727560Z    Installed Ratios ────────────────────── v0.4.5
2025-08-27T07:22:08.8278997Z    Installed DataStructures ────────────── v0.18.22
2025-08-27T07:22:08.8840879Z    Installed Colors ────────────────────── v0.12.11
2025-08-27T07:22:08.9646199Z    Installed FreeType ──────────────────── v4.1.1
2025-08-27T07:22:09.1242515Z    Installed FreeType2_jll ─────────────── v2.13.4+0
2025-08-27T07:22:09.1455466Z    Installed MappedArrays ──────────────── v0.4.2
2025-08-27T07:22:09.1786890Z    Installed PaddedViews ───────────────── v0.5.12
2025-08-27T07:22:09.1824223Z    Installed CommonSubexpressions ──────── v0.3.1
2025-08-27T07:22:09.3468596Z    Installed StatsAPI ──────────────────── v1.7.1
2025-08-27T07:22:09.4145553Z    Installed Compat ────────────────────── v4.18.0
2025-08-27T07:22:09.4322689Z    Installed LinearAlgebraX ────────────── v0.2.10
2025-08-27T07:22:09.4557089Z    Installed GridLayoutBase ────────────── v0.9.2
2025-08-27T07:22:09.9033684Z    Installed MosaicViews ───────────────── v0.3.4
2025-08-27T07:22:09.9205256Z    Installed StatsBase ─────────────────── v0.34.6
2025-08-27T07:22:09.9288475Z    Installed Xorg_libxcb_jll ───────────── v1.17.1+0
2025-08-27T07:22:09.9312061Z    Installed LazyModules ───────────────── v0.3.1
2025-08-27T07:22:09.9544019Z    Installed Automa ────────────────────── v1.1.0
2025-08-27T07:22:10.1439821Z    Installed libpng_jll ────────────────── v1.6.50+0
2025-08-27T07:22:10.1633472Z    Installed libaom_jll ────────────────── v3.12.1+0
2025-08-27T07:22:10.1634235Z    Installed StructTypes ───────────────── v1.11.0
2025-08-27T07:22:10.7546357Z    Installed oneTBB_jll ────────────────── v2022.0.0+0
2025-08-27T07:22:10.8160866Z    Installed ImageCore ─────────────────── v0.10.5
2025-08-27T07:22:10.8219117Z    Installed DiffRules ─────────────────── v1.15.1
2025-08-27T07:22:10.8256308Z    Installed ColorTypes ────────────────── v0.11.5
2025-08-27T07:22:10.8353612Z    Installed Scratch ───────────────────── v1.3.0
2025-08-27T07:22:10.8499208Z    Installed TensorCore ────────────────── v0.1.1
2025-08-27T07:22:10.8536293Z    Installed Xorg_libXext_jll ──────────── v1.3.7+0
2025-08-27T07:22:10.8541887Z    Installed SimplePartitions ──────────── v0.3.3
2025-08-27T07:22:11.2655768Z    Installed FreeTypeAbstraction ───────── v0.10.8
2025-08-27T07:22:11.2806372Z    Installed Zstd_jll ──────────────────── v1.5.7+1
2025-08-27T07:22:11.3025309Z    Installed TableTraits ───────────────── v1.0.1
2025-08-27T07:22:11.3368945Z    Installed Inflate ───────────────────── v0.1.5
2025-08-27T07:22:11.3425428Z    Installed Expat_jll ─────────────────── v2.7.1+0
2025-08-27T07:22:11.3562043Z    Installed Isoband ───────────────────── v0.1.1
2025-08-27T07:22:11.3610069Z    Installed DiffResults ───────────────── v1.1.0
2025-08-27T07:22:11.3797963Z    Installed WeakKeyIdDicts ────────────── v0.1.0
2025-08-27T07:22:11.7246378Z    Installed Imath_jll ─────────────────── v3.1.11+0
2025-08-27T07:22:11.7626478Z    Installed Parsers ───────────────────── v2.8.3
2025-08-27T07:22:11.7973092Z    Installed Libtiff_jll ───────────────── v4.7.1+0
2025-08-27T07:22:11.8539052Z    Installed Extents ───────────────────── v0.1.6
2025-08-27T07:22:11.8603933Z    Installed Setfield ──────────────────── v1.1.2
2025-08-27T07:22:11.8958369Z    Installed PositiveFactorizations ────── v0.2.4
2025-08-27T07:22:11.9061409Z    Installed MKL_jll ───────────────────── v2025.2.0+0
2025-08-27T07:22:11.9329316Z    Installed Animations ────────────────── v0.4.2
2025-08-27T07:22:12.0834371Z    Installed JLLWrappers ───────────────── v1.7.1
2025-08-27T07:22:12.2035114Z    Installed Packing ───────────────────── v0.5.1
2025-08-27T07:22:12.2495073Z    Installed AbstractFFTs ──────────────── v1.5.0
2025-08-27T07:22:12.3552391Z    Installed Libffi_jll ────────────────── v3.4.7+0
2025-08-27T07:22:12.3740274Z    Installed ConstructionBase ──────────── v1.6.0
2025-08-27T07:22:12.3761248Z    Installed DataValueInterfaces ───────── v1.0.0
2025-08-27T07:22:12.3781486Z    Installed ColorVectorSpace ──────────── v0.10.0
2025-08-27T07:22:12.4042226Z    Installed AbstractTrees ─────────────── v0.4.5
2025-08-27T07:22:12.6952808Z    Installed OrderedCollections ────────── v1.8.1
2025-08-27T07:22:12.7540885Z    Installed Xorg_libXrender_jll ───────── v0.9.12+0
2025-08-27T07:22:12.9162297Z    Installed Ogg_jll ───────────────────── v1.3.6+0
2025-08-27T07:22:13.2883105Z    Installed ChainRulesCore ────────────── v1.26.0
2025-08-27T07:22:13.2935135Z    Installed ExactPredicates ───────────── v2.2.8
2025-08-27T07:22:13.2976139Z    Installed KernelDensity ─────────────── v0.6.10
2025-08-27T07:22:13.3208600Z    Installed Combinatorics ─────────────── v1.0.3
2025-08-27T07:22:13.9456045Z    Installed ArrayInterface ────────────── v7.19.0
2025-08-27T07:22:13.9653787Z    Installed Interpolations ────────────── v0.16.2
2025-08-27T07:22:14.3848964Z    Installed LineSearches ──────────────── v7.4.0
2025-08-27T07:22:14.3910973Z    Installed LogExpFunctions ───────────── v0.3.29
2025-08-27T07:22:14.3947868Z    Installed Reexport ──────────────────── v1.2.2
2025-08-27T07:22:14.4155516Z    Installed RingLists ─────────────────── v0.2.9
2025-08-27T07:22:14.4322361Z    Installed AliasTables ───────────────── v1.1.3
2025-08-27T07:22:14.6134125Z    Installed IntervalArithmetic ────────── v0.22.36
2025-08-27T07:22:14.6183964Z    Installed StackViews ────────────────── v0.1.2
2025-08-27T07:22:14.6688890Z    Installed MacroTools ────────────────── v0.5.16
2025-08-27T07:22:14.8285533Z    Installed RangeArrays ───────────────── v0.3.2
2025-08-27T07:22:15.0336001Z    Installed FFTW_jll ──────────────────── v3.3.11+0
2025-08-27T07:22:15.0350297Z    Installed OpenSpecFun_jll ───────────── v0.5.6+0
2025-08-27T07:22:15.0568537Z    Installed UnPack ────────────────────── v1.0.2
2025-08-27T07:22:15.0607416Z    Installed GeoFormatTypes ────────────── v0.4.4
2025-08-27T07:22:15.6823669Z    Installed Libuuid_jll ───────────────── v2.41.1+0
2025-08-27T07:22:16.0213510Z    Installed SimpleTraits ──────────────── v0.9.5
2025-08-27T07:22:16.0270745Z    Installed OpenEXR_jll ───────────────── v3.2.4+0
2025-08-27T07:22:16.0323719Z    Installed Adapt ─────────────────────── v4.3.0
2025-08-27T07:22:16.0827726Z    Installed DocStringExtensions ───────── v0.9.5
2025-08-27T07:22:16.0856834Z    Installed ColorBrewer ───────────────── v0.4.1
2025-08-27T07:22:16.5528003Z    Installed StableRNGs ────────────────── v1.0.3
2025-08-27T07:22:16.6403233Z    Installed Graphite2_jll ─────────────── v1.3.15+0
2025-08-27T07:22:16.6757106Z    Installed libass_jll ────────────────── v0.17.4+0
2025-08-27T07:22:16.7848002Z    Installed Pixman_jll ────────────────── v0.44.2+0
2025-08-27T07:22:16.8232922Z    Installed Rmath ─────────────────────── v0.8.0
2025-08-27T07:22:16.8269213Z    Installed XML2_jll ──────────────────── v2.14.4+0
2025-08-27T07:22:16.8470879Z    Installed DifferentiationInterface ──── v0.7.7
2025-08-27T07:22:17.0541546Z    Installed DelaunayTriangulation ─────── v0.8.12
2025-08-27T07:22:17.0615064Z    Installed IntegerMathUtils ──────────── v0.1.3
2025-08-27T07:22:17.4773159Z    Installed ImageBase ─────────────────── v0.1.7
2025-08-27T07:22:17.4971626Z    Installed IntervalSets ──────────────── v0.7.11
2025-08-27T07:22:17.5594779Z    Installed Xorg_xtrans_jll ───────────── v1.6.0+0
2025-08-27T07:22:17.5998276Z    Installed IterTools ─────────────────── v1.10.0
2025-08-27T07:22:17.6018034Z    Installed Cairo ─────────────────────── v1.1.1
2025-08-27T07:22:17.6122601Z    Installed OpenSSL_jll ───────────────── v3.5.2+0
2025-08-27T07:22:17.7266574Z    Installed IndirectArrays ────────────── v1.0.0
2025-08-27T07:22:18.2719590Z    Installed FFMPEG_jll ────────────────── v7.1.1+0
2025-08-27T07:22:18.4523487Z    Installed Tables ────────────────────── v1.12.1
2025-08-27T07:22:18.5345191Z    Installed GeometryBasics ────────────── v0.4.11
2025-08-27T07:22:18.5394882Z    Installed LLVMOpenMP_jll ────────────── v18.1.8+0
2025-08-27T07:22:18.5445866Z    Installed DataAPI ───────────────────── v1.16.0
2025-08-27T07:22:18.5960773Z    Installed MakieCore ─────────────────── v0.6.9
2025-08-27T07:22:18.6214441Z    Installed CairoMakie ────────────────── v0.10.12
2025-08-27T07:22:18.8777314Z    Installed FixedPointNumbers ─────────── v0.8.5
2025-08-27T07:22:18.9831104Z    Installed ShaderAbstractions ────────── v0.4.1
2025-08-27T07:22:18.9981622Z    Installed Optim ─────────────────────── v1.13.2
2025-08-27T07:22:19.0354568Z    Installed LAME_jll ──────────────────── v3.100.3+0
2025-08-27T07:22:19.0408944Z    Installed RecipesBase ───────────────── v1.3.4
2025-08-27T07:22:19.0654144Z    Installed Primes ────────────────────── v0.5.7
2025-08-27T07:22:19.0964181Z    Installed IteratorInterfaceExtensions ─ v1.0.0
2025-08-27T07:22:19.2230570Z    Installed Libiconv_jll ──────────────── v1.18.0+0
2025-08-27T07:22:19.4506591Z    Installed LaTeXStrings ──────────────── v1.4.0
2025-08-27T07:22:19.5482040Z    Installed Glib_jll ──────────────────── v2.84.3+0
2025-08-27T07:22:19.5972551Z    Installed GettextRuntime_jll ────────── v0.22.4+0
2025-08-27T07:22:19.6298564Z    Installed StructArrays ──────────────── v0.6.21
2025-08-27T07:22:19.6420513Z    Installed libvorbis_jll ─────────────── v1.3.8+0
2025-08-27T07:22:19.6449902Z    Installed libsixel_jll ──────────────── v1.10.5+0
2025-08-27T07:22:19.7201103Z    Installed Libglvnd_jll ──────────────── v1.7.1+1
2025-08-27T07:22:20.0059395Z    Installed ForwardDiff ───────────────── v1.1.0
2025-08-27T07:22:20.2939009Z    Installed FillArrays ────────────────── v1.13.0
2025-08-27T07:22:20.3038418Z    Installed QuadGK ────────────────────── v2.11.2
2025-08-27T07:22:20.3372206Z    Installed AxisAlgorithms ────────────── v1.1.0
2025-08-27T07:22:20.3607580Z    Installed CRlibm ────────────────────── v1.0.2
2025-08-27T07:22:20.3655568Z    Installed ImageAxes ─────────────────── v0.6.12
2025-08-27T07:22:20.3819081Z    Installed Requires ──────────────────── v1.3.1
2025-08-27T07:22:22.0281268Z    Installed Xorg_libX11_jll ───────────── v1.8.12+0
2025-08-27T07:22:22.0306595Z    Installed Xorg_libXdmcp_jll ─────────── v1.1.6+0
2025-08-27T07:22:22.4163068Z    Installed LightXML ──────────────────── v0.9.2
2025-08-27T07:22:22.4398134Z    Installed Parameters ────────────────── v0.12.3
2025-08-27T07:22:22.5273991Z    Installed SimplePolynomials ─────────── v0.2.18
2025-08-27T07:22:22.5672306Z    Installed CRlibm_jll ────────────────── v1.0.1+0
2025-08-27T07:22:22.5681844Z    Installed Distributions ─────────────── v0.25.120
2025-08-27T07:22:22.5686412Z    Installed GeoInterface ──────────────── v1.4.1
2025-08-27T07:22:22.6774439Z    Installed libwebp_jll ───────────────── v1.6.0+0
2025-08-27T07:22:22.6802012Z    Installed SortingAlgorithms ─────────── v1.2.2
2025-08-27T07:22:23.1286693Z    Installed WoodburyMatrices ──────────── v1.0.0
2025-08-27T07:22:24.9763817Z    Installed Makie ─────────────────────── v0.19.12
2025-08-27T07:22:39.9947407Z       Compat entries added for 
2025-08-27T07:22:40.6045237Z     Updating `D:\a\JuliaTestRocket\JuliaTestRocket\Project.toml`
2025-08-27T07:22:40.6564588Z ⌅ [13f3f980] + CairoMakie v0.10.12
2025-08-27T07:22:40.6569139Z     Updating `D:\a\JuliaTestRocket\JuliaTestRocket\Manifest.toml`
2025-08-27T07:22:40.7672742Z   [47edcb42] + ADTypes v1.17.0
2025-08-27T07:22:40.7675244Z   [621f4979] + AbstractFFTs v1.5.0
2025-08-27T07:22:40.7678000Z   [398f06c4] + AbstractLattices v0.3.1
2025-08-27T07:22:40.7680619Z   [1520ce14] + AbstractTrees v0.4.5
2025-08-27T07:22:40.7683297Z   [79e6a3ab] + Adapt v4.3.0
2025-08-27T07:22:40.7685783Z   [66dad0bd] + AliasTables v1.1.3
2025-08-27T07:22:40.7688449Z   [27a7e980] + Animations v0.4.2
2025-08-27T07:22:40.7691073Z   [4fba245c] + ArrayInterface v7.19.0
2025-08-27T07:22:40.7693691Z   [67c07d97] + Automa v1.1.0
2025-08-27T07:22:40.7696387Z   [13072b0f] + AxisAlgorithms v1.1.0
2025-08-27T07:22:40.7698816Z   [39de3d68] + AxisArrays v0.4.7
2025-08-27T07:22:40.7701417Z   [18cc8868] + BaseDirs v1.3.2
2025-08-27T07:22:40.7704010Z   [fa961155] + CEnum v0.5.0
2025-08-27T07:22:40.7706461Z   [96374032] + CRlibm v1.0.2
2025-08-27T07:22:40.7709069Z   [159f3aea] + Cairo v1.1.1
2025-08-27T07:22:40.7711982Z ⌅ [13f3f980] + CairoMakie v0.10.12
2025-08-27T07:22:40.7714510Z   [d360d2e6] + ChainRulesCore v1.26.0
2025-08-27T07:22:40.7717057Z   [a2cac450] + ColorBrewer v0.4.1
2025-08-27T07:22:40.7719709Z   [35d6a980] + ColorSchemes v3.30.0
2025-08-27T07:22:40.7722304Z ⌅ [3da002f7] + ColorTypes v0.11.5
2025-08-27T07:22:40.7725197Z ⌃ [c3611d14] + ColorVectorSpace v0.10.0
2025-08-27T07:22:40.7727413Z ⌅ [5ae59095] + Colors v0.12.11
2025-08-27T07:22:40.7729903Z   [861a8166] + Combinatorics v1.0.3
2025-08-27T07:22:40.7732530Z   [bbf7d656] + CommonSubexpressions v0.3.1
2025-08-27T07:22:40.7735223Z   [34da2185] + Compat v4.18.0
2025-08-27T07:22:40.7737670Z   [187b0558] + ConstructionBase v1.6.0
2025-08-27T07:22:40.7740090Z   [d38c429a] + Contour v0.6.3
2025-08-27T07:22:40.7742693Z   [9a962f9c] + DataAPI v1.16.0
2025-08-27T07:22:40.7745297Z ⌅ [864edb3b] + DataStructures v0.18.22
2025-08-27T07:22:40.7747737Z   [e2d170a0] + DataValueInterfaces v1.0.0
2025-08-27T07:22:40.7750615Z ⌅ [927a84f5] + DelaunayTriangulation v0.8.12
2025-08-27T07:22:40.7752595Z   [163ba53b] + DiffResults v1.1.0
2025-08-27T07:22:40.7755074Z   [b552c78f] + DiffRules v1.15.1
2025-08-27T07:22:40.7758040Z   [a0c0ee7d] + DifferentiationInterface v0.7.7
2025-08-27T07:22:40.7760495Z   [31c24e10] + Distributions v0.25.120
2025-08-27T07:22:40.7763162Z   [ffbed154] + DocStringExtensions v0.9.5
2025-08-27T07:22:40.7765558Z   [4e289a0a] + EnumX v1.0.5
2025-08-27T07:22:40.7768198Z   [429591f6] + ExactPredicates v2.2.8
2025-08-27T07:22:40.7770622Z   [411431e0] + Extents v0.1.6
2025-08-27T07:22:40.7773243Z   [7a1cc6ca] + FFTW v1.9.0
2025-08-27T07:22:40.7776083Z   [5789e2e9] + FileIO v1.17.0
2025-08-27T07:22:40.7778445Z   [1a297f60] + FillArrays v1.13.0
2025-08-27T07:22:40.7781032Z   [6a86dc24] + FiniteDiff v2.28.1
2025-08-27T07:22:40.7784336Z   [53c48c17] + FixedPointNumbers v0.8.5
2025-08-27T07:22:40.7786280Z   [59287772] + Formatting v0.4.3
2025-08-27T07:22:40.7788903Z   [f6369f11] + ForwardDiff v1.1.0
2025-08-27T07:22:40.7791488Z   [b38be410] + FreeType v4.1.1
2025-08-27T07:22:40.7794059Z   [663a7486] + FreeTypeAbstraction v0.10.8
2025-08-27T07:22:40.7796716Z   [68eda718] + GeoFormatTypes v0.4.4
2025-08-27T07:22:40.7799336Z ⌃ [cf35fbd7] + GeoInterface v1.4.1
2025-08-27T07:22:40.7801911Z ⌅ [5c1252a2] + GeometryBasics v0.4.11
2025-08-27T07:22:40.7823672Z   [a2bd30eb] + Graphics v1.1.3
2025-08-27T07:22:40.7826523Z ⌅ [3955a311] + GridLayoutBase v0.9.2
2025-08-27T07:22:40.7826920Z   [42e2da0e] + Grisu v1.0.2
2025-08-27T07:22:40.7827323Z   [34004b35] + HypergeometricFunctions v0.3.28
2025-08-27T07:22:40.7827767Z   [2803e5a7] + ImageAxes v0.6.12
2025-08-27T07:22:40.7828125Z   [c817782e] + ImageBase v0.1.7
2025-08-27T07:22:40.7828456Z   [a09fc81d] + ImageCore v0.10.5
2025-08-27T07:22:40.7828786Z   [82e4d734] + ImageIO v0.6.9
2025-08-27T07:22:40.7829134Z   [bc367c6b] + ImageMetadata v0.9.10
2025-08-27T07:22:40.7829516Z   [9b13fd28] + IndirectArrays v1.0.0
2025-08-27T07:22:40.7829888Z   [d25df0c9] + Inflate v0.1.5
2025-08-27T07:22:40.7830294Z   [18e54dd8] + IntegerMathUtils v0.1.3
2025-08-27T07:22:40.7830717Z   [a98d9a8b] + Interpolations v0.16.2
2025-08-27T07:22:40.7832555Z ⌅ [d1acc4aa] + IntervalArithmetic v0.22.36
2025-08-27T07:22:40.7834668Z   [8197267c] + IntervalSets v0.7.11
2025-08-27T07:22:40.7837463Z   [92d709cd] + IrrationalConstants v0.2.4
2025-08-27T07:22:40.7839883Z   [f1662d9f] + Isoband v0.1.1
2025-08-27T07:22:40.7842640Z   [c8e1da08] + IterTools v1.10.0
2025-08-27T07:22:40.7845403Z   [82899510] + IteratorInterfaceExtensions v1.0.0
2025-08-27T07:22:40.7847847Z   [692b3bcd] + JLLWrappers v1.7.1
2025-08-27T07:22:40.7850440Z   [682c06a0] + JSON v0.21.4
2025-08-27T07:22:40.7853066Z   [b835a17e] + JpegTurbo v0.1.6
2025-08-27T07:22:40.7855623Z   [5ab0869b] + KernelDensity v0.6.10
2025-08-27T07:22:40.7858090Z   [b964fa9f] + LaTeXStrings v1.4.0
2025-08-27T07:22:40.7860733Z   [8cdb02fc] + LazyModules v0.3.1
2025-08-27T07:22:40.7863079Z   [9c8b4983] + LightXML v0.9.2
2025-08-27T07:22:40.7865496Z   [d3d80556] + LineSearches v7.4.0
2025-08-27T07:22:40.7868131Z   [9b3f67b0] + LinearAlgebraX v0.2.10
2025-08-27T07:22:40.7870749Z   [2ab3a3ac] + LogExpFunctions v0.3.29
2025-08-27T07:22:40.7873367Z   [1914dd2f] + MacroTools v0.5.16
2025-08-27T07:22:40.7875937Z ⌅ [ee78f7c6] + Makie v0.19.12
2025-08-27T07:22:40.7878384Z ⌅ [20f20a25] + MakieCore v0.6.9
2025-08-27T07:22:40.7880699Z   [dbb5928d] + MappedArrays v0.4.2
2025-08-27T07:22:40.7883428Z ⌅ [0a4f8689] + MathTeXEngine v0.5.7
2025-08-27T07:22:40.7885757Z   [e1d29d7a] + Missings v1.2.0
2025-08-27T07:22:40.7888351Z   [7475f97c] + Mods v2.2.6
2025-08-27T07:22:40.7890941Z   [e94cdb99] + MosaicViews v0.3.4
2025-08-27T07:22:40.7893521Z   [3b2b4ff1] + Multisets v0.4.5
2025-08-27T07:22:40.7896166Z   [d41bc354] + NLSolversBase v7.10.0
2025-08-27T07:22:40.7898637Z   [77ba4419] + NaNMath v1.1.3
2025-08-27T07:22:40.7901206Z   [f09324ee] + Netpbm v1.1.1
2025-08-27T07:22:40.7903817Z   [6fe1bfb0] + OffsetArrays v1.17.0
2025-08-27T07:22:40.7906981Z   [52e1d378] + OpenEXR v0.3.3
2025-08-27T07:22:40.7909009Z   [429524aa] + Optim v1.13.2
2025-08-27T07:22:40.7911838Z   [bac558e1] + OrderedCollections v1.8.1
2025-08-27T07:22:40.7914455Z   [90014a1f] + PDMats v0.11.35
2025-08-27T07:22:40.7917037Z   [f57f5aa1] + PNGFiles v0.4.4
2025-08-27T07:22:40.7919630Z   [19eb6ba3] + Packing v0.5.1
2025-08-27T07:22:40.7922267Z   [5432bcbf] + PaddedViews v0.5.12
2025-08-27T07:22:40.7924686Z   [d96e819e] + Parameters v0.12.3
2025-08-27T07:22:40.7927293Z   [69de0a69] + Parsers v2.8.3
2025-08-27T07:22:40.7929914Z   [2ae35dd2] + Permutations v0.4.23
2025-08-27T07:22:40.7932452Z   [3bbf5609] + PikaParser v0.6.1
2025-08-27T07:22:40.7935179Z   [eebad327] + PkgVersion v0.3.3
2025-08-27T07:22:40.7937811Z   [995b91a9] + PlotUtils v1.4.3
2025-08-27T07:22:40.7939647Z   [647866c9] + PolygonOps v0.1.2
2025-08-27T07:22:40.7942392Z ⌃ [f27b6e38] + Polynomials v4.0.21
2025-08-27T07:22:40.7944761Z   [85a6dd25] + PositiveFactorizations v0.2.4
2025-08-27T07:22:40.7947321Z   [27ebfcd6] + Primes v0.5.7
2025-08-27T07:22:40.7949773Z   [92933f4c] + ProgressMeter v1.11.0
2025-08-27T07:22:40.7952204Z   [43287f4e] + PtrArrays v1.3.0
2025-08-27T07:22:40.7954916Z   [4b34888f] + QOI v1.0.1
2025-08-27T07:22:40.7957550Z   [1fd47b50] + QuadGK v2.11.2
2025-08-27T07:22:40.7959991Z   [b3c3ace0] + RangeArrays v0.3.2
2025-08-27T07:22:40.7962619Z   [c84ed2f1] + Ratios v0.4.5
2025-08-27T07:22:40.7965025Z   [3cdcf5f2] + RecipesBase v1.3.4
2025-08-27T07:22:40.7967612Z   [189a3867] + Reexport v1.2.2
2025-08-27T07:22:40.7970047Z   [05181044] + RelocatableFolders v1.0.1
2025-08-27T07:22:40.7972738Z   [ae029012] + Requires v1.3.1
2025-08-27T07:22:40.7975170Z   [286e9d63] + RingLists v0.2.9
2025-08-27T07:22:40.7977731Z   [79098fc4] + Rmath v0.8.0
2025-08-27T07:22:40.7980179Z   [5eaf0fd0] + RoundingEmulator v0.2.1
2025-08-27T07:22:40.7982580Z   [fdea26ae] + SIMD v3.7.1
2025-08-27T07:22:40.7985158Z   [6c6a2e73] + Scratch v1.3.0
2025-08-27T07:22:40.7987543Z   [efcf1570] + Setfield v1.1.2
2025-08-27T07:22:40.7990274Z ⌅ [65257c39] + ShaderAbstractions v0.4.1
2025-08-27T07:22:40.7992691Z   [992d4aef] + Showoff v1.0.3
2025-08-27T07:22:40.7995346Z   [73760f76] + SignedDistanceFields v0.4.0
2025-08-27T07:22:40.7997744Z   [55797a34] + SimpleGraphs v0.8.7
2025-08-27T07:22:40.8000375Z   [ec83eff0] + SimplePartitions v0.3.3
2025-08-27T07:22:40.8002854Z   [cc47b68c] + SimplePolynomials v0.2.18
2025-08-27T07:22:40.8005428Z   [a6525b86] + SimpleRandom v0.3.2
2025-08-27T07:22:40.8008097Z   [699a6c99] + SimpleTraits v0.9.5
2025-08-27T07:22:40.8010538Z   [45858cf5] + Sixel v0.1.5
2025-08-27T07:22:40.8013165Z   [a2af1166] + SortingAlgorithms v1.2.2
2025-08-27T07:22:40.8015607Z   [276daf66] + SpecialFunctions v2.5.1
2025-08-27T07:22:40.8018233Z ⌅ [c5dd0088] + StableHashTraits v1.3.4
2025-08-27T07:22:40.8020662Z   [860ef19b] + StableRNGs v1.0.3
2025-08-27T07:22:40.8023273Z   [cae243ae] + StackViews v0.1.2
2025-08-27T07:22:40.8025706Z   [10745b16] + Statistics v1.11.1
2025-08-27T07:22:40.8028325Z   [82ae8749] + StatsAPI v1.7.1
2025-08-27T07:22:40.8030871Z   [2913bbd2] + StatsBase v0.34.6
2025-08-27T07:22:40.8033299Z   [4c63d2b9] + StatsFuns v1.5.0
2025-08-27T07:22:40.8035843Z ⌅ [09ab397b] + StructArrays v0.6.21
2025-08-27T07:22:40.8038268Z   [856f2bd8] + StructTypes v1.11.0
2025-08-27T07:22:40.8040831Z   [3783bdb8] + TableTraits v1.0.1
2025-08-27T07:22:40.8043437Z   [bd369af6] + Tables v1.12.1
2025-08-27T07:22:40.8045878Z   [62fd8b95] + TensorCore v0.1.1
2025-08-27T07:22:40.8048293Z   [731e570b] + TiffImages v0.11.6
2025-08-27T07:22:40.8050918Z   [3bb67fe8] + TranscodingStreams v0.11.3
2025-08-27T07:22:40.8053388Z   [981d1d27] + TriplotBase v0.1.0
2025-08-27T07:22:40.8056035Z   [9d95972d] + TupleTools v1.6.0
2025-08-27T07:22:40.8058435Z   [3a884ed6] + UnPack v1.0.2
2025-08-27T07:22:40.8061001Z   [1cfade01] + UnicodeFun v0.4.1
2025-08-27T07:22:40.8063453Z   [ecbed89c] + WeakKeyIdDicts v0.1.0
2025-08-27T07:22:40.8065872Z   [e3aaa7dc] + WebP v0.1.3
2025-08-27T07:22:40.8068312Z   [efce3f68] + WoodburyMatrices v1.0.0
2025-08-27T07:22:40.8070753Z   [6e34b625] + Bzip2_jll v1.0.9+0
2025-08-27T07:22:40.8073387Z   [4e9b3aee] + CRlibm_jll v1.0.1+0
2025-08-27T07:22:40.8075907Z   [83423d85] + Cairo_jll v1.18.5+0
2025-08-27T07:22:40.8078350Z   [5ae413db] + EarCut_jll v2.2.4+0
2025-08-27T07:22:40.8080926Z   [2e619515] + Expat_jll v2.7.1+0
2025-08-27T07:22:40.8083512Z   [b22a6f82] + FFMPEG_jll v7.1.1+0
2025-08-27T07:22:40.8085957Z   [f5851436] + FFTW_jll v3.3.11+0
2025-08-27T07:22:40.8088566Z   [a3f928ae] + Fontconfig_jll v2.17.1+0
2025-08-27T07:22:40.8091016Z   [d7e528f0] + FreeType2_jll v2.13.4+0
2025-08-27T07:22:40.8094847Z   [559328eb] + FriBidi_jll v1.0.17+0
2025-08-27T07:22:40.8096325Z   [b0724c58] + GettextRuntime_jll v0.22.4+0
2025-08-27T07:22:40.8098690Z   [59f7168a] + Giflib_jll v5.2.3+0
2025-08-27T07:22:40.8101239Z   [7746bdde] + Glib_jll v2.84.3+0
2025-08-27T07:22:40.8103844Z   [3b182d85] + Graphite2_jll v1.3.15+0
2025-08-27T07:22:40.8106454Z   [2e76f6c2] + HarfBuzz_jll v8.5.1+0
2025-08-27T07:22:40.8109111Z   [905a6f67] + Imath_jll v3.1.11+0
2025-08-27T07:22:40.8111942Z   [1d5cc7b8] + IntelOpenMP_jll v2025.2.0+0
2025-08-27T07:22:40.8114603Z   [aacddb02] + JpegTurbo_jll v3.1.2+0
2025-08-27T07:22:40.8117173Z   [c1c5ebd0] + LAME_jll v3.100.3+0
2025-08-27T07:22:40.8119749Z   [88015f11] + LERC_jll v4.0.1+0
2025-08-27T07:22:40.8122234Z   [1d63c593] + LLVMOpenMP_jll v18.1.8+0
2025-08-27T07:22:40.8124807Z   [dd4b983a] + LZO_jll v2.10.3+0
2025-08-27T07:22:40.8127465Z   [e9f186c6] + Libffi_jll v3.4.7+0
2025-08-27T07:22:40.8130194Z   [7e76a0d4] + Libglvnd_jll v1.7.1+1
2025-08-27T07:22:40.8132620Z   [94ce4f54] + Libiconv_jll v1.18.0+0
2025-08-27T07:22:40.8135270Z   [4b2f31a3] + Libmount_jll v2.41.1+0
2025-08-27T07:22:40.8137651Z   [89763e89] + Libtiff_jll v4.7.1+0
2025-08-27T07:22:40.8140273Z   [38a345b3] + Libuuid_jll v2.41.1+0
2025-08-27T07:22:40.8142661Z   [856f044c] + MKL_jll v2025.2.0+0
2025-08-27T07:22:40.8145288Z   [e7412a2a] + Ogg_jll v1.3.6+0
2025-08-27T07:22:40.8147972Z   [6cdc7f73] + OpenBLASConsistentFPCSR_jll v0.3.29+0
2025-08-27T07:22:40.8150349Z   [18a262bb] + OpenEXR_jll v3.2.4+0
2025-08-27T07:22:40.8153002Z   [458c3c95] + OpenSSL_jll v3.5.2+0
2025-08-27T07:22:40.8155510Z   [efe28fd5] + OpenSpecFun_jll v0.5.6+0
2025-08-27T07:22:40.8157910Z   [91d4177d] + Opus_jll v1.5.2+0
2025-08-27T07:22:40.8160555Z   [36c8627f] + Pango_jll v1.56.3+0
2025-08-27T07:22:40.8163139Z ⌅ [30392449] + Pixman_jll v0.44.2+0
2025-08-27T07:22:40.8165483Z   [f50d1b31] + Rmath_jll v0.5.1+0
2025-08-27T07:22:40.8168090Z   [02c8fc9c] + XML2_jll v2.14.4+0
2025-08-27T07:22:40.8170549Z   [ffd25f8a] + XZ_jll v5.8.1+0
2025-08-27T07:22:40.8173007Z   [4f6342f7] + Xorg_libX11_jll v1.8.12+0
2025-08-27T07:22:40.8175655Z   [0c0b7dd1] + Xorg_libXau_jll v1.0.13+0
2025-08-27T07:22:40.8178107Z   [a3789734] + Xorg_libXdmcp_jll v1.1.6+0
2025-08-27T07:22:40.8180673Z   [1082639a] + Xorg_libXext_jll v1.3.7+0
2025-08-27T07:22:40.8183117Z   [ea2f1a96] + Xorg_libXrender_jll v0.9.12+0
2025-08-27T07:22:40.8185487Z   [c7cfdc94] + Xorg_libxcb_jll v1.17.1+0
2025-08-27T07:22:40.8188064Z   [c5fb5394] + Xorg_xtrans_jll v1.6.0+0
2025-08-27T07:22:40.8190504Z   [3161d3a3] + Zstd_jll v1.5.7+1
2025-08-27T07:22:40.8192947Z   [9a68df92] + isoband_jll v0.2.3+0
2025-08-27T07:22:40.8195548Z   [a4ae2306] + libaom_jll v3.12.1+0
2025-08-27T07:22:40.8197989Z   [0ac62f75] + libass_jll v0.17.4+0
2025-08-27T07:22:40.8200615Z   [f638f0a6] + libfdk_aac_jll v2.0.4+0
2025-08-27T07:22:40.8203003Z   [b53b4c65] + libpng_jll v1.6.50+0
2025-08-27T07:22:40.8205621Z   [075b6546] + libsixel_jll v1.10.5+0
2025-08-27T07:22:40.8208043Z   [f27f6e37] + libvorbis_jll v1.3.8+0
2025-08-27T07:22:40.8210711Z   [c5f90fcd] + libwebp_jll v1.6.0+0
2025-08-27T07:22:40.8213337Z   [1317d2d5] + oneTBB_jll v2022.0.0+0
2025-08-27T07:22:40.8215741Z   [1270edf5] + x264_jll v10164.0.1+0
2025-08-27T07:22:40.8218546Z   [dfaa095f] + x265_jll v4.1.0+0
2025-08-27T07:22:40.8220677Z   [0dad84c5] + ArgTools v1.1.2
2025-08-27T07:22:40.8223224Z   [2a0f44e3] + Base64 v1.11.0
2025-08-27T07:22:40.8225850Z   [8bf52ea8] + CRC32c v1.11.0
2025-08-27T07:22:40.8228284Z   [8ba89e20] + Distributed v1.11.0
2025-08-27T07:22:40.8230778Z   [f43a241f] + Downloads v1.6.0
2025-08-27T07:22:40.8233236Z   [7b1f6079] + FileWatching v1.11.0
2025-08-27T07:22:40.8235655Z   [9fa8497b] + Future v1.11.0
2025-08-27T07:22:40.8238183Z   [b77e0a4c] + InteractiveUtils v1.11.0
2025-08-27T07:22:40.8240606Z   [4af54fe1] + LazyArtifacts v1.11.0
2025-08-27T07:22:40.8243020Z   [b27032c2] + LibCURL v0.6.4
2025-08-27T07:22:40.8245651Z   [76f85450] + LibGit2 v1.11.0
2025-08-27T07:22:40.8248337Z   [d6f4376e] + Markdown v1.11.0
2025-08-27T07:22:40.8250849Z   [a63ad114] + Mmap v1.11.0
2025-08-27T07:22:40.8253310Z   [ca575930] + NetworkOptions v1.2.0
2025-08-27T07:22:40.8256000Z   [44cfe95a] + Pkg v1.11.0
2025-08-27T07:22:40.8258444Z   [3fa0cd96] + REPL v1.11.0
2025-08-27T07:22:40.8260892Z   [9e88b42a] + Serialization v1.11.0
2025-08-27T07:22:40.8263540Z   [1a1011a3] + SharedArrays v1.11.0
2025-08-27T07:22:40.8266067Z   [6462fe0b] + Sockets v1.11.0
2025-08-27T07:22:40.8268483Z   [2f01184e] + SparseArrays v1.11.0
2025-08-27T07:22:40.8271264Z   [f489334b] + StyledStrings v1.11.0
2025-08-27T07:22:40.8273760Z   [4607b0f0] + SuiteSparse
2025-08-27T07:22:40.8276377Z   [a4e569a6] + Tar v1.10.0
2025-08-27T07:22:40.8278823Z   [8dfed614] + Test v1.11.0
2025-08-27T07:22:40.8281264Z   [cf7118a7] + UUIDs v1.11.0
2025-08-27T07:22:40.8283896Z   [deac9b47] + LibCURL_jll v8.6.0+0
2025-08-27T07:22:40.8286413Z   [e37daf67] + LibGit2_jll v1.7.2+0
2025-08-27T07:22:40.8288826Z   [29816b5a] + LibSSH2_jll v1.11.0+1
2025-08-27T07:22:40.8291484Z   [c8ffd9c3] + MbedTLS_jll v2.28.6+0
2025-08-27T07:22:40.8293904Z   [14a3606d] + MozillaCACerts_jll v2023.12.12
2025-08-27T07:22:40.8296308Z   [05823500] + OpenLibm_jll v0.8.5+0
2025-08-27T07:22:40.8298953Z   [efcefdf7] + PCRE2_jll v10.42.0+1
2025-08-27T07:22:40.8301396Z   [bea87d4a] + SuiteSparse_jll v7.7.0+0
2025-08-27T07:22:40.8304001Z   [83775a58] + Zlib_jll v1.2.13+1
2025-08-27T07:22:40.8306432Z   [8e850ede] + nghttp2_jll v1.59.0+0
2025-08-27T07:22:40.8309145Z   [3f19e933] + p7zip_jll v17.4.0+2
2025-08-27T07:22:40.8312214Z         Info Packages marked with ⌃ and ⌅ have new versions available. Those with ⌃ may be upgradable, but those with ⌅ are restricted by compatibility constraints from upgrading. To see why use `status --outdated -m`
2025-08-27T07:22:41.1937778Z Precompiling project...
2025-08-27T07:22:41.7889807Z     473.3 ms  ✓ RangeArrays
2025-08-27T07:22:42.4471299Z    1180.0 ms  ✓ Combinatorics
2025-08-27T07:22:42.4474630Z     657.9 ms  ✓ AbstractFFTs
2025-08-27T07:22:42.9462832Z     498.5 ms  ✓ LaTeXStrings
2025-08-27T07:22:43.0026613Z     548.3 ms  ✓ PositiveFactorizations
2025-08-27T07:22:43.3846174Z     438.0 ms  ✓ IndirectArrays
2025-08-27T07:22:43.5259236Z     522.9 ms  ✓ PolygonOps
2025-08-27T07:22:43.8833851Z     498.4 ms  ✓ IteratorInterfaceExtensions
2025-08-27T07:22:44.0830201Z     556.8 ms  ✓ TensorCore
2025-08-27T07:22:44.4757449Z     592.0 ms  ✓ GeoFormatTypes
2025-08-27T07:22:44.7063300Z     622.8 ms  ✓ StatsAPI
2025-08-27T07:22:44.9688033Z     492.6 ms  ✓ AbstractLattices
2025-08-27T07:22:45.4725447Z    4149.2 ms  ✓ BaseDirs
2025-08-27T07:22:45.5264145Z     557.1 ms  ✓ Contour
2025-08-27T07:22:45.5808213Z     874.0 ms  ✓ ADTypes
2025-08-27T07:22:45.9394684Z     466.6 ms  ✓ CEnum
2025-08-27T07:22:46.1291525Z     548.0 ms  ✓ TriplotBase
2025-08-27T07:22:46.3543199Z     414.5 ms  ✓ UnPack
2025-08-27T07:22:46.7694355Z    1242.7 ms  ✓ OffsetArrays
2025-08-27T07:22:46.8366723Z     482.0 ms  ✓ IntegerMathUtils
2025-08-27T07:22:47.3585919Z    1229.1 ms  ✓ FillArrays
2025-08-27T07:22:47.4679751Z     697.2 ms  ✓ Statistics
2025-08-27T07:22:47.4988394Z     661.9 ms  ✓ IterTools
2025-08-27T07:22:48.2484809Z     749.3 ms  ✓ OrderedCollections
2025-08-27T07:22:48.5046647Z    1036.4 ms  ✓ Grisu
2025-08-27T07:22:48.8198055Z     571.0 ms  ✓ Requires
2025-08-27T07:22:48.9636960Z     458.6 ms  ✓ DataValueInterfaces
2025-08-27T07:22:49.2770096Z     456.9 ms  ✓ EnumX
2025-08-27T07:22:49.6120308Z     648.0 ms  ✓ StableRNGs
2025-08-27T07:22:49.7082932Z     431.0 ms  ✓ Reexport
2025-08-27T07:22:50.4227643Z     810.1 ms  ✓ DocStringExtensions
2025-08-27T07:22:50.4742702Z     765.4 ms  ✓ AbstractTrees
2025-08-27T07:22:50.5251516Z    3166.2 ms  ✓ MacroTools
2025-08-27T07:22:51.0862182Z     557.4 ms  ✓ RoundingEmulator
2025-08-27T07:22:51.0864831Z     611.7 ms  ✓ IntervalSets
2025-08-27T07:22:51.5601264Z     467.5 ms  ✓ PtrArrays
2025-08-27T07:22:51.6710326Z     584.3 ms  ✓ Extents
2025-08-27T07:22:51.9448331Z    1521.7 ms  ✓ IrrationalConstants
2025-08-27T07:22:52.2756449Z     715.2 ms  ✓ TranscodingStreams
2025-08-27T07:22:52.3023768Z     630.8 ms  ✓ NaNMath
2025-08-27T07:22:52.4900406Z     544.2 ms  ✓ LazyModules
2025-08-27T07:22:52.8108223Z     533.6 ms  ✓ Multisets
2025-08-27T07:22:52.8110466Z     508.1 ms  ✓ RingLists
2025-08-27T07:22:53.0474342Z     557.7 ms  ✓ Inflate
2025-08-27T07:22:53.2993198Z     481.0 ms  ✓ Mods
2025-08-27T07:22:53.3927127Z     581.4 ms  ✓ ConstructionBase
2025-08-27T07:22:53.5354155Z     487.7 ms  ✓ DataAPI
2025-08-27T07:22:53.8724090Z     572.8 ms  ✓ TupleTools
2025-08-27T07:22:53.9459809Z     551.0 ms  ✓ MappedArrays
2025-08-27T07:22:53.9863000Z     450.6 ms  ✓ WeakKeyIdDicts
2025-08-27T07:22:54.5983542Z     725.6 ms  ✓ SuiteSparse
2025-08-27T07:22:55.0062315Z    1059.9 ms  ✓ ProgressMeter
2025-08-27T07:22:55.2560558Z    1269.3 ms  ✓ Formatting
2025-08-27T07:22:55.4798303Z     881.1 ms  ✓ WoodburyMatrices
2025-08-27T07:22:55.5559797Z     549.4 ms  ✓ DiffResults
2025-08-27T07:22:56.0350118Z     554.9 ms  ✓ Scratch
2025-08-27T07:22:56.2717205Z    1015.4 ms  ✓ StructTypes
2025-08-27T07:22:56.2881746Z     731.9 ms  ✓ Compat
2025-08-27T07:22:56.6838772Z     648.6 ms  ✓ JLLWrappers
2025-08-27T07:22:57.8210860Z    1532.5 ms  ✓ MakieCore
2025-08-27T07:22:58.1424031Z    1870.3 ms  ✓ UnicodeFun
2025-08-27T07:22:58.8875692Z    2203.3 ms  ✓ RecipesBase
2025-08-27T07:23:00.4832957Z    1595.4 ms  ✓ PkgVersion
2025-08-27T07:23:01.1969275Z     713.3 ms  ✓ Permutations
2025-08-27T07:23:03.0912241Z    1893.9 ms  ✓ AbstractFFTs → AbstractFFTsTestExt
2025-08-27T07:23:03.5563922Z     464.9 ms  ✓ TableTraits
2025-08-27T07:23:04.8411428Z    1284.4 ms  ✓ DifferentiationInterface
2025-08-27T07:23:05.3481101Z     506.6 ms  ✓ StackViews
2025-08-27T07:23:05.9573886Z     608.9 ms  ✓ PaddedViews
2025-08-27T07:23:06.8347554Z     876.9 ms  ✓ Primes
2025-08-27T07:23:07.8460417Z    1010.8 ms  ✓ FillArrays → FillArraysSparseArraysExt
2025-08-27T07:23:08.4117354Z     565.1 ms  ✓ SignedDistanceFields
2025-08-27T07:23:08.7843236Z   10962.8 ms  ✓ SIMD
2025-08-27T07:23:09.6452844Z     860.5 ms  ✓ Statistics → SparseArraysExt
2025-08-27T07:23:10.8297447Z    1184.0 ms  ✓ StaticArrays → StaticArraysStatisticsExt
2025-08-27T07:23:11.8928025Z    1062.6 ms  ✓ FillArrays → FillArraysStatisticsExt
2025-08-27T07:23:11.9685991Z    3556.4 ms  ✓ FixedPointNumbers
2025-08-27T07:23:12.5403553Z     646.3 ms  ✓ Parameters
2025-08-27T07:23:12.6023152Z     633.2 ms  ✓ Showoff
2025-08-27T07:23:13.0845584Z     544.6 ms  ✓ Ratios
2025-08-27T07:23:13.2732915Z     670.5 ms  ✓ Adapt
2025-08-27T07:23:14.3087622Z    1035.0 ms  ✓ PikaParser
2025-08-27T07:23:15.0395385Z     730.3 ms  ✓ CommonSubexpressions
2025-08-27T07:23:16.0591433Z    1019.1 ms  ✓ SimpleTraits
2025-08-27T07:23:16.1027313Z   17959.8 ms  ✓ Parsers
2025-08-27T07:23:16.5727629Z     468.5 ms  ✓ IntervalSets → IntervalSetsStatisticsExt
2025-08-27T07:23:16.5729863Z     513.3 ms  ✓ IntervalSets → IntervalSetsRandomExt
2025-08-27T07:23:17.1431252Z     569.9 ms  ✓ AliasTables
2025-08-27T07:23:17.4028437Z     823.8 ms  ✓ LogExpFunctions
2025-08-27T07:23:17.6474384Z     504.0 ms  ✓ ConstructionBase → ConstructionBaseIntervalSetsExt
2025-08-27T07:23:17.9835436Z     580.2 ms  ✓ ConstructionBase → ConstructionBaseLinearAlgebraExt
2025-08-27T07:23:18.5685102Z     584.5 ms  ✓ ADTypes → ADTypesConstructionBaseExt
2025-08-27T07:23:18.7632110Z    1115.3 ms  ✓ ConstructionBase → ConstructionBaseStaticArraysExt
2025-08-27T07:23:19.2706122Z    6185.5 ms  ✓ FileIO
2025-08-27T07:23:19.4182984Z     654.6 ms  ✓ Missings
2025-08-27T07:23:19.9117652Z    1342.8 ms  ✓ GeoInterface
2025-08-27T07:23:20.1675316Z     748.9 ms  ✓ AxisAlgorithms
2025-08-27T07:23:20.2801275Z    1009.2 ms  ✓ PDMats
2025-08-27T07:23:20.4638118Z     551.7 ms  ✓ RelocatableFolders
2025-08-27T07:23:20.6526750Z     484.8 ms  ✓ Compat → CompatLinearAlgebraExt
2025-08-27T07:23:21.0782462Z     797.8 ms  ✓ OpenSSL_jll
2025-08-27T07:23:21.1512426Z     687.2 ms  ✓ Graphite2_jll
2025-08-27T07:23:21.3334974Z     680.5 ms  ✓ Libmount_jll
2025-08-27T07:23:21.8139535Z     735.3 ms  ✓ LLVMOpenMP_jll
2025-08-27T07:23:21.8920222Z     740.5 ms  ✓ Bzip2_jll
2025-08-27T07:23:22.0072683Z     673.4 ms  ✓ Rmath_jll
2025-08-27T07:23:22.4925835Z     678.4 ms  ✓ Xorg_libXau_jll
2025-08-27T07:23:22.5384591Z     646.1 ms  ✓ libpng_jll
2025-08-27T07:23:22.7808225Z     773.2 ms  ✓ libfdk_aac_jll
2025-08-27T07:23:23.1693440Z     676.4 ms  ✓ Imath_jll
2025-08-27T07:23:23.5479148Z     766.8 ms  ✓ Giflib_jll
2025-08-27T07:23:23.8789079Z     709.2 ms  ✓ LAME_jll
2025-08-27T07:23:24.2153570Z     667.1 ms  ✓ LERC_jll
2025-08-27T07:23:24.2659118Z    1727.1 ms  ✓ IntelOpenMP_jll
2025-08-27T07:23:24.6374134Z     758.2 ms  ✓ EarCut_jll
2025-08-27T07:23:24.9349002Z     719.2 ms  ✓ CRlibm_jll
2025-08-27T07:23:25.0815299Z     815.3 ms  ✓ JpegTurbo_jll
2025-08-27T07:23:25.4328966Z     795.1 ms  ✓ XZ_jll
2025-08-27T07:23:25.6436502Z     708.4 ms  ✓ Ogg_jll
2025-08-27T07:23:25.8681323Z     786.3 ms  ✓ oneTBB_jll
2025-08-27T07:23:26.0783430Z     645.1 ms  ✓ Xorg_libXdmcp_jll
2025-08-27T07:23:26.4273025Z     783.3 ms  ✓ x265_jll
2025-08-27T07:23:26.5766645Z     708.2 ms  ✓ x264_jll
2025-08-27T07:23:26.9094188Z     830.8 ms  ✓ libaom_jll
2025-08-27T07:23:27.1564932Z     728.9 ms  ✓ Zstd_jll
2025-08-27T07:23:27.2956898Z     718.7 ms  ✓ Expat_jll
2025-08-27T07:23:27.5963749Z     686.6 ms  ✓ LZO_jll
2025-08-27T07:23:27.8748501Z     717.9 ms  ✓ Opus_jll
2025-08-27T07:23:27.9122758Z     616.3 ms  ✓ Xorg_xtrans_jll
2025-08-27T07:23:28.3282554Z     731.5 ms  ✓ Libiconv_jll
2025-08-27T07:23:28.6404596Z     765.2 ms  ✓ Libffi_jll
2025-08-27T07:23:28.6590186Z     746.4 ms  ✓ isoband_jll
2025-08-27T07:23:29.0216437Z     693.1 ms  ✓ FFTW_jll
2025-08-27T07:23:29.3034436Z     644.1 ms  ✓ Libuuid_jll
2025-08-27T07:23:29.3956470Z     754.9 ms  ✓ OpenSpecFun_jll
2025-08-27T07:23:29.7394915Z     717.5 ms  ✓ FriBidi_jll
2025-08-27T07:23:30.0467112Z     742.9 ms  ✓ OpenBLASConsistentFPCSR_jll
2025-08-27T07:23:30.2117630Z     815.8 ms  ✓ IntervalSets → IntervalSetsRecipesBaseExt
2025-08-27T07:23:30.7576176Z    1017.8 ms  ✓ Tables
2025-08-27T07:23:30.9535823Z     741.4 ms  ✓ DifferentiationInterface → DifferentiationInterfaceSparseArraysExt
2025-08-27T07:23:30.9780483Z     931.0 ms  ✓ DifferentiationInterface → DifferentiationInterfaceStaticArraysExt
2025-08-27T07:23:31.3628403Z     604.9 ms  ✓ MosaicViews
2025-08-27T07:23:31.8792084Z     516.0 ms  ✓ Ratios → RatiosFixedPointNumbersExt
2025-08-27T07:23:32.8071296Z     927.6 ms  ✓ Adapt → AdaptStaticArraysExt
2025-08-27T07:23:33.6311882Z     823.7 ms  ✓ Adapt → AdaptSparseArraysExt
2025-08-27T07:23:33.8640664Z    2885.7 ms  ✓ ColorTypes
2025-08-27T07:23:34.3335224Z     469.1 ms  ✓ OffsetArrays → OffsetArraysAdaptExt
2025-08-27T07:23:34.3876895Z     756.0 ms  ✓ ArrayInterface
2025-08-27T07:23:35.4794063Z    1091.3 ms  ✓ AxisArrays
2025-08-27T07:23:36.1755824Z    1841.7 ms  ✓ JSON
2025-08-27T07:23:37.0357583Z     858.4 ms  ✓ FillArrays → FillArraysPDMatsExt
2025-08-27T07:23:37.0359818Z    1556.0 ms  ✓ Setfield
2025-08-27T07:23:38.7454970Z    1703.0 ms  ✓ ChainRulesCore
2025-08-27T07:23:39.2265910Z    2190.3 ms  ✓ DataStructures
2025-08-27T07:23:39.5276446Z     781.8 ms  ✓ Pixman_jll
2025-08-27T07:23:40.0279369Z     799.2 ms  ✓ FreeType2_jll
2025-08-27T07:23:40.5896085Z    1061.7 ms  ✓ Rmath
2025-08-27T07:23:41.1349857Z    1108.6 ms  ✓ OpenEXR_jll
2025-08-27T07:23:41.5975274Z    1005.6 ms  ✓ CRlibm
2025-08-27T07:23:42.0831086Z     947.6 ms  ✓ libsixel_jll
2025-08-27T07:23:42.6365769Z    1040.6 ms  ✓ libvorbis_jll
2025-08-27T07:23:43.4075530Z     770.4 ms  ✓ Xorg_libxcb_jll
2025-08-27T07:23:44.3909856Z     983.0 ms  ✓ Libtiff_jll
2025-08-27T07:23:45.4347362Z    1042.9 ms  ✓ XML2_jll
2025-08-27T07:23:46.5732341Z    1136.6 ms  ✓ GettextRuntime_jll
2025-08-27T07:23:46.6003098Z    4516.6 ms  ✓ MKL_jll
2025-08-27T07:23:47.2702759Z     698.1 ms  ✓ Isoband
2025-08-27T07:23:48.0984419Z   17144.3 ms  ✓ Automa
2025-08-27T07:23:48.3405695Z    1069.8 ms  ✓ StructArrays
2025-08-27T07:23:49.7784449Z    3177.4 ms  ✓ SpecialFunctions
2025-08-27T07:23:50.4305124Z    2089.6 ms  ✓ QOI
2025-08-27T07:23:52.6422605Z    2861.6 ms  ✓ ColorVectorSpace
2025-08-27T07:23:52.6819273Z    4583.1 ms  ✓ StableHashTraits
2025-08-27T07:23:53.1582955Z     476.0 ms  ✓ ArrayInterface → ArrayInterfaceStaticArraysCoreExt
2025-08-27T07:23:53.3641446Z     721.5 ms  ✓ ArrayInterface → ArrayInterfaceSparseArraysExt
2025-08-27T07:23:54.1896673Z     825.2 ms  ✓ ChainRulesCore → ChainRulesCoreSparseArraysExt
2025-08-27T07:23:55.3862539Z    1196.3 ms  ✓ StaticArrays → StaticArraysChainRulesCoreExt
2025-08-27T07:23:56.1589410Z    5728.0 ms  ✓ Colors
2025-08-27T07:23:56.2098941Z     823.1 ms  ✓ AbstractFFTs → AbstractFFTsChainRulesCoreExt
2025-08-27T07:23:56.8680863Z     708.8 ms  ✓ ADTypes → ADTypesChainRulesCoreExt
2025-08-27T07:23:56.8971450Z     686.9 ms  ✓ DifferentiationInterface → DifferentiationInterfaceChainRulesCoreExt
2025-08-27T07:23:57.5684052Z     671.0 ms  ✓ ArrayInterface → ArrayInterfaceChainRulesCoreExt
2025-08-27T07:23:58.3252554Z     756.5 ms  ✓ SortingAlgorithms
2025-08-27T07:23:58.5626918Z    1694.2 ms  ✓ LogExpFunctions → LogExpFunctionsChainRulesCoreExt
2025-08-27T07:23:59.2919472Z     729.0 ms  ✓ SimplePartitions
2025-08-27T07:23:59.5571331Z    1231.6 ms  ✓ QuadGK
2025-08-27T07:24:00.8896082Z    1332.2 ms  ✓ FreeType
2025-08-27T07:24:01.9896777Z    1099.7 ms  ✓ Fontconfig_jll
2025-08-27T07:24:04.8619913Z    2871.9 ms  ✓ IntervalArithmetic
2025-08-27T07:24:05.5212074Z     658.9 ms  ✓ Xorg_libX11_jll
2025-08-27T07:24:06.1449328Z     623.4 ms  ✓ LightXML
2025-08-27T07:24:07.2270080Z    1081.8 ms  ✓ Glib_jll
2025-08-27T07:24:22.7401432Z   15512.5 ms  ✓ FFTW
2025-08-27T07:24:23.3903922Z     647.4 ms  ✓ StructArrays → StructArraysAdaptExt
2025-08-27T07:24:24.3180573Z     927.1 ms  ✓ StructArrays → StructArraysSparseArraysExt
2025-08-27T07:24:25.5449925Z    1226.4 ms  ✓ StructArrays → StructArraysStaticArraysExt
2025-08-27T07:24:26.1296065Z     584.0 ms  ✓ StructArrays → StructArraysLinearAlgebraExt
2025-08-27T07:24:26.9100947Z   33751.0 ms  ✓ Polynomials
2025-08-27T07:24:28.2041443Z    1293.7 ms  ✓ HypergeometricFunctions
2025-08-27T07:24:28.3308943Z    2200.9 ms  ✓ SpecialFunctions → SpecialFunctionsChainRulesCoreExt
2025-08-27T07:24:29.0563246Z     851.8 ms  ✓ DiffRules
2025-08-27T07:24:29.1918428Z     860.7 ms  ✓ ColorVectorSpace → SpecialFunctionsExt
2025-08-27T07:24:29.8942827Z     837.6 ms  ✓ FiniteDiff
2025-08-27T07:24:30.6361701Z     741.6 ms  ✓ Graphics
2025-08-27T07:24:31.2989191Z     662.4 ms  ✓ Animations
2025-08-27T07:24:31.6302900Z    2438.1 ms  ✓ Interpolations
2025-08-27T07:24:32.5706068Z     940.0 ms  ✓ ColorBrewer
2025-08-27T07:24:33.4420250Z    2142.8 ms  ✓ OpenEXR
2025-08-27T07:24:39.3224866Z    5880.0 ms  ✓ ColorSchemes
2025-08-27T07:24:42.5019597Z    3179.0 ms  ✓ StatsBase
2025-08-27T07:24:43.5584048Z    1056.0 ms  ✓ IntervalArithmetic → IntervalArithmeticSparseArraysExt
2025-08-27T07:24:44.3504571Z     791.5 ms  ✓ IntervalArithmetic → IntervalArithmeticIntervalSetsExt
2025-08-27T07:24:45.4106633Z    1059.7 ms  ✓ IntervalArithmetic → IntervalArithmeticRecipesBaseExt
2025-08-27T07:24:46.4899485Z    1078.8 ms  ✓ IntervalArithmetic → IntervalArithmeticLinearAlgebraExt
2025-08-27T07:24:47.2334495Z     743.0 ms  ✓ Xorg_libXrender_jll
2025-08-27T07:24:47.9131458Z     679.2 ms  ✓ Xorg_libXext_jll
2025-08-27T07:24:48.4049742Z   49112.2 ms  ✓ TiffImages
2025-08-27T07:24:50.2448218Z    1839.5 ms  ✓ Polynomials → PolynomialsMakieCoreExt
2025-08-27T07:24:51.8195489Z    1574.4 ms  ✓ Polynomials → PolynomialsChainRulesCoreExt
2025-08-27T07:24:54.8375797Z    3017.4 ms  ✓ Polynomials → PolynomialsFFTWExt
2025-08-27T07:24:55.2432765Z    7329.6 ms  ✓ GeometryBasics
2025-08-27T07:24:56.7658244Z    1927.7 ms  ✓ SimplePolynomials
2025-08-27T07:24:57.7840657Z    2540.2 ms  ✓ StatsFuns
2025-08-27T07:24:58.5820306Z     797.5 ms  ✓ IntervalArithmetic → IntervalArithmeticDiffRulesExt
2025-08-27T07:24:58.9759802Z   26404.5 ms  ✓ ImageCore
2025-08-27T07:24:59.2790619Z     696.7 ms  ✓ FiniteDiff → FiniteDiffSparseArraysExt
2025-08-27T07:24:59.9100621Z     630.6 ms  ✓ DifferentiationInterface → DifferentiationInterfaceFiniteDiffExt
2025-08-27T07:24:59.9687340Z     992.4 ms  ✓ FiniteDiff → FiniteDiffStaticArraysExt
2025-08-27T07:25:01.5505682Z    4784.2 ms  ✓ ForwardDiff
2025-08-27T07:25:02.2134812Z     662.5 ms  ✓ Libglvnd_jll
2025-08-27T07:25:03.2592068Z    1045.4 ms  ✓ Cairo_jll
2025-08-27T07:25:05.0421517Z    5073.0 ms  ✓ ExactPredicates
2025-08-27T07:25:06.5796211Z    1537.1 ms  ✓ Packing
2025-08-27T07:25:08.2751292Z    1695.2 ms  ✓ ShaderAbstractions
2025-08-27T07:25:12.6593740Z    4383.9 ms  ✓ FreeTypeAbstraction
2025-08-27T07:25:12.7884566Z    9528.8 ms  ✓ GridLayoutBase
2025-08-27T07:25:14.6171784Z    1957.3 ms  ✓ LinearAlgebraX
2025-08-27T07:25:15.0481983Z    2259.3 ms  ✓ StatsFuns → StatsFunsChainRulesCoreExt
2025-08-27T07:25:15.4213349Z   15510.8 ms  ✓ PlotUtils
2025-08-27T07:25:17.8709781Z    2822.3 ms  ✓ ImageBase
2025-08-27T07:25:20.8733604Z    5451.6 ms  ✓ PNGFiles
2025-08-27T07:25:21.5003776Z    6882.6 ms  ✓ Distributions
2025-08-27T07:25:21.7549332Z    3883.6 ms  ✓ Sixel
2025-08-27T07:25:22.7182680Z     963.0 ms  ✓ DifferentiationInterface → DifferentiationInterfaceForwardDiffExt
2025-08-27T07:25:22.7471135Z    1246.4 ms  ✓ ForwardDiff → ForwardDiffStaticArraysExt
2025-08-27T07:25:23.5094574Z     790.9 ms  ✓ IntervalArithmetic → IntervalArithmeticForwardDiffExt
2025-08-27T07:25:24.2929812Z    1545.5 ms  ✓ Interpolations → InterpolationsForwardDiffExt
2025-08-27T07:25:24.5229486Z    1013.2 ms  ✓ libwebp_jll
2025-08-27T07:25:25.0061235Z    4132.4 ms  ✓ JpegTurbo
2025-08-27T07:25:25.3505657Z    1057.2 ms  ✓ HarfBuzz_jll
2025-08-27T07:25:26.9105006Z    1559.6 ms  ✓ Distributions → DistributionsTestExt
2025-08-27T07:25:27.5361341Z    2529.4 ms  ✓ ImageAxes
2025-08-27T07:25:28.3927618Z    1481.9 ms  ✓ Distributions → DistributionsChainRulesCoreExt
2025-08-27T07:25:29.1122678Z    1575.8 ms  ✓ SimpleRandom
2025-08-27T07:25:29.6251920Z    1232.1 ms  ✓ NLSolversBase
2025-08-27T07:25:30.5546239Z     929.1 ms  ✓ libass_jll
2025-08-27T07:25:31.5243768Z     969.5 ms  ✓ Pango_jll
2025-08-27T07:25:31.5541617Z    7030.8 ms  ✓ MathTeXEngine
2025-08-27T07:25:32.7204222Z    3607.8 ms  ✓ WebP
2025-08-27T07:25:33.0424660Z    1517.8 ms  ✓ ImageMetadata
2025-08-27T07:25:34.0529891Z    2497.9 ms  ✓ KernelDensity
2025-08-27T07:25:34.4495763Z    1406.8 ms  ✓ FFMPEG_jll
2025-08-27T07:25:35.1933765Z    2472.1 ms  ✓ LineSearches
2025-08-27T07:25:35.9059946Z    1853.2 ms  ✓ Cairo
2025-08-27T07:25:36.9959840Z    2546.0 ms  ✓ Netpbm
2025-08-27T07:25:38.3051354Z    3111.8 ms  ✓ Optim
2025-08-27T07:25:38.4126874Z    1416.3 ms  ✓ ImageIO
2025-08-27T07:25:40.5526479Z    2247.1 ms  ✓ SimpleGraphs
2025-08-27T07:25:44.4203032Z    3867.2 ms  ✓ DelaunayTriangulation
2025-08-27T07:27:10.9529811Z   86531.5 ms  ✓ Makie
2025-08-27T07:27:45.2159697Z   34262.2 ms  ✓ CairoMakie
2025-08-27T07:27:45.2260044Z   271 dependencies successfully precompiled in 304 seconds. 46 already precompiled.
2025-08-27T07:27:45.2260795Z   2 dependencies had output during precompilation:
2025-08-27T07:27:45.2261356Z ┌ Formatting
2025-08-27T07:27:45.2261640Z │  ┌ Warning: DEPRECATION NOTICE
2025-08-27T07:27:45.2261921Z │  │ 
2025-08-27T07:27:45.2262303Z │  │ Formatting.jl has been unmaintained for a while, with some serious
2025-08-27T07:27:45.2262958Z │  │ correctness bugs compromising the original purpose of the package. As a result,
2025-08-27T07:27:45.2263593Z │  │ it has been deprecated - consider using an alternative, such as
2025-08-27T07:27:45.2264593Z │  │ `Format.jl` (https://github.com/JuliaString/Format.jl) or the `Printf` stdlib directly.
2025-08-27T07:27:45.2265089Z │  │ 
2025-08-27T07:27:45.2265479Z │  │ If you are not using Formatting.jl as a direct dependency, please consider
2025-08-27T07:27:45.2266114Z │  │ opening an issue on any packages you are using that do use it as a dependency.
2025-08-27T07:27:45.2266739Z │  │ From Julia 1.9 onwards, you can query `]why Formatting` to figure out which
2025-08-27T07:27:45.2267391Z │  │ package originally brings it in as a dependency.
2025-08-27T07:27:45.2267992Z │  └ @ Formatting C:\Users\runneradmin\.julia\packages\Formatting\3VxOt\src\Formatting.jl:12
2025-08-27T07:27:45.2268485Z └  
2025-08-27T07:27:45.2268681Z ┌ MKL_jll
2025-08-27T07:27:45.2268922Z │  Downloading artifact: IntelOpenMP
2025-08-27T07:27:45.2269218Z └  
2025-08-27T07:27:53.2350699Z      Testing PointController
2025-08-27T07:27:58.6826004Z       Status `C:\Users\runneradmin\AppData\Local\Temp\jl_W1Zv5d\Project.toml`
2025-08-27T07:27:58.6898937Z   [4c88cf16] Aqua v0.8.14
2025-08-27T07:27:58.6901215Z ⌃ [13f3f980] CairoMakie v0.10.12
2025-08-27T07:27:58.6902985Z ⌃ [e9467ef8] GLMakie v0.8.12
2025-08-27T07:27:58.6905573Z   [510215fc] Observables v0.5.5
2025-08-27T07:27:58.6908466Z   [eae52b99] PointController v0.1.0 `D:\a\JuliaTestRocket\JuliaTestRocket`
2025-08-27T07:27:58.6910922Z   [90137ffa] StaticArrays v1.9.14
2025-08-27T07:27:58.6913765Z   [56ddb016] Logging v1.11.0
2025-08-27T07:27:58.6916659Z   [8dfed614] Test v1.11.0
2025-08-27T07:27:58.6920424Z       Status `C:\Users\runneradmin\AppData\Local\Temp\jl_W1Zv5d\Manifest.toml`
2025-08-27T07:27:58.9758807Z   [47edcb42] ADTypes v1.17.0
2025-08-27T07:27:58.9761578Z   [621f4979] AbstractFFTs v1.5.0
2025-08-27T07:27:58.9763573Z   [398f06c4] AbstractLattices v0.3.1
2025-08-27T07:27:58.9766412Z   [1520ce14] AbstractTrees v0.4.5
2025-08-27T07:27:58.9768968Z   [79e6a3ab] Adapt v4.3.0
2025-08-27T07:27:58.9771484Z   [66dad0bd] AliasTables v1.1.3
2025-08-27T07:27:58.9774095Z   [27a7e980] Animations v0.4.2
2025-08-27T07:27:58.9776638Z   [4c88cf16] Aqua v0.8.14
2025-08-27T07:27:58.9779014Z   [4fba245c] ArrayInterface v7.19.0
2025-08-27T07:27:58.9781573Z   [67c07d97] Automa v1.1.0
2025-08-27T07:27:58.9784106Z   [13072b0f] AxisAlgorithms v1.1.0
2025-08-27T07:27:58.9786659Z   [39de3d68] AxisArrays v0.4.7
2025-08-27T07:27:58.9789354Z   [18cc8868] BaseDirs v1.3.2
2025-08-27T07:27:58.9791835Z   [fa961155] CEnum v0.5.0
2025-08-27T07:27:58.9794516Z   [96374032] CRlibm v1.0.2
2025-08-27T07:27:58.9797063Z   [159f3aea] Cairo v1.1.1
2025-08-27T07:27:58.9799872Z ⌃ [13f3f980] CairoMakie v0.10.12
2025-08-27T07:27:58.9802277Z   [d360d2e6] ChainRulesCore v1.26.0
2025-08-27T07:27:58.9804573Z   [a2cac450] ColorBrewer v0.4.1
2025-08-27T07:27:58.9807090Z   [35d6a980] ColorSchemes v3.30.0
2025-08-27T07:27:58.9809942Z ⌅ [3da002f7] ColorTypes v0.11.5
2025-08-27T07:27:58.9812455Z ⌃ [c3611d14] ColorVectorSpace v0.10.0
2025-08-27T07:27:58.9815028Z ⌅ [5ae59095] Colors v0.12.11
2025-08-27T07:27:58.9817590Z   [861a8166] Combinatorics v1.0.3
2025-08-27T07:27:58.9820017Z   [bbf7d656] CommonSubexpressions v0.3.1
2025-08-27T07:27:58.9822362Z   [34da2185] Compat v4.18.0
2025-08-27T07:27:58.9824750Z   [187b0558] ConstructionBase v1.6.0
2025-08-27T07:27:58.9827451Z   [d38c429a] Contour v0.6.3
2025-08-27T07:27:58.9830142Z   [9a962f9c] DataAPI v1.16.0
2025-08-27T07:27:58.9832965Z ⌅ [864edb3b] DataStructures v0.18.22
2025-08-27T07:27:58.9835419Z   [e2d170a0] DataValueInterfaces v1.0.0
2025-08-27T07:27:58.9838177Z ⌅ [927a84f5] DelaunayTriangulation v0.8.12
2025-08-27T07:27:58.9840646Z   [163ba53b] DiffResults v1.1.0
2025-08-27T07:27:58.9843214Z   [b552c78f] DiffRules v1.15.1
2025-08-27T07:27:58.9846079Z   [a0c0ee7d] DifferentiationInterface v0.7.7
2025-08-27T07:27:58.9848445Z   [31c24e10] Distributions v0.25.120
2025-08-27T07:27:58.9850810Z   [ffbed154] DocStringExtensions v0.9.5
2025-08-27T07:27:58.9853313Z   [4e289a0a] EnumX v1.0.5
2025-08-27T07:27:58.9865923Z   [429591f6] ExactPredicates v2.2.8
2025-08-27T07:27:58.9866380Z   [411431e0] Extents v0.1.6
2025-08-27T07:27:58.9867096Z   [7a1cc6ca] FFTW v1.9.0
2025-08-27T07:27:58.9867529Z   [5789e2e9] FileIO v1.17.0
2025-08-27T07:27:58.9867897Z   [1a297f60] FillArrays v1.13.0
2025-08-27T07:27:58.9868264Z   [6a86dc24] FiniteDiff v2.28.1
2025-08-27T07:27:58.9868933Z   [53c48c17] FixedPointNumbers v0.8.5
2025-08-27T07:27:58.9869519Z   [59287772] Formatting v0.4.3
2025-08-27T07:27:58.9871889Z   [f6369f11] ForwardDiff v1.1.0
2025-08-27T07:27:58.9874823Z   [b38be410] FreeType v4.1.1
2025-08-27T07:27:58.9877358Z   [663a7486] FreeTypeAbstraction v0.10.8
2025-08-27T07:27:58.9879926Z   [f7f18e0c] GLFW v3.4.5
2025-08-27T07:27:58.9882643Z ⌃ [e9467ef8] GLMakie v0.8.12
2025-08-27T07:27:58.9885155Z   [68eda718] GeoFormatTypes v0.4.4
2025-08-27T07:27:58.9887871Z ⌃ [cf35fbd7] GeoInterface v1.4.1
2025-08-27T07:27:58.9890499Z ⌅ [5c1252a2] GeometryBasics v0.4.11
2025-08-27T07:27:58.9893032Z   [a2bd30eb] Graphics v1.1.3
2025-08-27T07:27:58.9895771Z ⌅ [3955a311] GridLayoutBase v0.9.2
2025-08-27T07:27:58.9898232Z   [42e2da0e] Grisu v1.0.2
2025-08-27T07:27:58.9901052Z   [34004b35] HypergeometricFunctions v0.3.28
2025-08-27T07:27:58.9903676Z   [2803e5a7] ImageAxes v0.6.12
2025-08-27T07:27:58.9906183Z   [c817782e] ImageBase v0.1.7
2025-08-27T07:27:58.9908811Z   [a09fc81d] ImageCore v0.10.5
2025-08-27T07:27:58.9911249Z   [82e4d734] ImageIO v0.6.9
2025-08-27T07:27:58.9913986Z   [bc367c6b] ImageMetadata v0.9.10
2025-08-27T07:27:58.9916522Z   [9b13fd28] IndirectArrays v1.0.0
2025-08-27T07:27:58.9919146Z   [d25df0c9] Inflate v0.1.5
2025-08-27T07:27:58.9921873Z   [18e54dd8] IntegerMathUtils v0.1.3
2025-08-27T07:27:58.9924211Z   [a98d9a8b] Interpolations v0.16.2
2025-08-27T07:27:58.9926810Z ⌅ [d1acc4aa] IntervalArithmetic v0.22.36
2025-08-27T07:27:58.9929247Z   [8197267c] IntervalSets v0.7.11
2025-08-27T07:27:58.9931913Z   [92d709cd] IrrationalConstants v0.2.4
2025-08-27T07:27:58.9934258Z   [f1662d9f] Isoband v0.1.1
2025-08-27T07:27:58.9936960Z   [c8e1da08] IterTools v1.10.0
2025-08-27T07:27:58.9939345Z   [82899510] IteratorInterfaceExtensions v1.0.0
2025-08-27T07:27:58.9941947Z   [692b3bcd] JLLWrappers v1.7.1
2025-08-27T07:27:58.9944373Z   [682c06a0] JSON v0.21.4
2025-08-27T07:27:58.9947006Z   [b835a17e] JpegTurbo v0.1.6
2025-08-27T07:27:58.9949644Z   [5ab0869b] KernelDensity v0.6.10
2025-08-27T07:27:58.9952284Z   [b964fa9f] LaTeXStrings v1.4.0
2025-08-27T07:27:58.9955109Z   [8cdb02fc] LazyModules v0.3.1
2025-08-27T07:27:58.9957765Z   [9c8b4983] LightXML v0.9.2
2025-08-27T07:27:58.9960263Z   [d3d80556] LineSearches v7.4.0
2025-08-27T07:27:58.9962894Z   [9b3f67b0] LinearAlgebraX v0.2.10
2025-08-27T07:27:58.9965481Z   [2ab3a3ac] LogExpFunctions v0.3.29
2025-08-27T07:27:58.9968058Z   [1914dd2f] MacroTools v0.5.16
2025-08-27T07:27:58.9970786Z ⌅ [ee78f7c6] Makie v0.19.12
2025-08-27T07:27:58.9973340Z ⌅ [20f20a25] MakieCore v0.6.9
2025-08-27T07:27:58.9975848Z   [dbb5928d] MappedArrays v0.4.2
2025-08-27T07:27:58.9978405Z ⌅ [0a4f8689] MathTeXEngine v0.5.7
2025-08-27T07:27:58.9981200Z ⌅ [7269a6da] MeshIO v0.4.13
2025-08-27T07:27:58.9983637Z   [e1d29d7a] Missings v1.2.0
2025-08-27T07:27:58.9986227Z   [66fc600b] ModernGL v1.1.8
2025-08-27T07:27:58.9988811Z   [7475f97c] Mods v2.2.6
2025-08-27T07:27:58.9991359Z   [e94cdb99] MosaicViews v0.3.4
2025-08-27T07:27:58.9993959Z   [3b2b4ff1] Multisets v0.4.5
2025-08-27T07:27:58.9996326Z   [d41bc354] NLSolversBase v7.10.0
2025-08-27T07:27:58.9998903Z   [77ba4419] NaNMath v1.1.3
2025-08-27T07:27:59.0001531Z   [f09324ee] Netpbm v1.1.1
2025-08-27T07:27:59.0004174Z   [510215fc] Observables v0.5.5
2025-08-27T07:27:59.0006696Z   [6fe1bfb0] OffsetArrays v1.17.0
2025-08-27T07:27:59.0009432Z   [52e1d378] OpenEXR v0.3.3
2025-08-27T07:27:59.0011824Z   [429524aa] Optim v1.13.2
2025-08-27T07:27:59.0014453Z   [bac558e1] OrderedCollections v1.8.1
2025-08-27T07:27:59.0016998Z   [90014a1f] PDMats v0.11.35
2025-08-27T07:27:59.0019576Z   [f57f5aa1] PNGFiles v0.4.4
2025-08-27T07:27:59.0022203Z   [19eb6ba3] Packing v0.5.1
2025-08-27T07:27:59.0024844Z   [5432bcbf] PaddedViews v0.5.12
2025-08-27T07:27:59.0027443Z   [d96e819e] Parameters v0.12.3
2025-08-27T07:27:59.0030066Z   [69de0a69] Parsers v2.8.3
2025-08-27T07:27:59.0032654Z   [2ae35dd2] Permutations v0.4.23
2025-08-27T07:27:59.0035260Z   [3bbf5609] PikaParser v0.6.1
2025-08-27T07:27:59.0037629Z   [eebad327] PkgVersion v0.3.3
2025-08-27T07:27:59.0039961Z   [995b91a9] PlotUtils v1.4.3
2025-08-27T07:27:59.0044250Z   [eae52b99] PointController v0.1.0 `D:\a\JuliaTestRocket\JuliaTestRocket`
2025-08-27T07:27:59.0045764Z   [647866c9] PolygonOps v0.1.2
2025-08-27T07:27:59.0047926Z ⌃ [f27b6e38] Polynomials v4.0.21
2025-08-27T07:27:59.0050437Z   [85a6dd25] PositiveFactorizations v0.2.4
2025-08-27T07:27:59.0052883Z ⌅ [aea7be01] PrecompileTools v1.2.1
2025-08-27T07:27:59.0055583Z   [21216c6a] Preferences v1.5.0
2025-08-27T07:27:59.0058187Z   [27ebfcd6] Primes v0.5.7
2025-08-27T07:27:59.0061064Z   [92933f4c] ProgressMeter v1.11.0
2025-08-27T07:27:59.0063371Z   [43287f4e] PtrArrays v1.3.0
2025-08-27T07:27:59.0065972Z   [4b34888f] QOI v1.0.1
2025-08-27T07:27:59.0068568Z   [1fd47b50] QuadGK v2.11.2
2025-08-27T07:27:59.0071143Z   [b3c3ace0] RangeArrays v0.3.2
2025-08-27T07:27:59.0073693Z   [c84ed2f1] Ratios v0.4.5
2025-08-27T07:27:59.0076401Z   [3cdcf5f2] RecipesBase v1.3.4
2025-08-27T07:27:59.0078818Z   [189a3867] Reexport v1.2.2
2025-08-27T07:27:59.0081338Z   [05181044] RelocatableFolders v1.0.1
2025-08-27T07:27:59.0083980Z   [ae029012] Requires v1.3.1
2025-08-27T07:27:59.0086335Z   [286e9d63] RingLists v0.2.9
2025-08-27T07:27:59.0088891Z   [79098fc4] Rmath v0.8.0
2025-08-27T07:27:59.0091623Z   [5eaf0fd0] RoundingEmulator v0.2.1
2025-08-27T07:27:59.0094020Z   [fdea26ae] SIMD v3.7.1
2025-08-27T07:27:59.0096600Z   [6c6a2e73] Scratch v1.3.0
2025-08-27T07:27:59.0099233Z   [efcf1570] Setfield v1.1.2
2025-08-27T07:27:59.0102024Z ⌅ [65257c39] ShaderAbstractions v0.4.1
2025-08-27T07:27:59.0104392Z   [992d4aef] Showoff v1.0.3
2025-08-27T07:27:59.0106844Z   [73760f76] SignedDistanceFields v0.4.0
2025-08-27T07:27:59.0109397Z   [55797a34] SimpleGraphs v0.8.7
2025-08-27T07:27:59.0111884Z   [ec83eff0] SimplePartitions v0.3.3
2025-08-27T07:27:59.0114377Z   [cc47b68c] SimplePolynomials v0.2.18
2025-08-27T07:27:59.0116882Z   [a6525b86] SimpleRandom v0.3.2
2025-08-27T07:27:59.0119693Z   [699a6c99] SimpleTraits v0.9.5
2025-08-27T07:27:59.0122068Z   [45858cf5] Sixel v0.1.5
2025-08-27T07:27:59.0124494Z   [a2af1166] SortingAlgorithms v1.2.2
2025-08-27T07:27:59.0126845Z   [276daf66] SpecialFunctions v2.5.1
2025-08-27T07:27:59.0129586Z ⌅ [c5dd0088] StableHashTraits v1.3.4
2025-08-27T07:27:59.0131999Z   [860ef19b] StableRNGs v1.0.3
2025-08-27T07:27:59.0134680Z   [cae243ae] StackViews v0.1.2
2025-08-27T07:27:59.0137053Z   [90137ffa] StaticArrays v1.9.14
2025-08-27T07:27:59.0139817Z   [1e83bf80] StaticArraysCore v1.4.3
2025-08-27T07:27:59.0142281Z   [10745b16] Statistics v1.11.1
2025-08-27T07:27:59.0144977Z   [82ae8749] StatsAPI v1.7.1
2025-08-27T07:27:59.0147527Z   [2913bbd2] StatsBase v0.34.6
2025-08-27T07:27:59.0150190Z   [4c63d2b9] StatsFuns v1.5.0
2025-08-27T07:27:59.0152803Z ⌅ [09ab397b] StructArrays v0.6.21
2025-08-27T07:27:59.0155301Z   [856f2bd8] StructTypes v1.11.0
2025-08-27T07:27:59.0158115Z   [3783bdb8] TableTraits v1.0.1
2025-08-27T07:27:59.0160568Z   [bd369af6] Tables v1.12.1
2025-08-27T07:27:59.0163172Z   [62fd8b95] TensorCore v0.1.1
2025-08-27T07:27:59.0165317Z   [731e570b] TiffImages v0.11.6
2025-08-27T07:27:59.0168398Z   [3bb67fe8] TranscodingStreams v0.11.3
2025-08-27T07:27:59.0170855Z   [981d1d27] TriplotBase v0.1.0
2025-08-27T07:27:59.0173295Z   [9d95972d] TupleTools v1.6.0
2025-08-27T07:27:59.0175914Z   [3a884ed6] UnPack v1.0.2
2025-08-27T07:27:59.0178695Z   [1cfade01] UnicodeFun v0.4.1
2025-08-27T07:27:59.0181075Z   [ecbed89c] WeakKeyIdDicts v0.1.0
2025-08-27T07:27:59.0183650Z   [e3aaa7dc] WebP v0.1.3
2025-08-27T07:27:59.0186215Z   [efce3f68] WoodburyMatrices v1.0.0
2025-08-27T07:27:59.0188755Z   [6e34b625] Bzip2_jll v1.0.9+0
2025-08-27T07:27:59.0191334Z   [4e9b3aee] CRlibm_jll v1.0.1+0
2025-08-27T07:27:59.0193999Z   [83423d85] Cairo_jll v1.18.5+0
2025-08-27T07:27:59.0196540Z   [ee1fde0b] Dbus_jll v1.16.2+0
2025-08-27T07:27:59.0199132Z   [5ae413db] EarCut_jll v2.2.4+0
2025-08-27T07:27:59.0201595Z   [2702e6a9] EpollShim_jll v0.0.20230411+1
2025-08-27T07:27:59.0203909Z   [2e619515] Expat_jll v2.7.1+0
2025-08-27T07:27:59.0206611Z   [b22a6f82] FFMPEG_jll v7.1.1+0
2025-08-27T07:27:59.0209507Z   [f5851436] FFTW_jll v3.3.11+0
2025-08-27T07:27:59.0212130Z   [a3f928ae] Fontconfig_jll v2.17.1+0
2025-08-27T07:27:59.0214782Z   [d7e528f0] FreeType2_jll v2.13.4+0
2025-08-27T07:27:59.0217545Z   [559328eb] FriBidi_jll v1.0.17+0
2025-08-27T07:27:59.0220223Z   [0656b61e] GLFW_jll v3.4.0+2
2025-08-27T07:27:59.0222774Z   [b0724c58] GettextRuntime_jll v0.22.4+0
2025-08-27T07:27:59.0225377Z   [59f7168a] Giflib_jll v5.2.3+0
2025-08-27T07:27:59.0227833Z   [7746bdde] Glib_jll v2.84.3+0
2025-08-27T07:27:59.0230620Z   [3b182d85] Graphite2_jll v1.3.15+0
2025-08-27T07:27:59.0233108Z   [2e76f6c2] HarfBuzz_jll v8.5.1+0
2025-08-27T07:27:59.0235713Z   [905a6f67] Imath_jll v3.1.11+0
2025-08-27T07:27:59.0238234Z   [1d5cc7b8] IntelOpenMP_jll v2025.2.0+0
2025-08-27T07:27:59.0240538Z   [aacddb02] JpegTurbo_jll v3.1.2+0
2025-08-27T07:27:59.0243162Z   [c1c5ebd0] LAME_jll v3.100.3+0
2025-08-27T07:27:59.0245576Z   [88015f11] LERC_jll v4.0.1+0
2025-08-27T07:27:59.0247956Z   [1d63c593] LLVMOpenMP_jll v18.1.8+0
2025-08-27T07:27:59.0250509Z   [dd4b983a] LZO_jll v2.10.3+0
2025-08-27T07:27:59.0253173Z   [e9f186c6] Libffi_jll v3.4.7+0
2025-08-27T07:27:59.0255709Z   [7e76a0d4] Libglvnd_jll v1.7.1+1
2025-08-27T07:27:59.0258494Z   [94ce4f54] Libiconv_jll v1.18.0+0
2025-08-27T07:27:59.0260865Z   [4b2f31a3] Libmount_jll v2.41.1+0
2025-08-27T07:27:59.0263407Z   [89763e89] Libtiff_jll v4.7.1+0
2025-08-27T07:27:59.0266116Z   [38a345b3] Libuuid_jll v2.41.1+0
2025-08-27T07:27:59.0268648Z   [856f044c] MKL_jll v2025.2.0+0
2025-08-27T07:27:59.0271192Z   [e7412a2a] Ogg_jll v1.3.6+0
2025-08-27T07:27:59.0273853Z   [6cdc7f73] OpenBLASConsistentFPCSR_jll v0.3.29+0
2025-08-27T07:27:59.0276088Z   [18a262bb] OpenEXR_jll v3.2.4+0
2025-08-27T07:27:59.0278777Z   [458c3c95] OpenSSL_jll v3.5.2+0
2025-08-27T07:27:59.0281406Z   [efe28fd5] OpenSpecFun_jll v0.5.6+0
2025-08-27T07:27:59.0283781Z   [91d4177d] Opus_jll v1.5.2+0
2025-08-27T07:27:59.0286418Z   [36c8627f] Pango_jll v1.56.3+0
2025-08-27T07:27:59.0289042Z ⌅ [30392449] Pixman_jll v0.44.2+0
2025-08-27T07:27:59.0291489Z   [f50d1b31] Rmath_jll v0.5.1+0
2025-08-27T07:27:59.0293995Z   [a2964d1f] Wayland_jll v1.24.0+0
2025-08-27T07:27:59.0296687Z   [02c8fc9c] XML2_jll v2.14.4+0
2025-08-27T07:27:59.0299040Z   [ffd25f8a] XZ_jll v5.8.1+0
2025-08-27T07:27:59.0301540Z   [4f6342f7] Xorg_libX11_jll v1.8.12+0
2025-08-27T07:27:59.0304132Z   [0c0b7dd1] Xorg_libXau_jll v1.0.13+0
2025-08-27T07:27:59.0306694Z   [935fb764] Xorg_libXcursor_jll v1.2.4+0
2025-08-27T07:27:59.0309344Z   [a3789734] Xorg_libXdmcp_jll v1.1.6+0
2025-08-27T07:27:59.0311981Z   [1082639a] Xorg_libXext_jll v1.3.7+0
2025-08-27T07:27:59.0313852Z   [d091e8ba] Xorg_libXfixes_jll v6.0.1+0
2025-08-27T07:27:59.0316442Z   [a51aa0fd] Xorg_libXi_jll v1.8.3+0
2025-08-27T07:27:59.0318858Z   [d1454406] Xorg_libXinerama_jll v1.1.6+0
2025-08-27T07:27:59.0322005Z   [ec84b674] Xorg_libXrandr_jll v1.5.5+0
2025-08-27T07:27:59.0324146Z   [ea2f1a96] Xorg_libXrender_jll v0.9.12+0
2025-08-27T07:27:59.0326670Z   [c7cfdc94] Xorg_libxcb_jll v1.17.1+0
2025-08-27T07:27:59.0329240Z   [cc61e674] Xorg_libxkbfile_jll v1.1.3+0
2025-08-27T07:27:59.0331826Z   [35661453] Xorg_xkbcomp_jll v1.4.7+0
2025-08-27T07:27:59.0334387Z   [33bec58e] Xorg_xkeyboard_config_jll v2.44.0+0
2025-08-27T07:27:59.0336969Z   [c5fb5394] Xorg_xtrans_jll v1.6.0+0
2025-08-27T07:27:59.0339545Z   [3161d3a3] Zstd_jll v1.5.7+1
2025-08-27T07:27:59.0342065Z   [9a68df92] isoband_jll v0.2.3+0
2025-08-27T07:27:59.0344941Z   [a4ae2306] libaom_jll v3.12.1+0
2025-08-27T07:27:59.0347490Z   [0ac62f75] libass_jll v0.17.4+0
2025-08-27T07:27:59.0350038Z   [1183f4f0] libdecor_jll v0.2.2+0
2025-08-27T07:27:59.0352431Z   [f638f0a6] libfdk_aac_jll v2.0.4+0
2025-08-27T07:27:59.0355073Z   [b53b4c65] libpng_jll v1.6.50+0
2025-08-27T07:27:59.0357510Z   [075b6546] libsixel_jll v1.10.5+0
2025-08-27T07:27:59.0360255Z   [f27f6e37] libvorbis_jll v1.3.8+0
2025-08-27T07:27:59.0362735Z   [c5f90fcd] libwebp_jll v1.6.0+0
2025-08-27T07:27:59.0365304Z   [1317d2d5] oneTBB_jll v2022.0.0+0
2025-08-27T07:27:59.0367979Z   [1270edf5] x264_jll v10164.0.1+0
2025-08-27T07:27:59.0370871Z   [dfaa095f] x265_jll v4.1.0+0
2025-08-27T07:27:59.0373279Z   [d8fb68d0] xkbcommon_jll v1.9.2+0
2025-08-27T07:27:59.0376095Z   [0dad84c5] ArgTools v1.1.2
2025-08-27T07:27:59.0378174Z   [56f22d72] Artifacts v1.11.0
2025-08-27T07:27:59.0380445Z   [2a0f44e3] Base64 v1.11.0
2025-08-27T07:27:59.0382919Z   [8bf52ea8] CRC32c v1.11.0
2025-08-27T07:27:59.0385549Z   [ade2ca70] Dates v1.11.0
2025-08-27T07:27:59.0388445Z   [8ba89e20] Distributed v1.11.0
2025-08-27T07:27:59.0390768Z   [f43a241f] Downloads v1.6.0
2025-08-27T07:27:59.0393384Z   [7b1f6079] FileWatching v1.11.0
2025-08-27T07:27:59.0396046Z   [9fa8497b] Future v1.11.0
2025-08-27T07:27:59.0398464Z   [b77e0a4c] InteractiveUtils v1.11.0
2025-08-27T07:27:59.0401048Z   [4af54fe1] LazyArtifacts v1.11.0
2025-08-27T07:27:59.0403718Z   [b27032c2] LibCURL v0.6.4
2025-08-27T07:27:59.0406254Z   [76f85450] LibGit2 v1.11.0
2025-08-27T07:27:59.0408778Z   [8f399da3] Libdl v1.11.0
2025-08-27T07:27:59.0411650Z   [37e2e46d] LinearAlgebra v1.11.0
2025-08-27T07:27:59.0413436Z   [56ddb016] Logging v1.11.0
2025-08-27T07:27:59.0416152Z   [d6f4376e] Markdown v1.11.0
2025-08-27T07:27:59.0418465Z   [a63ad114] Mmap v1.11.0
2025-08-27T07:27:59.0420845Z   [ca575930] NetworkOptions v1.2.0
2025-08-27T07:27:59.0423348Z   [44cfe95a] Pkg v1.11.0
2025-08-27T07:27:59.0426078Z   [de0858da] Printf v1.11.0
2025-08-27T07:27:59.0428691Z   [3fa0cd96] REPL v1.11.0
2025-08-27T07:27:59.0431230Z   [9a3f8284] Random v1.11.0
2025-08-27T07:27:59.0433925Z   [ea8e919c] SHA v0.7.0
2025-08-27T07:27:59.0436490Z   [9e88b42a] Serialization v1.11.0
2025-08-27T07:27:59.0439003Z   [1a1011a3] SharedArrays v1.11.0
2025-08-27T07:27:59.0441386Z   [6462fe0b] Sockets v1.11.0
2025-08-27T07:27:59.0443929Z   [2f01184e] SparseArrays v1.11.0
2025-08-27T07:27:59.0446691Z   [f489334b] StyledStrings v1.11.0
2025-08-27T07:27:59.0449073Z   [4607b0f0] SuiteSparse
2025-08-27T07:27:59.0451671Z   [fa267f1f] TOML v1.0.3
2025-08-27T07:27:59.0454524Z   [a4e569a6] Tar v1.10.0
2025-08-27T07:27:59.0456450Z   [8dfed614] Test v1.11.0
2025-08-27T07:27:59.0458996Z   [cf7118a7] UUIDs v1.11.0
2025-08-27T07:27:59.0461728Z   [4ec0a83e] Unicode v1.11.0
2025-08-27T07:27:59.0464395Z   [e66e0078] CompilerSupportLibraries_jll v1.1.1+0
2025-08-27T07:27:59.0467000Z   [deac9b47] LibCURL_jll v8.6.0+0
2025-08-27T07:27:59.0469441Z   [e37daf67] LibGit2_jll v1.7.2+0
2025-08-27T07:27:59.0471815Z   [29816b5a] LibSSH2_jll v1.11.0+1
2025-08-27T07:27:59.0474282Z   [c8ffd9c3] MbedTLS_jll v2.28.6+0
2025-08-27T07:27:59.0476676Z   [14a3606d] MozillaCACerts_jll v2023.12.12
2025-08-27T07:27:59.0479564Z   [4536629a] OpenBLAS_jll v0.3.27+1
2025-08-27T07:27:59.0482289Z   [05823500] OpenLibm_jll v0.8.5+0
2025-08-27T07:27:59.0484671Z   [efcefdf7] PCRE2_jll v10.42.0+1
2025-08-27T07:27:59.0487247Z   [bea87d4a] SuiteSparse_jll v7.7.0+0
2025-08-27T07:27:59.0489813Z   [83775a58] Zlib_jll v1.2.13+1
2025-08-27T07:27:59.0492497Z   [8e850b90] libblastrampoline_jll v5.11.0+0
2025-08-27T07:27:59.0495234Z   [8e850ede] nghttp2_jll v1.59.0+0
2025-08-27T07:27:59.0497917Z   [3f19e933] p7zip_jll v17.4.0+2
2025-08-27T07:27:59.0500706Z         Info Packages marked with ⌃ and ⌅ have new versions available. Those with ⌃ may be upgradable, but those with ⌅ are restricted by compatibility constraints from upgrading.
2025-08-27T07:28:00.9114634Z Precompiling project for configuration --code-coverage=@D:\a\JuliaTestRocket\JuliaTestRocket --color=auto --check-bounds=yes --warn-overwrite=yes --depwarn=yes --inline=yes --startup-file=no --track-allocation=none...
2025-08-27T07:28:01.4879503Z     483.6 ms  ✓ RangeArrays
2025-08-27T07:28:02.0634970Z    1114.7 ms  ✓ Combinatorics
2025-08-27T07:28:02.1975976Z     709.3 ms  ✓ AbstractFFTs
2025-08-27T07:28:02.5181056Z     454.3 ms  ✓ LaTeXStrings
2025-08-27T07:28:02.8198391Z     621.9 ms  ✓ PositiveFactorizations
2025-08-27T07:28:02.9856716Z     467.2 ms  ✓ IndirectArrays
2025-08-27T07:28:03.2949354Z     474.8 ms  ✓ PolygonOps
2025-08-27T07:28:03.4155853Z     429.6 ms  ✓ IteratorInterfaceExtensions
2025-08-27T07:28:03.8516962Z     556.4 ms  ✓ TensorCore
2025-08-27T07:28:04.5836923Z     731.5 ms  ✓ GeoFormatTypes
2025-08-27T07:28:05.1703463Z     586.2 ms  ✓ StatsAPI
2025-08-27T07:28:05.5786104Z     407.7 ms  ✓ AbstractLattices
2025-08-27T07:28:05.6061141Z    4595.5 ms  ✓ BaseDirs
2025-08-27T07:28:06.1473461Z     540.9 ms  ✓ Contour
2025-08-27T07:28:06.3301362Z     751.2 ms  ✓ ADTypes
2025-08-27T07:28:06.3781303Z    2962.3 ms  ✓ ModernGL
2025-08-27T07:28:06.6599694Z     512.1 ms  ✓ CEnum
2025-08-27T07:28:06.9134605Z     534.9 ms  ✓ TriplotBase
2025-08-27T07:28:07.0658748Z     405.6 ms  ✓ UnPack
2025-08-27T07:28:07.5440172Z     477.8 ms  ✓ IntegerMathUtils
2025-08-27T07:28:07.6193904Z    1288.9 ms  ✓ OffsetArrays
2025-08-27T07:28:08.1519005Z    1238.1 ms  ✓ FillArrays
2025-08-27T07:28:08.2732613Z     728.9 ms  ✓ Statistics
2025-08-27T07:28:08.2897690Z     670.1 ms  ✓ IterTools
2025-08-27T07:28:09.0137534Z     723.7 ms  ✓ OrderedCollections
2025-08-27T07:28:09.3767370Z    1103.1 ms  ✓ Grisu
2025-08-27T07:28:09.6462402Z     632.2 ms  ✓ Observables
2025-08-27T07:28:10.0253616Z     648.2 ms  ✓ Requires
2025-08-27T07:28:10.0732103Z     426.6 ms  ✓ DataValueInterfaces
2025-08-27T07:28:10.5566968Z     530.9 ms  ✓ EnumX
2025-08-27T07:28:10.6754339Z     602.0 ms  ✓ StableRNGs
2025-08-27T07:28:11.0693425Z     512.2 ms  ✓ Reexport
2025-08-27T07:28:11.4710678Z     795.2 ms  ✓ DocStringExtensions
2025-08-27T07:28:11.6907881Z    3538.5 ms  ✓ MacroTools
2025-08-27T07:28:11.8153382Z     745.5 ms  ✓ AbstractTrees
2025-08-27T07:28:12.3219841Z     630.8 ms  ✓ IntervalSets
2025-08-27T07:28:12.3677214Z     552.1 ms  ✓ RoundingEmulator
2025-08-27T07:28:12.8249062Z     456.9 ms  ✓ PtrArrays
2025-08-27T07:28:12.9331957Z     610.9 ms  ✓ Extents
2025-08-27T07:28:12.9808073Z    1509.2 ms  ✓ IrrationalConstants
2025-08-27T07:28:13.4368703Z     455.7 ms  ✓ LazyModules
2025-08-27T07:28:13.5448411Z     719.4 ms  ✓ TranscodingStreams
2025-08-27T07:28:13.5712981Z     637.8 ms  ✓ NaNMath
2025-08-27T07:28:13.9567154Z     519.5 ms  ✓ Multisets
2025-08-27T07:28:14.0336268Z     488.5 ms  ✓ RingLists
2025-08-27T07:28:14.1694947Z     597.9 ms  ✓ Inflate
2025-08-27T07:28:14.5325365Z     573.8 ms  ✓ ConstructionBase
2025-08-27T07:28:14.5706826Z     536.7 ms  ✓ Mods
2025-08-27T07:28:14.6323695Z     462.5 ms  ✓ DataAPI
2025-08-27T07:28:15.0875958Z     554.7 ms  ✓ StaticArraysCore
2025-08-27T07:28:15.0987102Z     527.3 ms  ✓ TupleTools
2025-08-27T07:28:15.1834653Z     550.8 ms  ✓ MappedArrays
2025-08-27T07:28:15.5546197Z     466.7 ms  ✓ WeakKeyIdDicts
2025-08-27T07:28:15.8392741Z     740.2 ms  ✓ SuiteSparse
2025-08-27T07:28:16.2119885Z    1028.2 ms  ✓ ProgressMeter
2025-08-27T07:28:16.6304877Z     790.9 ms  ✓ WoodburyMatrices
2025-08-27T07:28:16.9136257Z    1358.6 ms  ✓ Formatting
2025-08-27T07:28:17.2449584Z     613.9 ms  ✓ Scratch
2025-08-27T07:28:17.2839707Z    1071.6 ms  ✓ StructTypes
2025-08-27T07:28:17.8539202Z     940.0 ms  ✓ Preferences
2025-08-27T07:28:17.9719182Z     726.6 ms  ✓ Compat
2025-08-27T07:28:18.6993789Z     726.9 ms  ✓ Permutations
2025-08-27T07:28:19.4969167Z    2212.3 ms  ✓ UnicodeFun
2025-08-27T07:28:19.5331551Z    1678.9 ms  ✓ PkgVersion
2025-08-27T07:28:19.9692702Z     472.0 ms  ✓ TableTraits
2025-08-27T07:28:20.5113166Z    1811.6 ms  ✓ AbstractFFTs → AbstractFFTsTestExt
2025-08-27T07:28:20.6904502Z     720.9 ms  ✓ Primes
2025-08-27T07:28:20.9030530Z    1369.6 ms  ✓ DifferentiationInterface
2025-08-27T07:28:21.0480170Z     536.4 ms  ✓ StackViews
2025-08-27T07:28:21.3062790Z     615.5 ms  ✓ PaddedViews
2025-08-27T07:28:21.5300604Z     481.7 ms  ✓ SignedDistanceFields
2025-08-27T07:28:21.8782937Z     974.9 ms  ✓ FillArrays → FillArraysSparseArraysExt
2025-08-27T07:28:22.4479377Z     569.3 ms  ✓ FillArrays → FillArraysStatisticsExt
2025-08-27T07:28:22.5855896Z    1055.2 ms  ✓ Statistics → SparseArraysExt
2025-08-27T07:28:22.9660717Z     517.8 ms  ✓ Parameters
2025-08-27T07:28:23.1774526Z     591.6 ms  ✓ Showoff
2025-08-27T07:28:23.7168254Z     539.0 ms  ✓ Ratios
2025-08-27T07:28:24.3668609Z     649.5 ms  ✓ Adapt
2025-08-27T07:28:24.3928008Z    3086.2 ms  ✓ FixedPointNumbers
2025-08-27T07:28:24.6274642Z    1661.1 ms  ✓ MakieCore
2025-08-27T07:28:25.2821471Z     654.3 ms  ✓ CommonSubexpressions
2025-08-27T07:28:25.3013785Z     908.3 ms  ✓ PikaParser
2025-08-27T07:28:25.7557795Z     454.1 ms  ✓ IntervalSets → IntervalSetsRandomExt
2025-08-27T07:28:26.3048698Z     547.0 ms  ✓ IntervalSets → IntervalSetsStatisticsExt
2025-08-27T07:28:26.3051435Z    1022.3 ms  ✓ SimpleTraits
2025-08-27T07:28:26.8676865Z     562.3 ms  ✓ AliasTables
2025-08-27T07:28:27.1516567Z     839.7 ms  ✓ LogExpFunctions
2025-08-27T07:28:27.4322327Z     564.2 ms  ✓ ConstructionBase → ConstructionBaseIntervalSetsExt
2025-08-27T07:28:27.6578130Z     505.8 ms  ✓ ConstructionBase → ConstructionBaseLinearAlgebraExt
2025-08-27T07:28:27.9597174Z     527.1 ms  ✓ ADTypes → ADTypesConstructionBaseExt
2025-08-27T07:28:28.5228567Z     562.8 ms  ✓ Missings
2025-08-27T07:28:29.1185014Z    1458.0 ms  ✓ GeoInterface
2025-08-27T07:28:29.1474007Z     624.0 ms  ✓ DiffResults
2025-08-27T07:28:30.0818673Z     933.9 ms  ✓ AxisAlgorithms
2025-08-27T07:28:30.3915688Z    1275.2 ms  ✓ PDMats
2025-08-27T07:28:30.7421291Z     659.8 ms  ✓ RelocatableFolders
2025-08-27T07:28:31.1250784Z     733.0 ms  ✓ JLLWrappers
2025-08-27T07:28:31.2803054Z    6913.1 ms  ✓ FileIO
2025-08-27T07:28:31.3545884Z     611.9 ms  ✓ PrecompileTools
2025-08-27T07:28:31.6756871Z     550.3 ms  ✓ Compat → CompatLinearAlgebraExt
2025-08-27T07:28:32.0933857Z     738.4 ms  ✓ DifferentiationInterface → DifferentiationInterfaceSparseArraysExt
2025-08-27T07:28:32.3071412Z     631.2 ms  ✓ MosaicViews
2025-08-27T07:28:32.3601528Z    1079.5 ms  ✓ Tables
2025-08-27T07:28:32.8337772Z     740.1 ms  ✓ Adapt → AdaptSparseArraysExt
2025-08-27T07:28:32.8807270Z     520.3 ms  ✓ OffsetArrays → OffsetArraysAdaptExt
2025-08-27T07:28:33.0251866Z     717.8 ms  ✓ ArrayInterface
2025-08-27T07:28:33.3958433Z     514.8 ms  ✓ Ratios → RatiosFixedPointNumbersExt
2025-08-27T07:28:34.0968311Z    1071.3 ms  ✓ AxisArrays
2025-08-27T07:28:34.9088523Z     811.6 ms  ✓ FillArrays → FillArraysPDMatsExt
2025-08-27T07:28:34.9734134Z    1577.2 ms  ✓ Setfield
2025-08-27T07:28:35.7725201Z     860.6 ms  ✓ OpenSSL_jll
2025-08-27T07:28:35.7987642Z     825.0 ms  ✓ Graphite2_jll
2025-08-27T07:28:36.0738651Z    3239.7 ms  ✓ ColorTypes
2025-08-27T07:28:36.3945400Z     624.4 ms  ✓ Libmount_jll
2025-08-27T07:28:36.5233374Z     724.3 ms  ✓ EpollShim_jll
2025-08-27T07:28:36.8298052Z     755.6 ms  ✓ LLVMOpenMP_jll
2025-08-27T07:28:37.1370440Z     742.2 ms  ✓ Bzip2_jll
2025-08-27T07:28:37.2861418Z     762.4 ms  ✓ Rmath_jll
2025-08-27T07:28:37.4553236Z     625.2 ms  ✓ Xorg_libXau_jll
2025-08-27T07:28:37.9496894Z     659.4 ms  ✓ libfdk_aac_jll
2025-08-27T07:28:37.9499633Z     812.4 ms  ✓ libpng_jll
2025-08-27T07:28:38.2134279Z     757.7 ms  ✓ Imath_jll
2025-08-27T07:28:38.7234260Z     767.5 ms  ✓ Giflib_jll
2025-08-27T07:28:39.0022213Z     788.5 ms  ✓ LAME_jll
2025-08-27T07:28:39.4581063Z     734.3 ms  ✓ LERC_jll
2025-08-27T07:28:39.6032623Z    1653.0 ms  ✓ IntelOpenMP_jll
2025-08-27T07:28:39.7731673Z     770.6 ms  ✓ EarCut_jll
2025-08-27T07:28:40.1756692Z     717.3 ms  ✓ CRlibm_jll
2025-08-27T07:28:40.4892272Z     885.6 ms  ✓ JpegTurbo_jll
2025-08-27T07:28:40.6145556Z     841.1 ms  ✓ XZ_jll
2025-08-27T07:28:40.8855918Z     709.6 ms  ✓ Ogg_jll
2025-08-27T07:28:41.2858076Z     796.2 ms  ✓ oneTBB_jll
2025-08-27T07:28:41.2972138Z     680.8 ms  ✓ Xorg_libXdmcp_jll
2025-08-27T07:28:41.6154259Z     729.5 ms  ✓ x265_jll
2025-08-27T07:28:42.0523247Z     766.3 ms  ✓ x264_jll
2025-08-27T07:28:42.0758132Z     779.7 ms  ✓ Zstd_jll
2025-08-27T07:28:42.4700840Z     854.3 ms  ✓ libaom_jll
2025-08-27T07:28:42.7555725Z     679.4 ms  ✓ LZO_jll
2025-08-27T07:28:42.8028020Z     750.1 ms  ✓ Expat_jll
2025-08-27T07:28:43.2268760Z     756.5 ms  ✓ Opus_jll
2025-08-27T07:28:43.4515478Z     695.7 ms  ✓ Xorg_xtrans_jll
2025-08-27T07:28:43.5981887Z     795.1 ms  ✓ Libiconv_jll
2025-08-27T07:28:43.9910557Z     763.8 ms  ✓ Libffi_jll
2025-08-27T07:28:44.1820500Z     730.2 ms  ✓ isoband_jll
2025-08-27T07:28:44.3777312Z     779.1 ms  ✓ FFTW_jll
2025-08-27T07:28:44.7929952Z     610.6 ms  ✓ Libuuid_jll
2025-08-27T07:28:44.8465739Z     855.2 ms  ✓ OpenSpecFun_jll
2025-08-27T07:28:45.1192145Z     741.1 ms  ✓ FriBidi_jll
2025-08-27T07:28:45.5167988Z     723.5 ms  ✓ OpenBLASConsistentFPCSR_jll
2025-08-27T07:28:47.6275087Z    2507.9 ms  ✓ RecipesBase
2025-08-27T07:28:55.4092873Z   10562.3 ms  ✓ StaticArrays
2025-08-27T07:28:57.9654524Z    2555.6 ms  ✓ DataStructures
2025-08-27T07:28:58.0498162Z   12532.6 ms  ✓ SIMD
2025-08-27T07:28:59.7228442Z    1757.0 ms  ✓ ChainRulesCore
2025-08-27T07:29:00.9122392Z    1189.1 ms  ✓ StructArrays
2025-08-27T07:29:01.7778363Z    3727.7 ms  ✓ Aqua
2025-08-27T07:29:02.6734855Z     895.1 ms  ✓ ArrayInterface → ArrayInterfaceSparseArraysExt
2025-08-27T07:29:03.3142080Z     640.2 ms  ✓ ArrayInterface → ArrayInterfaceStaticArraysCoreExt
2025-08-27T07:29:05.8945811Z    2579.8 ms  ✓ QOI
2025-08-27T07:29:06.9434978Z    5999.4 ms  ✓ StableHashTraits
2025-08-27T07:29:09.3131012Z    3418.0 ms  ✓ ColorVectorSpace
2025-08-27T07:29:10.1766725Z     862.9 ms  ✓ Pixman_jll
2025-08-27T07:29:10.2792149Z   22651.2 ms  ✓ Parsers
2025-08-27T07:29:10.9978502Z     820.9 ms  ✓ FreeType2_jll
2025-08-27T07:29:11.4142802Z    1134.7 ms  ✓ Rmath
2025-08-27T07:29:12.0859649Z    1087.8 ms  ✓ OpenEXR_jll
2025-08-27T07:29:12.4265337Z    1011.9 ms  ✓ CRlibm
2025-08-27T07:29:13.1141762Z    1027.7 ms  ✓ libsixel_jll
2025-08-27T07:29:13.4763004Z    1043.2 ms  ✓ libvorbis_jll
2025-08-27T07:29:13.8678903Z    6923.7 ms  ✓ Colors
2025-08-27T07:29:14.1365215Z     666.0 ms  ✓ Xorg_libxcb_jll
2025-08-27T07:29:14.7067534Z     569.9 ms  ✓ Dbus_jll
2025-08-27T07:29:14.8107820Z     942.5 ms  ✓ Libtiff_jll
2025-08-27T07:29:14.9715460Z    1856.8 ms  ✓ MKL_jll
2025-08-27T07:29:15.6082594Z     901.1 ms  ✓ XML2_jll
2025-08-27T07:29:15.6661321Z     694.2 ms  ✓ Wayland_jll
2025-08-27T07:29:15.7184142Z     907.3 ms  ✓ GettextRuntime_jll
2025-08-27T07:29:16.2503713Z     641.8 ms  ✓ Isoband
2025-08-27T07:29:17.1258622Z     875.1 ms  ✓ IntervalSets → IntervalSetsRecipesBaseExt
2025-08-27T07:29:18.0743634Z     948.0 ms  ✓ StaticArrays → StaticArraysStatisticsExt
2025-08-27T07:29:18.9790045Z     904.1 ms  ✓ ConstructionBase → ConstructionBaseStaticArraysExt
2025-08-27T07:29:19.2218462Z    3555.3 ms  ✓ SpecialFunctions
2025-08-27T07:29:19.9113624Z     931.8 ms  ✓ DifferentiationInterface → DifferentiationInterfaceStaticArraysExt
2025-08-27T07:29:20.2437147Z    1021.5 ms  ✓ Adapt → AdaptStaticArraysExt
2025-08-27T07:29:20.6667512Z     755.1 ms  ✓ SortingAlgorithms
2025-08-27T07:29:21.3005109Z     633.4 ms  ✓ SimplePartitions
2025-08-27T07:29:21.7312783Z    1487.3 ms  ✓ QuadGK
2025-08-27T07:29:46.0410777Z   24740.0 ms  ✓ Automa
2025-08-27T07:29:47.1390302Z    1097.4 ms  ✓ ChainRulesCore → ChainRulesCoreSparseArraysExt
2025-08-27T07:29:48.0377320Z     891.3 ms  ✓ AbstractFFTs → AbstractFFTsChainRulesCoreExt
2025-08-27T07:29:48.9089923Z     877.8 ms  ✓ ADTypes → ADTypesChainRulesCoreExt
2025-08-27T07:29:49.8159483Z     906.4 ms  ✓ DifferentiationInterface → DifferentiationInterfaceChainRulesCoreExt
2025-08-27T07:29:52.0327294Z    2216.2 ms  ✓ LogExpFunctions → LogExpFunctionsChainRulesCoreExt
2025-08-27T07:29:52.8741720Z     840.9 ms  ✓ ArrayInterface → ArrayInterfaceChainRulesCoreExt
2025-08-27T07:29:54.1059015Z    1231.2 ms  ✓ StaticArrays → StaticArraysChainRulesCoreExt
2025-08-27T07:29:54.7671522Z     660.6 ms  ✓ StructArrays → StructArraysAdaptExt
2025-08-27T07:29:55.8986337Z    1131.0 ms  ✓ StructArrays → StructArraysSparseArraysExt
2025-08-27T07:29:57.1646475Z    1265.5 ms  ✓ StructArrays → StructArraysStaticArraysExt
2025-08-27T07:29:57.8500061Z     684.9 ms  ✓ StructArrays → StructArraysLinearAlgebraExt
2025-08-27T07:29:58.8018774Z     951.4 ms  ✓ FiniteDiff
2025-08-27T07:30:00.9263457Z   45207.1 ms  ✓ Polynomials
2025-08-27T07:30:01.7457177Z    2943.4 ms  ✓ JSON
2025-08-27T07:30:02.8507336Z    1923.8 ms  ✓ FreeType
2025-08-27T07:30:03.0758853Z    1329.7 ms  ✓ Fontconfig_jll
2025-08-27T07:30:03.9641559Z     887.8 ms  ✓ Graphics
2025-08-27T07:30:04.8810924Z     916.5 ms  ✓ Animations
2025-08-27T07:30:06.5099109Z    3658.6 ms  ✓ IntervalArithmetic
2025-08-27T07:30:07.4655994Z    2584.0 ms  ✓ OpenEXR
2025-08-27T07:30:13.5789025Z    6112.6 ms  ✓ ColorSchemes
2025-08-27T07:30:14.3609118Z     781.5 ms  ✓ Xorg_libX11_jll
2025-08-27T07:30:23.8960975Z   62163.7 ms  ✓ TiffImages
2025-08-27T07:30:24.8162505Z     919.6 ms  ✓ LightXML
2025-08-27T07:30:26.1437641Z    1327.0 ms  ✓ Glib_jll
2025-08-27T07:30:31.2934306Z    4749.1 ms  ✓ SpecialFunctions → SpecialFunctionsChainRulesCoreExt
2025-08-27T07:30:32.3330069Z   17971.3 ms  ✓ FFTW
2025-08-27T07:30:33.2815810Z    1985.8 ms  ✓ HypergeometricFunctions
2025-08-27T07:30:33.3004275Z     959.3 ms  ✓ DiffRules
2025-08-27T07:30:34.3346053Z    1054.3 ms  ✓ ColorVectorSpace → SpecialFunctionsExt
2025-08-27T07:30:36.1079264Z   29597.0 ms  ✓ ImageCore
2025-08-27T07:30:36.4743220Z    3179.8 ms  ✓ StatsBase
2025-08-27T07:30:37.2168549Z     742.2 ms  ✓ FiniteDiff → FiniteDiffSparseArraysExt
2025-08-27T07:30:37.2785978Z    2943.5 ms  ✓ Interpolations
2025-08-27T07:30:37.9201242Z     641.2 ms  ✓ DifferentiationInterface → DifferentiationInterfaceFiniteDiffExt
2025-08-27T07:30:38.1780278Z     960.8 ms  ✓ FiniteDiff → FiniteDiffStaticArraysExt
2025-08-27T07:30:39.6980899Z    1519.7 ms  ✓ Polynomials → PolynomialsChainRulesCoreExt
2025-08-27T07:30:40.0038022Z    2083.3 ms  ✓ Polynomials → PolynomialsMakieCoreExt
2025-08-27T07:30:40.8521282Z     848.0 ms  ✓ ColorBrewer
2025-08-27T07:30:41.3090635Z    1610.7 ms  ✓ SimplePolynomials
2025-08-27T07:30:41.8456258Z     993.2 ms  ✓ IntervalArithmetic → IntervalArithmeticSparseArraysExt
2025-08-27T07:30:42.1666560Z     857.1 ms  ✓ IntervalArithmetic → IntervalArithmeticIntervalSetsExt
2025-08-27T07:30:42.9577653Z    1111.6 ms  ✓ IntervalArithmetic → IntervalArithmeticRecipesBaseExt
2025-08-27T07:30:43.0779654Z    6969.6 ms  ✓ GeometryBasics
2025-08-27T07:30:43.2423607Z    1075.1 ms  ✓ IntervalArithmetic → IntervalArithmeticLinearAlgebraExt
2025-08-27T07:30:43.7371631Z     658.9 ms  ✓ Xorg_libXrender_jll
2025-08-27T07:30:43.9721531Z     729.5 ms  ✓ Xorg_libXext_jll
2025-08-27T07:30:44.4242661Z     686.8 ms  ✓ Xorg_libXfixes_jll
2025-08-27T07:30:44.6245590Z     652.1 ms  ✓ Xorg_libxkbfile_jll
2025-08-27T07:30:46.0424671Z    1617.8 ms  ✓ Polynomials → PolynomialsFFTWExt
2025-08-27T07:30:46.8754216Z    2250.5 ms  ✓ StatsFuns
2025-08-27T07:30:47.5444356Z     668.7 ms  ✓ IntervalArithmetic → IntervalArithmeticDiffRulesExt
2025-08-27T07:30:50.3725945Z    2827.8 ms  ✓ ImageBase
2025-08-27T07:30:51.0928023Z    5050.0 ms  ✓ ForwardDiff
2025-08-27T07:30:56.3712053Z    5278.0 ms  ✓ Sixel
2025-08-27T07:30:56.6342147Z    6261.0 ms  ✓ PNGFiles
2025-08-27T07:30:58.5914572Z    1956.7 ms  ✓ LinearAlgebraX
2025-08-27T07:31:01.7668844Z    5395.1 ms  ✓ JpegTurbo
2025-08-27T07:31:02.5116305Z   19553.2 ms  ✓ PlotUtils
2025-08-27T07:31:03.4194846Z    1652.0 ms  ✓ Packing
2025-08-27T07:31:04.5189743Z    2007.1 ms  ✓ ShaderAbstractions
2025-08-27T07:31:06.6822690Z    3262.5 ms  ✓ MeshIO
2025-08-27T07:31:08.1412120Z    3621.9 ms  ✓ FreeTypeAbstraction
2025-08-27T07:31:08.9484910Z     806.8 ms  ✓ Xorg_libXinerama_jll
2025-08-27T07:31:09.7627231Z     813.7 ms  ✓ Xorg_libXrandr_jll
2025-08-27T07:31:10.5228746Z     759.6 ms  ✓ Libglvnd_jll
2025-08-27T07:31:10.8363303Z   12244.2 ms  ✓ GridLayoutBase
2025-08-27T07:31:11.6293725Z     787.9 ms  ✓ Xorg_libXcursor_jll
2025-08-27T07:31:11.6295374Z    1106.2 ms  ✓ Cairo_jll
2025-08-27T07:31:12.3995050Z     768.8 ms  ✓ Xorg_libXi_jll
2025-08-27T07:31:12.4160895Z     773.4 ms  ✓ Xorg_xkbcomp_jll
2025-08-27T07:31:13.7378464Z    7055.0 ms  ✓ ExactPredicates
2025-08-27T07:31:14.6956504Z    2296.7 ms  ✓ StatsFuns → StatsFunsChainRulesCoreExt
2025-08-27T07:31:15.9230032Z    1227.0 ms  ✓ ForwardDiff → ForwardDiffStaticArraysExt
2025-08-27T07:31:16.4229329Z    2684.7 ms  ✓ ImageAxes
2025-08-27T07:31:16.8774774Z     954.1 ms  ✓ DifferentiationInterface → DifferentiationInterfaceForwardDiffExt
2025-08-27T07:31:17.3006726Z     877.4 ms  ✓ IntervalArithmetic → IntervalArithmeticForwardDiffExt
2025-08-27T07:31:18.5936299Z    1715.7 ms  ✓ Interpolations → InterpolationsForwardDiffExt
2025-08-27T07:31:18.8985977Z    6487.9 ms  ✓ Distributions
2025-08-27T07:31:19.7312925Z    1137.2 ms  ✓ libwebp_jll
2025-08-27T07:31:20.0549638Z    1156.0 ms  ✓ HarfBuzz_jll
2025-08-27T07:31:20.5012619Z     769.5 ms  ✓ Xorg_xkeyboard_config_jll
2025-08-27T07:31:21.7729063Z    1717.6 ms  ✓ ImageMetadata
2025-08-27T07:31:21.8193825Z    1317.8 ms  ✓ NLSolversBase
2025-08-27T07:31:23.4824607Z    1662.7 ms  ✓ Distributions → DistributionsChainRulesCoreExt
2025-08-27T07:31:23.6294676Z    1856.2 ms  ✓ Distributions → DistributionsTestExt
2025-08-27T07:31:24.8538989Z    7552.9 ms  ✓ MathTeXEngine
2025-08-27T07:31:25.2527219Z    1770.0 ms  ✓ SimpleRandom
2025-08-27T07:31:25.8463258Z     992.1 ms  ✓ libass_jll
2025-08-27T07:31:26.4072828Z    1154.2 ms  ✓ Pango_jll
2025-08-27T07:31:26.6021988Z     755.4 ms  ✓ xkbcommon_jll
2025-08-27T07:31:27.1599618Z    3530.2 ms  ✓ WebP
2025-08-27T07:31:29.0924603Z    2487.5 ms  ✓ LineSearches
2025-08-27T07:31:29.1311947Z    2723.6 ms  ✓ Netpbm
2025-08-27T07:31:29.3749745Z    2214.7 ms  ✓ KernelDensity
2025-08-27T07:31:30.4076187Z    1023.9 ms  ✓ libdecor_jll
2025-08-27T07:31:30.8332833Z    1740.5 ms  ✓ FFMPEG_jll
2025-08-27T07:31:31.1156815Z    1984.2 ms  ✓ Cairo
2025-08-27T07:31:31.8111914Z     695.2 ms  ✓ GLFW_jll
2025-08-27T07:31:32.7187165Z    1885.1 ms  ✓ ImageIO
2025-08-27T07:31:33.5372341Z    1725.6 ms  ✓ GLFW
2025-08-27T07:31:33.9282643Z    3527.7 ms  ✓ Optim
2025-08-27T07:31:36.2469220Z    2317.3 ms  ✓ SimpleGraphs
2025-08-27T07:31:40.2169465Z    3967.9 ms  ✓ DelaunayTriangulation
2025-08-27T07:33:20.9879260Z  100766.0 ms  ✓ Makie
2025-08-27T07:33:39.0801657Z            ✗ GLMakie
2025-08-27T07:34:00.0450311Z   39055.8 ms  ✓ CairoMakie
2025-08-27T07:34:01.2279332Z    1182.3 ms  ✓ PointController
2025-08-27T07:34:01.2281211Z   295 dependencies successfully precompiled in 361 seconds. 40 already precompiled.
2025-08-27T07:34:01.2283005Z   198 dependencies precompiled but different versions are currently loaded. Restart julia to access the new versions. Otherwise, loading dependents of these packages may trigger further precompilation to work with the unexpected versions.
2025-08-27T07:34:01.2284825Z   2 dependencies had output during precompilation:
2025-08-27T07:34:01.2285702Z ┌ CairoMakie
2025-08-27T07:34:01.2286377Z │  WARNING: importing deprecated binding Makie.MakieLayout into CairoMakie.
2025-08-27T07:34:01.2287701Z │  The module `MakieLayout` has been removed and integrated into Makie, so simply replace all usage of `MakieLayout` with `Makie`.
2025-08-27T07:34:01.2288810Z │  WARNING: importing deprecated binding Makie._alternative_fonts into CairoMakie.
2025-08-27T07:34:01.2289296Z │  , use ALTERNATIVE_FONTS instead.
2025-08-27T07:34:01.2289968Z │  WARNING: importing deprecated binding Makie._current_figure into CairoMakie.
2025-08-27T07:34:01.2290411Z │  , use CURRENT_FIGURE instead.
2025-08-27T07:34:01.2290849Z │  WARNING: importing deprecated binding Makie._default_font into CairoMakie.
2025-08-27T07:34:01.2291264Z │  , use DEFAULT_FONT instead.
2025-08-27T07:34:01.2291708Z │  WARNING: importing deprecated binding Makie.default_palettes into CairoMakie.
2025-08-27T07:34:01.2292161Z │  , use DEFAULT_PALETTES instead.
2025-08-27T07:34:01.2292609Z │  WARNING: importing deprecated binding Makie.minimal_default into CairoMakie.
2025-08-27T07:34:01.2293056Z │  , use MAKIE_DEFAULT_THEME instead.
2025-08-27T07:34:01.2293362Z └  
2025-08-27T07:34:01.2293565Z ┌ Formatting
2025-08-27T07:34:01.2293843Z │  ┌ Warning: DEPRECATION NOTICE
2025-08-27T07:34:01.2294094Z │  │ 
2025-08-27T07:34:01.2294444Z │  │ Formatting.jl has been unmaintained for a while, with some serious
2025-08-27T07:34:01.2295014Z │  │ correctness bugs compromising the original purpose of the package. As a result,
2025-08-27T07:34:01.2295532Z │  │ it has been deprecated - consider using an alternative, such as
2025-08-27T07:34:01.2296167Z │  │ `Format.jl` (https://github.com/JuliaString/Format.jl) or the `Printf` stdlib directly.
2025-08-27T07:34:01.2296576Z │  │ 
2025-08-27T07:34:01.2296941Z │  │ If you are not using Formatting.jl as a direct dependency, please consider
2025-08-27T07:34:01.2297495Z │  │ opening an issue on any packages you are using that do use it as a dependency.
2025-08-27T07:34:01.2298020Z │  │ From Julia 1.9 onwards, you can query `]why Formatting` to figure out which
2025-08-27T07:34:01.2298480Z │  │ package originally brings it in as a dependency.
2025-08-27T07:34:01.2299008Z │  └ @ Formatting C:\Users\runneradmin\.julia\packages\Formatting\3VxOt\src\Formatting.jl:12
2025-08-27T07:34:01.2299412Z └  
2025-08-27T07:34:01.2324288Z 
2025-08-27T07:34:01.6915188Z ERROR: The following 1 direct dependency failed to precompile:
2025-08-27T07:34:01.6915771Z 
2025-08-27T07:34:01.6916328Z GLMakie --code-coverage=@D:\a\JuliaTestRocket\JuliaTestRocket --color=auto --check-bounds=yes --warn-overwrite=yes --depwarn=yes --inline=yes --startup-file=no --track-allocation=none 
2025-08-27T07:34:01.6916951Z 
2025-08-27T07:34:01.6917384Z Failed to precompile GLMakie [e9467ef8-e4e7-5192-8a1a-b1aee30e663a] to "C:\\Users\\runneradmin\\.julia\\compiled\\v1.11\\GLMakie\\jl_1DF7.tmp".
2025-08-27T07:34:01.6918053Z WARNING: importing deprecated binding Makie.MakieLayout into GLMakie.
2025-08-27T07:34:01.6918705Z The module `MakieLayout` has been removed and integrated into Makie, so simply replace all usage of `MakieLayout` with `Makie`.
2025-08-27T07:34:01.6919362Z WARNING: importing deprecated binding Makie._alternative_fonts into GLMakie.
2025-08-27T07:34:01.6919743Z , use ALTERNATIVE_FONTS instead.
2025-08-27T07:34:01.6920117Z WARNING: importing deprecated binding Makie._current_figure into GLMakie.
2025-08-27T07:34:01.6920518Z , use CURRENT_FIGURE instead.
2025-08-27T07:34:01.6920866Z WARNING: importing deprecated binding Makie._default_font into GLMakie.
2025-08-27T07:34:01.6921255Z , use DEFAULT_FONT instead.
2025-08-27T07:34:01.6921593Z WARNING: importing deprecated binding Makie.default_palettes into GLMakie.
2025-08-27T07:34:01.6921992Z , use DEFAULT_PALETTES instead.
2025-08-27T07:34:01.6922327Z WARNING: importing deprecated binding Makie.minimal_default into GLMakie.
2025-08-27T07:34:01.6922723Z , use MAKIE_DEFAULT_THEME instead.
2025-08-27T07:34:01.6923605Z ┌ Warning:     GLFW couldn't create an OpenGL window.
2025-08-27T07:34:01.6924064Z │     This likely means, you don't have an OpenGL capable Graphic Card,
2025-08-27T07:34:01.6924551Z │     or you don't have an OpenGL 3.3 capable video driver installed.
2025-08-27T07:34:01.6925015Z │     Have a look at the troubleshooting section in the GLMakie readme:
2025-08-27T07:34:01.6925574Z │     https://github.com/MakieOrg/Makie.jl/tree/master/GLMakie#troubleshooting-opengl.
2025-08-27T07:34:01.6926330Z └ @ GLMakie C:\Users\runneradmin\.julia\packages\GLMakie\F1fQC\src\screen.jl:228
2025-08-27T07:34:01.6926903Z ERROR: LoadError: GLFWError (API_UNAVAILABLE): WGL: The driver does not appear to support OpenGL
2025-08-27T07:34:01.6927310Z Stacktrace:
2025-08-27T07:34:01.6932428Z   [1] _ErrorCallbackWrapper(code::Int32, description::Cstring)
2025-08-27T07:34:01.6932900Z     @ GLFW C:\Users\runneradmin\.julia\packages\GLFW\Zwulj\src\callback.jl:46
2025-08-27T07:34:01.6933490Z   [2] CreateWindow(width::Int64, height::Int64, title::String, monitor::GLFW.Monitor, share::GLFW.Window)
2025-08-27T07:34:01.6934031Z     @ GLFW C:\Users\runneradmin\.julia\packages\GLFW\Zwulj\src\glfw3.jl:580
2025-08-27T07:34:01.6935100Z   [3] GLFW.Window(; name::String, resolution::Tuple{Int64, Int64}, debugging::Bool, major::Int64, minor::Int64, windowhints::Vector{Tuple{UInt32, Int64}}, contexthints::Vector{Tuple{UInt32, Integer}}, visible::Bool, focus::Bool, fullscreen::Bool, monitor::Nothing, share::GLFW.Window)
2025-08-27T07:34:01.6936251Z     @ GLFW C:\Users\runneradmin\.julia\packages\GLFW\Zwulj\src\glfw3.jl:404
2025-08-27T07:34:01.6936576Z   [4] Window
2025-08-27T07:34:01.6936883Z     @ C:\Users\runneradmin\.julia\packages\GLFW\Zwulj\src\glfw3.jl:362 [inlined]
2025-08-27T07:34:01.6937267Z   [5] empty_screen(debugging::Bool; reuse::Bool)
2025-08-27T07:34:01.6937671Z     @ GLMakie C:\Users\runneradmin\.julia\packages\GLMakie\F1fQC\src\screen.jl:219
2025-08-27T07:34:01.6938051Z   [6] empty_screen
2025-08-27T07:34:01.6938362Z     @ C:\Users\runneradmin\.julia\packages\GLMakie\F1fQC\src\screen.jl:202 [inlined]
2025-08-27T07:34:01.6938756Z   [7] singleton_screen(debugging::Bool)
2025-08-27T07:34:01.6939141Z     @ GLMakie C:\Users\runneradmin\.julia\packages\GLMakie\F1fQC\src\screen.jl:304
2025-08-27T07:34:01.6939497Z   [8] macro expansion
2025-08-27T07:34:01.6939851Z     @ C:\Users\runneradmin\.julia\packages\GLMakie\F1fQC\src\precompiles.jl:18 [inlined]
2025-08-27T07:34:01.6940212Z   [9] macro expansion
2025-08-27T07:34:01.6940583Z     @ C:\Users\runneradmin\.julia\packages\PrecompileTools\L8A3n\src\workloads.jl:78 [inlined]
2025-08-27T07:34:01.6940994Z  [10] macro expansion
2025-08-27T07:34:01.6941310Z     @ C:\Users\runneradmin\.julia\packages\GLMakie\F1fQC\src\precompiles.jl:16 [inlined]
2025-08-27T07:34:01.6941686Z  [11] macro expansion
2025-08-27T07:34:01.6942052Z     @ C:\Users\runneradmin\.julia\packages\PrecompileTools\L8A3n\src\workloads.jl:140 [inlined]
2025-08-27T07:34:01.6942442Z  [12] top-level scope
2025-08-27T07:34:01.6942761Z     @ C:\Users\runneradmin\.julia\packages\GLMakie\F1fQC\src\precompiles.jl:14
2025-08-27T07:34:01.6943119Z  [13] include(mod::Module, _path::String)
2025-08-27T07:34:01.6943383Z     @ Base .\Base.jl:562
2025-08-27T07:34:01.6943619Z  [14] include(x::String)
2025-08-27T07:34:01.6943931Z     @ GLMakie C:\Users\runneradmin\.julia\packages\GLMakie\F1fQC\src\GLMakie.jl:1
2025-08-27T07:34:01.6944307Z  [15] top-level scope
2025-08-27T07:34:01.6944627Z     @ C:\Users\runneradmin\.julia\packages\GLMakie\F1fQC\src\GLMakie.jl:59
2025-08-27T07:34:01.6944948Z  [16] include
2025-08-27T07:34:01.6945157Z     @ .\Base.jl:562 [inlined]
2025-08-27T07:34:01.6945858Z  [17] include_package_for_output(pkg::Base.PkgId, input::String, depot_path::Vector{String}, dl_load_path::Vector{String}, load_path::Vector{String}, concrete_deps::Vector{Pair{Base.PkgId, UInt128}}, source::Nothing)
2025-08-27T07:34:01.6946594Z     @ Base .\loading.jl:2881
2025-08-27T07:34:01.6947003Z  [18] top-level scope
2025-08-27T07:34:01.6947190Z     @ stdin:6
2025-08-27T07:34:01.6947575Z in expression starting at C:\Users\runneradmin\.julia\packages\GLMakie\F1fQC\src\precompiles.jl:13
2025-08-27T07:34:01.6948169Z in expression starting at C:\Users\runneradmin\.julia\packages\GLMakie\F1fQC\src\GLMakie.jl:1
2025-08-27T07:34:01.6948579Z in expression starting at stdin:
2025-08-27T07:34:02.3106802Z ##[error]Process completed with exit code 1.
2025-08-27T07:34:02.3312987Z Post job cleanup.
2025-08-27T07:34:02.3415870Z Post job cleanup.
2025-08-27T07:34:04.4011489Z       Active manifest files: 1 found
2025-08-27T07:34:04.4654839Z       Active artifact files: 73 found
2025-08-27T07:34:04.4685325Z       Active scratchspaces: 0 found
2025-08-27T07:34:04.4948108Z      Deleted no artifacts, repos, packages or scratchspaces
2025-08-27T07:34:08.7932804Z No existing caches found on ref `refs/heads/main` matching restore key `julia-cache;workflow=CI;job=test;os=Windows;version=1.11;os=windows-latest;arch=x64;`
2025-08-27T07:34:08.8484360Z Post job cleanup.
2025-08-27T07:34:09.0658192Z [command]"C:\Program Files\Git\bin\git.exe" version
2025-08-27T07:34:09.0869148Z git version 2.50.1.windows.1
2025-08-27T07:34:09.0935312Z Temporarily overriding HOME='D:\a\_temp\e88f5d46-7d0a-4e24-a8cf-c5fc9ba77725' before making global git config changes
2025-08-27T07:34:09.0936151Z Adding repository directory to the temporary git global config as a safe directory
2025-08-27T07:34:09.0946150Z [command]"C:\Program Files\Git\bin\git.exe" config --global --add safe.directory D:\a\JuliaTestRocket\JuliaTestRocket
2025-08-27T07:34:09.1177997Z [command]"C:\Program Files\Git\bin\git.exe" config --local --name-only --get-regexp core\.sshCommand
2025-08-27T07:34:09.1415984Z [command]"C:\Program Files\Git\bin\git.exe" submodule foreach --recursive "sh -c \"git config --local --name-only --get-regexp 'core\.sshCommand' && git config --local --unset-all 'core.sshCommand' || :\""
2025-08-27T07:34:09.5670508Z [command]"C:\Program Files\Git\bin\git.exe" config --local --name-only --get-regexp http\.https\:\/\/github\.com\/\.extraheader
2025-08-27T07:34:09.5882133Z http.https://github.com/.extraheader
2025-08-27T07:34:09.5922081Z [command]"C:\Program Files\Git\bin\git.exe" config --local --unset-all http.https://github.com/.extraheader
2025-08-27T07:34:09.6163904Z [command]"C:\Program Files\Git\bin\git.exe" submodule foreach --recursive "sh -c \"git config --local --name-only --get-regexp 'http\.https\:\/\/github\.com\/\.extraheader' && git config --local --unset-all 'http.https://github.com/.extraheader' || :\""
2025-08-27T07:34:10.0657856Z Cleaning up orphan processes
