2025-08-27T07:21:08.8455541Z Current runner version: '2.328.0'
2025-08-27T07:21:08.8479534Z ##[group]Runner Image Provisioner
2025-08-27T07:21:08.8480460Z Hosted Compute Agent
2025-08-27T07:21:08.8481060Z Version: 20250818.377
2025-08-27T07:21:08.8481632Z Commit: 3c593e9f75fe0b87e893bca80d6e12ba089c61fc
2025-08-27T07:21:08.8482467Z Build Date: 2025-08-18T14:52:18Z
2025-08-27T07:21:08.8483357Z ##[endgroup]
2025-08-27T07:21:08.8483844Z ##[group]Operating System
2025-08-27T07:21:08.8484846Z Ubuntu
2025-08-27T07:21:08.8485287Z 24.04.2
2025-08-27T07:21:08.8485731Z LTS
2025-08-27T07:21:08.8486319Z ##[endgroup]
2025-08-27T07:21:08.8486776Z ##[group]Runner Image
2025-08-27T07:21:08.8487290Z Image: ubuntu-24.04
2025-08-27T07:21:08.8487892Z Version: 20250818.1.0
2025-08-27T07:21:08.8488861Z Included Software: https://github.com/actions/runner-images/blob/ubuntu24/20250818.1/images/ubuntu/Ubuntu2404-Readme.md
2025-08-27T07:21:08.8490555Z Image Release: https://github.com/actions/runner-images/releases/tag/ubuntu24%2F20250818.1
2025-08-27T07:21:08.8491528Z ##[endgroup]
2025-08-27T07:21:08.8494355Z ##[group]GITHUB_TOKEN Permissions
2025-08-27T07:21:08.8496291Z Actions: write
2025-08-27T07:21:08.8496827Z Attestations: write
2025-08-27T07:21:08.8497487Z Checks: write
2025-08-27T07:21:08.8497985Z Contents: write
2025-08-27T07:21:08.8498479Z Deployments: write
2025-08-27T07:21:08.8499057Z Discussions: write
2025-08-27T07:21:08.8499561Z Issues: write
2025-08-27T07:21:08.8500009Z Metadata: read
2025-08-27T07:21:08.8500608Z Models: read
2025-08-27T07:21:08.8501099Z Packages: write
2025-08-27T07:21:08.8501559Z Pages: write
2025-08-27T07:21:08.8502136Z PullRequests: write
2025-08-27T07:21:08.8502637Z RepositoryProjects: write
2025-08-27T07:21:08.8503525Z SecurityEvents: write
2025-08-27T07:21:08.8504300Z Statuses: write
2025-08-27T07:21:08.8504766Z ##[endgroup]
2025-08-27T07:21:08.8506727Z Secret source: Actions
2025-08-27T07:21:08.8507539Z Prepare workflow directory
2025-08-27T07:21:08.8829450Z Prepare all required actions
2025-08-27T07:21:08.8866858Z Getting action download info
2025-08-27T07:21:09.2580041Z Download action repository 'actions/checkout@v4' (SHA:08eba0b27e820071cde6df949e0beb9ba4906955)
2025-08-27T07:21:09.4749673Z Download action repository 'julia-actions/setup-julia@v1' (SHA:ac0d62164df5a47de404f4e96ce86a1a28a28d56)
2025-08-27T07:21:09.8596660Z Download action repository 'julia-actions/cache@v1' (SHA:dc1a3cdeacb521b0ca93cfc66143fcadb15a5bd0)
2025-08-27T07:21:10.2252218Z Download action repository 'julia-actions/julia-processcoverage@v1' (SHA:03114f09f119417c3242a9fb6e0b722676aedf38)
2025-08-27T07:21:10.5149801Z Download action repository 'codecov/codecov-action@v3' (SHA:ab904c41d6ece82784817410c45d8b8c02684457)
2025-08-27T07:21:11.0278318Z Getting action download info
2025-08-27T07:21:11.2001582Z Download action repository 'dcarbone/install-jq-action@v2.1.0' (SHA:8867ddb4788346d7c22b72ea2e2ffe4d514c7bcb)
2025-08-27T07:21:11.4532046Z Download action repository 'actions/cache@4d4ae6ae148a43d0fd1eda1800170683e9882738' (SHA:4d4ae6ae148a43d0fd1eda1800170683e9882738)
2025-08-27T07:21:12.0865570Z Download action repository 'pyTooling/Actions@adef08d3bdef092282614f3b683897cefae82ee3' (SHA:adef08d3bdef092282614f3b683897cefae82ee3)
2025-08-27T07:21:12.5105639Z Complete job name: Julia 1.11 - ubuntu-latest - x64
2025-08-27T07:21:12.5711131Z ##[group]Run actions/checkout@v4
2025-08-27T07:21:12.5711692Z with:
2025-08-27T07:21:12.5711903Z   repository: bakulev/JuliaTestRocket
2025-08-27T07:21:12.5712282Z   token: ***
2025-08-27T07:21:12.5712469Z   ssh-strict: true
2025-08-27T07:21:12.5712660Z   ssh-user: git
2025-08-27T07:21:12.5713018Z   persist-credentials: true
2025-08-27T07:21:12.5713248Z   clean: true
2025-08-27T07:21:12.5713442Z   sparse-checkout-cone-mode: true
2025-08-27T07:21:12.5713673Z   fetch-depth: 1
2025-08-27T07:21:12.5713854Z   fetch-tags: false
2025-08-27T07:21:12.5714036Z   show-progress: true
2025-08-27T07:21:12.5714219Z   lfs: false
2025-08-27T07:21:12.5714384Z   submodules: false
2025-08-27T07:21:12.5714562Z   set-safe-directory: true
2025-08-27T07:21:12.5715284Z ##[endgroup]
2025-08-27T07:21:12.6756439Z Syncing repository: bakulev/JuliaTestRocket
2025-08-27T07:21:12.6757736Z ##[group]Getting Git version info
2025-08-27T07:21:12.6758241Z Working directory is '/home/runner/work/JuliaTestRocket/JuliaTestRocket'
2025-08-27T07:21:12.6758819Z [command]/usr/bin/git version
2025-08-27T07:21:12.6834719Z git version 2.51.0
2025-08-27T07:21:12.6859902Z ##[endgroup]
2025-08-27T07:21:12.6873588Z Temporarily overriding HOME='/home/runner/work/_temp/e840f14a-fd3a-4513-a8af-50077389b429' before making global git config changes
2025-08-27T07:21:12.6874416Z Adding repository directory to the temporary git global config as a safe directory
2025-08-27T07:21:12.6886058Z [command]/usr/bin/git config --global --add safe.directory /home/runner/work/JuliaTestRocket/JuliaTestRocket
2025-08-27T07:21:12.6919629Z Deleting the contents of '/home/runner/work/JuliaTestRocket/JuliaTestRocket'
2025-08-27T07:21:12.6922680Z ##[group]Initializing the repository
2025-08-27T07:21:12.6927069Z [command]/usr/bin/git init /home/runner/work/JuliaTestRocket/JuliaTestRocket
2025-08-27T07:21:12.7038469Z hint: Using 'master' as the name for the initial branch. This default branch name
2025-08-27T07:21:12.7039025Z hint: is subject to change. To configure the initial branch name to use in all
2025-08-27T07:21:12.7039514Z hint: of your new repositories, which will suppress this warning, call:
2025-08-27T07:21:12.7039837Z hint:
2025-08-27T07:21:12.7040100Z hint: 	git config --global init.defaultBranch <name>
2025-08-27T07:21:12.7040378Z hint:
2025-08-27T07:21:12.7040655Z hint: Names commonly chosen instead of 'master' are 'main', 'trunk' and
2025-08-27T07:21:12.7041121Z hint: 'development'. The just-created branch can be renamed via this command:
2025-08-27T07:21:12.7041456Z hint:
2025-08-27T07:21:12.7041638Z hint: 	git branch -m <name>
2025-08-27T07:21:12.7041846Z hint:
2025-08-27T07:21:12.7042152Z hint: Disable this message with "git config set advice.defaultBranchName false"
2025-08-27T07:21:12.7045715Z Initialized empty Git repository in /home/runner/work/JuliaTestRocket/JuliaTestRocket/.git/
2025-08-27T07:21:12.7056395Z [command]/usr/bin/git remote add origin https://github.com/bakulev/JuliaTestRocket
2025-08-27T07:21:12.7093681Z ##[endgroup]
2025-08-27T07:21:12.7094076Z ##[group]Disabling automatic garbage collection
2025-08-27T07:21:12.7097988Z [command]/usr/bin/git config --local gc.auto 0
2025-08-27T07:21:12.7124123Z ##[endgroup]
2025-08-27T07:21:12.7124472Z ##[group]Setting up auth
2025-08-27T07:21:12.7131186Z [command]/usr/bin/git config --local --name-only --get-regexp core\.sshCommand
2025-08-27T07:21:12.7159268Z [command]/usr/bin/git submodule foreach --recursive sh -c "git config --local --name-only --get-regexp 'core\.sshCommand' && git config --local --unset-all 'core.sshCommand' || :"
2025-08-27T07:21:12.7494385Z [command]/usr/bin/git config --local --name-only --get-regexp http\.https\:\/\/github\.com\/\.extraheader
2025-08-27T07:21:12.7523549Z [command]/usr/bin/git submodule foreach --recursive sh -c "git config --local --name-only --get-regexp 'http\.https\:\/\/github\.com\/\.extraheader' && git config --local --unset-all 'http.https://github.com/.extraheader' || :"
2025-08-27T07:21:12.7738865Z [command]/usr/bin/git config --local http.https://github.com/.extraheader AUTHORIZATION: basic ***
2025-08-27T07:21:12.7770756Z ##[endgroup]
2025-08-27T07:21:12.7771375Z ##[group]Fetching the repository
2025-08-27T07:21:12.7787128Z [command]/usr/bin/git -c protocol.version=2 fetch --no-tags --prune --no-recurse-submodules --depth=1 origin +048c831dcbcc177572e3761b8279a61c28f21783:refs/remotes/origin/main
2025-08-27T07:21:13.1113897Z From https://github.com/bakulev/JuliaTestRocket
2025-08-27T07:21:13.1114700Z  * [new ref]         048c831dcbcc177572e3761b8279a61c28f21783 -> origin/main
2025-08-27T07:21:13.1144886Z ##[endgroup]
2025-08-27T07:21:13.1145475Z ##[group]Determining the checkout info
2025-08-27T07:21:13.1147395Z ##[endgroup]
2025-08-27T07:21:13.1152247Z [command]/usr/bin/git sparse-checkout disable
2025-08-27T07:21:13.1194464Z [command]/usr/bin/git config --local --unset-all extensions.worktreeConfig
2025-08-27T07:21:13.1221094Z ##[group]Checking out the ref
2025-08-27T07:21:13.1225325Z [command]/usr/bin/git checkout --progress --force -B main refs/remotes/origin/main
2025-08-27T07:21:13.1333599Z Switched to a new branch 'main'
2025-08-27T07:21:13.1336401Z branch 'main' set up to track 'origin/main'.
2025-08-27T07:21:13.1341122Z ##[endgroup]
2025-08-27T07:21:13.1373842Z [command]/usr/bin/git log -1 --format=%H
2025-08-27T07:21:13.1395509Z 048c831dcbcc177572e3761b8279a61c28f21783
2025-08-27T07:21:13.1604470Z ##[group]Run julia-actions/setup-julia@v1
2025-08-27T07:21:13.1604755Z with:
2025-08-27T07:21:13.1604926Z   version: 1.11
2025-08-27T07:21:13.1605097Z   arch: x64
2025-08-27T07:21:13.1605290Z   include-all-prereleases: false
2025-08-27T07:21:13.1605540Z   show-versioninfo: false
2025-08-27T07:21:13.1605747Z ##[endgroup]
2025-08-27T07:21:15.3402447Z [command]/usr/bin/tar xf /home/runner/work/_temp/05876ffe-b087-4e07-8e90-63edb5281ef0 --strip-components=1 -C /opt/hostedtoolcache/julia/1.11.6/x64
2025-08-27T07:21:21.5033349Z [command]/opt/hostedtoolcache/julia/1.11.6/x64/bin/julia --version
2025-08-27T07:21:21.5162242Z julia version 1.11.6
2025-08-27T07:21:21.5383970Z ##[group]Run julia-actions/cache@v1
2025-08-27T07:21:21.5384254Z with:
2025-08-27T07:21:21.5384463Z   cache-name: julia-cache;workflow=CI;job=test
2025-08-27T07:21:21.5384732Z   include-matrix: true
2025-08-27T07:21:21.5384928Z   cache-artifacts: true
2025-08-27T07:21:21.5385132Z   cache-packages: true
2025-08-27T07:21:21.5385342Z   cache-registries: true
2025-08-27T07:21:21.5385547Z   cache-compiled: true
2025-08-27T07:21:21.5385747Z   cache-scratchspaces: true
2025-08-27T07:21:21.5385956Z   cache-logs: true
2025-08-27T07:21:21.5386140Z   delete-old-caches: true
2025-08-27T07:21:21.5386473Z   token: ***
2025-08-27T07:21:21.5386659Z ##[endgroup]
2025-08-27T07:21:21.5496140Z ##[group]Run if [ -n "" ]; then
2025-08-27T07:21:21.5496469Z [36;1mif [ -n "" ]; then[0m
2025-08-27T07:21:21.5496708Z [36;1m    depot=""[0m
2025-08-27T07:21:21.5496964Z [36;1melif [ -n "$JULIA_DEPOT_PATH" ]; then[0m
2025-08-27T07:21:21.5497248Z [36;1m    # Use the first depot path[0m
2025-08-27T07:21:21.5497607Z [36;1m    depot=$(echo $JULIA_DEPOT_PATH | cut -d$PATH_DELIMITER -f1)[0m
2025-08-27T07:21:21.5497911Z [36;1melse[0m
2025-08-27T07:21:21.5498094Z [36;1m    depot="~/.julia"[0m
2025-08-27T07:21:21.5498298Z [36;1mfi[0m
2025-08-27T07:21:21.5498520Z [36;1mecho "depot=$depot" | tee -a "$GITHUB_OUTPUT"[0m
2025-08-27T07:21:21.5498783Z [36;1m[0m
2025-08-27T07:21:21.5498946Z [36;1mcache_paths=()[0m
2025-08-27T07:21:21.5499173Z [36;1martifacts_path="${depot}/artifacts"[0m
2025-08-27T07:21:21.5499501Z [36;1m[ "true" = "true" ] && cache_paths+=("$artifacts_path")[0m
2025-08-27T07:21:21.5499856Z [36;1mpackages_path="${depot}/packages"[0m
2025-08-27T07:21:21.5500180Z [36;1m[ "true" = "true" ] && cache_paths+=("$packages_path")[0m
2025-08-27T07:21:21.5500498Z [36;1mregistries_path="${depot}/registries"[0m
2025-08-27T07:21:21.5500756Z [36;1mif [ "true" = "true" ]; then[0m
2025-08-27T07:21:21.5501028Z [36;1m    if [ ! -d "${registries_path/#\~/$HOME}" ]; then[0m
2025-08-27T07:21:21.5501334Z [36;1m        cache_paths+=("$registries_path")[0m
2025-08-27T07:21:21.5501580Z [36;1m    else[0m
2025-08-27T07:21:21.5502394Z [36;1m        echo "::warning::Julia depot registries already exist. Skipping restoring of cached registries to avoid potential merge conflicts when updating. Please ensure that \`julia-actions/cache\` precedes any workflow steps which add registries."[0m
2025-08-27T07:21:21.5503385Z [36;1m    fi[0m
2025-08-27T07:21:21.5503549Z [36;1mfi[0m
2025-08-27T07:21:21.5503742Z [36;1mcompiled_path="${depot}/compiled"[0m
2025-08-27T07:21:21.5504032Z [36;1m[ "true" = "true" ] && cache_paths+=("$compiled_path")[0m
2025-08-27T07:21:21.5504360Z [36;1mscratchspaces_path="${depot}/scratchspaces"[0m
2025-08-27T07:21:21.5504690Z [36;1m[ "true" = "true" ] && cache_paths+=("$scratchspaces_path")[0m
2025-08-27T07:21:21.5505169Z [36;1mlogs_path="${depot}/logs"[0m
2025-08-27T07:21:21.5505441Z [36;1m[ "true" = "true" ] && cache_paths+=("$logs_path")[0m
2025-08-27T07:21:21.5505708Z [36;1m{[0m
2025-08-27T07:21:21.5505887Z [36;1m    echo "cache-paths<<EOF"[0m
2025-08-27T07:21:21.5506146Z [36;1m    printf "%s\n" "${cache_paths[@]}"[0m
2025-08-27T07:21:21.5506392Z [36;1m    echo "EOF"[0m
2025-08-27T07:21:21.5506600Z [36;1m} | tee -a "$GITHUB_OUTPUT"[0m
2025-08-27T07:21:21.5585083Z shell: /usr/bin/bash --noprofile --norc -e -o pipefail {0}
2025-08-27T07:21:21.5585418Z env:
2025-08-27T07:21:21.5585590Z   PATH_DELIMITER: :
2025-08-27T07:21:21.5585790Z ##[endgroup]
2025-08-27T07:21:21.5672686Z depot=~/.julia
2025-08-27T07:21:21.5686697Z cache-paths<<EOF
2025-08-27T07:21:21.5687143Z ~/.julia/artifacts
2025-08-27T07:21:21.5687484Z ~/.julia/packages
2025-08-27T07:21:21.5687707Z ~/.julia/registries
2025-08-27T07:21:21.5687906Z ~/.julia/compiled
2025-08-27T07:21:21.5688106Z ~/.julia/scratchspaces
2025-08-27T07:21:21.5688299Z ~/.julia/logs
2025-08-27T07:21:21.5688457Z EOF
2025-08-27T07:21:21.5751904Z ##[group]Run # `matrix_key` joins all of matrix keys/values (including nested objects) to ensure that concurrent runs each use a unique cache key.
2025-08-27T07:21:21.5752954Z [36;1m# `matrix_key` joins all of matrix keys/values (including nested objects) to ensure that concurrent runs each use a unique cache key.[0m
2025-08-27T07:21:21.5753658Z [36;1m# When `matrix` isn't set for the job then `MATRIX_JSON=null`.[0m
2025-08-27T07:21:21.5754053Z [36;1mif [ "true" == "true" ] && [ "$MATRIX_JSON" != "null" ]; then[0m
2025-08-27T07:21:21.5754601Z [36;1m  matrix_key=$(echo "$MATRIX_JSON" | jq 'paths(type != "object") as $p | ($p | join("-")) + "=" + (getpath($p) | tostring)' | jq -rs 'join(";") | . + ";"')[0m
2025-08-27T07:21:21.5755086Z [36;1mfi[0m
2025-08-27T07:21:21.5755387Z [36;1mrestore_key="julia-cache;workflow=CI;job=test;os=Linux;${matrix_key}"[0m
2025-08-27T07:21:21.5755771Z [36;1m# URL encode any restricted characters:[0m
2025-08-27T07:21:21.5756365Z [36;1m# https://github.com/actions/toolkit/blob/5430c5d84832076372990c7c27f900878ff66dc9/packages/cache/src/cache.ts#L38-L43[0m
2025-08-27T07:21:21.5756970Z [36;1mrestore_key=$(sed 's/,/%2C/g' <<<"${restore_key}")[0m
2025-08-27T07:21:21.5757313Z [36;1mkey="${restore_key}run_id=17260080498;run_attempt=1"[0m
2025-08-27T07:21:21.5757661Z [36;1mecho "restore-key=${restore_key}" >> $GITHUB_OUTPUT[0m
2025-08-27T07:21:21.5757975Z [36;1mecho "key=${key}" >> $GITHUB_OUTPUT[0m
2025-08-27T07:21:21.5792696Z shell: /usr/bin/bash --noprofile --norc -e -o pipefail {0}
2025-08-27T07:21:21.5793204Z env:
2025-08-27T07:21:21.5793481Z   MATRIX_JSON: {
  "version": "1.11",
  "os": "ubuntu-latest",
  "arch": "x64"
}
2025-08-27T07:21:21.5793813Z ##[endgroup]
2025-08-27T07:21:21.5949554Z ##[group]Run actions/cache@4d4ae6ae148a43d0fd1eda1800170683e9882738
2025-08-27T07:21:21.5949880Z with:
2025-08-27T07:21:21.5950315Z   path: ~/.julia/artifacts
~/.julia/packages
~/.julia/registries
~/.julia/compiled
~/.julia/scratchspaces
~/.julia/logs

2025-08-27T07:21:21.5951032Z   key: julia-cache;workflow=CI;job=test;os=Linux;version=1.11;os=ubuntu-latest;arch=x64;run_id=17260080498;run_attempt=1
2025-08-27T07:21:21.5951653Z   restore-keys: julia-cache;workflow=CI;job=test;os=Linux;version=1.11;os=ubuntu-latest;arch=x64;
2025-08-27T07:21:21.5952063Z   enableCrossOsArchive: false
2025-08-27T07:21:21.5952301Z   fail-on-cache-miss: false
2025-08-27T07:21:21.5952526Z   lookup-only: false
2025-08-27T07:21:21.5952716Z ##[endgroup]
2025-08-27T07:21:21.8018619Z ##[warning]Failed to restore: Cache service responded with 400
2025-08-27T07:21:21.8019865Z Cache not found for input keys: julia-cache;workflow=CI;job=test;os=Linux;version=1.11;os=ubuntu-latest;arch=x64;run_id=17260080498;run_attempt=1, julia-cache;workflow=CI;job=test;os=Linux;version=1.11;os=ubuntu-latest;arch=x64;
2025-08-27T07:21:21.8068863Z ##[group]Run mkdir -p ~/.julia
2025-08-27T07:21:21.8069312Z [36;1mmkdir -p ~/.julia[0m
2025-08-27T07:21:21.8069538Z [36;1mdu -shc ~/.julia/* || true[0m
2025-08-27T07:21:21.8108996Z shell: /usr/bin/bash --noprofile --norc -e -o pipefail {0}
2025-08-27T07:21:21.8109325Z ##[endgroup]
2025-08-27T07:21:21.8433288Z du: cannot access '/home/runner/.julia/*': No such file or directory
2025-08-27T07:21:21.8433972Z 0	total
2025-08-27T07:21:21.8466619Z ##[group]Run pyTooling/Actions/with-post-step@adef08d3bdef092282614f3b683897cefae82ee3
2025-08-27T07:21:21.8467007Z with:
2025-08-27T07:21:21.8467175Z   main: echo ""
2025-08-27T07:21:21.8467787Z   post: julia $GITHUB_ACTION_PATH/handle_caches.jl rm "bakulev/JuliaTestRocket" "julia-cache;workflow=CI;job=test;os=Linux;version=1.11;os=ubuntu-latest;arch=x64;" "refs/heads/main" "true"
2025-08-27T07:21:21.8468467Z   key: POST
2025-08-27T07:21:21.8468642Z env:
2025-08-27T07:21:21.8468981Z   GH_TOKEN: ***
2025-08-27T07:21:21.8469170Z ##[endgroup]
2025-08-27T07:21:21.8707154Z 
2025-08-27T07:21:21.8759608Z ##[group]Run echo "cache-hit=$CACHE_HIT" >> $GITHUB_OUTPUT
2025-08-27T07:21:21.8759994Z [36;1mecho "cache-hit=$CACHE_HIT" >> $GITHUB_OUTPUT[0m
2025-08-27T07:21:21.8796960Z shell: /usr/bin/bash --noprofile --norc -e -o pipefail {0}
2025-08-27T07:21:21.8797439Z env:
2025-08-27T07:21:21.8797618Z   CACHE_HIT: 
2025-08-27T07:21:21.8797791Z ##[endgroup]
2025-08-27T07:21:21.8928083Z ##[group]Run julia --project=. -e "
2025-08-27T07:21:21.8928414Z [36;1mjulia --project=. -e "[0m
2025-08-27T07:21:21.8928657Z [36;1m  using Pkg[0m
2025-08-27T07:21:21.8928867Z [36;1m  Pkg.instantiate()[0m
2025-08-27T07:21:21.8929093Z [36;1m  Pkg.precompile()[0m
2025-08-27T07:21:21.8929304Z [36;1m"[0m
2025-08-27T07:21:21.8964015Z shell: /usr/bin/bash --noprofile --norc -e -o pipefail {0}
2025-08-27T07:21:21.8964334Z ##[endgroup]
2025-08-27T07:21:22.6911306Z   Installing known registries into `~/.julia`
2025-08-27T07:21:25.0751827Z        Added `General` registry to ~/.julia/registries
2025-08-27T07:21:25.9626284Z     Updating registry at `~/.julia/registries/General.toml`
2025-08-27T07:21:27.3035167Z    Installed StaticArraysCore ─ v1.4.3
2025-08-27T07:21:27.3145251Z    Installed Observables ────── v0.5.5
2025-08-27T07:21:27.3153148Z    Installed Preferences ────── v1.5.0
2025-08-27T07:21:27.3156008Z    Installed PrecompileTools ── v1.2.1
2025-08-27T07:21:27.3165838Z    Installed StaticArrays ───── v1.9.14
2025-08-27T07:21:27.8693476Z     Updating `~/work/JuliaTestRocket/JuliaTestRocket/Project.toml`
2025-08-27T07:21:27.9024029Z   [510215fc] + Observables v0.5.5
2025-08-27T07:21:27.9024495Z   [90137ffa] + StaticArrays v1.9.14
2025-08-27T07:21:27.9025218Z   [ade2ca70] ~ Dates ⇒ v1.11.0
2025-08-27T07:21:27.9025708Z   [56ddb016] ~ Logging ⇒ v1.11.0
2025-08-27T07:21:27.9026262Z     Updating `~/work/JuliaTestRocket/JuliaTestRocket/Manifest.toml`
2025-08-27T07:21:27.9187807Z   [510215fc] + Observables v0.5.5
2025-08-27T07:21:27.9188620Z ⌅ [aea7be01] + PrecompileTools v1.2.1
2025-08-27T07:21:27.9189093Z   [21216c6a] + Preferences v1.5.0
2025-08-27T07:21:27.9189562Z   [90137ffa] + StaticArrays v1.9.14
2025-08-27T07:21:27.9190000Z   [1e83bf80] + StaticArraysCore v1.4.3
2025-08-27T07:21:27.9190424Z   [56f22d72] + Artifacts v1.11.0
2025-08-27T07:21:27.9190815Z   [ade2ca70] + Dates v1.11.0
2025-08-27T07:21:27.9191179Z   [8f399da3] + Libdl v1.11.0
2025-08-27T07:21:27.9191552Z   [37e2e46d] + LinearAlgebra v1.11.0
2025-08-27T07:21:27.9191944Z   [56ddb016] + Logging v1.11.0
2025-08-27T07:21:27.9192309Z   [de0858da] + Printf v1.11.0
2025-08-27T07:21:27.9192657Z   [9a3f8284] + Random v1.11.0
2025-08-27T07:21:27.9193199Z   [ea8e919c] + SHA v0.7.0
2025-08-27T07:21:27.9193529Z   [fa267f1f] + TOML v1.0.3
2025-08-27T07:21:27.9193893Z   [4ec0a83e] + Unicode v1.11.0
2025-08-27T07:21:27.9194310Z   [e66e0078] + CompilerSupportLibraries_jll v1.1.1+0
2025-08-27T07:21:27.9194780Z   [4536629a] + OpenBLAS_jll v0.3.27+1
2025-08-27T07:21:27.9195351Z   [8e850b90] + libblastrampoline_jll v5.11.0+0
2025-08-27T07:21:27.9196711Z         Info Packages marked with ⌅ have new versions available but compatibility constraints restrict them from upgrading. To see why use `status --outdated -m`
2025-08-27T07:21:27.9391633Z Precompiling project...
2025-08-27T07:21:28.3941741Z     454.8 ms  ✓ StaticArraysCore
2025-08-27T07:21:28.4450357Z     462.4 ms  ✓ Observables
2025-08-27T07:21:28.6124340Z     628.8 ms  ✓ Preferences
2025-08-27T07:21:28.9378284Z     325.2 ms  ✓ PrecompileTools
2025-08-27T07:21:35.3217698Z    6383.9 ms  ✓ StaticArrays
2025-08-27T07:21:36.1629307Z     841.0 ms  ✓ PointController
2025-08-27T07:21:36.1630058Z   6 dependencies successfully precompiled in 8 seconds. 6 already precompiled.
2025-08-27T07:21:36.2734302Z ##[group]Run julia --project=. -e "
2025-08-27T07:21:36.2734639Z [36;1mjulia --project=. -e "[0m
2025-08-27T07:21:36.2734872Z [36;1m  using Pkg[0m
2025-08-27T07:21:36.2735108Z [36;1m  # Use CairoMakie for CI (no display required)[0m
2025-08-27T07:21:36.2735396Z [36;1m  Pkg.add(\"CairoMakie\")[0m
2025-08-27T07:21:36.2735638Z [36;1m  using CairoMakie[0m
2025-08-27T07:21:36.2735883Z [36;1m  CairoMakie.activate!()[0m
2025-08-27T07:21:36.2736120Z [36;1m  Pkg.test(coverage=true)[0m
2025-08-27T07:21:36.2736329Z [36;1m"[0m
2025-08-27T07:21:36.2776430Z shell: /usr/bin/bash --noprofile --norc -e -o pipefail {0}
2025-08-27T07:21:36.2776736Z env:
2025-08-27T07:21:36.2776911Z   JULIA_NUM_THREADS: 2
2025-08-27T07:21:36.2777102Z ##[endgroup]
2025-08-27T07:21:38.8043609Z     Updating registry at `~/.julia/registries/General.toml`
2025-08-27T07:21:38.8149221Z    Resolving package versions...
2025-08-27T07:21:41.7747579Z    Installed JpegTurbo_jll ─────────────── v3.1.2+0
2025-08-27T07:21:41.7914731Z    Installed libfdk_aac_jll ────────────── v2.0.4+0
2025-08-27T07:21:41.7918218Z    Installed Libmount_jll ──────────────── v2.41.1+0
2025-08-27T07:21:41.7930128Z    Installed x265_jll ──────────────────── v4.1.0+0
2025-08-27T07:21:41.7945153Z    Installed ImageIO ───────────────────── v0.6.9
2025-08-27T07:21:41.7983834Z    Installed OffsetArrays ──────────────── v1.17.0
2025-08-27T07:21:41.8084567Z    Installed AxisArrays ────────────────── v0.4.7
2025-08-27T07:21:41.8095480Z    Installed TiffImages ────────────────── v0.11.6
2025-08-27T07:21:42.0265752Z    Installed JpegTurbo ─────────────────── v0.1.6
2025-08-27T07:21:42.0275565Z    Installed LERC_jll ──────────────────── v4.0.1+0
2025-08-27T07:21:42.0323238Z    Installed HypergeometricFunctions ───── v0.3.28
2025-08-27T07:21:42.0328956Z    Installed StatsFuns ─────────────────── v1.5.0
2025-08-27T07:21:42.0337286Z    Installed FFTW ──────────────────────── v1.9.0
2025-08-27T07:21:42.0356452Z    Installed PNGFiles ──────────────────── v0.4.4
2025-08-27T07:21:42.0527057Z    Installed Multisets ─────────────────── v0.4.5
2025-08-27T07:21:42.0527755Z    Installed Permutations ──────────────── v0.4.23
2025-08-27T07:21:42.1247085Z    Installed Opus_jll ──────────────────── v1.5.2+0
2025-08-27T07:21:42.1251243Z    Installed RelocatableFolders ────────── v1.0.1
2025-08-27T07:21:42.1563933Z    Installed Sixel ─────────────────────── v0.1.5
2025-08-27T07:21:42.2531268Z    Installed EarCut_jll ────────────────── v2.2.4+0
2025-08-27T07:21:42.2569182Z    Installed PDMats ────────────────────── v0.11.35
2025-08-27T07:21:42.2603856Z    Installed Contour ───────────────────── v0.6.3
2025-08-27T07:21:42.2632553Z    Installed StableHashTraits ──────────── v1.3.4
2025-08-27T07:21:42.2715847Z    Installed ProgressMeter ─────────────── v1.11.0
2025-08-27T07:21:42.2841584Z    Installed Grisu ─────────────────────── v1.0.2
2025-08-27T07:21:42.2846058Z    Installed OpenEXR ───────────────────── v0.3.3
2025-08-27T07:21:42.3455602Z    Installed Formatting ────────────────── v0.4.3
2025-08-27T07:21:42.3514566Z    Installed EnumX ─────────────────────── v1.0.5
2025-08-27T07:21:42.3664545Z    Installed PlotUtils ─────────────────── v1.4.3
2025-08-27T07:21:42.3910527Z    Installed Cairo_jll ─────────────────── v1.18.5+0
2025-08-27T07:21:42.3913218Z    Installed CEnum ─────────────────────── v0.5.0
2025-08-27T07:21:42.3923769Z    Installed BaseDirs ──────────────────── v1.3.2
2025-08-27T07:21:42.4513454Z    Installed Fontconfig_jll ────────────── v2.17.1+0
2025-08-27T07:21:42.4518140Z    Installed Statistics ────────────────── v1.11.1
2025-08-27T07:21:42.5362232Z    Installed IntelOpenMP_jll ───────────── v2025.2.0+0
2025-08-27T07:21:42.5369547Z    Installed Netpbm ────────────────────── v1.1.1
2025-08-27T07:21:42.5384192Z    Installed Mods ──────────────────────── v2.2.6
2025-08-27T07:21:42.5393796Z    Installed Polynomials ───────────────── v4.0.21
2025-08-27T07:21:42.5446255Z    Installed Xorg_libXau_jll ───────────── v1.0.13+0
2025-08-27T07:21:42.5638473Z    Installed SignedDistanceFields ──────── v0.4.0
2025-08-27T07:21:42.5684969Z    Installed FileIO ────────────────────── v1.17.0
2025-08-27T07:21:42.6395093Z    Installed Missings ──────────────────── v1.2.0
2025-08-27T07:21:42.6398260Z    Installed TupleTools ────────────────── v1.6.0
2025-08-27T07:21:42.6401942Z    Installed RoundingEmulator ──────────── v0.2.1
2025-08-27T07:21:42.6482654Z    Installed SIMD ──────────────────────── v3.7.1
2025-08-27T07:21:42.6757566Z    Installed IrrationalConstants ───────── v0.2.4
2025-08-27T07:21:42.6763295Z    Installed FiniteDiff ────────────────── v2.28.1
2025-08-27T07:21:42.6782422Z    Installed TriplotBase ───────────────── v0.1.0
2025-08-27T07:21:42.7326719Z    Installed Showoff ───────────────────── v1.0.3
2025-08-27T07:21:42.7547800Z    Installed Giflib_jll ────────────────── v5.2.3+0
2025-08-27T07:21:42.8290870Z    Installed JSON ──────────────────────── v0.21.4
2025-08-27T07:21:42.8515697Z    Installed AbstractLattices ──────────── v0.3.1
2025-08-27T07:21:42.8710083Z    Installed Pango_jll ─────────────────── v1.56.3+0
2025-08-27T07:21:42.8889223Z    Installed PolygonOps ────────────────── v0.1.2
2025-08-27T07:21:42.9190514Z    Installed SimpleRandom ──────────────── v0.3.2
2025-08-27T07:21:42.9400315Z    Installed OpenBLASConsistentFPCSR_jll ─ v0.3.29+0
2025-08-27T07:21:42.9485371Z    Installed PtrArrays ─────────────────── v1.3.0
2025-08-27T07:21:42.9833745Z    Installed ADTypes ───────────────────── v1.17.0
2025-08-27T07:21:43.0075779Z    Installed SpecialFunctions ──────────── v2.5.1
2025-08-27T07:21:43.0154658Z    Installed Bzip2_jll ─────────────────── v1.0.9+0
2025-08-27T07:21:43.0625924Z    Installed XZ_jll ────────────────────── v5.8.1+0
2025-08-27T07:21:43.0631187Z    Installed QOI ───────────────────────── v1.0.1
2025-08-27T07:21:43.0801601Z    Installed HarfBuzz_jll ──────────────── v8.5.1+0
2025-08-27T07:21:43.1027974Z    Installed isoband_jll ───────────────── v0.2.3+0
2025-08-27T07:21:43.1144836Z    Installed PkgVersion ────────────────── v0.3.3
2025-08-27T07:21:43.1601283Z    Installed NaNMath ───────────────────── v1.1.3
2025-08-27T07:21:43.1937970Z    Installed LZO_jll ───────────────────── v2.10.3+0
2025-08-27T07:21:43.2090081Z    Installed PikaParser ────────────────── v0.6.1
2025-08-27T07:21:43.2242467Z    Installed WebP ──────────────────────── v0.1.3
2025-08-27T07:21:43.2860677Z    Installed FriBidi_jll ───────────────── v1.0.17+0
2025-08-27T07:21:43.2867910Z    Installed TranscodingStreams ────────── v0.11.3
2025-08-27T07:21:43.3084564Z    Installed NLSolversBase ─────────────── v7.10.0
2025-08-27T07:21:43.3154723Z    Installed UnicodeFun ────────────────── v0.4.1
2025-08-27T07:21:43.3400387Z    Installed Graphics ──────────────────── v1.1.3
2025-08-27T07:21:43.3979310Z    Installed Rmath_jll ─────────────────── v0.5.1+0
2025-08-27T07:21:43.4117518Z    Installed ImageMetadata ─────────────── v0.9.10
2025-08-27T07:21:43.4269945Z    Installed x264_jll ──────────────────── v10164.0.1+0
2025-08-27T07:21:43.4274265Z    Installed Ratios ────────────────────── v0.4.5
2025-08-27T07:21:43.5586304Z    Installed DataStructures ────────────── v0.18.22
2025-08-27T07:21:43.6124383Z    Installed MappedArrays ──────────────── v0.4.2
2025-08-27T07:21:43.6376598Z    Installed CommonSubexpressions ──────── v0.3.1
2025-08-27T07:21:43.7197075Z    Installed SimpleGraphs ──────────────── v0.8.7
2025-08-27T07:21:43.7270153Z    Installed FreeType2_jll ─────────────── v2.13.4+0
2025-08-27T07:21:43.7372026Z    Installed Colors ────────────────────── v0.12.11
2025-08-27T07:21:43.7555363Z    Installed PaddedViews ───────────────── v0.5.12
2025-08-27T07:21:43.7604158Z    Installed FreeType ──────────────────── v4.1.1
2025-08-27T07:21:43.8321794Z    Installed StatsAPI ──────────────────── v1.7.1
2025-08-27T07:21:43.8948689Z    Installed Compat ────────────────────── v4.18.0
2025-08-27T07:21:43.9299847Z    Installed GridLayoutBase ────────────── v0.9.2
2025-08-27T07:21:43.9300469Z    Installed LazyModules ───────────────── v0.3.1
2025-08-27T07:21:44.0759368Z    Installed LinearAlgebraX ────────────── v0.2.10
2025-08-27T07:21:44.0790800Z    Installed Xorg_libxcb_jll ───────────── v1.17.1+0
2025-08-27T07:21:44.0849828Z    Installed MosaicViews ───────────────── v0.3.4
2025-08-27T07:21:44.1154798Z    Installed libpng_jll ────────────────── v1.6.50+0
2025-08-27T07:21:44.1997248Z    Installed StatsBase ─────────────────── v0.34.6
2025-08-27T07:21:44.3352334Z    Installed libaom_jll ────────────────── v3.12.1+0
2025-08-27T07:21:44.3356569Z    Installed StructTypes ───────────────── v1.11.0
2025-08-27T07:21:44.3622739Z    Installed Automa ────────────────────── v1.1.0
2025-08-27T07:21:44.3854478Z    Installed Scratch ───────────────────── v1.3.0
2025-08-27T07:21:44.5923509Z    Installed DiffRules ─────────────────── v1.15.1
2025-08-27T07:21:44.6334314Z    Installed oneTBB_jll ────────────────── v2022.0.0+0
2025-08-27T07:21:44.6334778Z    Installed Xorg_libXext_jll ──────────── v1.3.7+0
2025-08-27T07:21:44.8438691Z    Installed TensorCore ────────────────── v0.1.1
2025-08-27T07:21:44.8781992Z    Installed ColorTypes ────────────────── v0.11.5
2025-08-27T07:21:44.8929188Z    Installed SimplePartitions ──────────── v0.3.3
2025-08-27T07:21:44.9136435Z    Installed Zstd_jll ──────────────────── v1.5.7+1
2025-08-27T07:21:45.0639613Z    Installed TableTraits ───────────────── v1.0.1
2025-08-27T07:21:45.1152113Z    Installed Expat_jll ─────────────────── v2.7.1+0
2025-08-27T07:21:45.1165913Z    Installed DiffResults ───────────────── v1.1.0
2025-08-27T07:21:45.1169806Z    Installed Isoband ───────────────────── v0.1.1
2025-08-27T07:21:45.1389372Z    Installed FreeTypeAbstraction ───────── v0.10.8
2025-08-27T07:21:45.1742665Z    Installed MathTeXEngine ─────────────── v0.5.7
2025-08-27T07:21:45.2107739Z    Installed Inflate ───────────────────── v0.1.5
2025-08-27T07:21:45.2569319Z    Installed WeakKeyIdDicts ────────────── v0.1.0
2025-08-27T07:21:45.2570033Z    Installed PositiveFactorizations ────── v0.2.4
2025-08-27T07:21:45.2846733Z    Installed Parsers ───────────────────── v2.8.3
2025-08-27T07:21:45.3480691Z    Installed Imath_jll ─────────────────── v3.1.11+0
2025-08-27T07:21:45.3799599Z    Installed Setfield ──────────────────── v1.1.2
2025-08-27T07:21:45.3933462Z    Installed ImageCore ─────────────────── v0.10.5
2025-08-27T07:21:45.3952567Z    Installed Extents ───────────────────── v0.1.6
2025-08-27T07:21:45.4244200Z    Installed MKL_jll ───────────────────── v2025.2.0+0
2025-08-27T07:21:45.4533242Z    Installed Libtiff_jll ───────────────── v4.7.1+0
2025-08-27T07:21:45.4927468Z    Installed AbstractFFTs ──────────────── v1.5.0
2025-08-27T07:21:45.5357571Z    Installed JLLWrappers ───────────────── v1.7.1
2025-08-27T07:21:45.5624006Z    Installed Packing ───────────────────── v0.5.1
2025-08-27T07:21:45.5627443Z    Installed ConstructionBase ──────────── v1.6.0
2025-08-27T07:21:45.5808509Z    Installed ColorVectorSpace ──────────── v0.10.0
2025-08-27T07:21:45.5975945Z    Installed DataValueInterfaces ───────── v1.0.0
2025-08-27T07:21:45.6134390Z    Installed Libffi_jll ────────────────── v3.4.7+0
2025-08-27T07:21:45.7316011Z    Installed Xorg_libXrender_jll ───────── v0.9.12+0
2025-08-27T07:21:45.7553349Z    Installed OrderedCollections ────────── v1.8.1
2025-08-27T07:21:45.7553777Z    Installed AbstractTrees ─────────────── v0.4.5
2025-08-27T07:21:45.8185387Z    Installed ExactPredicates ───────────── v2.2.8
2025-08-27T07:21:45.9527445Z    Installed Ogg_jll ───────────────────── v1.3.6+0
2025-08-27T07:21:45.9936667Z    Installed KernelDensity ─────────────── v0.6.10
2025-08-27T07:21:45.9937966Z    Installed Combinatorics ─────────────── v1.0.3
2025-08-27T07:21:45.9944514Z    Installed ArrayInterface ────────────── v7.19.0
2025-08-27T07:21:46.0718140Z    Installed ChainRulesCore ────────────── v1.26.0
2025-08-27T07:21:46.2533676Z    Installed Reexport ──────────────────── v1.2.2
2025-08-27T07:21:46.2544399Z    Installed LogExpFunctions ───────────── v0.3.29
2025-08-27T07:21:46.2692529Z    Installed LineSearches ──────────────── v7.4.0
2025-08-27T07:21:46.4592661Z    Installed StackViews ────────────────── v0.1.2
2025-08-27T07:21:46.5401226Z    Installed IntervalArithmetic ────────── v0.22.36
2025-08-27T07:21:46.5774793Z    Installed AliasTables ───────────────── v1.1.3
2025-08-27T07:21:46.5896072Z    Installed MacroTools ────────────────── v0.5.16
2025-08-27T07:21:46.6315087Z    Installed RangeArrays ───────────────── v0.3.2
2025-08-27T07:21:46.6606695Z    Installed FFTW_jll ──────────────────── v3.3.11+0
2025-08-27T07:21:46.7095685Z    Installed RingLists ─────────────────── v0.2.9
2025-08-27T07:21:46.7527360Z    Installed UnPack ────────────────────── v1.0.2
2025-08-27T07:21:46.7540323Z    Installed OpenSpecFun_jll ───────────── v0.5.6+0
2025-08-27T07:21:46.7791166Z    Installed GeoFormatTypes ────────────── v0.4.4
2025-08-27T07:21:46.9982563Z    Installed Libuuid_jll ───────────────── v2.41.1+0
2025-08-27T07:21:46.9985357Z    Installed SimpleTraits ──────────────── v0.9.5
2025-08-27T07:21:47.1836192Z    Installed DocStringExtensions ───────── v0.9.5
2025-08-27T07:21:47.2032994Z    Installed ColorBrewer ───────────────── v0.4.1
2025-08-27T07:21:47.2750967Z    Installed OpenEXR_jll ───────────────── v3.2.4+0
2025-08-27T07:21:47.3941668Z    Installed DifferentiationInterface ──── v0.7.7
2025-08-27T07:21:47.3945718Z    Installed StableRNGs ────────────────── v1.0.3
2025-08-27T07:21:47.4119407Z    Installed Interpolations ────────────── v0.16.2
2025-08-27T07:21:47.4370553Z    Installed Adapt ─────────────────────── v4.3.0
2025-08-27T07:21:47.4793895Z    Installed Graphite2_jll ─────────────── v1.3.15+0
2025-08-27T07:21:47.6006045Z    Installed libass_jll ────────────────── v0.17.4+0
2025-08-27T07:21:47.6006719Z    Installed Pixman_jll ────────────────── v0.44.2+0
2025-08-27T07:21:47.6085142Z    Installed XML2_jll ──────────────────── v2.14.4+0
2025-08-27T07:21:47.6405102Z    Installed Rmath ─────────────────────── v0.8.0
2025-08-27T07:21:47.6831427Z    Installed IntegerMathUtils ──────────── v0.1.3
2025-08-27T07:21:47.8322036Z    Installed Xorg_xtrans_jll ───────────── v1.6.0+0
2025-08-27T07:21:47.8327100Z    Installed ImageBase ─────────────────── v0.1.7
2025-08-27T07:21:47.9026174Z    Installed IntervalSets ──────────────── v0.7.11
2025-08-27T07:21:47.9796217Z    Installed IterTools ─────────────────── v1.10.0
2025-08-27T07:21:48.1399172Z    Installed OpenSSL_jll ───────────────── v3.5.2+0
2025-08-27T07:21:48.1676210Z    Installed FFMPEG_jll ────────────────── v7.1.1+0
2025-08-27T07:21:48.3062286Z    Installed IndirectArrays ────────────── v1.0.0
2025-08-27T07:21:48.3658419Z    Installed GeometryBasics ────────────── v0.4.11
2025-08-27T07:21:48.4392412Z    Installed MakieCore ─────────────────── v0.6.9
2025-08-27T07:21:48.4738484Z    Installed Tables ────────────────────── v1.12.1
2025-08-27T07:21:48.6239621Z    Installed DataAPI ───────────────────── v1.16.0
2025-08-27T07:21:48.6240217Z    Installed LLVMOpenMP_jll ────────────── v18.1.8+0
2025-08-27T07:21:48.7355224Z    Installed CairoMakie ────────────────── v0.10.12
2025-08-27T07:21:48.8844375Z    Installed Optim ─────────────────────── v1.13.2
2025-08-27T07:21:48.9573215Z    Installed ShaderAbstractions ────────── v0.4.1
2025-08-27T07:21:48.9573751Z    Installed FixedPointNumbers ─────────── v0.8.5
2025-08-27T07:21:48.9979256Z    Installed Primes ────────────────────── v0.5.7
2025-08-27T07:21:49.1921586Z    Installed RecipesBase ───────────────── v1.3.4
2025-08-27T07:21:49.1922104Z    Installed LAME_jll ──────────────────── v3.100.3+0
2025-08-27T07:21:49.2714661Z    Installed IteratorInterfaceExtensions ─ v1.0.0
2025-08-27T07:21:49.4505708Z    Installed GettextRuntime_jll ────────── v0.22.4+0
2025-08-27T07:21:49.4510628Z    Installed Libiconv_jll ──────────────── v1.18.0+0
2025-08-27T07:21:49.5762506Z    Installed StructArrays ──────────────── v0.6.21
2025-08-27T07:21:49.6763726Z    Installed Glib_jll ──────────────────── v2.84.3+0
2025-08-27T07:21:49.6766390Z    Installed LaTeXStrings ──────────────── v1.4.0
2025-08-27T07:21:49.7304285Z    Installed libvorbis_jll ─────────────── v1.3.8+0
2025-08-27T07:21:49.8561210Z    Installed Libglvnd_jll ──────────────── v1.7.1+1
2025-08-27T07:21:49.9525563Z    Installed libsixel_jll ──────────────── v1.10.5+0
2025-08-27T07:21:50.0095484Z    Installed Animations ────────────────── v0.4.2
2025-08-27T07:21:50.0942455Z    Installed ForwardDiff ───────────────── v1.1.0
2025-08-27T07:21:50.2273023Z    Installed FillArrays ────────────────── v1.13.0
2025-08-27T07:21:50.2932342Z    Installed AxisAlgorithms ────────────── v1.1.0
2025-08-27T07:21:50.3737256Z    Installed ImageAxes ─────────────────── v0.6.12
2025-08-27T07:21:50.3927377Z    Installed QuadGK ────────────────────── v2.11.2
2025-08-27T07:21:50.4737574Z    Installed CRlibm ────────────────────── v1.0.2
2025-08-27T07:21:50.5856709Z    Installed Requires ──────────────────── v1.3.1
2025-08-27T07:21:50.7279083Z    Installed Xorg_libX11_jll ───────────── v1.8.12+0
2025-08-27T07:21:50.7422655Z    Installed Cairo ─────────────────────── v1.1.1
2025-08-27T07:21:50.8269833Z    Installed Xorg_libXdmcp_jll ─────────── v1.1.6+0
2025-08-27T07:21:51.1140013Z    Installed LightXML ──────────────────── v0.9.2
2025-08-27T07:21:51.1934413Z    Installed ColorSchemes ──────────────── v3.30.0
2025-08-27T07:21:51.1938492Z    Installed Parameters ────────────────── v0.12.3
2025-08-27T07:21:51.3465531Z    Installed Distributions ─────────────── v0.25.120
2025-08-27T07:21:51.4058591Z    Installed CRlibm_jll ────────────────── v1.0.1+0
2025-08-27T07:21:51.4220046Z    Installed WoodburyMatrices ──────────── v1.0.0
2025-08-27T07:21:51.4226371Z    Installed GeoInterface ──────────────── v1.4.1
2025-08-27T07:21:51.4885343Z    Installed libwebp_jll ───────────────── v1.6.0+0
2025-08-27T07:21:51.5809198Z    Installed SimplePolynomials ─────────── v0.2.18
2025-08-27T07:21:52.4604301Z    Installed SortingAlgorithms ─────────── v1.2.2
2025-08-27T07:21:53.4041676Z    Installed DelaunayTriangulation ─────── v0.8.12
2025-08-27T07:22:08.2345499Z    Installed Makie ─────────────────────── v0.19.12
2025-08-27T07:22:47.8098988Z       Compat entries added for 
2025-08-27T07:22:48.3705374Z     Updating `~/work/JuliaTestRocket/JuliaTestRocket/Project.toml`
2025-08-27T07:22:48.4184668Z ⌅ [13f3f980] + CairoMakie v0.10.12
2025-08-27T07:22:48.4185735Z     Updating `~/work/JuliaTestRocket/JuliaTestRocket/Manifest.toml`
2025-08-27T07:22:48.4770425Z   [47edcb42] + ADTypes v1.17.0
2025-08-27T07:22:48.4770962Z   [621f4979] + AbstractFFTs v1.5.0
2025-08-27T07:22:48.4771431Z   [398f06c4] + AbstractLattices v0.3.1
2025-08-27T07:22:48.4771957Z   [1520ce14] + AbstractTrees v0.4.5
2025-08-27T07:22:48.4772404Z   [79e6a3ab] + Adapt v4.3.0
2025-08-27T07:22:48.4773044Z   [66dad0bd] + AliasTables v1.1.3
2025-08-27T07:22:48.4773509Z   [27a7e980] + Animations v0.4.2
2025-08-27T07:22:48.4773923Z   [4fba245c] + ArrayInterface v7.19.0
2025-08-27T07:22:48.4774344Z   [67c07d97] + Automa v1.1.0
2025-08-27T07:22:48.4774741Z   [13072b0f] + AxisAlgorithms v1.1.0
2025-08-27T07:22:48.4775170Z   [39de3d68] + AxisArrays v0.4.7
2025-08-27T07:22:48.4775562Z   [18cc8868] + BaseDirs v1.3.2
2025-08-27T07:22:48.4775972Z   [fa961155] + CEnum v0.5.0
2025-08-27T07:22:48.4776360Z   [96374032] + CRlibm v1.0.2
2025-08-27T07:22:48.4776737Z   [159f3aea] + Cairo v1.1.1
2025-08-27T07:22:48.4777407Z ⌅ [13f3f980] + CairoMakie v0.10.12
2025-08-27T07:22:48.4777877Z   [d360d2e6] + ChainRulesCore v1.26.0
2025-08-27T07:22:48.4778324Z   [a2cac450] + ColorBrewer v0.4.1
2025-08-27T07:22:48.4778729Z   [35d6a980] + ColorSchemes v3.30.0
2025-08-27T07:22:48.4779262Z ⌅ [3da002f7] + ColorTypes v0.11.5
2025-08-27T07:22:48.4779803Z ⌃ [c3611d14] + ColorVectorSpace v0.10.0
2025-08-27T07:22:48.4780316Z ⌅ [5ae59095] + Colors v0.12.11
2025-08-27T07:22:48.4780702Z   [861a8166] + Combinatorics v1.0.3
2025-08-27T07:22:48.4781136Z   [bbf7d656] + CommonSubexpressions v0.3.1
2025-08-27T07:22:48.4781582Z   [34da2185] + Compat v4.18.0
2025-08-27T07:22:48.4781967Z   [187b0558] + ConstructionBase v1.6.0
2025-08-27T07:22:48.4782379Z   [d38c429a] + Contour v0.6.3
2025-08-27T07:22:48.4782994Z   [9a962f9c] + DataAPI v1.16.0
2025-08-27T07:22:48.4783503Z ⌅ [864edb3b] + DataStructures v0.18.22
2025-08-27T07:22:48.4783983Z   [e2d170a0] + DataValueInterfaces v1.0.0
2025-08-27T07:22:48.4784589Z ⌅ [927a84f5] + DelaunayTriangulation v0.8.12
2025-08-27T07:22:48.4785062Z   [163ba53b] + DiffResults v1.1.0
2025-08-27T07:22:48.4785497Z   [b552c78f] + DiffRules v1.15.1
2025-08-27T07:22:48.4785939Z   [a0c0ee7d] + DifferentiationInterface v0.7.7
2025-08-27T07:22:48.4786411Z   [31c24e10] + Distributions v0.25.120
2025-08-27T07:22:48.4787381Z   [ffbed154] + DocStringExtensions v0.9.5
2025-08-27T07:22:48.4787824Z   [4e289a0a] + EnumX v1.0.5
2025-08-27T07:22:48.4788219Z   [429591f6] + ExactPredicates v2.2.8
2025-08-27T07:22:48.4788645Z   [411431e0] + Extents v0.1.6
2025-08-27T07:22:48.4789016Z   [7a1cc6ca] + FFTW v1.9.0
2025-08-27T07:22:48.4789377Z   [5789e2e9] + FileIO v1.17.0
2025-08-27T07:22:48.4789761Z   [1a297f60] + FillArrays v1.13.0
2025-08-27T07:22:48.4790162Z   [6a86dc24] + FiniteDiff v2.28.1
2025-08-27T07:22:48.4790590Z   [53c48c17] + FixedPointNumbers v0.8.5
2025-08-27T07:22:48.4791024Z   [59287772] + Formatting v0.4.3
2025-08-27T07:22:48.4791810Z   [f6369f11] + ForwardDiff v1.1.0
2025-08-27T07:22:48.4792262Z   [b38be410] + FreeType v4.1.1
2025-08-27T07:22:48.4792646Z   [663a7486] + FreeTypeAbstraction v0.10.8
2025-08-27T07:22:48.4793321Z   [68eda718] + GeoFormatTypes v0.4.4
2025-08-27T07:22:48.4793872Z ⌃ [cf35fbd7] + GeoInterface v1.4.1
2025-08-27T07:22:48.4794406Z ⌅ [5c1252a2] + GeometryBasics v0.4.11
2025-08-27T07:22:48.4794862Z   [a2bd30eb] + Graphics v1.1.3
2025-08-27T07:22:48.4795338Z ⌅ [3955a311] + GridLayoutBase v0.9.2
2025-08-27T07:22:48.4795749Z   [42e2da0e] + Grisu v1.0.2
2025-08-27T07:22:48.4796164Z   [34004b35] + HypergeometricFunctions v0.3.28
2025-08-27T07:22:48.4796639Z   [2803e5a7] + ImageAxes v0.6.12
2025-08-27T07:22:48.4797035Z   [c817782e] + ImageBase v0.1.7
2025-08-27T07:22:48.4797422Z   [a09fc81d] + ImageCore v0.10.5
2025-08-27T07:22:48.4797804Z   [82e4d734] + ImageIO v0.6.9
2025-08-27T07:22:48.4798224Z   [bc367c6b] + ImageMetadata v0.9.10
2025-08-27T07:22:48.4798633Z   [9b13fd28] + IndirectArrays v1.0.0
2025-08-27T07:22:48.4799125Z   [d25df0c9] + Inflate v0.1.5
2025-08-27T07:22:48.4799518Z   [18e54dd8] + IntegerMathUtils v0.1.3
2025-08-27T07:22:48.4799947Z   [a98d9a8b] + Interpolations v0.16.2
2025-08-27T07:22:48.4800514Z ⌅ [d1acc4aa] + IntervalArithmetic v0.22.36
2025-08-27T07:22:48.4800950Z   [8197267c] + IntervalSets v0.7.11
2025-08-27T07:22:48.4801370Z   [92d709cd] + IrrationalConstants v0.2.4
2025-08-27T07:22:48.4801827Z   [f1662d9f] + Isoband v0.1.1
2025-08-27T07:22:48.4802212Z   [c8e1da08] + IterTools v1.10.0
2025-08-27T07:22:48.4802695Z   [82899510] + IteratorInterfaceExtensions v1.0.0
2025-08-27T07:22:48.4803378Z   [692b3bcd] + JLLWrappers v1.7.1
2025-08-27T07:22:48.4803793Z   [682c06a0] + JSON v0.21.4
2025-08-27T07:22:48.4804172Z   [b835a17e] + JpegTurbo v0.1.6
2025-08-27T07:22:48.4804559Z   [5ab0869b] + KernelDensity v0.6.10
2025-08-27T07:22:48.4804982Z   [b964fa9f] + LaTeXStrings v1.4.0
2025-08-27T07:22:48.4805392Z   [8cdb02fc] + LazyModules v0.3.1
2025-08-27T07:22:48.4805799Z   [9c8b4983] + LightXML v0.9.2
2025-08-27T07:22:48.4806210Z   [d3d80556] + LineSearches v7.4.0
2025-08-27T07:22:48.4806623Z   [9b3f67b0] + LinearAlgebraX v0.2.10
2025-08-27T07:22:48.4807066Z   [2ab3a3ac] + LogExpFunctions v0.3.29
2025-08-27T07:22:48.4807493Z   [1914dd2f] + MacroTools v0.5.16
2025-08-27T07:22:48.4808015Z ⌅ [ee78f7c6] + Makie v0.19.12
2025-08-27T07:22:48.4808482Z ⌅ [20f20a25] + MakieCore v0.6.9
2025-08-27T07:22:48.4808886Z   [dbb5928d] + MappedArrays v0.4.2
2025-08-27T07:22:48.4809393Z ⌅ [0a4f8689] + MathTeXEngine v0.5.7
2025-08-27T07:22:48.4809801Z   [e1d29d7a] + Missings v1.2.0
2025-08-27T07:22:48.4810166Z   [7475f97c] + Mods v2.2.6
2025-08-27T07:22:48.4810530Z   [e94cdb99] + MosaicViews v0.3.4
2025-08-27T07:22:48.4810924Z   [3b2b4ff1] + Multisets v0.4.5
2025-08-27T07:22:48.4811324Z   [d41bc354] + NLSolversBase v7.10.0
2025-08-27T07:22:48.4811752Z   [77ba4419] + NaNMath v1.1.3
2025-08-27T07:22:48.4812139Z   [f09324ee] + Netpbm v1.1.1
2025-08-27T07:22:48.4812531Z   [6fe1bfb0] + OffsetArrays v1.17.0
2025-08-27T07:22:48.4813167Z   [52e1d378] + OpenEXR v0.3.3
2025-08-27T07:22:48.4813556Z   [429524aa] + Optim v1.13.2
2025-08-27T07:22:48.4813966Z   [bac558e1] + OrderedCollections v1.8.1
2025-08-27T07:22:48.4814421Z   [90014a1f] + PDMats v0.11.35
2025-08-27T07:22:48.4814821Z   [f57f5aa1] + PNGFiles v0.4.4
2025-08-27T07:22:48.4815196Z   [19eb6ba3] + Packing v0.5.1
2025-08-27T07:22:48.4815625Z   [5432bcbf] + PaddedViews v0.5.12
2025-08-27T07:22:48.4816283Z   [d96e819e] + Parameters v0.12.3
2025-08-27T07:22:48.4816674Z   [69de0a69] + Parsers v2.8.3
2025-08-27T07:22:48.4817064Z   [2ae35dd2] + Permutations v0.4.23
2025-08-27T07:22:48.4817494Z   [3bbf5609] + PikaParser v0.6.1
2025-08-27T07:22:48.4817896Z   [eebad327] + PkgVersion v0.3.3
2025-08-27T07:22:48.4818279Z   [995b91a9] + PlotUtils v1.4.3
2025-08-27T07:22:48.4818652Z   [647866c9] + PolygonOps v0.1.2
2025-08-27T07:22:48.4819169Z ⌃ [f27b6e38] + Polynomials v4.0.21
2025-08-27T07:22:48.4819610Z   [85a6dd25] + PositiveFactorizations v0.2.4
2025-08-27T07:22:48.4820063Z   [27ebfcd6] + Primes v0.5.7
2025-08-27T07:22:48.4820666Z   [92933f4c] + ProgressMeter v1.11.0
2025-08-27T07:22:48.4821111Z   [43287f4e] + PtrArrays v1.3.0
2025-08-27T07:22:48.4821486Z   [4b34888f] + QOI v1.0.1
2025-08-27T07:22:48.4821837Z   [1fd47b50] + QuadGK v2.11.2
2025-08-27T07:22:48.4822207Z   [b3c3ace0] + RangeArrays v0.3.2
2025-08-27T07:22:48.4822594Z   [c84ed2f1] + Ratios v0.4.5
2025-08-27T07:22:48.4823156Z   [3cdcf5f2] + RecipesBase v1.3.4
2025-08-27T07:22:48.4823491Z   [189a3867] + Reexport v1.2.2
2025-08-27T07:22:48.4827874Z   [05181044] + RelocatableFolders v1.0.1
2025-08-27T07:22:48.4828346Z   [ae029012] + Requires v1.3.1
2025-08-27T07:22:48.4828750Z   [286e9d63] + RingLists v0.2.9
2025-08-27T07:22:48.4829134Z   [79098fc4] + Rmath v0.8.0
2025-08-27T07:22:48.4829514Z   [5eaf0fd0] + RoundingEmulator v0.2.1
2025-08-27T07:22:48.4829937Z   [fdea26ae] + SIMD v3.7.1
2025-08-27T07:22:48.4830288Z   [6c6a2e73] + Scratch v1.3.0
2025-08-27T07:22:48.4830668Z   [efcf1570] + Setfield v1.1.2
2025-08-27T07:22:48.4831222Z ⌅ [65257c39] + ShaderAbstractions v0.4.1
2025-08-27T07:22:48.4831664Z   [992d4aef] + Showoff v1.0.3
2025-08-27T07:22:48.4832087Z   [73760f76] + SignedDistanceFields v0.4.0
2025-08-27T07:22:48.4832584Z   [55797a34] + SimpleGraphs v0.8.7
2025-08-27T07:22:48.4833235Z   [ec83eff0] + SimplePartitions v0.3.3
2025-08-27T07:22:48.4833684Z   [cc47b68c] + SimplePolynomials v0.2.18
2025-08-27T07:22:48.4834118Z   [a6525b86] + SimpleRandom v0.3.2
2025-08-27T07:22:48.4834538Z   [699a6c99] + SimpleTraits v0.9.5
2025-08-27T07:22:48.4834914Z   [45858cf5] + Sixel v0.1.5
2025-08-27T07:22:48.4835294Z   [a2af1166] + SortingAlgorithms v1.2.2
2025-08-27T07:22:48.4835730Z   [276daf66] + SpecialFunctions v2.5.1
2025-08-27T07:22:48.4836293Z ⌅ [c5dd0088] + StableHashTraits v1.3.4
2025-08-27T07:22:48.4836728Z   [860ef19b] + StableRNGs v1.0.3
2025-08-27T07:22:48.4837121Z   [cae243ae] + StackViews v0.1.2
2025-08-27T07:22:48.4837514Z   [10745b16] + Statistics v1.11.1
2025-08-27T07:22:48.4837916Z   [82ae8749] + StatsAPI v1.7.1
2025-08-27T07:22:48.4838326Z   [2913bbd2] + StatsBase v0.34.6
2025-08-27T07:22:48.4838722Z   [4c63d2b9] + StatsFuns v1.5.0
2025-08-27T07:22:48.4839227Z ⌅ [09ab397b] + StructArrays v0.6.21
2025-08-27T07:22:48.4839660Z   [856f2bd8] + StructTypes v1.11.0
2025-08-27T07:22:48.4840074Z   [3783bdb8] + TableTraits v1.0.1
2025-08-27T07:22:48.4840478Z   [bd369af6] + Tables v1.12.1
2025-08-27T07:22:48.4840869Z   [62fd8b95] + TensorCore v0.1.1
2025-08-27T07:22:48.4841269Z   [731e570b] + TiffImages v0.11.6
2025-08-27T07:22:48.4841696Z   [3bb67fe8] + TranscodingStreams v0.11.3
2025-08-27T07:22:48.4842139Z   [981d1d27] + TriplotBase v0.1.0
2025-08-27T07:22:48.4842548Z   [9d95972d] + TupleTools v1.6.0
2025-08-27T07:22:48.4843226Z   [3a884ed6] + UnPack v1.0.2
2025-08-27T07:22:48.4843611Z   [1cfade01] + UnicodeFun v0.4.1
2025-08-27T07:22:48.4844015Z   [ecbed89c] + WeakKeyIdDicts v0.1.0
2025-08-27T07:22:48.4844423Z   [e3aaa7dc] + WebP v0.1.3
2025-08-27T07:22:48.4844810Z   [efce3f68] + WoodburyMatrices v1.0.0
2025-08-27T07:22:48.4845258Z   [6e34b625] + Bzip2_jll v1.0.9+0
2025-08-27T07:22:48.4845665Z   [4e9b3aee] + CRlibm_jll v1.0.1+0
2025-08-27T07:22:48.4846110Z   [83423d85] + Cairo_jll v1.18.5+0
2025-08-27T07:22:48.4846510Z   [5ae413db] + EarCut_jll v2.2.4+0
2025-08-27T07:22:48.4846903Z   [2e619515] + Expat_jll v2.7.1+0
2025-08-27T07:22:48.4847302Z   [b22a6f82] + FFMPEG_jll v7.1.1+0
2025-08-27T07:22:48.4847690Z   [f5851436] + FFTW_jll v3.3.11+0
2025-08-27T07:22:48.4848323Z   [a3f928ae] + Fontconfig_jll v2.17.1+0
2025-08-27T07:22:48.4848750Z   [d7e528f0] + FreeType2_jll v2.13.4+0
2025-08-27T07:22:48.4849155Z   [559328eb] + FriBidi_jll v1.0.17+0
2025-08-27T07:22:48.4849589Z   [b0724c58] + GettextRuntime_jll v0.22.4+0
2025-08-27T07:22:48.4850028Z   [59f7168a] + Giflib_jll v5.2.3+0
2025-08-27T07:22:48.4850409Z   [7746bdde] + Glib_jll v2.84.3+0
2025-08-27T07:22:48.4850815Z   [3b182d85] + Graphite2_jll v1.3.15+0
2025-08-27T07:22:48.4851241Z   [2e76f6c2] + HarfBuzz_jll v8.5.1+0
2025-08-27T07:22:48.4851633Z   [905a6f67] + Imath_jll v3.1.11+0
2025-08-27T07:22:48.4852255Z   [1d5cc7b8] + IntelOpenMP_jll v2025.2.0+0
2025-08-27T07:22:48.4852714Z   [aacddb02] + JpegTurbo_jll v3.1.2+0
2025-08-27T07:22:48.4853340Z   [c1c5ebd0] + LAME_jll v3.100.3+0
2025-08-27T07:22:48.4853736Z   [88015f11] + LERC_jll v4.0.1+0
2025-08-27T07:22:48.4854127Z   [1d63c593] + LLVMOpenMP_jll v18.1.8+0
2025-08-27T07:22:48.4854547Z   [dd4b983a] + LZO_jll v2.10.3+0
2025-08-27T07:22:48.4854940Z   [e9f186c6] + Libffi_jll v3.4.7+0
2025-08-27T07:22:48.4855323Z   [7e76a0d4] + Libglvnd_jll v1.7.1+1
2025-08-27T07:22:48.4855747Z   [94ce4f54] + Libiconv_jll v1.18.0+0
2025-08-27T07:22:48.4856163Z   [4b2f31a3] + Libmount_jll v2.41.1+0
2025-08-27T07:22:48.4856564Z   [89763e89] + Libtiff_jll v4.7.1+0
2025-08-27T07:22:48.4856962Z   [38a345b3] + Libuuid_jll v2.41.1+0
2025-08-27T07:22:48.4857351Z   [856f044c] + MKL_jll v2025.2.0+0
2025-08-27T07:22:48.4857731Z   [e7412a2a] + Ogg_jll v1.3.6+0
2025-08-27T07:22:48.4858177Z   [6cdc7f73] + OpenBLASConsistentFPCSR_jll v0.3.29+0
2025-08-27T07:22:48.4858686Z   [18a262bb] + OpenEXR_jll v3.2.4+0
2025-08-27T07:22:48.4859092Z   [458c3c95] + OpenSSL_jll v3.5.2+0
2025-08-27T07:22:48.4859503Z   [efe28fd5] + OpenSpecFun_jll v0.5.6+0
2025-08-27T07:22:48.4859936Z   [91d4177d] + Opus_jll v1.5.2+0
2025-08-27T07:22:48.4860311Z   [36c8627f] + Pango_jll v1.56.3+0
2025-08-27T07:22:48.4860834Z ⌅ [30392449] + Pixman_jll v0.44.2+0
2025-08-27T07:22:48.4861225Z   [f50d1b31] + Rmath_jll v0.5.1+0
2025-08-27T07:22:48.4861605Z   [02c8fc9c] + XML2_jll v2.14.4+0
2025-08-27T07:22:48.4861980Z   [ffd25f8a] + XZ_jll v5.8.1+0
2025-08-27T07:22:48.4862360Z   [4f6342f7] + Xorg_libX11_jll v1.8.12+0
2025-08-27T07:22:48.4862982Z   [0c0b7dd1] + Xorg_libXau_jll v1.0.13+0
2025-08-27T07:22:48.4863412Z   [a3789734] + Xorg_libXdmcp_jll v1.1.6+0
2025-08-27T07:22:48.4863827Z   [1082639a] + Xorg_libXext_jll v1.3.7+0
2025-08-27T07:22:48.4864267Z   [ea2f1a96] + Xorg_libXrender_jll v0.9.12+0
2025-08-27T07:22:48.4864703Z   [c7cfdc94] + Xorg_libxcb_jll v1.17.1+0
2025-08-27T07:22:48.4865125Z   [c5fb5394] + Xorg_xtrans_jll v1.6.0+0
2025-08-27T07:22:48.4865546Z   [3161d3a3] + Zstd_jll v1.5.7+1
2025-08-27T07:22:48.4865927Z   [9a68df92] + isoband_jll v0.2.3+0
2025-08-27T07:22:48.4866330Z   [a4ae2306] + libaom_jll v3.12.1+0
2025-08-27T07:22:48.4866714Z   [0ac62f75] + libass_jll v0.17.4+0
2025-08-27T07:22:48.4867144Z   [f638f0a6] + libfdk_aac_jll v2.0.4+0
2025-08-27T07:22:48.4867590Z   [b53b4c65] + libpng_jll v1.6.50+0
2025-08-27T07:22:48.4868036Z   [075b6546] + libsixel_jll v1.10.5+0
2025-08-27T07:22:48.4868458Z   [f27f6e37] + libvorbis_jll v1.3.8+0
2025-08-27T07:22:48.4868884Z   [c5f90fcd] + libwebp_jll v1.6.0+0
2025-08-27T07:22:48.4869291Z   [1317d2d5] + oneTBB_jll v2022.0.0+0
2025-08-27T07:22:48.4869703Z   [1270edf5] + x264_jll v10164.0.1+0
2025-08-27T07:22:48.4870116Z   [dfaa095f] + x265_jll v4.1.0+0
2025-08-27T07:22:48.4870509Z   [0dad84c5] + ArgTools v1.1.2
2025-08-27T07:22:48.4870893Z   [2a0f44e3] + Base64 v1.11.0
2025-08-27T07:22:48.4871256Z   [8bf52ea8] + CRC32c v1.11.0
2025-08-27T07:22:48.4871641Z   [8ba89e20] + Distributed v1.11.0
2025-08-27T07:22:48.4872059Z   [f43a241f] + Downloads v1.6.0
2025-08-27T07:22:48.4872446Z   [7b1f6079] + FileWatching v1.11.0
2025-08-27T07:22:48.4873052Z   [9fa8497b] + Future v1.11.0
2025-08-27T07:22:48.4873445Z   [b77e0a4c] + InteractiveUtils v1.11.0
2025-08-27T07:22:48.4873879Z   [4af54fe1] + LazyArtifacts v1.11.0
2025-08-27T07:22:48.4874288Z   [b27032c2] + LibCURL v0.6.4
2025-08-27T07:22:48.4874891Z   [76f85450] + LibGit2 v1.11.0
2025-08-27T07:22:48.4875264Z   [d6f4376e] + Markdown v1.11.0
2025-08-27T07:22:48.4875633Z   [a63ad114] + Mmap v1.11.0
2025-08-27T07:22:48.4876009Z   [ca575930] + NetworkOptions v1.2.0
2025-08-27T07:22:48.4876415Z   [44cfe95a] + Pkg v1.11.0
2025-08-27T07:22:48.4876773Z   [3fa0cd96] + REPL v1.11.0
2025-08-27T07:22:48.4877159Z   [9e88b42a] + Serialization v1.11.0
2025-08-27T07:22:48.4877578Z   [1a1011a3] + SharedArrays v1.11.0
2025-08-27T07:22:48.4877988Z   [6462fe0b] + Sockets v1.11.0
2025-08-27T07:22:48.4878381Z   [2f01184e] + SparseArrays v1.11.0
2025-08-27T07:22:48.4878995Z   [f489334b] + StyledStrings v1.11.0
2025-08-27T07:22:48.4879415Z   [4607b0f0] + SuiteSparse
2025-08-27T07:22:48.4879762Z   [a4e569a6] + Tar v1.10.0
2025-08-27T07:22:48.4880117Z   [8dfed614] + Test v1.11.0
2025-08-27T07:22:48.4880476Z   [cf7118a7] + UUIDs v1.11.0
2025-08-27T07:22:48.4880843Z   [deac9b47] + LibCURL_jll v8.6.0+0
2025-08-27T07:22:48.4881247Z   [e37daf67] + LibGit2_jll v1.7.2+0
2025-08-27T07:22:48.4881673Z   [29816b5a] + LibSSH2_jll v1.11.0+1
2025-08-27T07:22:48.4882074Z   [c8ffd9c3] + MbedTLS_jll v2.28.6+0
2025-08-27T07:22:48.4882527Z   [14a3606d] + MozillaCACerts_jll v2023.12.12
2025-08-27T07:22:48.4883189Z   [05823500] + OpenLibm_jll v0.8.5+0
2025-08-27T07:22:48.4883610Z   [efcefdf7] + PCRE2_jll v10.42.0+1
2025-08-27T07:22:48.4884033Z   [bea87d4a] + SuiteSparse_jll v7.7.0+0
2025-08-27T07:22:48.4884460Z   [83775a58] + Zlib_jll v1.2.13+1
2025-08-27T07:22:48.4884867Z   [8e850ede] + nghttp2_jll v1.59.0+0
2025-08-27T07:22:48.4885285Z   [3f19e933] + p7zip_jll v17.4.0+2
2025-08-27T07:22:48.4887001Z         Info Packages marked with ⌃ and ⌅ have new versions available. Those with ⌃ may be upgradable, but those with ⌅ are restricted by compatibility constraints from upgrading. To see why use `status --outdated -m`
2025-08-27T07:22:48.6817240Z Precompiling project...
2025-08-27T07:22:49.2435697Z     469.5 ms  ✓ RangeArrays
2025-08-27T07:22:49.2739055Z     491.4 ms  ✓ LaTeXStrings
2025-08-27T07:22:49.5434874Z     765.9 ms  ✓ AbstractFFTs
2025-08-27T07:22:49.7571006Z     483.6 ms  ✓ IndirectArrays
2025-08-27T07:22:49.8371698Z    1139.8 ms  ✓ Combinatorics
2025-08-27T07:22:49.9314825Z     688.1 ms  ✓ PositiveFactorizations
2025-08-27T07:22:50.0919200Z     548.9 ms  ✓ PolygonOps
2025-08-27T07:22:50.1140140Z     357.4 ms  ✓ IteratorInterfaceExtensions
2025-08-27T07:22:50.4340252Z     502.0 ms  ✓ GeoFormatTypes
2025-08-27T07:22:50.4824769Z     367.6 ms  ✓ AbstractLattices
2025-08-27T07:22:50.5652703Z     727.3 ms  ✓ TensorCore
2025-08-27T07:22:50.6709865Z     572.3 ms  ✓ StatsAPI
2025-08-27T07:22:51.0238295Z     541.9 ms  ✓ Contour
2025-08-27T07:22:51.1374039Z     571.9 ms  ✓ CEnum
2025-08-27T07:22:51.1988449Z     764.5 ms  ✓ ADTypes
2025-08-27T07:22:51.4877953Z     462.7 ms  ✓ TriplotBase
2025-08-27T07:22:51.5910637Z     454.3 ms  ✓ UnPack
2025-08-27T07:22:51.8989908Z     411.1 ms  ✓ IntegerMathUtils
2025-08-27T07:22:52.3820329Z    1714.0 ms  ✓ OffsetArrays
2025-08-27T07:22:52.6644395Z    1073.2 ms  ✓ Statistics
2025-08-27T07:22:52.6911239Z    1491.8 ms  ✓ FillArrays
2025-08-27T07:22:52.7974753Z     898.9 ms  ✓ IterTools
2025-08-27T07:22:53.6548209Z     963.0 ms  ✓ OrderedCollections
2025-08-27T07:22:53.6918410Z     893.5 ms  ✓ Requires
2025-08-27T07:22:54.1329245Z     475.7 ms  ✓ DataValueInterfaces
2025-08-27T07:22:54.2594185Z    1594.1 ms  ✓ Grisu
2025-08-27T07:22:54.3441161Z     652.3 ms  ✓ EnumX
2025-08-27T07:22:54.6550970Z    5875.4 ms  ✓ BaseDirs
2025-08-27T07:22:54.7289928Z     596.6 ms  ✓ StableRNGs
2025-08-27T07:22:54.8051174Z     544.2 ms  ✓ Reexport
2025-08-27T07:22:54.9493243Z     605.7 ms  ✓ DocStringExtensions
2025-08-27T07:22:55.3599492Z     704.7 ms  ✓ AbstractTrees
2025-08-27T07:22:55.5408225Z     733.3 ms  ✓ IntervalSets
2025-08-27T07:22:55.5437497Z     592.8 ms  ✓ RoundingEmulator
2025-08-27T07:22:55.9549884Z     413.8 ms  ✓ PtrArrays
2025-08-27T07:22:56.0777674Z     717.7 ms  ✓ Extents
2025-08-27T07:22:56.4668766Z     923.4 ms  ✓ TranscodingStreams
2025-08-27T07:22:56.7408709Z     663.5 ms  ✓ LazyModules
2025-08-27T07:22:56.7415321Z     786.3 ms  ✓ NaNMath
2025-08-27T07:22:56.8450549Z    2115.9 ms  ✓ IrrationalConstants
2025-08-27T07:22:57.0254517Z    4642.3 ms  ✓ MacroTools
2025-08-27T07:22:57.1718311Z     704.8 ms  ✓ Multisets
2025-08-27T07:22:57.2928159Z     550.6 ms  ✓ RingLists
2025-08-27T07:22:57.4085924Z     560.3 ms  ✓ ConstructionBase
2025-08-27T07:22:57.4727235Z     727.6 ms  ✓ Inflate
2025-08-27T07:22:57.5904211Z     565.7 ms  ✓ Mods
2025-08-27T07:22:57.7288741Z     557.5 ms  ✓ DataAPI
2025-08-27T07:22:57.7648851Z     471.6 ms  ✓ TupleTools
2025-08-27T07:22:58.1022572Z     626.9 ms  ✓ WeakKeyIdDicts
2025-08-27T07:22:58.1795580Z     773.3 ms  ✓ MappedArrays
2025-08-27T07:22:58.2268283Z     635.8 ms  ✓ SuiteSparse
2025-08-27T07:22:58.8825079Z     702.1 ms  ✓ DiffResults
2025-08-27T07:22:58.9358907Z    1203.6 ms  ✓ ProgressMeter
2025-08-27T07:22:59.0423859Z     940.1 ms  ✓ WoodburyMatrices
2025-08-27T07:22:59.2474610Z    1480.2 ms  ✓ Formatting
2025-08-27T07:22:59.3600805Z    1130.4 ms  ✓ StructTypes
2025-08-27T07:22:59.5163964Z     634.4 ms  ✓ Scratch
2025-08-27T07:22:59.6317889Z     589.2 ms  ✓ JLLWrappers
2025-08-27T07:22:59.6737629Z     737.7 ms  ✓ Compat
2025-08-27T07:23:01.1491302Z    1787.4 ms  ✓ MakieCore
2025-08-27T07:23:01.7128474Z    2467.4 ms  ✓ UnicodeFun
2025-08-27T07:23:02.1641452Z    2644.8 ms  ✓ RecipesBase
2025-08-27T07:23:02.9574526Z     793.8 ms  ✓ Permutations
2025-08-27T07:23:02.9640893Z    1815.5 ms  ✓ PkgVersion
2025-08-27T07:23:03.5200351Z     561.8 ms  ✓ TableTraits
2025-08-27T07:23:03.9702496Z    2257.1 ms  ✓ AbstractFFTs → AbstractFFTsTestExt
2025-08-27T07:23:04.3635522Z     844.0 ms  ✓ Primes
2025-08-27T07:23:04.6018562Z     630.9 ms  ✓ StackViews
2025-08-27T07:23:04.6874595Z    1719.7 ms  ✓ DifferentiationInterface
2025-08-27T07:23:04.9560935Z     588.9 ms  ✓ PaddedViews
2025-08-27T07:23:05.1672358Z     564.7 ms  ✓ SignedDistanceFields
2025-08-27T07:23:05.7796180Z     824.0 ms  ✓ Statistics → SparseArraysExt
2025-08-27T07:23:06.2537249Z    1086.3 ms  ✓ StaticArrays → StaticArraysStatisticsExt
2025-08-27T07:23:06.4410184Z     660.4 ms  ✓ FillArrays → FillArraysStatisticsExt
2025-08-27T07:23:07.1678531Z     726.8 ms  ✓ Parameters
2025-08-27T07:23:07.1760734Z     922.2 ms  ✓ FillArrays → FillArraysSparseArraysExt
2025-08-27T07:23:07.8830941Z     715.8 ms  ✓ Ratios
2025-08-27T07:23:08.1054180Z     928.1 ms  ✓ Adapt
2025-08-27T07:23:08.6641483Z     559.0 ms  ✓ Showoff
2025-08-27T07:23:08.6822358Z    3997.1 ms  ✓ FixedPointNumbers
2025-08-27T07:23:09.2139032Z     531.5 ms  ✓ IntervalSets → IntervalSetsRandomExt
2025-08-27T07:23:09.8030903Z     589.7 ms  ✓ IntervalSets → IntervalSetsStatisticsExt
2025-08-27T07:23:09.8449282Z    1179.5 ms  ✓ PikaParser
2025-08-27T07:23:10.7080255Z     904.8 ms  ✓ AliasTables
2025-08-27T07:23:10.8471323Z     998.7 ms  ✓ LogExpFunctions
2025-08-27T07:23:11.6954559Z     985.4 ms  ✓ CommonSubexpressions
2025-08-27T07:23:12.2292368Z    1382.6 ms  ✓ SimpleTraits
2025-08-27T07:23:12.5776087Z     883.8 ms  ✓ ConstructionBase → ConstructionBaseIntervalSetsExt
2025-08-27T07:23:12.9849301Z     754.9 ms  ✓ ConstructionBase → ConstructionBaseLinearAlgebraExt
2025-08-27T07:23:13.5924770Z     606.7 ms  ✓ ADTypes → ADTypesConstructionBaseExt
2025-08-27T07:23:13.7172742Z    1138.8 ms  ✓ ConstructionBase → ConstructionBaseStaticArraysExt
2025-08-27T07:23:14.7656710Z    1042.5 ms  ✓ Missings
2025-08-27T07:23:14.9029135Z   15270.9 ms  ✓ SIMD
2025-08-27T07:23:16.1090944Z    1206.1 ms  ✓ AxisAlgorithms
2025-08-27T07:23:16.3781466Z    1615.5 ms  ✓ PDMats
2025-08-27T07:23:16.4088527Z    2817.6 ms  ✓ GeoInterface
2025-08-27T07:23:16.8370831Z     728.6 ms  ✓ RelocatableFolders
2025-08-27T07:23:17.1716346Z    9288.4 ms  ✓ FileIO
2025-08-27T07:23:17.4027932Z    1024.5 ms  ✓ OpenSSL_jll
2025-08-27T07:23:17.5158289Z    1106.9 ms  ✓ Graphite2_jll
2025-08-27T07:23:17.8476605Z    1009.8 ms  ✓ Libmount_jll
2025-08-27T07:23:18.0047460Z     832.3 ms  ✓ LLVMOpenMP_jll
2025-08-27T07:23:18.3570070Z     954.1 ms  ✓ Bzip2_jll
2025-08-27T07:23:18.5574070Z    1040.8 ms  ✓ Rmath_jll
2025-08-27T07:23:18.8932419Z    1042.1 ms  ✓ Xorg_libXau_jll
2025-08-27T07:23:19.0377231Z    1033.4 ms  ✓ libpng_jll
2025-08-27T07:23:19.2688277Z     911.1 ms  ✓ libfdk_aac_jll
2025-08-27T07:23:19.5524391Z     994.5 ms  ✓ Imath_jll
2025-08-27T07:23:20.2587037Z     989.6 ms  ✓ LAME_jll
2025-08-27T07:23:20.2680368Z    1230.1 ms  ✓ Giflib_jll
2025-08-27T07:23:20.6215203Z    1069.3 ms  ✓ LERC_jll
2025-08-27T07:23:20.7071629Z    1810.7 ms  ✓ IntelOpenMP_jll
2025-08-27T07:23:21.2107699Z     952.7 ms  ✓ EarCut_jll
2025-08-27T07:23:21.3631200Z    1094.3 ms  ✓ CRlibm_jll
2025-08-27T07:23:21.7952565Z    1173.6 ms  ✓ JpegTurbo_jll
2025-08-27T07:23:21.8679821Z    1160.7 ms  ✓ XZ_jll
2025-08-27T07:23:22.3069387Z    1095.3 ms  ✓ Ogg_jll
2025-08-27T07:23:22.3934587Z    1030.4 ms  ✓ oneTBB_jll
2025-08-27T07:23:22.8474329Z    1052.4 ms  ✓ Xorg_libXdmcp_jll
2025-08-27T07:23:23.0365826Z    1169.1 ms  ✓ x265_jll
2025-08-27T07:23:23.2538229Z     946.7 ms  ✓ x264_jll
2025-08-27T07:23:23.4637514Z    1070.5 ms  ✓ libaom_jll
2025-08-27T07:23:23.8853059Z    1037.9 ms  ✓ Zstd_jll
2025-08-27T07:23:23.9068712Z     870.1 ms  ✓ Expat_jll
2025-08-27T07:23:24.1152338Z     861.9 ms  ✓ LZO_jll
2025-08-27T07:23:24.4371214Z     969.3 ms  ✓ Opus_jll
2025-08-27T07:23:24.6652328Z     757.6 ms  ✓ Libiconv_jll
2025-08-27T07:23:24.7984630Z     677.3 ms  ✓ Libffi_jll
2025-08-27T07:23:24.8360474Z     949.3 ms  ✓ Xorg_xtrans_jll
2025-08-27T07:23:24.9741181Z   25297.9 ms  ✓ Parsers
2025-08-27T07:23:25.4302634Z     993.0 ms  ✓ isoband_jll
2025-08-27T07:23:25.4832230Z     818.5 ms  ✓ FFTW_jll
2025-08-27T07:23:25.5783450Z     742.1 ms  ✓ Libuuid_jll
2025-08-27T07:23:25.5927287Z     795.9 ms  ✓ OpenSpecFun_jll
2025-08-27T07:23:25.8503748Z     874.1 ms  ✓ FriBidi_jll
2025-08-27T07:23:26.0244149Z     537.5 ms  ✓ Compat → CompatLinearAlgebraExt
2025-08-27T07:23:26.1244469Z     694.6 ms  ✓ OpenBLASConsistentFPCSR_jll
2025-08-27T07:23:26.2052121Z     627.4 ms  ✓ IntervalSets → IntervalSetsRecipesBaseExt
2025-08-27T07:23:26.7041561Z     579.0 ms  ✓ MosaicViews
2025-08-27T07:23:26.8681108Z    1272.6 ms  ✓ Tables
2025-08-27T07:23:26.9357664Z    1086.0 ms  ✓ DifferentiationInterface → DifferentiationInterfaceStaticArraysExt
2025-08-27T07:23:27.0117230Z     986.5 ms  ✓ DifferentiationInterface → DifferentiationInterfaceSparseArraysExt
2025-08-27T07:23:27.0118168Z     805.2 ms  ✓ Adapt → AdaptStaticArraysExt
2025-08-27T07:23:27.4398570Z     734.4 ms  ✓ Adapt → AdaptSparseArraysExt
2025-08-27T07:23:27.5632454Z     627.5 ms  ✓ OffsetArrays → OffsetArraysAdaptExt
2025-08-27T07:23:27.5709682Z     555.4 ms  ✓ Ratios → RatiosFixedPointNumbersExt
2025-08-27T07:23:27.6505277Z     782.2 ms  ✓ ArrayInterface
2025-08-27T07:23:28.6590809Z    1216.1 ms  ✓ AxisArrays
2025-08-27T07:23:28.7506346Z    1099.9 ms  ✓ FillArrays → FillArraysPDMatsExt
2025-08-27T07:23:29.3195856Z    1756.2 ms  ✓ Setfield
2025-08-27T07:23:29.5431139Z     883.9 ms  ✓ Pixman_jll
2025-08-27T07:23:29.7901301Z    1040.1 ms  ✓ FreeType2_jll
2025-08-27T07:23:30.6472459Z    1326.3 ms  ✓ Rmath
2025-08-27T07:23:30.7928679Z    1250.2 ms  ✓ OpenEXR_jll
2025-08-27T07:23:30.8231283Z    1028.9 ms  ✓ CRlibm
2025-08-27T07:23:30.8792035Z    3868.4 ms  ✓ ColorTypes
2025-08-27T07:23:31.5861461Z     936.8 ms  ✓ libsixel_jll
2025-08-27T07:23:31.9201813Z    1126.9 ms  ✓ libvorbis_jll
2025-08-27T07:23:32.4400124Z     854.3 ms  ✓ Libtiff_jll
2025-08-27T07:23:32.8057429Z     884.9 ms  ✓ XML2_jll
2025-08-27T07:23:32.9986167Z    2114.9 ms  ✓ Xorg_libxcb_jll
2025-08-27T07:23:33.2814198Z     840.6 ms  ✓ GettextRuntime_jll
2025-08-27T07:23:33.6927027Z     697.1 ms  ✓ Isoband
2025-08-27T07:23:35.0295487Z    2223.3 ms  ✓ JSON
2025-08-27T07:23:36.2871461Z    2594.9 ms  ✓ DataStructures
2025-08-27T07:23:36.6718738Z    1640.8 ms  ✓ ChainRulesCore
2025-08-27T07:23:37.2837367Z    4000.1 ms  ✓ SpecialFunctions
2025-08-27T07:23:37.4909125Z    1202.4 ms  ✓ StructArrays
2025-08-27T07:23:37.9264509Z     435.8 ms  ✓ ArrayInterface → ArrayInterfaceStaticArraysCoreExt
2025-08-27T07:23:37.9972225Z     713.2 ms  ✓ ArrayInterface → ArrayInterfaceSparseArraysExt
2025-08-27T07:23:39.5422596Z    1543.4 ms  ✓ FreeType
2025-08-27T07:23:40.8836855Z    1341.4 ms  ✓ Fontconfig_jll
2025-08-27T07:23:42.2997690Z    5627.8 ms  ✓ StableHashTraits
2025-08-27T07:23:44.8950134Z    2595.0 ms  ✓ QOI
2025-08-27T07:23:45.0449092Z    4161.7 ms  ✓ IntervalArithmetic
2025-08-27T07:23:49.4984465Z    4604.1 ms  ✓ ColorVectorSpace
2025-08-27T07:23:49.8234684Z   19000.2 ms  ✓ MKL_jll
2025-08-27T07:23:50.3244697Z     822.8 ms  ✓ LightXML
2025-08-27T07:23:50.7443374Z     921.4 ms  ✓ Xorg_libX11_jll
2025-08-27T07:23:51.0197405Z   23448.1 ms  ✓ Automa
2025-08-27T07:23:51.5445768Z    1219.5 ms  ✓ Glib_jll
2025-08-27T07:23:51.8346896Z    1090.2 ms  ✓ SortingAlgorithms
2025-08-27T07:23:52.4434319Z     898.1 ms  ✓ SimplePartitions
2025-08-27T07:23:52.8141334Z    1793.7 ms  ✓ QuadGK
2025-08-27T07:23:53.4166324Z     973.1 ms  ✓ ChainRulesCore → ChainRulesCoreSparseArraysExt
2025-08-27T07:23:53.8937067Z    8848.7 ms  ✓ Colors
2025-08-27T07:23:54.0558191Z    1242.0 ms  ✓ StaticArrays → StaticArraysChainRulesCoreExt
2025-08-27T07:23:54.0844670Z     664.7 ms  ✓ AbstractFFTs → AbstractFFTsChainRulesCoreExt
2025-08-27T07:23:54.4064429Z     512.6 ms  ✓ ADTypes → ADTypesChainRulesCoreExt
2025-08-27T07:23:54.8112126Z     754.7 ms  ✓ DifferentiationInterface → DifferentiationInterfaceChainRulesCoreExt
2025-08-27T07:23:54.9210884Z     513.9 ms  ✓ ArrayInterface → ArrayInterfaceChainRulesCoreExt
2025-08-27T07:23:55.9411081Z    1857.7 ms  ✓ LogExpFunctions → LogExpFunctionsChainRulesCoreExt
2025-08-27T07:23:56.4558183Z    1533.3 ms  ✓ HypergeometricFunctions
2025-08-27T07:23:57.0217938Z    1080.6 ms  ✓ DiffRules
2025-08-27T07:23:57.2167382Z     760.8 ms  ✓ StructArrays → StructArraysAdaptExt
2025-08-27T07:23:57.4971420Z    2685.9 ms  ✓ SpecialFunctions → SpecialFunctionsChainRulesCoreExt
2025-08-27T07:23:57.7928847Z     770.8 ms  ✓ StructArrays → StructArraysSparseArraysExt
2025-08-27T07:23:58.1421429Z     645.4 ms  ✓ StructArrays → StructArraysLinearAlgebraExt
2025-08-27T07:23:58.2851033Z    1068.2 ms  ✓ StructArrays → StructArraysStaticArraysExt
2025-08-27T07:23:58.9232495Z    1130.4 ms  ✓ FiniteDiff
2025-08-27T07:23:59.2057118Z    1062.7 ms  ✓ IntervalArithmetic → IntervalArithmeticSparseArraysExt
2025-08-27T07:23:59.2063888Z     921.1 ms  ✓ IntervalArithmetic → IntervalArithmeticIntervalSetsExt
2025-08-27T07:23:59.7747408Z     849.8 ms  ✓ IntervalArithmetic → IntervalArithmeticRecipesBaseExt
2025-08-27T07:24:00.1256566Z     915.5 ms  ✓ ColorVectorSpace → SpecialFunctionsExt
2025-08-27T07:24:00.3091585Z    1102.1 ms  ✓ IntervalArithmetic → IntervalArithmeticLinearAlgebraExt
2025-08-27T07:24:01.0691449Z     944.0 ms  ✓ Xorg_libXrender_jll
2025-08-27T07:24:01.1565537Z     847.2 ms  ✓ Xorg_libXext_jll
2025-08-27T07:24:02.0564116Z     899.2 ms  ✓ Graphics
2025-08-27T07:24:02.7981150Z     740.4 ms  ✓ Animations
2025-08-27T07:24:04.4540607Z    3384.1 ms  ✓ StatsBase
2025-08-27T07:24:05.0508940Z    2252.6 ms  ✓ OpenEXR
2025-08-27T07:24:05.4765668Z    1021.1 ms  ✓ ColorBrewer
2025-08-27T07:24:15.6596820Z   10182.9 ms  ✓ ColorSchemes
2025-08-27T07:24:19.4021327Z    3739.1 ms  ✓ Interpolations
2025-08-27T07:24:22.4461681Z   22669.5 ms  ✓ FFTW
2025-08-27T07:24:23.5304886Z    4127.6 ms  ✓ StatsFuns
2025-08-27T07:24:24.5195824Z     988.4 ms  ✓ IntervalArithmetic → IntervalArithmeticDiffRulesExt
2025-08-27T07:24:25.6878685Z   47761.0 ms  ✓ Polynomials
2025-08-27T07:24:26.6660964Z     977.0 ms  ✓ FiniteDiff → FiniteDiffSparseArraysExt
2025-08-27T07:24:27.4941716Z     828.5 ms  ✓ FiniteDiff → FiniteDiffStaticArraysExt
2025-08-27T07:24:28.3108968Z     815.3 ms  ✓ DifferentiationInterface → DifferentiationInterfaceFiniteDiffExt
2025-08-27T07:24:28.7452569Z    6298.9 ms  ✓ ForwardDiff
2025-08-27T07:24:30.0631819Z    1315.8 ms  ✓ Libglvnd_jll
2025-08-27T07:24:31.1634382Z    1100.8 ms  ✓ Cairo_jll
2025-08-27T07:24:34.8712502Z   10350.9 ms  ✓ GeometryBasics
2025-08-27T07:24:36.3674411Z    8054.7 ms  ✓ ExactPredicates
2025-08-27T07:24:38.6076882Z    3736.9 ms  ✓ StatsFuns → StatsFunsChainRulesCoreExt
2025-08-27T07:24:42.2632208Z    3636.9 ms  ✓ Polynomials → PolynomialsMakieCoreExt
2025-08-27T07:24:44.8584556Z    2593.9 ms  ✓ Polynomials → PolynomialsChainRulesCoreExt
2025-08-27T07:24:46.7800115Z   41729.6 ms  ✓ ImageCore
2025-08-27T07:24:47.0428019Z    2186.0 ms  ✓ Polynomials → PolynomialsFFTWExt
2025-08-27T07:24:48.6014685Z    1558.1 ms  ✓ ForwardDiff → ForwardDiffStaticArraysExt
2025-08-27T07:24:48.9522126Z   12583.8 ms  ✓ Distributions
2025-08-27T07:24:49.0971802Z    2313.0 ms  ✓ SimplePolynomials
2025-08-27T07:24:50.1987068Z    1596.8 ms  ✓ DifferentiationInterface → DifferentiationInterfaceForwardDiffExt
2025-08-27T07:24:50.3780938Z    1425.8 ms  ✓ IntervalArithmetic → IntervalArithmeticForwardDiffExt
2025-08-27T07:24:51.1595144Z    2062.5 ms  ✓ Interpolations → InterpolationsForwardDiffExt
2025-08-27T07:24:51.8233485Z    1445.1 ms  ✓ HarfBuzz_jll
2025-08-27T07:24:52.4462640Z    2247.5 ms  ✓ libwebp_jll
2025-08-27T07:24:53.7824101Z    1959.6 ms  ✓ Packing
2025-08-27T07:24:55.8634489Z    3416.8 ms  ✓ ShaderAbstractions
2025-08-27T07:24:57.1812016Z   26014.0 ms  ✓ PlotUtils
2025-08-27T07:24:58.2984209Z    4509.6 ms  ✓ FreeTypeAbstraction
2025-08-27T07:25:00.4974503Z    4632.6 ms  ✓ ImageBase
2025-08-27T07:25:03.8556843Z    5562.6 ms  ✓ Sixel
2025-08-27T07:25:05.1164592Z   13954.9 ms  ✓ GridLayoutBase
2025-08-27T07:25:06.1494336Z    8968.2 ms  ✓ PNGFiles
2025-08-27T07:25:06.1544833Z    2297.7 ms  ✓ Distributions → DistributionsTestExt
2025-08-27T07:25:06.7281429Z   74890.8 ms  ✓ TiffImages
2025-08-27T07:25:07.0646806Z    1948.8 ms  ✓ Distributions → DistributionsChainRulesCoreExt
2025-08-27T07:25:07.6024501Z    7105.4 ms  ✓ JpegTurbo
2025-08-27T07:25:07.7289456Z    1579.3 ms  ✓ SimpleRandom
2025-08-27T07:25:07.8607873Z    1706.9 ms  ✓ LinearAlgebraX
2025-08-27T07:25:07.9746586Z     910.5 ms  ✓ libass_jll
2025-08-27T07:25:08.0091733Z    1280.8 ms  ✓ NLSolversBase
2025-08-27T07:25:08.6128104Z    1011.1 ms  ✓ Pango_jll
2025-08-27T07:25:10.1831218Z    1568.8 ms  ✓ FFMPEG_jll
2025-08-27T07:25:10.4099219Z    2400.5 ms  ✓ KernelDensity
2025-08-27T07:25:10.9645876Z    2988.7 ms  ✓ ImageAxes
2025-08-27T07:25:11.3398066Z    3611.4 ms  ✓ WebP
2025-08-27T07:25:12.2656159Z    1856.3 ms  ✓ Cairo
2025-08-27T07:25:12.5233359Z    1559.1 ms  ✓ ImageMetadata
2025-08-27T07:25:12.5546430Z    2372.1 ms  ✓ LineSearches
2025-08-27T07:25:14.8206494Z    2297.3 ms  ✓ Netpbm
2025-08-27T07:25:15.1087633Z    7248.7 ms  ✓ MathTeXEngine
2025-08-27T07:25:15.3453018Z    2790.5 ms  ✓ Optim
2025-08-27T07:25:15.8632501Z    1042.1 ms  ✓ ImageIO
2025-08-27T07:25:17.1431212Z    1797.7 ms  ✓ SimpleGraphs
2025-08-27T07:25:20.5103760Z    3367.1 ms  ✓ DelaunayTriangulation
2025-08-27T07:26:40.1666549Z   79656.2 ms  ✓ Makie
2025-08-27T07:27:07.9891603Z   27822.4 ms  ✓ CairoMakie
2025-08-27T07:27:07.9930150Z   271 dependencies successfully precompiled in 259 seconds. 46 already precompiled.
2025-08-27T07:27:07.9930927Z   2 dependencies had output during precompilation:
2025-08-27T07:27:07.9931497Z ┌ MKL_jll
2025-08-27T07:27:07.9931880Z │  Downloading artifact: IntelOpenMP
2025-08-27T07:27:07.9932302Z └  
2025-08-27T07:27:07.9932628Z ┌ Formatting
2025-08-27T07:27:07.9933226Z │  ┌ Warning: DEPRECATION NOTICE
2025-08-27T07:27:07.9933629Z │  │ 
2025-08-27T07:27:07.9934171Z │  │ Formatting.jl has been unmaintained for a while, with some serious
2025-08-27T07:27:07.9935096Z │  │ correctness bugs compromising the original purpose of the package. As a result,
2025-08-27T07:27:07.9935992Z │  │ it has been deprecated - consider using an alternative, such as
2025-08-27T07:27:07.9936942Z │  │ `Format.jl` (https://github.com/JuliaString/Format.jl) or the `Printf` stdlib directly.
2025-08-27T07:27:07.9937644Z │  │ 
2025-08-27T07:27:07.9938234Z │  │ If you are not using Formatting.jl as a direct dependency, please consider
2025-08-27T07:27:07.9939151Z │  │ opening an issue on any packages you are using that do use it as a dependency.
2025-08-27T07:27:07.9940046Z │  │ From Julia 1.9 onwards, you can query `]why Formatting` to figure out which
2025-08-27T07:27:07.9940774Z │  │ package originally brings it in as a dependency.
2025-08-27T07:27:07.9941842Z │  └ @ Formatting ~/.julia/packages/Formatting/3VxOt/src/Formatting.jl:12
2025-08-27T07:27:07.9942400Z └  
2025-08-27T07:27:14.7472015Z      Testing PointController
2025-08-27T07:27:19.5730815Z       Status `/tmp/jl_iDWAXw/Project.toml`
2025-08-27T07:27:19.5883268Z   [4c88cf16] Aqua v0.8.14
2025-08-27T07:27:19.5884108Z ⌃ [13f3f980] CairoMakie v0.10.12
2025-08-27T07:27:19.5884672Z ⌃ [e9467ef8] GLMakie v0.8.12
2025-08-27T07:27:19.5885115Z   [510215fc] Observables v0.5.5
2025-08-27T07:27:19.5885765Z   [eae52b99] PointController v0.1.0 `~/work/JuliaTestRocket/JuliaTestRocket`
2025-08-27T07:27:19.5886948Z   [90137ffa] StaticArrays v1.9.14
2025-08-27T07:27:19.5887468Z   [56ddb016] Logging v1.11.0
2025-08-27T07:27:19.5887773Z   [8dfed614] Test v1.11.0
2025-08-27T07:27:19.5888082Z       Status `/tmp/jl_iDWAXw/Manifest.toml`
2025-08-27T07:27:19.6446418Z   [47edcb42] ADTypes v1.17.0
2025-08-27T07:27:19.6446966Z   [621f4979] AbstractFFTs v1.5.0
2025-08-27T07:27:19.6447438Z   [398f06c4] AbstractLattices v0.3.1
2025-08-27T07:27:19.6447980Z   [1520ce14] AbstractTrees v0.4.5
2025-08-27T07:27:19.6448432Z   [79e6a3ab] Adapt v4.3.0
2025-08-27T07:27:19.6448858Z   [66dad0bd] AliasTables v1.1.3
2025-08-27T07:27:19.6449325Z   [27a7e980] Animations v0.4.2
2025-08-27T07:27:19.6449759Z   [4c88cf16] Aqua v0.8.14
2025-08-27T07:27:19.6450180Z   [4fba245c] ArrayInterface v7.19.0
2025-08-27T07:27:19.6450650Z   [67c07d97] Automa v1.1.0
2025-08-27T07:27:19.6451070Z   [13072b0f] AxisAlgorithms v1.1.0
2025-08-27T07:27:19.6451542Z   [39de3d68] AxisArrays v0.4.7
2025-08-27T07:27:19.6451969Z   [18cc8868] BaseDirs v1.3.2
2025-08-27T07:27:19.6452405Z   [fa961155] CEnum v0.5.0
2025-08-27T07:27:19.6453028Z   [96374032] CRlibm v1.0.2
2025-08-27T07:27:19.6453435Z   [159f3aea] Cairo v1.1.1
2025-08-27T07:27:19.6454128Z ⌃ [13f3f980] CairoMakie v0.10.12
2025-08-27T07:27:19.6454599Z   [d360d2e6] ChainRulesCore v1.26.0
2025-08-27T07:27:19.6455088Z   [a2cac450] ColorBrewer v0.4.1
2025-08-27T07:27:19.6455542Z   [35d6a980] ColorSchemes v3.30.0
2025-08-27T07:27:19.6456099Z ⌅ [3da002f7] ColorTypes v0.11.5
2025-08-27T07:27:19.6456649Z ⌃ [c3611d14] ColorVectorSpace v0.10.0
2025-08-27T07:27:19.6457205Z ⌅ [5ae59095] Colors v0.12.11
2025-08-27T07:27:19.6457644Z   [861a8166] Combinatorics v1.0.3
2025-08-27T07:27:19.6458141Z   [bbf7d656] CommonSubexpressions v0.3.1
2025-08-27T07:27:19.6458637Z   [34da2185] Compat v4.18.0
2025-08-27T07:27:19.6459083Z   [187b0558] ConstructionBase v1.6.0
2025-08-27T07:27:19.6459577Z   [d38c429a] Contour v0.6.3
2025-08-27T07:27:19.6459915Z   [9a962f9c] DataAPI v1.16.0
2025-08-27T07:27:19.6460339Z ⌅ [864edb3b] DataStructures v0.18.22
2025-08-27T07:27:19.6460757Z   [e2d170a0] DataValueInterfaces v1.0.0
2025-08-27T07:27:19.6461261Z ⌅ [927a84f5] DelaunayTriangulation v0.8.12
2025-08-27T07:27:19.6461679Z   [163ba53b] DiffResults v1.1.0
2025-08-27T07:27:19.6462030Z   [b552c78f] DiffRules v1.15.1
2025-08-27T07:27:19.6462420Z   [a0c0ee7d] DifferentiationInterface v0.7.7
2025-08-27T07:27:19.6462989Z   [31c24e10] Distributions v0.25.120
2025-08-27T07:27:19.6463409Z   [ffbed154] DocStringExtensions v0.9.5
2025-08-27T07:27:19.6463812Z   [4e289a0a] EnumX v1.0.5
2025-08-27T07:27:19.6464154Z   [429591f6] ExactPredicates v2.2.8
2025-08-27T07:27:19.6464531Z   [411431e0] Extents v0.1.6
2025-08-27T07:27:19.6464862Z   [7a1cc6ca] FFTW v1.9.0
2025-08-27T07:27:19.6465180Z   [5789e2e9] FileIO v1.17.0
2025-08-27T07:27:19.6465517Z   [1a297f60] FillArrays v1.13.0
2025-08-27T07:27:19.6465861Z   [6a86dc24] FiniteDiff v2.28.1
2025-08-27T07:27:19.6466244Z   [53c48c17] FixedPointNumbers v0.8.5
2025-08-27T07:27:19.6466637Z   [59287772] Formatting v0.4.3
2025-08-27T07:27:19.6466993Z   [f6369f11] ForwardDiff v1.1.0
2025-08-27T07:27:19.6467349Z   [b38be410] FreeType v4.1.1
2025-08-27T07:27:19.6467716Z   [663a7486] FreeTypeAbstraction v0.10.8
2025-08-27T07:27:19.6468109Z   [f7f18e0c] GLFW v3.4.5
2025-08-27T07:27:19.6468498Z ⌃ [e9467ef8] GLMakie v0.8.12
2025-08-27T07:27:19.6468849Z   [68eda718] GeoFormatTypes v0.4.4
2025-08-27T07:27:19.6469295Z ⌃ [cf35fbd7] GeoInterface v1.4.1
2025-08-27T07:27:19.6470140Z ⌅ [5c1252a2] GeometryBasics v0.4.11
2025-08-27T07:27:19.6470528Z   [a2bd30eb] Graphics v1.1.3
2025-08-27T07:27:19.6470962Z ⌅ [3955a311] GridLayoutBase v0.9.2
2025-08-27T07:27:19.6471329Z   [42e2da0e] Grisu v1.0.2
2025-08-27T07:27:19.6471702Z   [34004b35] HypergeometricFunctions v0.3.28
2025-08-27T07:27:19.6472122Z   [2803e5a7] ImageAxes v0.6.12
2025-08-27T07:27:19.6472476Z   [c817782e] ImageBase v0.1.7
2025-08-27T07:27:19.6472968Z   [a09fc81d] ImageCore v0.10.5
2025-08-27T07:27:19.6473313Z   [82e4d734] ImageIO v0.6.9
2025-08-27T07:27:19.6473665Z   [bc367c6b] ImageMetadata v0.9.10
2025-08-27T07:27:19.6474249Z   [9b13fd28] IndirectArrays v1.0.0
2025-08-27T07:27:19.6474624Z   [d25df0c9] Inflate v0.1.5
2025-08-27T07:27:19.6474979Z   [18e54dd8] IntegerMathUtils v0.1.3
2025-08-27T07:27:19.6475391Z   [a98d9a8b] Interpolations v0.16.2
2025-08-27T07:27:19.6475875Z ⌅ [d1acc4aa] IntervalArithmetic v0.22.36
2025-08-27T07:27:19.6476292Z   [8197267c] IntervalSets v0.7.11
2025-08-27T07:27:19.6476691Z   [92d709cd] IrrationalConstants v0.2.4
2025-08-27T07:27:19.6477091Z   [f1662d9f] Isoband v0.1.1
2025-08-27T07:27:19.6477436Z   [c8e1da08] IterTools v1.10.0
2025-08-27T07:27:19.6477835Z   [82899510] IteratorInterfaceExtensions v1.0.0
2025-08-27T07:27:19.6478284Z   [692b3bcd] JLLWrappers v1.7.1
2025-08-27T07:27:19.6478633Z   [682c06a0] JSON v0.21.4
2025-08-27T07:27:19.6478969Z   [b835a17e] JpegTurbo v0.1.6
2025-08-27T07:27:19.6479343Z   [5ab0869b] KernelDensity v0.6.10
2025-08-27T07:27:19.6479718Z   [b964fa9f] LaTeXStrings v1.4.0
2025-08-27T07:27:19.6480088Z   [8cdb02fc] LazyModules v0.3.1
2025-08-27T07:27:19.6480453Z   [9c8b4983] LightXML v0.9.2
2025-08-27T07:27:19.6480803Z   [d3d80556] LineSearches v7.4.0
2025-08-27T07:27:19.6481174Z   [9b3f67b0] LinearAlgebraX v0.2.10
2025-08-27T07:27:19.6481565Z   [2ab3a3ac] LogExpFunctions v0.3.29
2025-08-27T07:27:19.6481954Z   [1914dd2f] MacroTools v0.5.16
2025-08-27T07:27:19.6482368Z ⌅ [ee78f7c6] Makie v0.19.12
2025-08-27T07:27:19.6482890Z ⌅ [20f20a25] MakieCore v0.6.9
2025-08-27T07:27:19.6483264Z   [dbb5928d] MappedArrays v0.4.2
2025-08-27T07:27:19.6483702Z ⌅ [0a4f8689] MathTeXEngine v0.5.7
2025-08-27T07:27:19.6484126Z ⌅ [7269a6da] MeshIO v0.4.13
2025-08-27T07:27:19.6484462Z   [e1d29d7a] Missings v1.2.0
2025-08-27T07:27:19.6484799Z   [66fc600b] ModernGL v1.1.8
2025-08-27T07:27:19.6485137Z   [7475f97c] Mods v2.2.6
2025-08-27T07:27:19.6485459Z   [e94cdb99] MosaicViews v0.3.4
2025-08-27T07:27:19.6485825Z   [3b2b4ff1] Multisets v0.4.5
2025-08-27T07:27:19.6486180Z   [d41bc354] NLSolversBase v7.10.0
2025-08-27T07:27:19.6486544Z   [77ba4419] NaNMath v1.1.3
2025-08-27T07:27:19.6486891Z   [f09324ee] Netpbm v1.1.1
2025-08-27T07:27:19.6487232Z   [510215fc] Observables v0.5.5
2025-08-27T07:27:19.6487582Z   [6fe1bfb0] OffsetArrays v1.17.0
2025-08-27T07:27:19.6487951Z   [52e1d378] OpenEXR v0.3.3
2025-08-27T07:27:19.6488273Z   [429524aa] Optim v1.13.2
2025-08-27T07:27:19.6488628Z   [bac558e1] OrderedCollections v1.8.1
2025-08-27T07:27:19.6489028Z   [90014a1f] PDMats v0.11.35
2025-08-27T07:27:19.6489390Z   [f57f5aa1] PNGFiles v0.4.4
2025-08-27T07:27:19.6489735Z   [19eb6ba3] Packing v0.5.1
2025-08-27T07:27:19.6490075Z   [5432bcbf] PaddedViews v0.5.12
2025-08-27T07:27:19.6490442Z   [d96e819e] Parameters v0.12.3
2025-08-27T07:27:19.6490791Z   [69de0a69] Parsers v2.8.3
2025-08-27T07:27:19.6491131Z   [2ae35dd2] Permutations v0.4.23
2025-08-27T07:27:19.6491508Z   [3bbf5609] PikaParser v0.6.1
2025-08-27T07:27:19.6491864Z   [eebad327] PkgVersion v0.3.3
2025-08-27T07:27:19.6492219Z   [995b91a9] PlotUtils v1.4.3
2025-08-27T07:27:19.6492900Z   [eae52b99] PointController v0.1.0 `~/work/JuliaTestRocket/JuliaTestRocket`
2025-08-27T07:27:19.6493501Z   [647866c9] PolygonOps v0.1.2
2025-08-27T07:27:19.6493932Z ⌃ [f27b6e38] Polynomials v4.0.21
2025-08-27T07:27:19.6494325Z   [85a6dd25] PositiveFactorizations v0.2.4
2025-08-27T07:27:19.6494822Z ⌅ [aea7be01] PrecompileTools v1.2.1
2025-08-27T07:27:19.6495211Z   [21216c6a] Preferences v1.5.0
2025-08-27T07:27:19.6495557Z   [27ebfcd6] Primes v0.5.7
2025-08-27T07:27:19.6496079Z   [92933f4c] ProgressMeter v1.11.0
2025-08-27T07:27:19.6496472Z   [43287f4e] PtrArrays v1.3.0
2025-08-27T07:27:19.6496807Z   [4b34888f] QOI v1.0.1
2025-08-27T07:27:19.6497122Z   [1fd47b50] QuadGK v2.11.2
2025-08-27T07:27:19.6497459Z   [b3c3ace0] RangeArrays v0.3.2
2025-08-27T07:27:19.6497805Z   [c84ed2f1] Ratios v0.4.5
2025-08-27T07:27:19.6498159Z   [3cdcf5f2] RecipesBase v1.3.4
2025-08-27T07:27:19.6498513Z   [189a3867] Reexport v1.2.2
2025-08-27T07:27:19.6498866Z   [05181044] RelocatableFolders v1.0.1
2025-08-27T07:27:19.6499256Z   [ae029012] Requires v1.3.1
2025-08-27T07:27:19.6499759Z   [286e9d63] RingLists v0.2.9
2025-08-27T07:27:19.6500105Z   [79098fc4] Rmath v0.8.0
2025-08-27T07:27:19.6500452Z   [5eaf0fd0] RoundingEmulator v0.2.1
2025-08-27T07:27:19.6500831Z   [fdea26ae] SIMD v3.7.1
2025-08-27T07:27:19.6501157Z   [6c6a2e73] Scratch v1.3.0
2025-08-27T07:27:19.6501490Z   [efcf1570] Setfield v1.1.2
2025-08-27T07:27:19.6501932Z ⌅ [65257c39] ShaderAbstractions v0.4.1
2025-08-27T07:27:19.6502336Z   [992d4aef] Showoff v1.0.3
2025-08-27T07:27:19.6502690Z   [73760f76] SignedDistanceFields v0.4.0
2025-08-27T07:27:19.6503234Z   [55797a34] SimpleGraphs v0.8.7
2025-08-27T07:27:19.6503606Z   [ec83eff0] SimplePartitions v0.3.3
2025-08-27T07:27:19.6504012Z   [cc47b68c] SimplePolynomials v0.2.18
2025-08-27T07:27:19.6504407Z   [a6525b86] SimpleRandom v0.3.2
2025-08-27T07:27:19.6504765Z   [699a6c99] SimpleTraits v0.9.5
2025-08-27T07:27:19.6505118Z   [45858cf5] Sixel v0.1.5
2025-08-27T07:27:19.6505463Z   [a2af1166] SortingAlgorithms v1.2.2
2025-08-27T07:27:19.6505862Z   [276daf66] SpecialFunctions v2.5.1
2025-08-27T07:27:19.6506341Z ⌅ [c5dd0088] StableHashTraits v1.3.4
2025-08-27T07:27:19.6506719Z   [860ef19b] StableRNGs v1.0.3
2025-08-27T07:27:19.6507073Z   [cae243ae] StackViews v0.1.2
2025-08-27T07:27:19.6507431Z   [90137ffa] StaticArrays v1.9.14
2025-08-27T07:27:19.6507807Z   [1e83bf80] StaticArraysCore v1.4.3
2025-08-27T07:27:19.6508186Z   [10745b16] Statistics v1.11.1
2025-08-27T07:27:19.6508539Z   [82ae8749] StatsAPI v1.7.1
2025-08-27T07:27:19.6508890Z   [2913bbd2] StatsBase v0.34.6
2025-08-27T07:27:19.6509242Z   [4c63d2b9] StatsFuns v1.5.0
2025-08-27T07:27:19.6509659Z ⌅ [09ab397b] StructArrays v0.6.21
2025-08-27T07:27:19.6510063Z   [856f2bd8] StructTypes v1.11.0
2025-08-27T07:27:19.6510419Z   [3783bdb8] TableTraits v1.0.1
2025-08-27T07:27:19.6510767Z   [bd369af6] Tables v1.12.1
2025-08-27T07:27:19.6511105Z   [62fd8b95] TensorCore v0.1.1
2025-08-27T07:27:19.6511448Z   [731e570b] TiffImages v0.11.6
2025-08-27T07:27:19.6511817Z   [3bb67fe8] TranscodingStreams v0.11.3
2025-08-27T07:27:19.6512225Z   [981d1d27] TriplotBase v0.1.0
2025-08-27T07:27:19.6512569Z   [9d95972d] TupleTools v1.6.0
2025-08-27T07:27:19.6515273Z   [3a884ed6] UnPack v1.0.2
2025-08-27T07:27:19.6515688Z   [1cfade01] UnicodeFun v0.4.1
2025-08-27T07:27:19.6516101Z   [ecbed89c] WeakKeyIdDicts v0.1.0
2025-08-27T07:27:19.6516507Z   [e3aaa7dc] WebP v0.1.3
2025-08-27T07:27:19.6516875Z   [efce3f68] WoodburyMatrices v1.0.0
2025-08-27T07:27:19.6517546Z   [6e34b625] Bzip2_jll v1.0.9+0
2025-08-27T07:27:19.6517940Z   [4e9b3aee] CRlibm_jll v1.0.1+0
2025-08-27T07:27:19.6518318Z   [83423d85] Cairo_jll v1.18.5+0
2025-08-27T07:27:19.6518694Z   [ee1fde0b] Dbus_jll v1.16.2+0
2025-08-27T07:27:19.6519073Z   [5ae413db] EarCut_jll v2.2.4+0
2025-08-27T07:27:19.6519476Z   [2702e6a9] EpollShim_jll v0.0.20230411+1
2025-08-27T07:27:19.6519906Z   [2e619515] Expat_jll v2.7.1+0
2025-08-27T07:27:19.6520268Z   [b22a6f82] FFMPEG_jll v7.1.1+0
2025-08-27T07:27:19.6520638Z   [f5851436] FFTW_jll v3.3.11+0
2025-08-27T07:27:19.6521009Z   [a3f928ae] Fontconfig_jll v2.17.1+0
2025-08-27T07:27:19.6521432Z   [d7e528f0] FreeType2_jll v2.13.4+0
2025-08-27T07:27:19.6521832Z   [559328eb] FriBidi_jll v1.0.17+0
2025-08-27T07:27:19.6522214Z   [0656b61e] GLFW_jll v3.4.0+2
2025-08-27T07:27:19.6522605Z   [b0724c58] GettextRuntime_jll v0.22.4+0
2025-08-27T07:27:19.6523252Z   [59f7168a] Giflib_jll v5.2.3+0
2025-08-27T07:27:19.6523638Z   [7746bdde] Glib_jll v2.84.3+0
2025-08-27T07:27:19.6524039Z   [3b182d85] Graphite2_jll v1.3.15+0
2025-08-27T07:27:19.6524451Z   [2e76f6c2] HarfBuzz_jll v8.5.1+0
2025-08-27T07:27:19.6524853Z   [905a6f67] Imath_jll v3.1.11+0
2025-08-27T07:27:19.6525257Z   [1d5cc7b8] IntelOpenMP_jll v2025.2.0+0
2025-08-27T07:27:19.6525693Z   [aacddb02] JpegTurbo_jll v3.1.2+0
2025-08-27T07:27:19.6526101Z   [c1c5ebd0] LAME_jll v3.100.3+0
2025-08-27T07:27:19.6526468Z   [88015f11] LERC_jll v4.0.1+0
2025-08-27T07:27:19.6526854Z   [1d63c593] LLVMOpenMP_jll v18.1.8+0
2025-08-27T07:27:19.6527273Z   [dd4b983a] LZO_jll v2.10.3+0
2025-08-27T07:27:19.6527640Z   [e9f186c6] Libffi_jll v3.4.7+0
2025-08-27T07:27:19.6528224Z   [7e76a0d4] Libglvnd_jll v1.7.1+1
2025-08-27T07:27:19.6528638Z   [94ce4f54] Libiconv_jll v1.18.0+0
2025-08-27T07:27:19.6529046Z   [4b2f31a3] Libmount_jll v2.41.1+0
2025-08-27T07:27:19.6529449Z   [89763e89] Libtiff_jll v4.7.1+0
2025-08-27T07:27:19.6529850Z   [38a345b3] Libuuid_jll v2.41.1+0
2025-08-27T07:27:19.6530240Z   [856f044c] MKL_jll v2025.2.0+0
2025-08-27T07:27:19.6530615Z   [e7412a2a] Ogg_jll v1.3.6+0
2025-08-27T07:27:19.6531044Z   [6cdc7f73] OpenBLASConsistentFPCSR_jll v0.3.29+0
2025-08-27T07:27:19.6531523Z   [18a262bb] OpenEXR_jll v3.2.4+0
2025-08-27T07:27:19.6531900Z   [458c3c95] OpenSSL_jll v3.5.2+0
2025-08-27T07:27:19.6532308Z   [efe28fd5] OpenSpecFun_jll v0.5.6+0
2025-08-27T07:27:19.6532716Z   [91d4177d] Opus_jll v1.5.2+0
2025-08-27T07:27:19.6533257Z   [36c8627f] Pango_jll v1.56.3+0
2025-08-27T07:27:19.6533801Z ⌅ [30392449] Pixman_jll v0.44.2+0
2025-08-27T07:27:19.6534205Z   [f50d1b31] Rmath_jll v0.5.1+0
2025-08-27T07:27:19.6534601Z   [a2964d1f] Wayland_jll v1.24.0+0
2025-08-27T07:27:19.6535020Z   [02c8fc9c] XML2_jll v2.14.4+0
2025-08-27T07:27:19.6535395Z   [ffd25f8a] XZ_jll v5.8.1+0
2025-08-27T07:27:19.6535782Z   [4f6342f7] Xorg_libX11_jll v1.8.12+0
2025-08-27T07:27:19.6536241Z   [0c0b7dd1] Xorg_libXau_jll v1.0.13+0
2025-08-27T07:27:19.6536668Z   [935fb764] Xorg_libXcursor_jll v1.2.4+0
2025-08-27T07:27:19.6537124Z   [a3789734] Xorg_libXdmcp_jll v1.1.6+0
2025-08-27T07:27:19.6537567Z   [1082639a] Xorg_libXext_jll v1.3.7+0
2025-08-27T07:27:19.6538000Z   [d091e8ba] Xorg_libXfixes_jll v6.0.1+0
2025-08-27T07:27:19.6538443Z   [a51aa0fd] Xorg_libXi_jll v1.8.3+0
2025-08-27T07:27:19.6538873Z   [d1454406] Xorg_libXinerama_jll v1.1.6+0
2025-08-27T07:27:19.6539318Z   [ec84b674] Xorg_libXrandr_jll v1.5.5+0
2025-08-27T07:27:19.6539779Z   [ea2f1a96] Xorg_libXrender_jll v0.9.12+0
2025-08-27T07:27:19.6540217Z   [c7cfdc94] Xorg_libxcb_jll v1.17.1+0
2025-08-27T07:27:19.6540639Z   [cc61e674] Xorg_libxkbfile_jll v1.1.3+0
2025-08-27T07:27:19.6541023Z   [35661453] Xorg_xkbcomp_jll v1.4.7+0
2025-08-27T07:27:19.6541439Z   [33bec58e] Xorg_xkeyboard_config_jll v2.44.0+0
2025-08-27T07:27:19.6541842Z   [c5fb5394] Xorg_xtrans_jll v1.6.0+0
2025-08-27T07:27:19.6542214Z   [3161d3a3] Zstd_jll v1.5.7+1
2025-08-27T07:27:19.6542566Z   [9a68df92] isoband_jll v0.2.3+0
2025-08-27T07:27:19.6542919Z   [a4ae2306] libaom_jll v3.12.1+0
2025-08-27T07:27:19.6543155Z   [0ac62f75] libass_jll v0.17.4+0
2025-08-27T07:27:19.6543554Z   [1183f4f0] libdecor_jll v0.2.2+0
2025-08-27T07:27:19.6543777Z   [f638f0a6] libfdk_aac_jll v2.0.4+0
2025-08-27T07:27:19.6544005Z   [b53b4c65] libpng_jll v1.6.50+0
2025-08-27T07:27:19.6544347Z   [075b6546] libsixel_jll v1.10.5+0
2025-08-27T07:27:19.6544701Z   [f27f6e37] libvorbis_jll v1.3.8+0
2025-08-27T07:27:19.6545053Z   [c5f90fcd] libwebp_jll v1.6.0+0
2025-08-27T07:27:19.6545394Z   [1317d2d5] oneTBB_jll v2022.0.0+0
2025-08-27T07:27:19.6545734Z   [1270edf5] x264_jll v10164.0.1+0
2025-08-27T07:27:19.6546084Z   [dfaa095f] x265_jll v4.1.0+0
2025-08-27T07:27:19.6546416Z   [d8fb68d0] xkbcommon_jll v1.9.2+0
2025-08-27T07:27:19.6546790Z   [0dad84c5] ArgTools v1.1.2
2025-08-27T07:27:19.6547182Z   [56f22d72] Artifacts v1.11.0
2025-08-27T07:27:19.6547543Z   [2a0f44e3] Base64 v1.11.0
2025-08-27T07:27:19.6547872Z   [8bf52ea8] CRC32c v1.11.0
2025-08-27T07:27:19.6548192Z   [ade2ca70] Dates v1.11.0
2025-08-27T07:27:19.6548581Z   [8ba89e20] Distributed v1.11.0
2025-08-27T07:27:19.6548909Z   [f43a241f] Downloads v1.6.0
2025-08-27T07:27:19.6549270Z   [7b1f6079] FileWatching v1.11.0
2025-08-27T07:27:19.6549620Z   [9fa8497b] Future v1.11.0
2025-08-27T07:27:19.6549966Z   [b77e0a4c] InteractiveUtils v1.11.0
2025-08-27T07:27:19.6550362Z   [4af54fe1] LazyArtifacts v1.11.0
2025-08-27T07:27:19.6550699Z   [b27032c2] LibCURL v0.6.4
2025-08-27T07:27:19.6551001Z   [76f85450] LibGit2 v1.11.0
2025-08-27T07:27:19.6551325Z   [8f399da3] Libdl v1.11.0
2025-08-27T07:27:19.6551664Z   [37e2e46d] LinearAlgebra v1.11.0
2025-08-27T07:27:19.6552036Z   [56ddb016] Logging v1.11.0
2025-08-27T07:27:19.6552386Z   [d6f4376e] Markdown v1.11.0
2025-08-27T07:27:19.6553152Z   [a63ad114] Mmap v1.11.0
2025-08-27T07:27:19.6553543Z   [ca575930] NetworkOptions v1.2.0
2025-08-27T07:27:19.6553920Z   [44cfe95a] Pkg v1.11.0
2025-08-27T07:27:19.6554261Z   [de0858da] Printf v1.11.0
2025-08-27T07:27:19.6554608Z   [3fa0cd96] REPL v1.11.0
2025-08-27T07:27:19.6554931Z   [9a3f8284] Random v1.11.0
2025-08-27T07:27:19.6555268Z   [ea8e919c] SHA v0.7.0
2025-08-27T07:27:19.6555608Z   [9e88b42a] Serialization v1.11.0
2025-08-27T07:27:19.6555998Z   [1a1011a3] SharedArrays v1.11.0
2025-08-27T07:27:19.6556379Z   [6462fe0b] Sockets v1.11.0
2025-08-27T07:27:19.6556731Z   [2f01184e] SparseArrays v1.11.0
2025-08-27T07:27:19.6557113Z   [f489334b] StyledStrings v1.11.0
2025-08-27T07:27:19.6557487Z   [4607b0f0] SuiteSparse
2025-08-27T07:27:19.6557817Z   [fa267f1f] TOML v1.0.3
2025-08-27T07:27:19.6558136Z   [a4e569a6] Tar v1.10.0
2025-08-27T07:27:19.6558456Z   [8dfed614] Test v1.11.0
2025-08-27T07:27:19.6558786Z   [cf7118a7] UUIDs v1.11.0
2025-08-27T07:27:19.6559102Z   [4ec0a83e] Unicode v1.11.0
2025-08-27T07:27:19.6559524Z   [e66e0078] CompilerSupportLibraries_jll v1.1.1+0
2025-08-27T07:27:19.6559988Z   [deac9b47] LibCURL_jll v8.6.0+0
2025-08-27T07:27:19.6560344Z   [e37daf67] LibGit2_jll v1.7.2+0
2025-08-27T07:27:19.6560701Z   [29816b5a] LibSSH2_jll v1.11.0+1
2025-08-27T07:27:19.6561082Z   [c8ffd9c3] MbedTLS_jll v2.28.6+0
2025-08-27T07:27:19.6561460Z   [14a3606d] MozillaCACerts_jll v2023.12.12
2025-08-27T07:27:19.6561866Z   [4536629a] OpenBLAS_jll v0.3.27+1
2025-08-27T07:27:19.6562227Z   [05823500] OpenLibm_jll v0.8.5+0
2025-08-27T07:27:19.6562607Z   [efcefdf7] PCRE2_jll v10.42.0+1
2025-08-27T07:27:19.6563185Z   [bea87d4a] SuiteSparse_jll v7.7.0+0
2025-08-27T07:27:19.6563576Z   [83775a58] Zlib_jll v1.2.13+1
2025-08-27T07:27:19.6563968Z   [8e850b90] libblastrampoline_jll v5.11.0+0
2025-08-27T07:27:19.6564374Z   [8e850ede] nghttp2_jll v1.59.0+0
2025-08-27T07:27:19.6564742Z   [3f19e933] p7zip_jll v17.4.0+2
2025-08-27T07:27:19.6566073Z         Info Packages marked with ⌃ and ⌅ have new versions available. Those with ⌃ may be upgradable, but those with ⌅ are restricted by compatibility constraints from upgrading.
2025-08-27T07:27:21.1442488Z Precompiling project for configuration --code-coverage=@/home/runner/work/JuliaTestRocket/JuliaTestRocket --color=auto --check-bounds=yes --warn-overwrite=yes --depwarn=yes --inline=yes --startup-file=no --track-allocation=none...
2025-08-27T07:27:21.6385552Z     441.9 ms  ✓ RangeArrays
2025-08-27T07:27:21.7496063Z     549.4 ms  ✓ LaTeXStrings
2025-08-27T07:27:22.0692292Z     870.7 ms  ✓ AbstractFFTs
2025-08-27T07:27:22.2653173Z     627.2 ms  ✓ PositiveFactorizations
2025-08-27T07:27:22.3551447Z     605.3 ms  ✓ IndirectArrays
2025-08-27T07:27:22.3555512Z    1190.6 ms  ✓ Combinatorics
2025-08-27T07:27:22.6594420Z     394.4 ms  ✓ IteratorInterfaceExtensions
2025-08-27T07:27:22.6689258Z     598.8 ms  ✓ PolygonOps
2025-08-27T07:27:22.9424486Z     584.6 ms  ✓ TensorCore
2025-08-27T07:27:23.1611871Z     499.6 ms  ✓ GeoFormatTypes
2025-08-27T07:27:23.2630658Z     322.4 ms  ✓ AbstractLattices
2025-08-27T07:27:23.4413651Z     772.2 ms  ✓ StatsAPI
2025-08-27T07:27:23.7991050Z     535.8 ms  ✓ Contour
2025-08-27T07:27:24.0019715Z     557.1 ms  ✓ CEnum
2025-08-27T07:27:24.0793381Z     919.4 ms  ✓ ADTypes
2025-08-27T07:27:24.5990686Z     593.9 ms  ✓ TriplotBase
2025-08-27T07:27:24.6763661Z     596.3 ms  ✓ UnPack
2025-08-27T07:27:25.2711653Z     594.1 ms  ✓ IntegerMathUtils
2025-08-27T07:27:25.4661178Z    1663.2 ms  ✓ OffsetArrays
2025-08-27T07:27:26.0700575Z    3709.5 ms  ✓ ModernGL
2025-08-27T07:27:26.3216809Z    1049.4 ms  ✓ Statistics
2025-08-27T07:27:26.4477648Z     979.5 ms  ✓ IterTools
2025-08-27T07:27:26.5387937Z    1940.1 ms  ✓ FillArrays
2025-08-27T07:27:27.3104744Z     770.4 ms  ✓ Observables
2025-08-27T07:27:27.3438121Z     898.0 ms  ✓ OrderedCollections
2025-08-27T07:27:27.6164505Z    6419.3 ms  ✓ BaseDirs
2025-08-27T07:27:27.7025140Z    1381.3 ms  ✓ Grisu
2025-08-27T07:27:27.9470253Z     603.1 ms  ✓ DataValueInterfaces
2025-08-27T07:27:28.0226510Z     712.0 ms  ✓ Requires
2025-08-27T07:27:28.0294246Z     411.9 ms  ✓ EnumX
2025-08-27T07:27:28.1766963Z     473.5 ms  ✓ StableRNGs
2025-08-27T07:27:28.5439904Z     596.7 ms  ✓ Reexport
2025-08-27T07:27:28.6270255Z     604.8 ms  ✓ DocStringExtensions
2025-08-27T07:27:28.8135606Z     784.4 ms  ✓ AbstractTrees
2025-08-27T07:27:29.2535995Z     709.5 ms  ✓ IntervalSets
2025-08-27T07:27:29.3904510Z     762.0 ms  ✓ RoundingEmulator
2025-08-27T07:27:29.5608856Z     743.0 ms  ✓ Extents
2025-08-27T07:27:29.6995688Z     446.4 ms  ✓ PtrArrays
2025-08-27T07:27:30.1070832Z    1929.2 ms  ✓ IrrationalConstants
2025-08-27T07:27:30.3575338Z     799.5 ms  ✓ NaNMath
2025-08-27T07:27:30.4085392Z     708.8 ms  ✓ LazyModules
2025-08-27T07:27:30.6364442Z    1245.5 ms  ✓ TranscodingStreams
2025-08-27T07:27:30.7294732Z     622.1 ms  ✓ Multisets
2025-08-27T07:27:30.9864675Z     629.3 ms  ✓ RingLists
2025-08-27T07:27:31.0534369Z    4980.5 ms  ✓ MacroTools
2025-08-27T07:27:31.2150318Z     806.3 ms  ✓ Inflate
2025-08-27T07:27:31.2311452Z     595.7 ms  ✓ ConstructionBase
2025-08-27T07:27:31.3387244Z     609.1 ms  ✓ Mods
2025-08-27T07:27:31.3895496Z     402.8 ms  ✓ DataAPI
2025-08-27T07:27:31.5331144Z     482.8 ms  ✓ StaticArraysCore
2025-08-27T07:27:31.8367175Z     605.4 ms  ✓ MappedArrays
2025-08-27T07:27:31.8714669Z     533.0 ms  ✓ WeakKeyIdDicts
2025-08-27T07:27:31.9198620Z     704.0 ms  ✓ TupleTools
2025-08-27T07:27:32.1401713Z     750.0 ms  ✓ SuiteSparse
2025-08-27T07:27:32.8118362Z    1278.0 ms  ✓ ProgressMeter
2025-08-27T07:27:32.8856524Z     744.5 ms  ✓ Scratch
2025-08-27T07:27:32.8941075Z    1022.7 ms  ✓ WoodburyMatrices
2025-08-27T07:27:33.0870304Z    1167.1 ms  ✓ StructTypes
2025-08-27T07:27:33.3608790Z    1523.5 ms  ✓ Formatting
2025-08-27T07:27:33.6794438Z     790.4 ms  ✓ Compat
2025-08-27T07:27:33.8871591Z    1075.7 ms  ✓ Preferences
2025-08-27T07:27:34.4243817Z     535.9 ms  ✓ TableTraits
2025-08-27T07:27:34.5088555Z     832.4 ms  ✓ Permutations
2025-08-27T07:27:34.8339671Z    1747.4 ms  ✓ PkgVersion
2025-08-27T07:27:35.3248574Z    2429.5 ms  ✓ UnicodeFun
2025-08-27T07:27:35.4777747Z     969.3 ms  ✓ Primes
2025-08-27T07:27:35.4887469Z    2128.2 ms  ✓ AbstractFFTs → AbstractFFTsTestExt
2025-08-27T07:27:35.5032196Z     668.6 ms  ✓ StackViews
2025-08-27T07:27:35.9345907Z     610.1 ms  ✓ PaddedViews
2025-08-27T07:27:35.9564807Z     478.4 ms  ✓ SignedDistanceFields
2025-08-27T07:27:35.9774295Z    1551.0 ms  ✓ DifferentiationInterface
2025-08-27T07:27:36.3394222Z     836.0 ms  ✓ Statistics → SparseArraysExt
2025-08-27T07:27:36.4913111Z     556.5 ms  ✓ FillArrays → FillArraysStatisticsExt
2025-08-27T07:27:36.8835997Z     926.9 ms  ✓ FillArrays → FillArraysSparseArraysExt
2025-08-27T07:27:36.9782673Z     638.7 ms  ✓ Parameters
2025-08-27T07:27:37.2712213Z     779.8 ms  ✓ Showoff
2025-08-27T07:27:37.3716803Z     488.0 ms  ✓ Ratios
2025-08-27T07:27:37.4540623Z    1478.4 ms  ✓ MakieCore
2025-08-27T07:27:37.6511185Z     672.7 ms  ✓ Adapt
2025-08-27T07:27:38.0447698Z     591.1 ms  ✓ IntervalSets → IntervalSetsRandomExt
2025-08-27T07:27:38.2346775Z     582.3 ms  ✓ IntervalSets → IntervalSetsStatisticsExt
2025-08-27T07:27:38.4307993Z    1057.9 ms  ✓ PikaParser
2025-08-27T07:27:38.6020611Z     556.1 ms  ✓ AliasTables
2025-08-27T07:27:39.2697274Z    1034.9 ms  ✓ LogExpFunctions
2025-08-27T07:27:39.4164480Z     984.9 ms  ✓ CommonSubexpressions
2025-08-27T07:27:39.7134883Z    4223.1 ms  ✓ FixedPointNumbers
2025-08-27T07:27:39.7622976Z    1160.6 ms  ✓ SimpleTraits
2025-08-27T07:27:39.8492242Z     579.9 ms  ✓ ConstructionBase → ConstructionBaseIntervalSetsExt
2025-08-27T07:27:39.9851247Z     569.6 ms  ✓ ConstructionBase → ConstructionBaseLinearAlgebraExt
2025-08-27T07:27:40.4493572Z     735.1 ms  ✓ ADTypes → ADTypesConstructionBaseExt
2025-08-27T07:27:40.4732407Z     487.3 ms  ✓ DiffResults
2025-08-27T07:27:40.5637990Z     713.9 ms  ✓ Missings
2025-08-27T07:27:41.0150239Z     541.4 ms  ✓ RelocatableFolders
2025-08-27T07:27:41.3044818Z    1540.6 ms  ✓ GeoInterface
2025-08-27T07:27:41.6032694Z    1039.9 ms  ✓ AxisAlgorithms
2025-08-27T07:27:41.6709518Z     655.8 ms  ✓ Compat → CompatLinearAlgebraExt
2025-08-27T07:27:41.6970152Z    1243.9 ms  ✓ PDMats
2025-08-27T07:27:41.9948810Z     691.2 ms  ✓ JLLWrappers
2025-08-27T07:27:42.2277881Z     624.4 ms  ✓ PrecompileTools
2025-08-27T07:27:42.4100297Z     710.3 ms  ✓ MosaicViews
2025-08-27T07:27:42.8300516Z    1158.4 ms  ✓ Tables
2025-08-27T07:27:42.9428867Z     946.7 ms  ✓ DifferentiationInterface → DifferentiationInterfaceSparseArraysExt
2025-08-27T07:27:43.0528856Z     824.4 ms  ✓ Adapt → AdaptSparseArraysExt
2025-08-27T07:27:43.1820765Z     768.7 ms  ✓ ArrayInterface
2025-08-27T07:27:43.5624275Z     732.7 ms  ✓ OffsetArrays → OffsetArraysAdaptExt
2025-08-27T07:27:43.9294517Z     745.4 ms  ✓ Ratios → RatiosFixedPointNumbersExt
2025-08-27T07:27:44.3002234Z    1357.8 ms  ✓ AxisArrays
2025-08-27T07:27:45.8095267Z    2245.9 ms  ✓ Setfield
2025-08-27T07:27:46.8988418Z    9626.9 ms  ✓ FileIO
2025-08-27T07:27:47.0719748Z    2771.6 ms  ✓ ChainRulesCore
2025-08-27T07:27:47.0844173Z    3156.9 ms  ✓ DataStructures
2025-08-27T07:27:47.8996985Z     815.4 ms  ✓ Graphite2_jll
2025-08-27T07:27:47.9620756Z    1063.0 ms  ✓ FillArrays → FillArraysPDMatsExt
2025-08-27T07:27:48.1124343Z    1039.7 ms  ✓ OpenSSL_jll
2025-08-27T07:27:48.2175684Z    5163.9 ms  ✓ ColorTypes
2025-08-27T07:27:48.6214471Z     717.7 ms  ✓ Libmount_jll
2025-08-27T07:27:48.6954537Z     733.8 ms  ✓ EpollShim_jll
2025-08-27T07:27:48.8574312Z     745.4 ms  ✓ LLVMOpenMP_jll
2025-08-27T07:27:49.2026377Z     984.1 ms  ✓ Bzip2_jll
2025-08-27T07:27:49.3001697Z     682.0 ms  ✓ Rmath_jll
2025-08-27T07:27:49.6697759Z     974.1 ms  ✓ Xorg_libXau_jll
2025-08-27T07:27:49.7454844Z     886.9 ms  ✓ libpng_jll
2025-08-27T07:27:50.1672497Z     866.4 ms  ✓ Imath_jll
2025-08-27T07:27:50.1784457Z    4368.9 ms  ✓ Aqua
2025-08-27T07:27:50.2643296Z    1061.5 ms  ✓ libfdk_aac_jll
2025-08-27T07:27:50.5784377Z     830.0 ms  ✓ Giflib_jll
2025-08-27T07:27:51.1133360Z     945.0 ms  ✓ LAME_jll
2025-08-27T07:27:51.1134460Z     935.0 ms  ✓ LERC_jll
2025-08-27T07:27:51.1312149Z     867.3 ms  ✓ EarCut_jll
2025-08-27T07:27:51.1842382Z    1513.7 ms  ✓ IntelOpenMP_jll
2025-08-27T07:27:51.9360534Z     838.6 ms  ✓ CRlibm_jll
2025-08-27T07:27:51.9594590Z     845.4 ms  ✓ JpegTurbo_jll
2025-08-27T07:27:52.0010054Z     865.8 ms  ✓ Ogg_jll
2025-08-27T07:27:52.0676517Z     882.3 ms  ✓ oneTBB_jll
2025-08-27T07:27:52.0986733Z     982.4 ms  ✓ XZ_jll
2025-08-27T07:27:52.6607800Z     725.2 ms  ✓ Xorg_libXdmcp_jll
2025-08-27T07:27:52.7517641Z     792.9 ms  ✓ x265_jll
2025-08-27T07:27:52.8333559Z     835.6 ms  ✓ x264_jll
2025-08-27T07:27:52.8768238Z     809.6 ms  ✓ Zstd_jll
2025-08-27T07:27:53.1527843Z    1053.9 ms  ✓ libaom_jll
2025-08-27T07:27:53.4960120Z     833.5 ms  ✓ Expat_jll
2025-08-27T07:27:53.6104396Z     855.7 ms  ✓ LZO_jll
2025-08-27T07:27:53.6518917Z     817.5 ms  ✓ Opus_jll
2025-08-27T07:27:53.6584079Z     777.7 ms  ✓ Xorg_xtrans_jll
2025-08-27T07:27:54.0594261Z     907.0 ms  ✓ Libiconv_jll
2025-08-27T07:27:54.3299295Z     722.1 ms  ✓ isoband_jll
2025-08-27T07:27:54.4041521Z     748.9 ms  ✓ OpenSpecFun_jll
2025-08-27T07:27:54.4221942Z     927.6 ms  ✓ Libffi_jll
2025-08-27T07:27:54.4911540Z     839.1 ms  ✓ FFTW_jll
2025-08-27T07:27:54.8746987Z     814.6 ms  ✓ Libuuid_jll
2025-08-27T07:27:55.1789450Z     848.3 ms  ✓ FriBidi_jll
2025-08-27T07:27:55.2532003Z     848.9 ms  ✓ OpenBLASConsistentFPCSR_jll
2025-08-27T07:27:56.4141219Z    1160.2 ms  ✓ StructArrays
2025-08-27T07:27:57.6398592Z    3149.2 ms  ✓ RecipesBase
2025-08-27T07:27:58.4657381Z     824.6 ms  ✓ ArrayInterface → ArrayInterfaceSparseArraysExt
2025-08-27T07:27:59.1424601Z     674.8 ms  ✓ ArrayInterface → ArrayInterfaceStaticArraysCoreExt
2025-08-27T07:28:00.1970544Z    1056.8 ms  ✓ ChainRulesCore → ChainRulesCoreSparseArraysExt
2025-08-27T07:28:00.8467086Z     648.3 ms  ✓ AbstractFFTs → AbstractFFTsChainRulesCoreExt
2025-08-27T07:28:01.4880525Z     641.8 ms  ✓ ADTypes → ADTypesChainRulesCoreExt
2025-08-27T07:28:02.0604380Z     571.0 ms  ✓ DifferentiationInterface → DifferentiationInterfaceChainRulesCoreExt
2025-08-27T07:28:03.0278730Z    6614.1 ms  ✓ StableHashTraits
2025-08-27T07:28:03.5661280Z     537.8 ms  ✓ ArrayInterface → ArrayInterfaceChainRulesCoreExt
2025-08-27T07:28:04.1940718Z    2134.1 ms  ✓ LogExpFunctions → LogExpFunctionsChainRulesCoreExt
2025-08-27T07:28:04.4216897Z     854.3 ms  ✓ SortingAlgorithms
2025-08-27T07:28:05.1352596Z     714.0 ms  ✓ SimplePartitions
2025-08-27T07:28:05.6515896Z    1456.8 ms  ✓ QuadGK
2025-08-27T07:28:07.8245481Z    2685.8 ms  ✓ QOI
2025-08-27T07:28:09.3350760Z   14908.9 ms  ✓ StaticArrays
2025-08-27T07:28:10.2764807Z     940.9 ms  ✓ Pixman_jll
2025-08-27T07:28:10.9934494Z    5340.3 ms  ✓ ColorVectorSpace
2025-08-27T07:28:11.4273132Z    1150.1 ms  ✓ FreeType2_jll
2025-08-27T07:28:12.5193103Z    1526.0 ms  ✓ Rmath
2025-08-27T07:28:12.9152572Z    1487.1 ms  ✓ OpenEXR_jll
2025-08-27T07:28:12.9466337Z   18071.7 ms  ✓ SIMD
2025-08-27T07:28:13.7520443Z    1233.1 ms  ✓ CRlibm
2025-08-27T07:28:14.2144342Z    1299.2 ms  ✓ libsixel_jll
2025-08-27T07:28:14.2587702Z    1311.2 ms  ✓ libvorbis_jll
2025-08-27T07:28:15.3506306Z    1091.7 ms  ✓ Libtiff_jll
2025-08-27T07:28:16.3814961Z    2628.1 ms  ✓ MKL_jll
2025-08-27T07:28:16.9468478Z    1596.2 ms  ✓ Dbus_jll
2025-08-27T07:28:17.2884442Z    3073.9 ms  ✓ Xorg_libxcb_jll
2025-08-27T07:28:18.0206633Z    1639.1 ms  ✓ XML2_jll
2025-08-27T07:28:18.0497381Z     761.1 ms  ✓ Isoband
2025-08-27T07:28:18.2517999Z   10430.4 ms  ✓ Colors
2025-08-27T07:28:18.6614560Z    1714.5 ms  ✓ GettextRuntime_jll
2025-08-27T07:28:18.8221886Z     569.2 ms  ✓ StructArrays → StructArraysAdaptExt
2025-08-27T07:28:19.2671718Z    1217.9 ms  ✓ Wayland_jll
2025-08-27T07:28:19.5402935Z     718.5 ms  ✓ StructArrays → StructArraysLinearAlgebraExt
2025-08-27T07:28:19.8017079Z    1140.6 ms  ✓ StructArrays → StructArraysSparseArraysExt
2025-08-27T07:28:20.5175979Z     977.2 ms  ✓ IntervalSets → IntervalSetsRecipesBaseExt
2025-08-27T07:28:20.9466194Z    1144.5 ms  ✓ FiniteDiff
2025-08-27T07:28:22.1938027Z    1247.0 ms  ✓ StaticArrays → StaticArraysChainRulesCoreExt
2025-08-27T07:28:23.4164654Z    1221.1 ms  ✓ StaticArrays → StaticArraysStatisticsExt
2025-08-27T07:28:23.4627140Z    5442.0 ms  ✓ SpecialFunctions
2025-08-27T07:28:24.6297475Z    1214.1 ms  ✓ ConstructionBase → ConstructionBaseStaticArraysExt
2025-08-27T07:28:24.6460937Z    1181.2 ms  ✓ DifferentiationInterface → DifferentiationInterfaceStaticArraysExt
2025-08-27T07:28:25.2100810Z    4689.3 ms  ✓ StatsBase
2025-08-27T07:28:25.8644527Z    1231.2 ms  ✓ Adapt → AdaptStaticArraysExt
2025-08-27T07:28:25.9152297Z    1269.0 ms  ✓ StructArrays → StructArraysStaticArraysExt
2025-08-27T07:28:27.2653365Z    2055.7 ms  ✓ FreeType
2025-08-27T07:28:27.2977638Z    1434.4 ms  ✓ Fontconfig_jll
2025-08-27T07:28:27.7441114Z   32561.9 ms  ✓ Parsers
2025-08-27T07:28:31.6294864Z    4328.8 ms  ✓ IntervalArithmetic
2025-08-27T07:28:32.6999311Z    1070.2 ms  ✓ Xorg_libX11_jll
2025-08-27T07:28:33.6359478Z     935.9 ms  ✓ LightXML
2025-08-27T07:28:34.4714416Z     831.1 ms  ✓ Graphics
2025-08-27T07:28:35.4210224Z     950.4 ms  ✓ Animations
2025-08-27T07:28:38.2534568Z    2829.5 ms  ✓ OpenEXR
2025-08-27T07:28:51.9120438Z   24168.3 ms  ✓ FFTW
2025-08-27T07:29:00.9570879Z    9042.5 ms  ✓ ColorSchemes
2025-08-27T07:29:02.3809878Z   36465.6 ms  ✓ Automa
2025-08-27T07:29:02.8587728Z    1901.5 ms  ✓ Glib_jll
2025-08-27T07:29:03.3362219Z     955.1 ms  ✓ FiniteDiff → FiniteDiffSparseArraysExt
2025-08-27T07:29:04.0435469Z    1184.7 ms  ✓ FiniteDiff → FiniteDiffStaticArraysExt
2025-08-27T07:29:04.1750850Z     835.9 ms  ✓ DifferentiationInterface → DifferentiationInterfaceFiniteDiffExt
2025-08-27T07:29:06.1280930Z    1951.0 ms  ✓ HypergeometricFunctions
2025-08-27T07:29:07.4917041Z    1363.5 ms  ✓ DiffRules
2025-08-27T07:29:07.6484300Z    3602.0 ms  ✓ SpecialFunctions → SpecialFunctionsChainRulesCoreExt
2025-08-27T07:29:08.6038939Z    1112.6 ms  ✓ ColorVectorSpace → SpecialFunctionsExt
2025-08-27T07:29:11.2124868Z    3566.3 ms  ✓ Interpolations
2025-08-27T07:29:15.0904208Z    3875.6 ms  ✓ JSON
2025-08-27T07:29:16.8691248Z    1779.6 ms  ✓ IntervalArithmetic → IntervalArithmeticSparseArraysExt
2025-08-27T07:29:18.1690789Z    1299.7 ms  ✓ IntervalArithmetic → IntervalArithmeticIntervalSetsExt
2025-08-27T07:29:19.7202736Z    1551.1 ms  ✓ IntervalArithmetic → IntervalArithmeticRecipesBaseExt
2025-08-27T07:29:21.8409515Z    2120.5 ms  ✓ IntervalArithmetic → IntervalArithmeticLinearAlgebraExt
2025-08-27T07:29:22.6191138Z   14011.7 ms  ✓ GeometryBasics
2025-08-27T07:29:23.4627328Z    1621.6 ms  ✓ Xorg_libXrender_jll
2025-08-27T07:29:24.1418070Z    1522.5 ms  ✓ Xorg_libXext_jll
2025-08-27T07:29:24.9134897Z    1450.7 ms  ✓ Xorg_libXfixes_jll
2025-08-27T07:29:25.3879909Z    1246.1 ms  ✓ Xorg_libxkbfile_jll
2025-08-27T07:29:25.6144443Z   47360.5 ms  ✓ ImageCore
2025-08-27T07:29:28.8866517Z    3499.0 ms  ✓ StatsFuns
2025-08-27T07:29:29.8722556Z     984.6 ms  ✓ IntervalArithmetic → IntervalArithmeticDiffRulesExt
2025-08-27T07:29:31.2308375Z    1358.4 ms  ✓ ColorBrewer
2025-08-27T07:29:35.3495063Z   76081.5 ms  ✓ Polynomials
2025-08-27T07:29:35.7852976Z   10174.3 ms  ✓ ForwardDiff
2025-08-27T07:29:37.9104916Z    2125.0 ms  ✓ Packing
2025-08-27T07:29:40.3774609Z    2466.8 ms  ✓ ShaderAbstractions
2025-08-27T07:29:42.7674542Z   11536.7 ms  ✓ ExactPredicates
2025-08-27T07:29:45.1811539Z    4800.8 ms  ✓ MeshIO
2025-08-27T07:29:46.2613823Z    1080.7 ms  ✓ Xorg_libXinerama_jll
2025-08-27T07:29:47.8111121Z    1548.9 ms  ✓ Xorg_libXrandr_jll
2025-08-27T07:29:48.4634606Z    5694.0 ms  ✓ FreeTypeAbstraction
2025-08-27T07:29:50.0813883Z    2270.1 ms  ✓ Libglvnd_jll
2025-08-27T07:29:50.3571395Z    1895.1 ms  ✓ Cairo_jll
2025-08-27T07:29:51.6696548Z    1588.2 ms  ✓ Xorg_libXcursor_jll
2025-08-27T07:29:51.9220122Z    1564.3 ms  ✓ Xorg_libXi_jll
2025-08-27T07:29:53.2266875Z    1557.5 ms  ✓ Xorg_xkbcomp_jll
2025-08-27T07:29:57.8259942Z   22476.3 ms  ✓ GridLayoutBase
2025-08-27T07:29:58.0290062Z    6104.4 ms  ✓ ImageBase
2025-08-27T07:30:01.1563441Z   36243.3 ms  ✓ PlotUtils
2025-08-27T07:30:03.7880603Z    5962.0 ms  ✓ Sixel
2025-08-27T07:30:04.0611023Z   10830.7 ms  ✓ PNGFiles
2025-08-27T07:30:04.5392401Z    3379.6 ms  ✓ StatsFuns → StatsFunsChainRulesCoreExt
2025-08-27T07:30:05.2132570Z   97947.8 ms  ✓ TiffImages
2025-08-27T07:30:05.4955441Z    7466.9 ms  ✓ JpegTurbo
2025-08-27T07:30:06.2135846Z    1673.5 ms  ✓ Polynomials → PolynomialsChainRulesCoreExt
2025-08-27T07:30:06.2906641Z    2229.4 ms  ✓ Polynomials → PolynomialsMakieCoreExt
2025-08-27T07:30:06.8604662Z    1646.6 ms  ✓ Polynomials → PolynomialsFFTWExt
2025-08-27T07:30:07.2366990Z    1739.9 ms  ✓ SimplePolynomials
2025-08-27T07:30:07.2870408Z    1071.0 ms  ✓ ForwardDiff → ForwardDiffStaticArraysExt
2025-08-27T07:30:07.4428874Z    1151.9 ms  ✓ DifferentiationInterface → DifferentiationInterfaceForwardDiffExt
2025-08-27T07:30:07.8861607Z    1025.0 ms  ✓ IntervalArithmetic → IntervalArithmeticForwardDiffExt
2025-08-27T07:30:08.9184143Z    1474.3 ms  ✓ libwebp_jll
2025-08-27T07:30:08.9490073Z    1712.7 ms  ✓ Interpolations → InterpolationsForwardDiffExt
2025-08-27T07:30:09.1063299Z    1220.0 ms  ✓ HarfBuzz_jll
2025-08-27T07:30:09.7591966Z     842.2 ms  ✓ Xorg_xkeyboard_config_jll
2025-08-27T07:30:10.9689011Z    1862.4 ms  ✓ LinearAlgebraX
2025-08-27T07:30:11.1480079Z    1385.1 ms  ✓ NLSolversBase
2025-08-27T07:30:11.7645717Z    7976.3 ms  ✓ Distributions
2025-08-27T07:30:12.2428829Z    1095.1 ms  ✓ libass_jll
2025-08-27T07:30:12.3031804Z    3353.4 ms  ✓ ImageAxes
2025-08-27T07:30:12.8271792Z    1062.5 ms  ✓ Pango_jll
2025-08-27T07:30:13.2936606Z    1049.8 ms  ✓ xkbcommon_jll
2025-08-27T07:30:14.6587438Z    1831.9 ms  ✓ Distributions → DistributionsTestExt
2025-08-27T07:30:14.6849638Z    3716.0 ms  ✓ WebP
2025-08-27T07:30:14.9059438Z    1612.2 ms  ✓ Distributions → DistributionsChainRulesCoreExt
2025-08-27T07:30:15.4379537Z    3134.6 ms  ✓ LineSearches
2025-08-27T07:30:16.1027268Z    1418.1 ms  ✓ FFMPEG_jll
2025-08-27T07:30:16.3355663Z    1675.6 ms  ✓ SimpleRandom
2025-08-27T07:30:16.5568983Z    1651.3 ms  ✓ ImageMetadata
2025-08-27T07:30:17.2882227Z    1184.9 ms  ✓ libdecor_jll
2025-08-27T07:30:17.7288714Z    2291.4 ms  ✓ Cairo
2025-08-27T07:30:17.8245410Z   10537.8 ms  ✓ MathTeXEngine
2025-08-27T07:30:18.6259824Z     896.0 ms  ✓ GLFW_jll
2025-08-27T07:30:18.8904738Z    2555.2 ms  ✓ KernelDensity
2025-08-27T07:30:19.5218151Z    2234.0 ms  ✓ Netpbm
2025-08-27T07:30:20.5112432Z    3953.7 ms  ✓ Optim
2025-08-27T07:30:20.5236422Z    1897.3 ms  ✓ GLFW
2025-08-27T07:30:20.6140658Z    1092.1 ms  ✓ ImageIO
2025-08-27T07:30:22.3401888Z    1828.4 ms  ✓ SimpleGraphs
2025-08-27T07:30:25.8360955Z    3495.2 ms  ✓ DelaunayTriangulation
2025-08-27T07:31:58.9635841Z   93126.2 ms  ✓ Makie
2025-08-27T07:32:06.0933998Z            ✗ GLMakie
2025-08-27T07:32:31.5073880Z   32543.5 ms  ✓ CairoMakie
2025-08-27T07:32:32.4017221Z     894.1 ms  ✓ PointController
2025-08-27T07:32:32.4017775Z   295 dependencies successfully precompiled in 312 seconds. 40 already precompiled.
2025-08-27T07:32:32.4018804Z   206 dependencies precompiled but different versions are currently loaded. Restart julia to access the new versions. Otherwise, loading dependents of these packages may trigger further precompilation to work with the unexpected versions.
2025-08-27T07:32:32.4019873Z   2 dependencies had output during precompilation:
2025-08-27T07:32:32.4020188Z ┌ Formatting
2025-08-27T07:32:32.4020411Z │  ┌ Warning: DEPRECATION NOTICE
2025-08-27T07:32:32.4020635Z │  │ 
2025-08-27T07:32:32.4020955Z │  │ Formatting.jl has been unmaintained for a while, with some serious
2025-08-27T07:32:32.4021478Z │  │ correctness bugs compromising the original purpose of the package. As a result,
2025-08-27T07:32:32.4022021Z │  │ it has been deprecated - consider using an alternative, such as
2025-08-27T07:32:32.4022566Z │  │ `Format.jl` (https://github.com/JuliaString/Format.jl) or the `Printf` stdlib directly.
2025-08-27T07:32:32.4023170Z │  │ 
2025-08-27T07:32:32.4023499Z │  │ If you are not using Formatting.jl as a direct dependency, please consider
2025-08-27T07:32:32.4024011Z │  │ opening an issue on any packages you are using that do use it as a dependency.
2025-08-27T07:32:32.4024509Z │  │ From Julia 1.9 onwards, you can query `]why Formatting` to figure out which
2025-08-27T07:32:32.4024938Z │  │ package originally brings it in as a dependency.
2025-08-27T07:32:32.4025370Z │  └ @ Formatting ~/.julia/packages/Formatting/3VxOt/src/Formatting.jl:12
2025-08-27T07:32:32.4025710Z └  
2025-08-27T07:32:32.4025880Z ┌ CairoMakie
2025-08-27T07:32:32.4026220Z │  WARNING: importing deprecated binding Makie.MakieLayout into CairoMakie.
2025-08-27T07:32:32.4026905Z │  The module `MakieLayout` has been removed and integrated into Makie, so simply replace all usage of `MakieLayout` with `Makie`.
2025-08-27T07:32:32.4027843Z │  WARNING: importing deprecated binding Makie._alternative_fonts into CairoMakie.
2025-08-27T07:32:32.4028244Z │  , use ALTERNATIVE_FONTS instead.
2025-08-27T07:32:32.4028648Z │  WARNING: importing deprecated binding Makie._current_figure into CairoMakie.
2025-08-27T07:32:32.4029037Z │  , use CURRENT_FIGURE instead.
2025-08-27T07:32:32.4029415Z │  WARNING: importing deprecated binding Makie._default_font into CairoMakie.
2025-08-27T07:32:32.4029789Z │  , use DEFAULT_FONT instead.
2025-08-27T07:32:32.4030334Z │  WARNING: importing deprecated binding Makie.default_palettes into CairoMakie.
2025-08-27T07:32:32.4030728Z │  , use DEFAULT_PALETTES instead.
2025-08-27T07:32:32.4031122Z │  WARNING: importing deprecated binding Makie.minimal_default into CairoMakie.
2025-08-27T07:32:32.4031507Z │  , use MAKIE_DEFAULT_THEME instead.
2025-08-27T07:32:32.4031742Z └  
2025-08-27T07:32:32.4056878Z 
2025-08-27T07:32:32.8188686Z ERROR: The following 1 direct dependency failed to precompile:
2025-08-27T07:32:32.8189161Z 
2025-08-27T07:32:32.8190250Z GLMakie --code-coverage=@/home/runner/work/JuliaTestRocket/JuliaTestRocket --color=auto --check-bounds=yes --warn-overwrite=yes --depwarn=yes --inline=yes --startup-file=no --track-allocation=none 
2025-08-27T07:32:32.8191504Z 
2025-08-27T07:32:32.8192125Z Failed to precompile GLMakie [e9467ef8-e4e7-5192-8a1a-b1aee30e663a] to "/home/runner/.julia/compiled/v1.11/GLMakie/jl_MvtDMu".
2025-08-27T07:32:32.8193499Z WARNING: importing deprecated binding Makie.MakieLayout into GLMakie.
2025-08-27T07:32:32.8194566Z The module `MakieLayout` has been removed and integrated into Makie, so simply replace all usage of `MakieLayout` with `Makie`.
2025-08-27T07:32:32.8195662Z WARNING: importing deprecated binding Makie._alternative_fonts into GLMakie.
2025-08-27T07:32:32.8196304Z , use ALTERNATIVE_FONTS instead.
2025-08-27T07:32:32.8196894Z WARNING: importing deprecated binding Makie._current_figure into GLMakie.
2025-08-27T07:32:32.8197549Z , use CURRENT_FIGURE instead.
2025-08-27T07:32:32.8198111Z WARNING: importing deprecated binding Makie._default_font into GLMakie.
2025-08-27T07:32:32.8198705Z , use DEFAULT_FONT instead.
2025-08-27T07:32:32.8199257Z WARNING: importing deprecated binding Makie.default_palettes into GLMakie.
2025-08-27T07:32:32.8199862Z , use DEFAULT_PALETTES instead.
2025-08-27T07:32:32.8200431Z WARNING: importing deprecated binding Makie.minimal_default into GLMakie.
2025-08-27T07:32:32.8201051Z , use MAKIE_DEFAULT_THEME instead.
2025-08-27T07:32:32.8201988Z ┌ Warning:     OpenGL/GLFW wasn't loaded correctly or couldn't be initialized.
2025-08-27T07:32:32.8203219Z │     This likely means, you're on a headless server without having OpenGL support setup correctly.
2025-08-27T07:32:32.8204136Z │     Have a look at the troubleshooting section in the readme:
2025-08-27T07:32:32.8205042Z │     https://github.com/MakieOrg/Makie.jl/tree/master/GLMakie#troubleshooting-opengl.
2025-08-27T07:32:32.8205965Z └ @ GLMakie ~/.julia/packages/GLMakie/F1fQC/src/gl_backend.jl:4
2025-08-27T07:32:32.8207100Z ERROR: LoadError: InitError: Exception[GLFW.GLFWError(65550, "X11: The DISPLAY environment variable is missing"), ErrorException("glfwInit failed")]
2025-08-27T07:32:32.8208132Z Stacktrace:
2025-08-27T07:32:32.8208397Z   [1] __init__()
2025-08-27T07:32:32.8208761Z     @ GLFW ~/.julia/packages/GLFW/Zwulj/src/GLFW.jl:69
2025-08-27T07:32:32.8219123Z   [2] run_module_init(mod::Module, i::Int64)
2025-08-27T07:32:32.8219599Z     @ Base ./loading.jl:1378
2025-08-27T07:32:32.8220315Z   [3] register_restored_modules(sv::Core.SimpleVector, pkg::Base.PkgId, path::String)
2025-08-27T07:32:32.8220973Z     @ Base ./loading.jl:1366
2025-08-27T07:32:32.8221877Z   [4] _include_from_serialized(pkg::Base.PkgId, path::String, ocachepath::String, depmods::Vector{Any}, ignore_native::Nothing; register::Bool)
2025-08-27T07:32:32.8223087Z     @ Base ./loading.jl:1254
2025-08-27T07:32:32.8223519Z   [5] _include_from_serialized (repeats 2 times)
2025-08-27T07:32:32.8224426Z     @ ./loading.jl:1210 [inlined]
2025-08-27T07:32:32.8225489Z   [6] _require_search_from_serialized(pkg::Base.PkgId, sourcepath::String, build_id::UInt128, stalecheck::Bool; reasons::Dict{String, Int64}, DEPOT_PATH::Vector{String})
2025-08-27T07:32:32.8226586Z     @ Base ./loading.jl:2057
2025-08-27T07:32:32.8226998Z   [7] _require(pkg::Base.PkgId, env::String)
2025-08-27T07:32:32.8227436Z     @ Base ./loading.jl:2527
2025-08-27T07:32:32.8227879Z   [8] __require_prelocked(uuidkey::Base.PkgId, env::String)
2025-08-27T07:32:32.8228607Z     @ Base ./loading.jl:2388
2025-08-27T07:32:32.8228994Z   [9] #invoke_in_world#3
2025-08-27T07:32:32.8229356Z     @ ./essentials.jl:1089 [inlined]
2025-08-27T07:32:32.8229738Z  [10] invoke_in_world
2025-08-27T07:32:32.8230071Z     @ ./essentials.jl:1086 [inlined]
2025-08-27T07:32:32.8230588Z  [11] _require_prelocked(uuidkey::Base.PkgId, env::String)
2025-08-27T07:32:32.8231071Z     @ Base ./loading.jl:2375
2025-08-27T07:32:32.8231403Z  [12] macro expansion
2025-08-27T07:32:32.8231732Z     @ ./loading.jl:2314 [inlined]
2025-08-27T07:32:32.8232097Z  [13] macro expansion
2025-08-27T07:32:32.8232406Z     @ ./lock.jl:273 [inlined]
2025-08-27T07:32:32.8233019Z  [14] __require(into::Module, mod::Symbol)
2025-08-27T07:32:32.8233449Z     @ Base ./loading.jl:2271
2025-08-27T07:32:32.8233825Z  [15] #invoke_in_world#3
2025-08-27T07:32:32.8234169Z     @ ./essentials.jl:1089 [inlined]
2025-08-27T07:32:32.8234550Z  [16] invoke_in_world
2025-08-27T07:32:32.8234908Z     @ ./essentials.jl:1086 [inlined]
2025-08-27T07:32:32.8235333Z  [17] require(into::Module, mod::Symbol)
2025-08-27T07:32:32.8235756Z     @ Base ./loading.jl:2260
2025-08-27T07:32:32.8236113Z  [18] top-level scope
2025-08-27T07:32:32.8236508Z     @ ~/.julia/packages/GLMakie/F1fQC/src/gl_backend.jl:2
2025-08-27T07:32:32.8237033Z  [19] include(mod::Module, _path::String)
2025-08-27T07:32:32.8237456Z     @ Base ./Base.jl:562
2025-08-27T07:32:32.8237811Z  [20] include(x::String)
2025-08-27T07:32:32.8238308Z     @ GLMakie ~/.julia/packages/GLMakie/F1fQC/src/GLMakie.jl:1
2025-08-27T07:32:32.8238836Z  [21] top-level scope
2025-08-27T07:32:32.8239247Z     @ ~/.julia/packages/GLMakie/F1fQC/src/GLMakie.jl:51
2025-08-27T07:32:32.8239742Z  [22] include
2025-08-27T07:32:32.8240046Z     @ ./Base.jl:562 [inlined]
2025-08-27T07:32:32.8241367Z  [23] include_package_for_output(pkg::Base.PkgId, input::String, depot_path::Vector{String}, dl_load_path::Vector{String}, load_path::Vector{String}, concrete_deps::Vector{Pair{Base.PkgId, UInt128}}, source::Nothing)
2025-08-27T07:32:32.8242947Z     @ Base ./loading.jl:2881
2025-08-27T07:32:32.8243357Z  [24] top-level scope
2025-08-27T07:32:32.8243696Z     @ stdin:6
2025-08-27T07:32:32.8244035Z during initialization of module GLFW
2025-08-27T07:32:32.8244742Z in expression starting at /home/runner/.julia/packages/GLMakie/F1fQC/src/gl_backend.jl:1
2025-08-27T07:32:32.8245706Z in expression starting at /home/runner/.julia/packages/GLMakie/F1fQC/src/GLMakie.jl:1
2025-08-27T07:32:32.8246422Z in expression starting at stdin:
2025-08-27T07:32:33.1627037Z ##[error]Process completed with exit code 1.
2025-08-27T07:32:33.1731240Z Post job cleanup.
2025-08-27T07:32:33.1753491Z Post job cleanup.
2025-08-27T07:32:34.8579513Z       Active manifest files: 1 found
2025-08-27T07:32:34.8919868Z       Active artifact files: 73 found
2025-08-27T07:32:34.8937843Z       Active scratchspaces: 0 found
2025-08-27T07:32:34.9024000Z      Deleted no artifacts, repos, packages or scratchspaces
2025-08-27T07:32:35.7537060Z No existing caches found on ref `refs/heads/main` matching restore key `julia-cache;workflow=CI;job=test;os=Linux;version=1.11;os=ubuntu-latest;arch=x64;`
2025-08-27T07:32:35.7835812Z Post job cleanup.
2025-08-27T07:32:35.8754328Z [command]/usr/bin/git version
2025-08-27T07:32:35.8789086Z git version 2.51.0
2025-08-27T07:32:35.8832936Z Temporarily overriding HOME='/home/runner/work/_temp/8398efe4-ae62-4b66-986d-57b7b9caced8' before making global git config changes
2025-08-27T07:32:35.8834544Z Adding repository directory to the temporary git global config as a safe directory
2025-08-27T07:32:35.8839311Z [command]/usr/bin/git config --global --add safe.directory /home/runner/work/JuliaTestRocket/JuliaTestRocket
2025-08-27T07:32:35.8874379Z [command]/usr/bin/git config --local --name-only --get-regexp core\.sshCommand
2025-08-27T07:32:35.8907708Z [command]/usr/bin/git submodule foreach --recursive sh -c "git config --local --name-only --get-regexp 'core\.sshCommand' && git config --local --unset-all 'core.sshCommand' || :"
2025-08-27T07:32:35.9129586Z [command]/usr/bin/git config --local --name-only --get-regexp http\.https\:\/\/github\.com\/\.extraheader
2025-08-27T07:32:35.9149314Z http.https://github.com/.extraheader
2025-08-27T07:32:35.9161174Z [command]/usr/bin/git config --local --unset-all http.https://github.com/.extraheader
2025-08-27T07:32:35.9191156Z [command]/usr/bin/git submodule foreach --recursive sh -c "git config --local --name-only --get-regexp 'http\.https\:\/\/github\.com\/\.extraheader' && git config --local --unset-all 'http.https://github.com/.extraheader' || :"
2025-08-27T07:32:35.9500539Z Cleaning up orphan processes
