2025-08-27T07:21:08.8437585Z Current runner version: '2.328.0'
2025-08-27T07:21:08.8469720Z ##[group]Runner Image Provisioner
2025-08-27T07:21:08.8470892Z Hosted Compute Agent
2025-08-27T07:21:08.8471704Z Version: 20250812.370
2025-08-27T07:21:08.8472697Z Commit: 4a2b2bf7520004e3e907c2150c8cabe342a3da32
2025-08-27T07:21:08.8473838Z Build Date: 2025-08-12T16:08:14Z
2025-08-27T07:21:08.8474765Z ##[endgroup]
2025-08-27T07:21:08.8475530Z ##[group]Operating System
2025-08-27T07:21:08.8476363Z Microsoft Windows Server 2022
2025-08-27T07:21:08.8477361Z 10.0.20348
2025-08-27T07:21:08.8478038Z Datacenter
2025-08-27T07:21:08.8478779Z ##[endgroup]
2025-08-27T07:21:08.8479532Z ##[group]Runner Image
2025-08-27T07:21:08.8480318Z Image: windows-2022
2025-08-27T07:21:08.8481132Z Version: 20250817.1.0
2025-08-27T07:21:08.8482837Z Included Software: https://github.com/actions/runner-images/blob/win22/20250817.1/images/windows/Windows2022-Readme.md
2025-08-27T07:21:08.8486339Z Image Release: https://github.com/actions/runner-images/releases/tag/win22%2F20250817.1
2025-08-27T07:21:08.8488038Z ##[endgroup]
2025-08-27T07:21:08.8492301Z ##[group]GITHUB_TOKEN Permissions
2025-08-27T07:21:08.8494427Z Actions: write
2025-08-27T07:21:08.8494926Z Attestations: write
2025-08-27T07:21:08.8495435Z Checks: write
2025-08-27T07:21:08.8495859Z Contents: write
2025-08-27T07:21:08.8496300Z Deployments: write
2025-08-27T07:21:08.8496787Z Discussions: write
2025-08-27T07:21:08.8497201Z Issues: write
2025-08-27T07:21:08.8497626Z Metadata: read
2025-08-27T07:21:08.8498098Z Models: read
2025-08-27T07:21:08.8498522Z Packages: write
2025-08-27T07:21:08.8498946Z Pages: write
2025-08-27T07:21:08.8499371Z PullRequests: write
2025-08-27T07:21:08.8499876Z RepositoryProjects: write
2025-08-27T07:21:08.8500383Z SecurityEvents: write
2025-08-27T07:21:08.8500924Z Statuses: write
2025-08-27T07:21:08.8501382Z ##[endgroup]
2025-08-27T07:21:08.8503397Z Secret source: Actions
2025-08-27T07:21:08.8504068Z Prepare workflow directory
2025-08-27T07:21:08.8823618Z Prepare all required actions
2025-08-27T07:21:08.8873311Z Getting action download info
2025-08-27T07:21:09.1816510Z Download action repository 'actions/checkout@v4' (SHA:08eba0b27e820071cde6df949e0beb9ba4906955)
2025-08-27T07:21:09.6185693Z Download action repository 'julia-actions/setup-julia@v1' (SHA:ac0d62164df5a47de404f4e96ce86a1a28a28d56)
2025-08-27T07:21:09.9642870Z Download action repository 'julia-actions/cache@v1' (SHA:dc1a3cdeacb521b0ca93cfc66143fcadb15a5bd0)
2025-08-27T07:21:10.2219706Z Download action repository 'julia-actions/julia-processcoverage@v1' (SHA:03114f09f119417c3242a9fb6e0b722676aedf38)
2025-08-27T07:21:10.4760755Z Download action repository 'codecov/codecov-action@v3' (SHA:ab904c41d6ece82784817410c45d8b8c02684457)
2025-08-27T07:21:11.0824050Z Getting action download info
2025-08-27T07:21:11.2676487Z Download action repository 'dcarbone/install-jq-action@v2.1.0' (SHA:8867ddb4788346d7c22b72ea2e2ffe4d514c7bcb)
2025-08-27T07:21:11.5318904Z Download action repository 'actions/cache@4d4ae6ae148a43d0fd1eda1800170683e9882738' (SHA:4d4ae6ae148a43d0fd1eda1800170683e9882738)
2025-08-27T07:21:12.1738745Z Download action repository 'pyTooling/Actions@adef08d3bdef092282614f3b683897cefae82ee3' (SHA:adef08d3bdef092282614f3b683897cefae82ee3)
2025-08-27T07:21:12.5476312Z Complete job name: Julia nightly - windows-latest - x64
2025-08-27T07:21:12.7048992Z ##[group]Run actions/checkout@v4
2025-08-27T07:21:12.7050085Z with:
2025-08-27T07:21:12.7050481Z   repository: bakulev/JuliaTestRocket
2025-08-27T07:21:12.7051211Z   token: ***
2025-08-27T07:21:12.7051593Z   ssh-strict: true
2025-08-27T07:21:12.7051927Z   ssh-user: git
2025-08-27T07:21:12.7052520Z   persist-credentials: true
2025-08-27T07:21:12.7052952Z   clean: true
2025-08-27T07:21:12.7053294Z   sparse-checkout-cone-mode: true
2025-08-27T07:21:12.7053714Z   fetch-depth: 1
2025-08-27T07:21:12.7054173Z   fetch-tags: false
2025-08-27T07:21:12.7054636Z   show-progress: true
2025-08-27T07:21:12.7055112Z   lfs: false
2025-08-27T07:21:12.7058032Z   submodules: false
2025-08-27T07:21:12.7058431Z   set-safe-directory: true
2025-08-27T07:21:12.7059161Z ##[endgroup]
2025-08-27T07:21:12.8764920Z Syncing repository: bakulev/JuliaTestRocket
2025-08-27T07:21:12.8767091Z ##[group]Getting Git version info
2025-08-27T07:21:12.8767955Z Working directory is 'D:\a\JuliaTestRocket\JuliaTestRocket'
2025-08-27T07:21:13.0036378Z [command]"C:\Program Files\Git\bin\git.exe" version
2025-08-27T07:21:13.3461067Z git version 2.50.1.windows.1
2025-08-27T07:21:13.3508918Z ##[endgroup]
2025-08-27T07:21:13.3527880Z Temporarily overriding HOME='D:\a\_temp\16c7994a-a68c-4004-a386-722cf0eabfef' before making global git config changes
2025-08-27T07:21:13.3528739Z Adding repository directory to the temporary git global config as a safe directory
2025-08-27T07:21:13.3539397Z [command]"C:\Program Files\Git\bin\git.exe" config --global --add safe.directory D:\a\JuliaTestRocket\JuliaTestRocket
2025-08-27T07:21:13.4083278Z Deleting the contents of 'D:\a\JuliaTestRocket\JuliaTestRocket'
2025-08-27T07:21:13.4089029Z ##[group]Initializing the repository
2025-08-27T07:21:13.4099443Z [command]"C:\Program Files\Git\bin\git.exe" init D:\a\JuliaTestRocket\JuliaTestRocket
2025-08-27T07:21:13.4782954Z Initialized empty Git repository in D:/a/JuliaTestRocket/JuliaTestRocket/.git/
2025-08-27T07:21:13.4815795Z [command]"C:\Program Files\Git\bin\git.exe" remote add origin https://github.com/bakulev/JuliaTestRocket
2025-08-27T07:21:13.5303925Z ##[endgroup]
2025-08-27T07:21:13.5304420Z ##[group]Disabling automatic garbage collection
2025-08-27T07:21:13.5313219Z [command]"C:\Program Files\Git\bin\git.exe" config --local gc.auto 0
2025-08-27T07:21:13.5534334Z ##[endgroup]
2025-08-27T07:21:13.5534744Z ##[group]Setting up auth
2025-08-27T07:21:13.5547093Z [command]"C:\Program Files\Git\bin\git.exe" config --local --name-only --get-regexp core\.sshCommand
2025-08-27T07:21:13.5769868Z [command]"C:\Program Files\Git\bin\git.exe" submodule foreach --recursive "sh -c \"git config --local --name-only --get-regexp 'core\.sshCommand' && git config --local --unset-all 'core.sshCommand' || :\""
2025-08-27T07:21:15.0118514Z [command]"C:\Program Files\Git\bin\git.exe" config --local --name-only --get-regexp http\.https\:\/\/github\.com\/\.extraheader
2025-08-27T07:21:15.0338697Z [command]"C:\Program Files\Git\bin\git.exe" submodule foreach --recursive "sh -c \"git config --local --name-only --get-regexp 'http\.https\:\/\/github\.com\/\.extraheader' && git config --local --unset-all 'http.https://github.com/.extraheader' || :\""
2025-08-27T07:21:15.4505852Z [command]"C:\Program Files\Git\bin\git.exe" config --local http.https://github.com/.extraheader "AUTHORIZATION: basic ***"
2025-08-27T07:21:15.4733976Z ##[endgroup]
2025-08-27T07:21:15.4734670Z ##[group]Fetching the repository
2025-08-27T07:21:15.4748688Z [command]"C:\Program Files\Git\bin\git.exe" -c protocol.version=2 fetch --no-tags --prune --no-recurse-submodules --depth=1 origin +048c831dcbcc177572e3761b8279a61c28f21783:refs/remotes/origin/main
2025-08-27T07:21:16.3804013Z From https://github.com/bakulev/JuliaTestRocket
2025-08-27T07:21:16.3804966Z  * [new ref]         048c831dcbcc177572e3761b8279a61c28f21783 -> origin/main
2025-08-27T07:21:16.4091297Z ##[endgroup]
2025-08-27T07:21:16.4091673Z ##[group]Determining the checkout info
2025-08-27T07:21:16.4097257Z ##[endgroup]
2025-08-27T07:21:16.4107901Z [command]"C:\Program Files\Git\bin\git.exe" sparse-checkout disable
2025-08-27T07:21:16.4409049Z [command]"C:\Program Files\Git\bin\git.exe" config --local --unset-all extensions.worktreeConfig
2025-08-27T07:21:16.4628429Z ##[group]Checking out the ref
2025-08-27T07:21:16.4637694Z [command]"C:\Program Files\Git\bin\git.exe" checkout --progress --force -B main refs/remotes/origin/main
2025-08-27T07:21:16.5290946Z branch 'main' set up to track 'origin/main'.
2025-08-27T07:21:16.5296340Z Switched to a new branch 'main'
2025-08-27T07:21:16.5329494Z ##[endgroup]
2025-08-27T07:21:16.5671973Z [command]"C:\Program Files\Git\bin\git.exe" log -1 --format=%H
2025-08-27T07:21:16.5892358Z 048c831dcbcc177572e3761b8279a61c28f21783
2025-08-27T07:21:16.6271912Z ##[group]Run julia-actions/setup-julia@v1
2025-08-27T07:21:16.6272254Z with:
2025-08-27T07:21:16.6272415Z   version: nightly
2025-08-27T07:21:16.6272603Z   arch: x64
2025-08-27T07:21:16.6272826Z   include-all-prereleases: false
2025-08-27T07:21:16.6273242Z   show-versioninfo: false
2025-08-27T07:21:16.6273693Z ##[endgroup]
2025-08-27T07:21:21.7926504Z [command]C:\Windows\System32\WindowsPowerShell\v1.0\powershell.exe -Command "tar xf D:\a\_temp\52d42a88-6f2a-4ac5-a89b-d407a507c338 --strip-components=1 -C C:\hostedtoolcache\windows\julia\nightly\x64"
2025-08-27T07:21:37.2311824Z [command]C:\hostedtoolcache\windows\julia\nightly\x64\bin\julia.exe --compile=min -O0 -e "using InteractiveUtils; versioninfo()"
2025-08-27T07:21:40.0084754Z Julia Version 1.13.0-DEV.1050
2025-08-27T07:21:40.0085244Z Commit cbea8cf28e (2025-08-26 22:51 UTC)
2025-08-27T07:21:40.0085577Z Build Info:
2025-08-27T07:21:40.0085965Z   Official https://julialang.org release
2025-08-27T07:21:40.0086454Z Platform Info:
2025-08-27T07:21:40.0086811Z   OS: Windows (x86_64-w64-mingw32)
2025-08-27T07:21:40.0089839Z   CPU: 4 × AMD EPYC 7763 64-Core Processor                
2025-08-27T07:21:40.0090457Z   WORD_SIZE: 64
2025-08-27T07:21:40.0093803Z   LLVM: libLLVM-20.1.8 (ORCJIT, znver3)
2025-08-27T07:21:40.0094911Z   GC: Built with stock GC
2025-08-27T07:21:40.0095749Z Threads: 1 default, 1 interactive, 1 GC (on 4 virtual cores)
2025-08-27T07:21:40.0606234Z ##[group]Run julia-actions/cache@v1
2025-08-27T07:21:40.0606617Z with:
2025-08-27T07:21:40.0606863Z   cache-name: julia-cache;workflow=CI;job=test
2025-08-27T07:21:40.0607200Z   include-matrix: true
2025-08-27T07:21:40.0607443Z   cache-artifacts: true
2025-08-27T07:21:40.0607677Z   cache-packages: true
2025-08-27T07:21:40.0607916Z   cache-registries: true
2025-08-27T07:21:40.0608160Z   cache-compiled: true
2025-08-27T07:21:40.0608388Z   cache-scratchspaces: true
2025-08-27T07:21:40.0608660Z   cache-logs: true
2025-08-27T07:21:40.0608872Z   delete-old-caches: true
2025-08-27T07:21:40.0609265Z   token: ***
2025-08-27T07:21:40.0609470Z ##[endgroup]
2025-08-27T07:21:40.0790415Z ##[group]Run if [ -n "" ]; then
2025-08-27T07:21:40.0790713Z [36;1mif [ -n "" ]; then[0m
2025-08-27T07:21:40.0790919Z [36;1m    depot=""[0m
2025-08-27T07:21:40.0791139Z [36;1melif [ -n "$JULIA_DEPOT_PATH" ]; then[0m
2025-08-27T07:21:40.0791410Z [36;1m    # Use the first depot path[0m
2025-08-27T07:21:40.0791759Z [36;1m    depot=$(echo $JULIA_DEPOT_PATH | cut -d$PATH_DELIMITER -f1)[0m
2025-08-27T07:21:40.0792048Z [36;1melse[0m
2025-08-27T07:21:40.0792215Z [36;1m    depot="~/.julia"[0m
2025-08-27T07:21:40.0792401Z [36;1mfi[0m
2025-08-27T07:21:40.0792591Z [36;1mecho "depot=$depot" | tee -a "$GITHUB_OUTPUT"[0m
2025-08-27T07:21:40.0792833Z [36;1m[0m
2025-08-27T07:21:40.0792978Z [36;1mcache_paths=()[0m
2025-08-27T07:21:40.0793194Z [36;1martifacts_path="${depot}/artifacts"[0m
2025-08-27T07:21:40.0793480Z [36;1m[ "true" = "true" ] && cache_paths+=("$artifacts_path")[0m
2025-08-27T07:21:40.0793764Z [36;1mpackages_path="${depot}/packages"[0m
2025-08-27T07:21:40.0794037Z [36;1m[ "true" = "true" ] && cache_paths+=("$packages_path")[0m
2025-08-27T07:21:40.0794316Z [36;1mregistries_path="${depot}/registries"[0m
2025-08-27T07:21:40.0794557Z [36;1mif [ "true" = "true" ]; then[0m
2025-08-27T07:21:40.0794804Z [36;1m    if [ ! -d "${registries_path/#\~/$HOME}" ]; then[0m
2025-08-27T07:21:40.0795083Z [36;1m        cache_paths+=("$registries_path")[0m
2025-08-27T07:21:40.0795315Z [36;1m    else[0m
2025-08-27T07:21:40.0796083Z [36;1m        echo "::warning::Julia depot registries already exist. Skipping restoring of cached registries to avoid potential merge conflicts when updating. Please ensure that \`julia-actions/cache\` precedes any workflow steps which add registries."[0m
2025-08-27T07:21:40.0796903Z [36;1m    fi[0m
2025-08-27T07:21:40.0797262Z [36;1mfi[0m
2025-08-27T07:21:40.0797432Z [36;1mcompiled_path="${depot}/compiled"[0m
2025-08-27T07:21:40.0797709Z [36;1m[ "true" = "true" ] && cache_paths+=("$compiled_path")[0m
2025-08-27T07:21:40.0798010Z [36;1mscratchspaces_path="${depot}/scratchspaces"[0m
2025-08-27T07:21:40.0798307Z [36;1m[ "true" = "true" ] && cache_paths+=("$scratchspaces_path")[0m
2025-08-27T07:21:40.0798581Z [36;1mlogs_path="${depot}/logs"[0m
2025-08-27T07:21:40.0798827Z [36;1m[ "true" = "true" ] && cache_paths+=("$logs_path")[0m
2025-08-27T07:21:40.0799058Z [36;1m{[0m
2025-08-27T07:21:40.0799220Z [36;1m    echo "cache-paths<<EOF"[0m
2025-08-27T07:21:40.0799446Z [36;1m    printf "%s\n" "${cache_paths[@]}"[0m
2025-08-27T07:21:40.0799675Z [36;1m    echo "EOF"[0m
2025-08-27T07:21:40.0799863Z [36;1m} | tee -a "$GITHUB_OUTPUT"[0m
2025-08-27T07:21:40.0816308Z shell: C:\Program Files\Git\bin\bash.EXE --noprofile --norc -e -o pipefail {0}
2025-08-27T07:21:40.0816658Z env:
2025-08-27T07:21:40.0816833Z   PATH_DELIMITER: ;
2025-08-27T07:21:40.0817012Z ##[endgroup]
2025-08-27T07:21:40.2768963Z depot=~/.julia
2025-08-27T07:21:40.3070759Z cache-paths<<EOF
2025-08-27T07:21:40.3071091Z ~/.julia/artifacts
2025-08-27T07:21:40.3071602Z ~/.julia/packages
2025-08-27T07:21:40.3071869Z ~/.julia/registries
2025-08-27T07:21:40.3072140Z ~/.julia/compiled
2025-08-27T07:21:40.3072429Z ~/.julia/scratchspaces
2025-08-27T07:21:40.3072716Z ~/.julia/logs
2025-08-27T07:21:40.3072960Z EOF
2025-08-27T07:21:40.3277721Z ##[group]Run # `matrix_key` joins all of matrix keys/values (including nested objects) to ensure that concurrent runs each use a unique cache key.
2025-08-27T07:21:40.3278720Z [36;1m# `matrix_key` joins all of matrix keys/values (including nested objects) to ensure that concurrent runs each use a unique cache key.[0m
2025-08-27T07:21:40.3279389Z [36;1m# When `matrix` isn't set for the job then `MATRIX_JSON=null`.[0m
2025-08-27T07:21:40.3279826Z [36;1mif [ "true" == "true" ] && [ "$MATRIX_JSON" != "null" ]; then[0m
2025-08-27T07:21:40.3280416Z [36;1m  matrix_key=$(echo "$MATRIX_JSON" | jq 'paths(type != "object") as $p | ($p | join("-")) + "=" + (getpath($p) | tostring)' | jq -rs 'join(";") | . + ";"')[0m
2025-08-27T07:21:40.3280944Z [36;1mfi[0m
2025-08-27T07:21:40.3281323Z [36;1mrestore_key="julia-cache;workflow=CI;job=test;os=Windows;${matrix_key}"[0m
2025-08-27T07:21:40.3281744Z [36;1m# URL encode any restricted characters:[0m
2025-08-27T07:21:40.3282372Z [36;1m# https://github.com/actions/toolkit/blob/5430c5d84832076372990c7c27f900878ff66dc9/packages/cache/src/cache.ts#L38-L43[0m
2025-08-27T07:21:40.3283031Z [36;1mrestore_key=$(sed 's/,/%2C/g' <<<"${restore_key}")[0m
2025-08-27T07:21:40.3283387Z [36;1mkey="${restore_key}run_id=17260080498;run_attempt=1"[0m
2025-08-27T07:21:40.3283768Z [36;1mecho "restore-key=${restore_key}" >> $GITHUB_OUTPUT[0m
2025-08-27T07:21:40.3284074Z [36;1mecho "key=${key}" >> $GITHUB_OUTPUT[0m
2025-08-27T07:21:40.3295633Z shell: C:\Program Files\Git\bin\bash.EXE --noprofile --norc -e -o pipefail {0}
2025-08-27T07:21:40.3295995Z env:
2025-08-27T07:21:40.3296261Z   MATRIX_JSON: {
  "version": "nightly",
  "os": "windows-latest",
  "arch": "x64"
}
2025-08-27T07:21:40.3296594Z ##[endgroup]
2025-08-27T07:21:40.6013861Z ##[group]Run actions/cache@4d4ae6ae148a43d0fd1eda1800170683e9882738
2025-08-27T07:21:40.6014371Z with:
2025-08-27T07:21:40.6015113Z   path: ~/.julia/artifacts
~/.julia/packages
~/.julia/registries
~/.julia/compiled
~/.julia/scratchspaces
~/.julia/logs

2025-08-27T07:21:40.6016396Z   key: julia-cache;workflow=CI;job=test;os=Windows;version=nightly;os=windows-latest;arch=x64;run_id=17260080498;run_attempt=1
2025-08-27T07:21:40.6017541Z   restore-keys: julia-cache;workflow=CI;job=test;os=Windows;version=nightly;os=windows-latest;arch=x64;
2025-08-27T07:21:40.6018266Z   enableCrossOsArchive: false
2025-08-27T07:21:40.6018614Z   fail-on-cache-miss: false
2025-08-27T07:21:40.6018932Z   lookup-only: false
2025-08-27T07:21:40.6019215Z ##[endgroup]
2025-08-27T07:21:41.0802603Z ##[warning]Failed to restore: Cache service responded with 400
2025-08-27T07:21:41.0803787Z Cache not found for input keys: julia-cache;workflow=CI;job=test;os=Windows;version=nightly;os=windows-latest;arch=x64;run_id=17260080498;run_attempt=1, julia-cache;workflow=CI;job=test;os=Windows;version=nightly;os=windows-latest;arch=x64;
2025-08-27T07:21:41.0974652Z ##[group]Run mkdir -p ~/.julia
2025-08-27T07:21:41.0974906Z [36;1mmkdir -p ~/.julia[0m
2025-08-27T07:21:41.0975139Z [36;1mdu -shc ~/.julia/* || true[0m
2025-08-27T07:21:41.0986554Z shell: C:\Program Files\Git\bin\bash.EXE --noprofile --norc -e -o pipefail {0}
2025-08-27T07:21:41.0986906Z ##[endgroup]
2025-08-27T07:21:41.1855964Z du: cannot access '/c/Users/runneradmin/.julia/*': No such file or directory
2025-08-27T07:21:41.1856934Z 0	total
2025-08-27T07:21:41.1999853Z ##[group]Run pyTooling/Actions/with-post-step@adef08d3bdef092282614f3b683897cefae82ee3
2025-08-27T07:21:41.2000211Z with:
2025-08-27T07:21:41.2000370Z   main: echo ""
2025-08-27T07:21:41.2000979Z   post: cd %GITHUB_ACTION_PATH% && julia handle_caches.jl rm "bakulev/JuliaTestRocket" "julia-cache;workflow=CI;job=test;os=Windows;version=nightly;os=windows-latest;arch=x64;" "refs/heads/main" "true"
2025-08-27T07:21:41.2001705Z   key: POST
2025-08-27T07:21:41.2001846Z env:
2025-08-27T07:21:41.2002373Z   GH_TOKEN: ***
2025-08-27T07:21:41.2002547Z ##[endgroup]
2025-08-27T07:21:41.2473493Z ""
2025-08-27T07:21:41.2632148Z ##[group]Run echo "cache-hit=$CACHE_HIT" >> $GITHUB_OUTPUT
2025-08-27T07:21:41.2632534Z [36;1mecho "cache-hit=$CACHE_HIT" >> $GITHUB_OUTPUT[0m
2025-08-27T07:21:41.2643570Z shell: C:\Program Files\Git\bin\bash.EXE --noprofile --norc -e -o pipefail {0}
2025-08-27T07:21:41.2643901Z env:
2025-08-27T07:21:41.2644034Z   CACHE_HIT: 
2025-08-27T07:21:41.2644188Z ##[endgroup]
2025-08-27T07:21:41.3072818Z ##[group]Run julia --project=. -e "
2025-08-27T07:21:41.3073193Z [36;1mjulia --project=. -e "[0m
2025-08-27T07:21:41.3073434Z [36;1m  using Pkg[0m
2025-08-27T07:21:41.3073612Z [36;1m  Pkg.instantiate()[0m
2025-08-27T07:21:41.3073816Z [36;1m  Pkg.precompile()[0m
2025-08-27T07:21:41.3074006Z [36;1m"[0m
2025-08-27T07:21:41.3084958Z shell: C:\Program Files\Git\bin\bash.EXE --noprofile --norc -e -o pipefail {0}
2025-08-27T07:21:41.3085301Z ##[endgroup]
2025-08-27T07:21:42.7212262Z   Installing known registries into `C:\Users\runneradmin\.julia`
2025-08-27T07:21:44.4548908Z        Added `General` registry to C:\Users\runneradmin\.julia\registries
2025-08-27T07:21:46.8063335Z    Installed StaticArraysCore ─ v1.4.3
2025-08-27T07:21:46.8614127Z    Installed Observables ────── v0.5.5
2025-08-27T07:21:46.8648794Z    Installed StaticArrays ───── v1.9.14
2025-08-27T07:21:46.8669639Z    Installed PrecompileTools ── v1.3.2
2025-08-27T07:21:46.8711444Z    Installed Preferences ────── v1.5.0
2025-08-27T07:21:47.4846401Z     Updating `D:\a\JuliaTestRocket\JuliaTestRocket\Project.toml`
2025-08-27T07:21:47.4857225Z   [510215fc] + Observables v0.5.5
2025-08-27T07:21:47.4859767Z   [90137ffa] + StaticArrays v1.9.14
2025-08-27T07:21:47.4879677Z   [ade2ca70] ~ Dates ⇒ v1.11.0
2025-08-27T07:21:47.4896418Z   [56ddb016] ~ Logging ⇒ v1.11.0
2025-08-27T07:21:47.4902693Z     Updating `D:\a\JuliaTestRocket\JuliaTestRocket\Manifest.toml`
2025-08-27T07:21:47.4971298Z   [510215fc] + Observables v0.5.5
2025-08-27T07:21:47.4974376Z   [aea7be01] + PrecompileTools v1.3.2
2025-08-27T07:21:47.4977181Z   [21216c6a] + Preferences v1.5.0
2025-08-27T07:21:47.4980020Z   [90137ffa] + StaticArrays v1.9.14
2025-08-27T07:21:47.4982916Z   [1e83bf80] + StaticArraysCore v1.4.3
2025-08-27T07:21:47.4999837Z   [56f22d72] + Artifacts v1.11.0
2025-08-27T07:21:47.5015716Z   [ade2ca70] ~ Dates ⇒ v1.11.0
2025-08-27T07:21:47.5031435Z   [8f399da3] + Libdl v1.11.0
2025-08-27T07:21:47.5047131Z   [37e2e46d] + LinearAlgebra v1.13.0
2025-08-27T07:21:47.5064397Z   [56ddb016] ~ Logging ⇒ v1.11.0
2025-08-27T07:21:47.5080840Z   [de0858da] + Printf v1.11.0
2025-08-27T07:21:47.5097354Z   [9a3f8284] + Random v1.11.0
2025-08-27T07:21:47.5122774Z   [ea8e919c] + SHA v0.7.0
2025-08-27T07:21:47.5140194Z   [fa267f1f] + TOML v1.0.3
2025-08-27T07:21:47.5142665Z   [4ec0a83e] + Unicode v1.11.0
2025-08-27T07:21:47.5161401Z   [e66e0078] + CompilerSupportLibraries_jll v1.3.0+1
2025-08-27T07:21:47.5178964Z   [4536629a] + OpenBLAS_jll v0.3.29+0
2025-08-27T07:21:47.5197368Z   [8e850b90] + libblastrampoline_jll v5.13.1+0
2025-08-27T07:21:47.5824968Z Precompiling packages...
2025-08-27T07:21:48.2956675Z     712.8 ms  ✓ StaticArraysCore
2025-08-27T07:21:48.3535691Z     720.0 ms  ✓ Observables
2025-08-27T07:21:49.8586020Z    2237.6 ms  ✓ Preferences
2025-08-27T07:21:50.3596339Z     500.7 ms  ✓ PrecompileTools
2025-08-27T07:21:58.1126999Z    7752.5 ms  ✓ StaticArrays
2025-08-27T07:22:00.4383694Z    2325.2 ms  ✓ PointController
2025-08-27T07:22:00.4385362Z   6 dependencies successfully precompiled in 13 seconds. 5 already precompiled.
2025-08-27T07:22:00.6689895Z ##[group]Run julia --project=. -e "
2025-08-27T07:22:00.6690303Z [36;1mjulia --project=. -e "[0m
2025-08-27T07:22:00.6690525Z [36;1m  using Pkg[0m
2025-08-27T07:22:00.6690756Z [36;1m  # Use CairoMakie for CI (no display required)[0m
2025-08-27T07:22:00.6691023Z [36;1m  Pkg.add(\"CairoMakie\")[0m
2025-08-27T07:22:00.6691241Z [36;1m  using CairoMakie[0m
2025-08-27T07:22:00.6691440Z [36;1m  CairoMakie.activate!()[0m
2025-08-27T07:22:00.6691656Z [36;1m  Pkg.test(coverage=true)[0m
2025-08-27T07:22:00.6691847Z [36;1m"[0m
2025-08-27T07:22:00.6702567Z shell: C:\Program Files\Git\bin\bash.EXE --noprofile --norc -e -o pipefail {0}
2025-08-27T07:22:00.6702896Z env:
2025-08-27T07:22:00.6703045Z   JULIA_NUM_THREADS: 2
2025-08-27T07:22:00.6703209Z ##[endgroup]
2025-08-27T07:22:02.1287669Z    Resolving package versions...
2025-08-27T07:22:05.9248587Z    Installed Formatting ────────────────── v0.4.3
2025-08-27T07:22:06.0296773Z    Installed libaom_jll ────────────────── v3.12.1+0
2025-08-27T07:22:06.0346634Z    Installed ImageIO ───────────────────── v0.6.9
2025-08-27T07:22:06.0399225Z    Installed MosaicViews ───────────────── v0.3.4
2025-08-27T07:22:06.0520735Z    Installed Libuuid_jll ───────────────── v2.41.1+0
2025-08-27T07:22:06.0539648Z    Installed libass_jll ────────────────── v0.17.4+0
2025-08-27T07:22:06.0540330Z    Installed HarfBuzz_jll ──────────────── v8.5.1+0
2025-08-27T07:22:06.0576377Z    Installed PolygonOps ────────────────── v0.1.2
2025-08-27T07:22:06.3953742Z    Installed MKL_jll ───────────────────── v2025.2.0+0
2025-08-27T07:22:06.4153915Z    Installed Libtiff_jll ───────────────── v4.7.1+0
2025-08-27T07:22:06.5657787Z    Installed Cairo_jll ─────────────────── v1.18.5+0
2025-08-27T07:22:06.6818584Z    Installed Bzip2_jll ─────────────────── v1.0.9+0
2025-08-27T07:22:06.7302715Z    Installed Extents ───────────────────── v0.1.6
2025-08-27T07:22:06.8055900Z    Installed Graphite2_jll ─────────────── v1.3.15+0
2025-08-27T07:22:06.8350927Z    Installed OrderedCollections ────────── v1.8.1
2025-08-27T07:22:07.3865326Z    Installed Fontconfig_jll ────────────── v2.17.1+0
2025-08-27T07:22:07.3954389Z    Installed Giflib_jll ────────────────── v5.2.3+0
2025-08-27T07:22:07.4651352Z    Installed QuadGK ────────────────────── v2.11.2
2025-08-27T07:22:07.5004913Z    Installed Optim ─────────────────────── v1.13.2
2025-08-27T07:22:07.5065734Z    Installed NaNMath ───────────────────── v1.1.3
2025-08-27T07:22:07.5133284Z    Installed Graphics ──────────────────── v1.1.3
2025-08-27T07:22:07.5403644Z    Installed FileIO ────────────────────── v1.17.0
2025-08-27T07:22:07.5455001Z    Installed AbstractLattices ──────────── v0.3.1
2025-08-27T07:22:07.8152000Z    Installed OpenSpecFun_jll ───────────── v0.5.6+0
2025-08-27T07:22:08.1499216Z    Installed Opus_jll ──────────────────── v1.5.2+0
2025-08-27T07:22:08.1551098Z    Installed Xorg_libxcb_jll ───────────── v1.17.1+0
2025-08-27T07:22:08.1656508Z    Installed WoodburyMatrices ──────────── v1.0.0
2025-08-27T07:22:08.1892811Z    Installed Ogg_jll ───────────────────── v1.3.6+0
2025-08-27T07:22:08.1999502Z    Installed EnumX ─────────────────────── v1.0.5
2025-08-27T07:22:08.2024341Z    Installed Tables ────────────────────── v1.12.1
2025-08-27T07:22:08.2075221Z    Installed SimplePolynomials ─────────── v0.2.18
2025-08-27T07:22:08.6468815Z    Installed NLSolversBase ─────────────── v7.10.0
2025-08-27T07:22:08.6590162Z    Installed LZO_jll ───────────────────── v2.10.3+0
2025-08-27T07:22:09.0414492Z    Installed LERC_jll ──────────────────── v4.0.1+0
2025-08-27T07:22:09.0466447Z    Installed Missings ──────────────────── v1.2.0
2025-08-27T07:22:09.0533368Z    Installed Reexport ──────────────────── v1.2.2
2025-08-27T07:22:09.0834521Z    Installed TableTraits ───────────────── v1.0.1
2025-08-27T07:22:09.1185388Z    Installed SortingAlgorithms ─────────── v1.2.2
2025-08-27T07:22:09.1522275Z    Installed Polynomials ───────────────── v4.0.21
2025-08-27T07:22:09.4276929Z    Installed Imath_jll ─────────────────── v3.1.11+0
2025-08-27T07:22:09.4859207Z    Installed LLVMOpenMP_jll ────────────── v18.1.8+0
2025-08-27T07:22:10.1273565Z    Installed LaTeXStrings ──────────────── v1.4.0
2025-08-27T07:22:10.1360130Z    Installed MappedArrays ──────────────── v0.4.2
2025-08-27T07:22:10.1440246Z    Installed Grisu ─────────────────────── v1.0.2
2025-08-27T07:22:10.1547588Z    Installed RangeArrays ───────────────── v0.3.2
2025-08-27T07:22:10.1640429Z    Installed UnPack ────────────────────── v1.0.2
2025-08-27T07:22:10.5532619Z    Installed CRlibm ────────────────────── v1.0.2
2025-08-27T07:22:10.7101701Z    Installed ADTypes ───────────────────── v1.17.0
2025-08-27T07:22:10.8083655Z    Installed Inflate ───────────────────── v0.1.5
2025-08-27T07:22:10.8529728Z    Installed DataStructures ────────────── v0.18.22
2025-08-27T07:22:10.8569000Z    Installed MacroTools ────────────────── v0.5.16
2025-08-27T07:22:10.8643695Z    Installed ColorBrewer ───────────────── v0.4.1
2025-08-27T07:22:10.8732639Z    Installed MathTeXEngine ─────────────── v0.5.7
2025-08-27T07:22:10.9027899Z    Installed DiffResults ───────────────── v1.1.0
2025-08-27T07:22:11.0517349Z    Installed FillArrays ────────────────── v1.13.0
2025-08-27T07:22:11.5242895Z    Installed AbstractTrees ─────────────── v0.4.5
2025-08-27T07:22:11.6226356Z    Installed MakieCore ─────────────────── v0.6.9
2025-08-27T07:22:11.6392104Z    Installed Packing ───────────────────── v0.5.1
2025-08-27T07:22:11.6431444Z    Installed OpenEXR_jll ───────────────── v3.2.4+0
2025-08-27T07:22:11.7614607Z    Installed LazyModules ───────────────── v0.3.1
2025-08-27T07:22:11.8143125Z    Installed oneTBB_jll ────────────────── v2022.0.0+0
2025-08-27T07:22:12.0982231Z    Installed Cairo ─────────────────────── v1.1.1
2025-08-27T07:22:12.2015506Z    Installed StatsBase ─────────────────── v0.34.6
2025-08-27T07:22:12.2327125Z    Installed x264_jll ──────────────────── v10164.0.1+0
2025-08-27T07:22:12.2383822Z    Installed UnicodeFun ────────────────── v0.4.1
2025-08-27T07:22:12.2774823Z    Installed Xorg_libXau_jll ───────────── v1.0.13+0
2025-08-27T07:22:12.2995967Z    Installed ArrayInterface ────────────── v7.19.0
2025-08-27T07:22:12.3047665Z    Installed IntelOpenMP_jll ───────────── v2025.2.0+0
2025-08-27T07:22:12.3077759Z    Installed CairoMakie ────────────────── v0.10.12
2025-08-27T07:22:12.4761026Z    Installed CEnum ─────────────────────── v0.5.0
2025-08-27T07:22:12.4874605Z    Installed DataValueInterfaces ───────── v1.0.0
2025-08-27T07:22:12.6821384Z    Installed Pixman_jll ────────────────── v0.44.2+0
2025-08-27T07:22:12.6926470Z    Installed CommonSubexpressions ──────── v0.3.1
2025-08-27T07:22:12.6964385Z    Installed Libffi_jll ────────────────── v3.4.7+0
2025-08-27T07:22:12.7166155Z    Installed Expat_jll ─────────────────── v2.7.1+0
2025-08-27T07:22:12.7240407Z    Installed IrrationalConstants ───────── v0.2.4
2025-08-27T07:22:12.8856766Z    Installed Contour ───────────────────── v0.6.3
2025-08-27T07:22:13.0340478Z    Installed isoband_jll ───────────────── v0.2.3+0
2025-08-27T07:22:13.2609422Z    Installed libpng_jll ────────────────── v1.6.50+0
2025-08-27T07:22:13.3068765Z    Installed RoundingEmulator ──────────── v0.2.1
2025-08-27T07:22:13.3203485Z    Installed IntegerMathUtils ──────────── v0.1.3
2025-08-27T07:22:13.3272989Z    Installed SimpleTraits ──────────────── v0.9.5
2025-08-27T07:22:13.3937931Z    Installed ColorVectorSpace ──────────── v0.10.0
2025-08-27T07:22:13.4380338Z    Installed ImageMetadata ─────────────── v0.9.10
2025-08-27T07:22:13.5811595Z    Installed StableRNGs ────────────────── v1.0.3
2025-08-27T07:22:13.5917546Z    Installed Interpolations ────────────── v0.16.2
2025-08-27T07:22:13.6887145Z    Installed libfdk_aac_jll ────────────── v2.0.4+0
2025-08-27T07:22:13.7163709Z    Installed libsixel_jll ──────────────── v1.10.5+0
2025-08-27T07:22:13.8171200Z    Installed PikaParser ────────────────── v0.6.1
2025-08-27T07:22:14.3796329Z    Installed Scratch ───────────────────── v1.3.0
2025-08-27T07:22:14.6547889Z    Installed libwebp_jll ───────────────── v1.6.0+0
2025-08-27T07:22:14.6621002Z    Installed FFMPEG_jll ────────────────── v7.1.1+0
2025-08-27T07:22:14.7207313Z    Installed Setfield ──────────────────── v1.1.2
2025-08-27T07:22:14.7231449Z    Installed ShaderAbstractions ────────── v0.4.1
2025-08-27T07:22:14.9326985Z    Installed CRlibm_jll ────────────────── v1.0.1+0
2025-08-27T07:22:15.2063628Z    Installed PDMats ────────────────────── v0.11.35
2025-08-27T07:22:15.2132231Z    Installed WeakKeyIdDicts ────────────── v0.1.0
2025-08-27T07:22:15.2467032Z    Installed ImageCore ─────────────────── v0.10.5
2025-08-27T07:22:15.5935551Z    Installed AxisArrays ────────────────── v0.4.7
2025-08-27T07:22:15.7243355Z    Installed PNGFiles ──────────────────── v0.4.4
2025-08-27T07:22:16.3017581Z    Installed DocStringExtensions ───────── v0.9.5
2025-08-27T07:22:17.8745670Z    Installed JpegTurbo ─────────────────── v0.1.6
2025-08-27T07:22:18.6042132Z    Installed ColorSchemes ──────────────── v3.30.0
2025-08-27T07:22:18.6103843Z    Installed StableHashTraits ──────────── v1.3.4
2025-08-27T07:22:18.6169457Z    Installed ForwardDiff ───────────────── v1.1.0
2025-08-27T07:22:18.6272221Z    Installed Multisets ─────────────────── v0.4.5
2025-08-27T07:22:18.6452799Z    Installed FreeType ──────────────────── v4.1.1
2025-08-27T07:22:18.7294722Z    Installed Rmath_jll ─────────────────── v0.5.1+0
2025-08-27T07:22:19.0346697Z    Installed OpenBLASConsistentFPCSR_jll ─ v0.3.29+0
2025-08-27T07:22:19.0783137Z    Installed LightXML ──────────────────── v0.9.2
2025-08-27T07:22:19.1088668Z    Installed DifferentiationInterface ──── v0.7.7
2025-08-27T07:22:19.1417103Z    Installed StackViews ────────────────── v0.1.2
2025-08-27T07:22:19.1599141Z    Installed KernelDensity ─────────────── v0.6.10
2025-08-27T07:22:19.1635428Z    Installed RelocatableFolders ────────── v1.0.1
2025-08-27T07:22:19.1690799Z    Installed PkgVersion ────────────────── v0.3.3
2025-08-27T07:22:19.5016849Z    Installed Combinatorics ─────────────── v1.0.3
2025-08-27T07:22:19.5091065Z    Installed AliasTables ───────────────── v1.1.3
2025-08-27T07:22:19.6547910Z    Installed RecipesBase ───────────────── v1.3.4
2025-08-27T07:22:19.6631568Z    Installed SIMD ──────────────────────── v3.7.1
2025-08-27T07:22:19.6695060Z    Installed IteratorInterfaceExtensions ─ v1.0.0
2025-08-27T07:22:19.6714484Z    Installed Netpbm ────────────────────── v1.1.1
2025-08-27T07:22:19.6797701Z    Installed DataAPI ───────────────────── v1.16.0
2025-08-27T07:22:20.2539815Z    Installed ImageAxes ─────────────────── v0.6.12
2025-08-27T07:22:20.2582251Z    Installed Mods ──────────────────────── v2.2.6
2025-08-27T07:22:20.3771204Z    Installed QOI ───────────────────────── v1.0.1
2025-08-27T07:22:20.3875629Z    Installed ColorTypes ────────────────── v0.11.5
2025-08-27T07:22:20.3917143Z    Installed Colors ────────────────────── v0.12.11
2025-08-27T07:22:20.4036833Z    Installed AbstractFFTs ──────────────── v1.5.0
2025-08-27T07:22:20.4064513Z    Installed Libglvnd_jll ──────────────── v1.7.1+1
2025-08-27T07:22:20.8504970Z    Installed AxisAlgorithms ────────────── v1.1.0
2025-08-27T07:22:21.4313058Z    Installed Glib_jll ──────────────────── v2.84.3+0
2025-08-27T07:22:21.9136165Z    Installed BaseDirs ──────────────────── v1.3.2
2025-08-27T07:22:21.9245915Z    Installed Requires ──────────────────── v1.3.1
2025-08-27T07:22:21.9409693Z    Installed LogExpFunctions ───────────── v0.3.29
2025-08-27T07:22:21.9497221Z    Installed SimplePartitions ──────────── v0.3.3
2025-08-27T07:22:22.8340033Z    Installed DiffRules ─────────────────── v1.15.1
2025-08-27T07:22:22.9826947Z    Installed Parsers ───────────────────── v2.8.3
2025-08-27T07:22:23.0009588Z    Installed JSON ──────────────────────── v0.21.4
2025-08-27T07:22:23.0073755Z    Installed Rmath ─────────────────────── v0.8.0
2025-08-27T07:22:23.0324829Z    Installed FreeTypeAbstraction ───────── v0.10.8
2025-08-27T07:22:23.1028843Z    Installed FiniteDiff ────────────────── v2.28.1
2025-08-27T07:22:23.1406027Z    Installed Distributions ─────────────── v0.25.120
2025-08-27T07:22:23.8860432Z    Installed GeoFormatTypes ────────────── v0.4.4
2025-08-27T07:22:24.8901621Z    Installed Xorg_libXdmcp_jll ─────────── v1.1.6+0
2025-08-27T07:22:24.8992466Z    Installed StatsFuns ─────────────────── v1.5.0
2025-08-27T07:22:24.9041203Z    Installed GridLayoutBase ────────────── v0.9.2
2025-08-27T07:22:24.9137156Z    Installed SignedDistanceFields ──────── v0.4.0
2025-08-27T07:22:24.9268368Z    Installed JLLWrappers ───────────────── v1.7.1
2025-08-27T07:22:24.9331134Z    Installed OpenEXR ───────────────────── v0.3.3
2025-08-27T07:22:25.6845342Z    Installed XZ_jll ────────────────────── v5.8.1+0
2025-08-27T07:22:25.8754588Z    Installed x265_jll ──────────────────── v4.1.0+0
2025-08-27T07:22:25.8841883Z    Installed GeometryBasics ────────────── v0.4.11
2025-08-27T07:22:25.9345887Z    Installed Primes ────────────────────── v0.5.7
2025-08-27T07:22:25.9801518Z    Installed StructTypes ───────────────── v1.11.0
2025-08-27T07:22:25.9904352Z    Installed ExactPredicates ───────────── v2.2.8
2025-08-27T07:22:26.8749994Z    Installed Pango_jll ─────────────────── v1.56.3+0
2025-08-27T07:22:27.3665377Z    Installed IterTools ─────────────────── v1.10.0
2025-08-27T07:22:27.4010858Z    Installed Xorg_xtrans_jll ───────────── v1.6.0+0
2025-08-27T07:22:27.4131931Z    Installed JpegTurbo_jll ─────────────── v3.1.2+0
2025-08-27T07:22:27.4398359Z    Installed PaddedViews ───────────────── v0.5.12
2025-08-27T07:22:27.5009158Z    Installed TiffImages ────────────────── v0.11.6
2025-08-27T07:22:27.5163109Z    Installed Makie ─────────────────────── v0.19.12
2025-08-27T07:22:27.6338877Z    Installed Adapt ─────────────────────── v4.3.0
2025-08-27T07:22:28.1092910Z    Installed TriplotBase ───────────────── v0.1.0
2025-08-27T07:22:28.1216652Z    Installed Libmount_jll ──────────────── v2.41.1+0
2025-08-27T07:22:28.1341735Z    Installed ConstructionBase ──────────── v1.6.0
2025-08-27T07:22:28.3612245Z    Installed HypergeometricFunctions ───── v0.3.28
2025-08-27T07:22:28.3666444Z    Installed DelaunayTriangulation ─────── v0.8.12
2025-08-27T07:22:28.4396695Z    Installed RingLists ─────────────────── v0.2.9
2025-08-27T07:22:28.4421096Z    Installed LinearAlgebraX ────────────── v0.2.10
2025-08-27T07:22:28.5894470Z    Installed TranscodingStreams ────────── v0.11.3
2025-08-27T07:22:28.6195928Z    Installed Xorg_libX11_jll ───────────── v1.8.12+0
2025-08-27T07:22:29.3366631Z    Installed Sixel ─────────────────────── v0.1.5
2025-08-27T07:22:29.3951047Z    Installed PlotUtils ─────────────────── v1.4.3
2025-08-27T07:22:29.3992825Z    Installed Compat ────────────────────── v4.18.0
2025-08-27T07:22:29.5174876Z    Installed TensorCore ────────────────── v0.1.1
2025-08-27T07:22:29.6175813Z    Installed EarCut_jll ────────────────── v2.2.4+0
2025-08-27T07:22:29.6399046Z    Installed Statistics ────────────────── v1.11.1
2025-08-27T07:22:29.8105962Z    Installed PositiveFactorizations ────── v0.2.4
2025-08-27T07:22:29.8309307Z    Installed ImageBase ─────────────────── v0.1.7
2025-08-27T07:22:29.8777828Z    Installed StatsAPI ──────────────────── v1.7.1
2025-08-27T07:22:29.8877956Z    Installed StructArrays ──────────────── v0.6.21
2025-08-27T07:22:30.3703023Z    Installed ProgressMeter ─────────────── v1.11.0
2025-08-27T07:22:30.6713135Z    Installed OffsetArrays ──────────────── v1.17.0
2025-08-27T07:22:30.6815104Z    Installed WebP ──────────────────────── v0.1.3
2025-08-27T07:22:30.6904482Z    Installed TupleTools ────────────────── v1.6.0
2025-08-27T07:22:30.7222683Z    Installed GettextRuntime_jll ────────── v0.22.4+0
2025-08-27T07:22:30.7290519Z    Installed Ratios ────────────────────── v0.4.5
2025-08-27T07:22:30.7377156Z    Installed Animations ────────────────── v0.4.2
2025-08-27T07:22:30.7441207Z    Installed ChainRulesCore ────────────── v1.26.0
2025-08-27T07:22:31.1208560Z    Installed FriBidi_jll ───────────────── v1.0.17+0
2025-08-27T07:22:31.3137947Z    Installed LAME_jll ──────────────────── v3.100.3+0
2025-08-27T07:22:31.4899194Z    Installed Xorg_libXrender_jll ───────── v0.9.12+0
2025-08-27T07:22:31.5519065Z    Installed Isoband ───────────────────── v0.1.1
2025-08-27T07:22:31.6306520Z    Installed Parameters ────────────────── v0.12.3
2025-08-27T07:22:31.6558136Z    Installed libvorbis_jll ─────────────── v1.3.8+0
2025-08-27T07:22:31.6727905Z    Installed PtrArrays ─────────────────── v1.3.0
2025-08-27T07:22:31.6845396Z    Installed IntervalArithmetic ────────── v0.22.36
2025-08-27T07:22:31.7679917Z    Installed XML2_jll ──────────────────── v2.14.4+0
2025-08-27T07:22:32.0541469Z    Installed SpecialFunctions ──────────── v2.5.1
2025-08-27T07:22:32.4994398Z    Installed IntervalSets ──────────────── v0.7.11
2025-08-27T07:22:32.5216659Z    Installed Showoff ───────────────────── v1.0.3
2025-08-27T07:22:32.5341998Z    Installed FixedPointNumbers ─────────── v0.8.5
2025-08-27T07:22:32.5529099Z    Installed FreeType2_jll ─────────────── v2.13.4+0
2025-08-27T07:22:32.5586228Z    Installed FFTW_jll ──────────────────── v3.3.11+0
2025-08-27T07:22:32.6293633Z    Installed FFTW ──────────────────────── v1.9.0
2025-08-27T07:22:32.6491911Z    Installed Permutations ──────────────── v0.4.23
2025-08-27T07:22:32.6514427Z    Installed Libiconv_jll ──────────────── v1.18.0+0
2025-08-27T07:22:33.4299728Z    Installed LineSearches ──────────────── v7.4.0
2025-08-27T07:22:33.4332858Z    Installed Automa ────────────────────── v1.1.0
2025-08-27T07:22:33.4520457Z    Installed Xorg_libXext_jll ──────────── v1.3.7+0
2025-08-27T07:22:33.4551424Z    Installed IndirectArrays ────────────── v1.0.0
2025-08-27T07:22:33.4944185Z    Installed SimpleRandom ──────────────── v0.3.2
2025-08-27T07:22:33.4958332Z    Installed GeoInterface ──────────────── v1.4.1
2025-08-27T07:22:33.7003607Z    Installed SimpleGraphs ──────────────── v0.8.7
2025-08-27T07:22:34.2592209Z   Installing 45 artifacts
2025-08-27T07:22:35.5192518Z    Installed artifact Pango                   1.9 MiB
2025-08-27T07:22:35.5228908Z    Installed artifact isoband                 59.3 KiB
2025-08-27T07:22:35.5242320Z    Installed artifact x264                    2.5 MiB
2025-08-27T07:22:35.5265403Z    Installed artifact libsixel                463.0 KiB
2025-08-27T07:22:35.5270846Z    Installed artifact EarCut                  115.3 KiB
2025-08-27T07:22:35.5326707Z    Installed artifact FreeType2               1.6 MiB
2025-08-27T07:22:35.5374855Z    Installed artifact Bzip2                   738.3 KiB
2025-08-27T07:22:35.5395991Z    Installed artifact LERC                    292.1 KiB
2025-08-27T07:22:35.9035472Z    Installed artifact FFTW                    2.4 MiB
2025-08-27T07:22:35.9278149Z    Installed artifact Opus                    1.1 MiB
2025-08-27T07:22:35.9360370Z    Installed artifact Pixman                  444.2 KiB
2025-08-27T07:22:35.9465364Z    Installed artifact OpenSpecFun             263.5 KiB
2025-08-27T07:22:36.4169602Z    Installed artifact Expat                   447.2 KiB
2025-08-27T07:22:36.5470406Z    Installed artifact x265                    3.0 MiB
2025-08-27T07:22:36.5555347Z    Installed artifact libwebp                 3.4 MiB
2025-08-27T07:22:37.0942115Z    Installed artifact libvorbis               355.2 KiB
2025-08-27T07:22:37.1001059Z    Installed artifact Giflib                  407.6 KiB
2025-08-27T07:22:37.2330709Z    Installed artifact libfdk_aac              2.9 MiB
2025-08-27T07:22:38.4312379Z    Installed artifact oneTBB                  912.5 KiB
2025-08-27T07:22:38.4474940Z    Installed artifact Libffi                  100.5 KiB
2025-08-27T07:22:39.2396585Z    Installed artifact Ogg                     276.9 KiB
2025-08-27T07:22:39.2423598Z    Installed artifact HarfBuzz                2.8 MiB
2025-08-27T07:22:39.2454784Z    Installed artifact Fontconfig              2.5 MiB
2025-08-27T07:22:39.2523788Z    Installed artifact FFMPEG                  11.5 MiB
2025-08-27T07:22:39.2582586Z    Installed artifact JpegTurbo               1.9 MiB
2025-08-27T07:22:40.2027736Z    Installed artifact Rmath                   202.0 KiB
2025-08-27T07:22:40.2050244Z    Installed artifact XZ                      2.4 MiB
2025-08-27T07:22:40.2080880Z    Installed artifact FriBidi                 140.3 KiB
2025-08-27T07:22:40.2170890Z    Installed artifact Graphite2               226.0 KiB
2025-08-27T07:22:40.3809089Z    Installed artifact Cairo                   2.8 MiB
2025-08-27T07:22:41.7426190Z    Installed artifact GettextRuntime          1.1 MiB
2025-08-27T07:22:41.7478836Z    Installed artifact Glib                    7.5 MiB
2025-08-27T07:22:41.7534408Z    Installed artifact Libiconv                2.0 MiB
2025-08-27T07:22:43.3009659Z    Installed artifact LZO                     242.9 KiB
2025-08-27T07:22:43.3042575Z    Installed artifact Imath                   213.6 KiB
2025-08-27T07:22:43.3074983Z    Installed artifact libpng                  494.5 KiB
2025-08-27T07:22:43.3112959Z    Installed artifact OpenBLASConsistentFPCSR 10.0 MiB
2025-08-27T07:22:43.3293314Z    Installed artifact libass                  509.5 KiB
2025-08-27T07:22:43.3441995Z    Installed artifact LAME                    408.6 KiB
2025-08-27T07:22:43.3971089Z    Installed artifact OpenEXR                 2.5 MiB
2025-08-27T07:22:43.5195902Z    Installed artifact CRlibm                  206.0 KiB
2025-08-27T07:22:43.5228605Z    Installed artifact Libtiff                 3.7 MiB
2025-08-27T07:22:43.8341844Z    Installed artifact LLVMOpenMP              1.1 MiB
2025-08-27T07:22:43.8686049Z    Installed artifact XML2                    2.8 MiB
2025-08-27T07:22:44.0865719Z    Installed artifact libaom                  7.3 MiB
2025-08-27T07:22:44.0941557Z       Compat entries added for 
2025-08-27T07:22:44.7351350Z     Updating `D:\a\JuliaTestRocket\JuliaTestRocket\Project.toml`
2025-08-27T07:22:44.7357343Z ⌅ [13f3f980] + CairoMakie v0.10.12
2025-08-27T07:22:44.7363545Z     Updating `D:\a\JuliaTestRocket\JuliaTestRocket\Manifest.toml`
2025-08-27T07:22:44.7893821Z   [47edcb42] + ADTypes v1.17.0
2025-08-27T07:22:44.7896600Z   [621f4979] + AbstractFFTs v1.5.0
2025-08-27T07:22:44.7899595Z   [398f06c4] + AbstractLattices v0.3.1
2025-08-27T07:22:44.7902110Z   [1520ce14] + AbstractTrees v0.4.5
2025-08-27T07:22:44.7904812Z   [79e6a3ab] + Adapt v4.3.0
2025-08-27T07:22:44.7907558Z   [66dad0bd] + AliasTables v1.1.3
2025-08-27T07:22:44.7910291Z   [27a7e980] + Animations v0.4.2
2025-08-27T07:22:44.7912827Z   [4fba245c] + ArrayInterface v7.19.0
2025-08-27T07:22:44.7915318Z   [67c07d97] + Automa v1.1.0
2025-08-27T07:22:44.7917850Z   [13072b0f] + AxisAlgorithms v1.1.0
2025-08-27T07:22:44.7920433Z   [39de3d68] + AxisArrays v0.4.7
2025-08-27T07:22:44.7922885Z   [18cc8868] + BaseDirs v1.3.2
2025-08-27T07:22:44.7925612Z   [fa961155] + CEnum v0.5.0
2025-08-27T07:22:44.7928368Z   [96374032] + CRlibm v1.0.2
2025-08-27T07:22:44.7931119Z   [159f3aea] + Cairo v1.1.1
2025-08-27T07:22:44.7934141Z ⌅ [13f3f980] + CairoMakie v0.10.12
2025-08-27T07:22:44.7936637Z   [d360d2e6] + ChainRulesCore v1.26.0
2025-08-27T07:22:44.7939130Z   [a2cac450] + ColorBrewer v0.4.1
2025-08-27T07:22:44.7941638Z   [35d6a980] + ColorSchemes v3.30.0
2025-08-27T07:22:44.7944298Z ⌅ [3da002f7] + ColorTypes v0.11.5
2025-08-27T07:22:44.7946838Z ⌃ [c3611d14] + ColorVectorSpace v0.10.0
2025-08-27T07:22:44.7949782Z ⌅ [5ae59095] + Colors v0.12.11
2025-08-27T07:22:44.7952352Z   [861a8166] + Combinatorics v1.0.3
2025-08-27T07:22:44.7954482Z   [bbf7d656] + CommonSubexpressions v0.3.1
2025-08-27T07:22:44.7957146Z   [34da2185] + Compat v4.18.0
2025-08-27T07:22:44.7959704Z   [187b0558] + ConstructionBase v1.6.0
2025-08-27T07:22:44.7962198Z   [d38c429a] + Contour v0.6.3
2025-08-27T07:22:44.7964715Z   [9a962f9c] + DataAPI v1.16.0
2025-08-27T07:22:44.7967528Z ⌅ [864edb3b] + DataStructures v0.18.22
2025-08-27T07:22:44.7970336Z   [e2d170a0] + DataValueInterfaces v1.0.0
2025-08-27T07:22:44.7972936Z ⌅ [927a84f5] + DelaunayTriangulation v0.8.12
2025-08-27T07:22:44.7975481Z   [163ba53b] + DiffResults v1.1.0
2025-08-27T07:22:44.7978195Z   [b552c78f] + DiffRules v1.15.1
2025-08-27T07:22:44.7980998Z   [a0c0ee7d] + DifferentiationInterface v0.7.7
2025-08-27T07:22:44.7983490Z   [31c24e10] + Distributions v0.25.120
2025-08-27T07:22:44.7986185Z   [ffbed154] + DocStringExtensions v0.9.5
2025-08-27T07:22:44.7988562Z   [4e289a0a] + EnumX v1.0.5
2025-08-27T07:22:44.7991317Z   [429591f6] + ExactPredicates v2.2.8
2025-08-27T07:22:44.7993936Z   [411431e0] + Extents v0.1.6
2025-08-27T07:22:44.7996568Z   [7a1cc6ca] + FFTW v1.9.0
2025-08-27T07:22:44.7999232Z   [5789e2e9] + FileIO v1.17.0
2025-08-27T07:22:44.8001916Z   [1a297f60] + FillArrays v1.13.0
2025-08-27T07:22:44.8004810Z   [6a86dc24] + FiniteDiff v2.28.1
2025-08-27T07:22:44.8007338Z   [53c48c17] + FixedPointNumbers v0.8.5
2025-08-27T07:22:44.8009646Z   [59287772] + Formatting v0.4.3
2025-08-27T07:22:44.8012354Z   [f6369f11] + ForwardDiff v1.1.0
2025-08-27T07:22:44.8015124Z   [b38be410] + FreeType v4.1.1
2025-08-27T07:22:44.8017814Z   [663a7486] + FreeTypeAbstraction v0.10.8
2025-08-27T07:22:44.8020904Z   [68eda718] + GeoFormatTypes v0.4.4
2025-08-27T07:22:44.8023301Z ⌃ [cf35fbd7] + GeoInterface v1.4.1
2025-08-27T07:22:44.8025992Z ⌅ [5c1252a2] + GeometryBasics v0.4.11
2025-08-27T07:22:44.8028528Z   [a2bd30eb] + Graphics v1.1.3
2025-08-27T07:22:44.8031124Z ⌅ [3955a311] + GridLayoutBase v0.9.2
2025-08-27T07:22:44.8033659Z   [42e2da0e] + Grisu v1.0.2
2025-08-27T07:22:44.8036405Z   [34004b35] + HypergeometricFunctions v0.3.28
2025-08-27T07:22:44.8039075Z   [2803e5a7] + ImageAxes v0.6.12
2025-08-27T07:22:44.8041638Z   [c817782e] + ImageBase v0.1.7
2025-08-27T07:22:44.8044150Z   [a09fc81d] + ImageCore v0.10.5
2025-08-27T07:22:44.8046611Z   [82e4d734] + ImageIO v0.6.9
2025-08-27T07:22:44.8049430Z   [bc367c6b] + ImageMetadata v0.9.10
2025-08-27T07:22:44.8051921Z   [9b13fd28] + IndirectArrays v1.0.0
2025-08-27T07:22:44.8054579Z   [d25df0c9] + Inflate v0.1.5
2025-08-27T07:22:44.8057248Z   [18e54dd8] + IntegerMathUtils v0.1.3
2025-08-27T07:22:44.8060007Z   [a98d9a8b] + Interpolations v0.16.2
2025-08-27T07:22:44.8062563Z ⌅ [d1acc4aa] + IntervalArithmetic v0.22.36
2025-08-27T07:22:44.8064914Z   [8197267c] + IntervalSets v0.7.11
2025-08-27T07:22:44.8067609Z   [92d709cd] + IrrationalConstants v0.2.4
2025-08-27T07:22:44.8070294Z   [f1662d9f] + Isoband v0.1.1
2025-08-27T07:22:44.8072766Z   [c8e1da08] + IterTools v1.10.0
2025-08-27T07:22:44.8075504Z   [82899510] + IteratorInterfaceExtensions v1.0.0
2025-08-27T07:22:44.8078113Z   [692b3bcd] + JLLWrappers v1.7.1
2025-08-27T07:22:44.8080779Z   [682c06a0] + JSON v0.21.4
2025-08-27T07:22:44.8083504Z   [b835a17e] + JpegTurbo v0.1.6
2025-08-27T07:22:44.8085979Z   [5ab0869b] + KernelDensity v0.6.10
2025-08-27T07:22:44.8088666Z   [b964fa9f] + LaTeXStrings v1.4.0
2025-08-27T07:22:44.8091332Z   [8cdb02fc] + LazyModules v0.3.1
2025-08-27T07:22:44.8093955Z   [9c8b4983] + LightXML v0.9.2
2025-08-27T07:22:44.8096783Z   [d3d80556] + LineSearches v7.4.0
2025-08-27T07:22:44.8099438Z   [9b3f67b0] + LinearAlgebraX v0.2.10
2025-08-27T07:22:44.8101720Z   [2ab3a3ac] + LogExpFunctions v0.3.29
2025-08-27T07:22:44.8104665Z   [1914dd2f] + MacroTools v0.5.16
2025-08-27T07:22:44.8107356Z ⌅ [ee78f7c6] + Makie v0.19.12
2025-08-27T07:22:44.8109925Z ⌅ [20f20a25] + MakieCore v0.6.9
2025-08-27T07:22:44.8112362Z   [dbb5928d] + MappedArrays v0.4.2
2025-08-27T07:22:44.8114970Z ⌅ [0a4f8689] + MathTeXEngine v0.5.7
2025-08-27T07:22:44.8117546Z   [e1d29d7a] + Missings v1.2.0
2025-08-27T07:22:44.8120017Z   [7475f97c] + Mods v2.2.6
2025-08-27T07:22:44.8122712Z   [e94cdb99] + MosaicViews v0.3.4
2025-08-27T07:22:44.8125423Z   [3b2b4ff1] + Multisets v0.4.5
2025-08-27T07:22:44.8128122Z   [d41bc354] + NLSolversBase v7.10.0
2025-08-27T07:22:44.8130809Z   [77ba4419] + NaNMath v1.1.3
2025-08-27T07:22:44.8133668Z   [f09324ee] + Netpbm v1.1.1
2025-08-27T07:22:44.8136050Z   [6fe1bfb0] + OffsetArrays v1.17.0
2025-08-27T07:22:44.8138768Z   [52e1d378] + OpenEXR v0.3.3
2025-08-27T07:22:44.8141452Z   [429524aa] + Optim v1.13.2
2025-08-27T07:22:44.8144228Z   [bac558e1] + OrderedCollections v1.8.1
2025-08-27T07:22:44.8146934Z   [90014a1f] + PDMats v0.11.35
2025-08-27T07:22:44.8149737Z   [f57f5aa1] + PNGFiles v0.4.4
2025-08-27T07:22:44.8152201Z   [19eb6ba3] + Packing v0.5.1
2025-08-27T07:22:44.8154896Z   [5432bcbf] + PaddedViews v0.5.12
2025-08-27T07:22:44.8157599Z   [d96e819e] + Parameters v0.12.3
2025-08-27T07:22:44.8160294Z   [69de0a69] + Parsers v2.8.3
2025-08-27T07:22:44.8162800Z   [2ae35dd2] + Permutations v0.4.23
2025-08-27T07:22:44.8165522Z   [3bbf5609] + PikaParser v0.6.1
2025-08-27T07:22:44.8168218Z   [eebad327] + PkgVersion v0.3.3
2025-08-27T07:22:44.8170893Z   [995b91a9] + PlotUtils v1.4.3
2025-08-27T07:22:44.8173590Z   [647866c9] + PolygonOps v0.1.2
2025-08-27T07:22:44.8176533Z ⌃ [f27b6e38] + Polynomials v4.0.21
2025-08-27T07:22:44.8179393Z   [85a6dd25] + PositiveFactorizations v0.2.4
2025-08-27T07:22:44.8182081Z   [27ebfcd6] + Primes v0.5.7
2025-08-27T07:22:44.8184814Z   [92933f4c] + ProgressMeter v1.11.0
2025-08-27T07:22:44.8188875Z   [43287f4e] + PtrArrays v1.3.0
2025-08-27T07:22:44.8190413Z   [4b34888f] + QOI v1.0.1
2025-08-27T07:22:44.8193042Z   [1fd47b50] + QuadGK v2.11.2
2025-08-27T07:22:44.8195721Z   [b3c3ace0] + RangeArrays v0.3.2
2025-08-27T07:22:44.8198174Z   [c84ed2f1] + Ratios v0.4.5
2025-08-27T07:22:44.8200662Z   [3cdcf5f2] + RecipesBase v1.3.4
2025-08-27T07:22:44.8203335Z   [189a3867] + Reexport v1.2.2
2025-08-27T07:22:44.8206077Z   [05181044] + RelocatableFolders v1.0.1
2025-08-27T07:22:44.8208581Z   [ae029012] + Requires v1.3.1
2025-08-27T07:22:44.8211296Z   [286e9d63] + RingLists v0.2.9
2025-08-27T07:22:44.8213977Z   [79098fc4] + Rmath v0.8.0
2025-08-27T07:22:44.8216710Z   [5eaf0fd0] + RoundingEmulator v0.2.1
2025-08-27T07:22:44.8219395Z   [fdea26ae] + SIMD v3.7.1
2025-08-27T07:22:44.8222114Z   [6c6a2e73] + Scratch v1.3.0
2025-08-27T07:22:44.8224668Z   [efcf1570] + Setfield v1.1.2
2025-08-27T07:22:44.8227317Z ⌅ [65257c39] + ShaderAbstractions v0.4.1
2025-08-27T07:22:44.8229996Z   [992d4aef] + Showoff v1.0.3
2025-08-27T07:22:44.8232415Z   [73760f76] + SignedDistanceFields v0.4.0
2025-08-27T07:22:44.8235113Z   [55797a34] + SimpleGraphs v0.8.7
2025-08-27T07:22:44.8237617Z   [ec83eff0] + SimplePartitions v0.3.3
2025-08-27T07:22:44.8240354Z   [cc47b68c] + SimplePolynomials v0.2.18
2025-08-27T07:22:44.8242786Z   [a6525b86] + SimpleRandom v0.3.2
2025-08-27T07:22:44.8245509Z   [699a6c99] + SimpleTraits v0.9.5
2025-08-27T07:22:44.8248178Z   [45858cf5] + Sixel v0.1.5
2025-08-27T07:22:44.8250925Z   [a2af1166] + SortingAlgorithms v1.2.2
2025-08-27T07:22:44.8253636Z   [276daf66] + SpecialFunctions v2.5.1
2025-08-27T07:22:44.8256289Z ⌅ [c5dd0088] + StableHashTraits v1.3.4
2025-08-27T07:22:44.8258703Z   [860ef19b] + StableRNGs v1.0.3
2025-08-27T07:22:44.8261449Z   [cae243ae] + StackViews v0.1.2
2025-08-27T07:22:44.8264064Z   [10745b16] + Statistics v1.11.1
2025-08-27T07:22:44.8266532Z   [82ae8749] + StatsAPI v1.7.1
2025-08-27T07:22:44.8269203Z   [2913bbd2] + StatsBase v0.34.6
2025-08-27T07:22:44.8271758Z   [4c63d2b9] + StatsFuns v1.5.0
2025-08-27T07:22:44.8274424Z ⌅ [09ab397b] + StructArrays v0.6.21
2025-08-27T07:22:44.8277011Z   [856f2bd8] + StructTypes v1.11.0
2025-08-27T07:22:44.8279572Z   [3783bdb8] + TableTraits v1.0.1
2025-08-27T07:22:44.8282079Z   [bd369af6] + Tables v1.12.1
2025-08-27T07:22:44.8284764Z   [62fd8b95] + TensorCore v0.1.1
2025-08-27T07:22:44.8287249Z   [731e570b] + TiffImages v0.11.6
2025-08-27T07:22:44.8289942Z   [3bb67fe8] + TranscodingStreams v0.11.3
2025-08-27T07:22:44.8292576Z   [981d1d27] + TriplotBase v0.1.0
2025-08-27T07:22:44.8295335Z   [9d95972d] + TupleTools v1.6.0
2025-08-27T07:22:44.8298037Z   [3a884ed6] + UnPack v1.0.2
2025-08-27T07:22:44.8300527Z   [1cfade01] + UnicodeFun v0.4.1
2025-08-27T07:22:44.8303217Z   [ecbed89c] + WeakKeyIdDicts v0.1.0
2025-08-27T07:22:44.8305696Z   [e3aaa7dc] + WebP v0.1.3
2025-08-27T07:22:44.8308385Z   [efce3f68] + WoodburyMatrices v1.0.0
2025-08-27T07:22:44.8311114Z   [6e34b625] + Bzip2_jll v1.0.9+0
2025-08-27T07:22:44.8313840Z   [4e9b3aee] + CRlibm_jll v1.0.1+0
2025-08-27T07:22:44.8316748Z   [83423d85] + Cairo_jll v1.18.5+0
2025-08-27T07:22:44.8319183Z   [5ae413db] + EarCut_jll v2.2.4+0
2025-08-27T07:22:44.8321893Z   [2e619515] + Expat_jll v2.7.1+0
2025-08-27T07:22:44.8324578Z   [b22a6f82] + FFMPEG_jll v7.1.1+0
2025-08-27T07:22:44.8327279Z   [f5851436] + FFTW_jll v3.3.11+0
2025-08-27T07:22:44.8329803Z   [a3f928ae] + Fontconfig_jll v2.17.1+0
2025-08-27T07:22:44.8332471Z   [d7e528f0] + FreeType2_jll v2.13.4+0
2025-08-27T07:22:44.8335227Z   [559328eb] + FriBidi_jll v1.0.17+0
2025-08-27T07:22:44.8338171Z   [b0724c58] + GettextRuntime_jll v0.22.4+0
2025-08-27T07:22:44.8340970Z   [59f7168a] + Giflib_jll v5.2.3+0
2025-08-27T07:22:44.8343401Z   [7746bdde] + Glib_jll v2.84.3+0
2025-08-27T07:22:44.8346012Z   [3b182d85] + Graphite2_jll v1.3.15+0
2025-08-27T07:22:44.8348863Z   [2e76f6c2] + HarfBuzz_jll v8.5.1+0
2025-08-27T07:22:44.8351394Z   [905a6f67] + Imath_jll v3.1.11+0
2025-08-27T07:22:44.8354152Z   [1d5cc7b8] + IntelOpenMP_jll v2025.2.0+0
2025-08-27T07:22:44.8356774Z   [aacddb02] + JpegTurbo_jll v3.1.2+0
2025-08-27T07:22:44.8359159Z   [c1c5ebd0] + LAME_jll v3.100.3+0
2025-08-27T07:22:44.8361887Z   [88015f11] + LERC_jll v4.0.1+0
2025-08-27T07:22:44.8364640Z   [1d63c593] + LLVMOpenMP_jll v18.1.8+0
2025-08-27T07:22:44.8367171Z   [dd4b983a] + LZO_jll v2.10.3+0
2025-08-27T07:22:44.8370014Z   [e9f186c6] + Libffi_jll v3.4.7+0
2025-08-27T07:22:44.8372782Z   [7e76a0d4] + Libglvnd_jll v1.7.1+1
2025-08-27T07:22:44.8375368Z   [94ce4f54] + Libiconv_jll v1.18.0+0
2025-08-27T07:22:44.8378101Z   [4b2f31a3] + Libmount_jll v2.41.1+0
2025-08-27T07:22:44.8380943Z   [89763e89] + Libtiff_jll v4.7.1+0
2025-08-27T07:22:44.8383496Z   [38a345b3] + Libuuid_jll v2.41.1+0
2025-08-27T07:22:44.8386065Z   [856f044c] + MKL_jll v2025.2.0+0
2025-08-27T07:22:44.8388781Z   [e7412a2a] + Ogg_jll v1.3.6+0
2025-08-27T07:22:44.8391378Z   [6cdc7f73] + OpenBLASConsistentFPCSR_jll v0.3.29+0
2025-08-27T07:22:44.8394042Z   [18a262bb] + OpenEXR_jll v3.2.4+0
2025-08-27T07:22:44.8396863Z   [efe28fd5] + OpenSpecFun_jll v0.5.6+0
2025-08-27T07:22:44.8399319Z   [91d4177d] + Opus_jll v1.5.2+0
2025-08-27T07:22:44.8401946Z   [36c8627f] + Pango_jll v1.56.3+0
2025-08-27T07:22:44.8404560Z ⌅ [30392449] + Pixman_jll v0.44.2+0
2025-08-27T07:22:44.8407198Z   [f50d1b31] + Rmath_jll v0.5.1+0
2025-08-27T07:22:44.8409423Z   [02c8fc9c] + XML2_jll v2.14.4+0
2025-08-27T07:22:44.8412178Z   [ffd25f8a] + XZ_jll v5.8.1+0
2025-08-27T07:22:44.8414765Z   [4f6342f7] + Xorg_libX11_jll v1.8.12+0
2025-08-27T07:22:44.8417773Z   [0c0b7dd1] + Xorg_libXau_jll v1.0.13+0
2025-08-27T07:22:44.8419912Z   [a3789734] + Xorg_libXdmcp_jll v1.1.6+0
2025-08-27T07:22:44.8421801Z   [1082639a] + Xorg_libXext_jll v1.3.7+0
2025-08-27T07:22:44.8423449Z   [ea2f1a96] + Xorg_libXrender_jll v0.9.12+0
2025-08-27T07:22:44.8425760Z   [c7cfdc94] + Xorg_libxcb_jll v1.17.1+0
2025-08-27T07:22:44.8428204Z   [c5fb5394] + Xorg_xtrans_jll v1.6.0+0
2025-08-27T07:22:44.8429885Z   [9a68df92] + isoband_jll v0.2.3+0
2025-08-27T07:22:44.8432531Z   [a4ae2306] + libaom_jll v3.12.1+0
2025-08-27T07:22:44.8434991Z   [0ac62f75] + libass_jll v0.17.4+0
2025-08-27T07:22:44.8437428Z   [f638f0a6] + libfdk_aac_jll v2.0.4+0
2025-08-27T07:22:44.8440129Z   [b53b4c65] + libpng_jll v1.6.50+0
2025-08-27T07:22:44.8442818Z   [075b6546] + libsixel_jll v1.10.5+0
2025-08-27T07:22:44.8444970Z   [f27f6e37] + libvorbis_jll v1.3.8+0
2025-08-27T07:22:44.8447378Z   [c5f90fcd] + libwebp_jll v1.6.0+0
2025-08-27T07:22:44.8449820Z   [1317d2d5] + oneTBB_jll v2022.0.0+0
2025-08-27T07:22:44.8452371Z   [1270edf5] + x264_jll v10164.0.1+0
2025-08-27T07:22:44.8455056Z   [dfaa095f] + x265_jll v4.1.0+0
2025-08-27T07:22:44.8491855Z   [0dad84c5] + ArgTools v1.1.2
2025-08-27T07:22:44.8508962Z   [2a0f44e3] + Base64 v1.11.0
2025-08-27T07:22:44.8512030Z   [8bf52ea8] + CRC32c v1.11.0
2025-08-27T07:22:44.8515435Z   [8ba89e20] + Distributed v1.11.0
2025-08-27T07:22:44.8530283Z   [f43a241f] + Downloads v1.7.0
2025-08-27T07:22:44.8545624Z   [7b1f6079] + FileWatching v1.11.0
2025-08-27T07:22:44.8548508Z   [9fa8497b] + Future v1.11.0
2025-08-27T07:22:44.8551134Z   [b77e0a4c] + InteractiveUtils v1.11.0
2025-08-27T07:22:44.8566174Z   [ac6e5ff7] + JuliaSyntaxHighlighting v1.12.0
2025-08-27T07:22:44.8569550Z   [4af54fe1] + LazyArtifacts v1.11.0
2025-08-27T07:22:44.8586702Z   [b27032c2] + LibCURL v0.6.4
2025-08-27T07:22:44.8602244Z   [76f85450] + LibGit2 v1.11.0
2025-08-27T07:22:44.8617717Z   [d6f4376e] + Markdown v1.11.0
2025-08-27T07:22:44.8620904Z   [a63ad114] + Mmap v1.11.0
2025-08-27T07:22:44.8637401Z   [ca575930] + NetworkOptions v1.3.0
2025-08-27T07:22:44.8652591Z   [44cfe95a] + Pkg v1.13.0
2025-08-27T07:22:44.8655458Z   [3fa0cd96] + REPL v1.11.0
2025-08-27T07:22:44.8657968Z   [9e88b42a] + Serialization v1.11.0
2025-08-27T07:22:44.8660662Z   [1a1011a3] + SharedArrays v1.11.0
2025-08-27T07:22:44.8676641Z   [6462fe0b] + Sockets v1.11.0
2025-08-27T07:22:44.8679497Z   [2f01184e] + SparseArrays v1.13.0
2025-08-27T07:22:44.8694536Z   [f489334b] + StyledStrings v1.11.0
2025-08-27T07:22:44.8697536Z   [4607b0f0] + SuiteSparse
2025-08-27T07:22:44.8713321Z   [a4e569a6] + Tar v1.10.0
2025-08-27T07:22:44.8716188Z   [8dfed614] + Test v1.11.0
2025-08-27T07:22:44.8732380Z   [cf7118a7] + UUIDs v1.11.0
2025-08-27T07:22:44.8748628Z   [deac9b47] + LibCURL_jll v8.15.0+1
2025-08-27T07:22:44.8766892Z   [e37daf67] + LibGit2_jll v1.9.1+0
2025-08-27T07:22:44.8782739Z   [29816b5a] + LibSSH2_jll v1.11.3+1
2025-08-27T07:22:44.8798685Z   [14a3606d] + MozillaCACerts_jll v2025.8.12
2025-08-27T07:22:44.8802748Z   [05823500] + OpenLibm_jll v0.8.7+0
2025-08-27T07:22:44.8806174Z   [458c3c95] + OpenSSL_jll v3.5.2+0
2025-08-27T07:22:44.8822850Z   [efcefdf7] + PCRE2_jll v10.45.0+0
2025-08-27T07:22:44.8827660Z   [bea87d4a] + SuiteSparse_jll v7.10.1+0
2025-08-27T07:22:44.8844403Z   [83775a58] + Zlib_jll v1.3.1+2
2025-08-27T07:22:44.8860749Z   [3161d3a3] + Zstd_jll v1.5.7+1
2025-08-27T07:22:44.8877927Z   [8e850ede] + nghttp2_jll v1.66.0+0
2025-08-27T07:22:44.8897676Z   [3f19e933] + p7zip_jll v17.6.0+0
2025-08-27T07:22:44.8899760Z         Info Packages marked with ⌃ and ⌅ have new versions available. Those with ⌃ may be upgradable, but those with ⌅ are restricted by compatibility constraints from upgrading. To see why use `status --outdated -m`
2025-08-27T07:22:45.2013705Z Precompiling packages...
2025-08-27T07:22:45.9761416Z     718.9 ms  ✓ MappedArrays
2025-08-27T07:22:45.9764296Z     728.8 ms  ✓ Reexport
2025-08-27T07:22:46.6067181Z     630.0 ms  ✓ TensorCore
2025-08-27T07:22:46.7139742Z     730.1 ms  ✓ ConstructionBase
2025-08-27T07:22:47.4037097Z     796.7 ms  ✓ Mods
2025-08-27T07:22:47.9982081Z     594.2 ms  ✓ DataValueInterfaces
2025-08-27T07:22:48.6955018Z     696.7 ms  ✓ StatsAPI
2025-08-27T07:22:48.7708009Z    3561.7 ms  ✓ MacroTools
2025-08-27T07:22:49.1937181Z    2479.4 ms  ✓ IrrationalConstants
2025-08-27T07:22:49.3985006Z     702.6 ms  ✓ RoundingEmulator
2025-08-27T07:22:49.4099080Z     638.2 ms  ✓ PolygonOps
2025-08-27T07:22:50.0539059Z     643.0 ms  ✓ CEnum
2025-08-27T07:22:50.0541976Z     859.9 ms  ✓ IterTools
2025-08-27T07:22:50.1212544Z     722.4 ms  ✓ IntervalSets
2025-08-27T07:22:50.8052161Z     737.5 ms  ✓ RingLists
2025-08-27T07:22:50.8054096Z     683.7 ms  ✓ Inflate
2025-08-27T07:22:51.3485035Z    1294.1 ms  ✓ Combinatorics
2025-08-27T07:22:51.4277019Z     622.0 ms  ✓ Contour
2025-08-27T07:22:51.5403902Z     727.9 ms  ✓ TupleTools
2025-08-27T07:22:52.0502874Z     622.3 ms  ✓ LaTeXStrings
2025-08-27T07:22:52.1904336Z     841.6 ms  ✓ TranscodingStreams
2025-08-27T07:22:52.3047864Z     764.1 ms  ✓ Statistics
2025-08-27T07:22:52.7824394Z     731.9 ms  ✓ WeakKeyIdDicts
2025-08-27T07:22:52.8077096Z     502.7 ms  ✓ AbstractLattices
2025-08-27T07:22:52.8346896Z     642.6 ms  ✓ StableRNGs
2025-08-27T07:22:53.3630179Z     579.6 ms  ✓ GeoFormatTypes
2025-08-27T07:22:53.3632289Z     555.0 ms  ✓ PtrArrays
2025-08-27T07:22:54.0385885Z     666.8 ms  ✓ DataAPI
2025-08-27T07:22:54.0388549Z    1204.9 ms  ✓ Grisu
2025-08-27T07:22:54.0923899Z     728.9 ms  ✓ PositiveFactorizations
2025-08-27T07:22:54.8131295Z     774.0 ms  ✓ Multisets
2025-08-27T07:22:54.8641501Z     771.4 ms  ✓ AbstractTrees
2025-08-27T07:22:54.9970328Z     952.9 ms  ✓ LazyModules
2025-08-27T07:22:55.4992557Z     634.7 ms  ✓ EnumX
2025-08-27T07:22:55.5222814Z     708.9 ms  ✓ AbstractFFTs
2025-08-27T07:22:56.0722720Z     572.7 ms  ✓ IntegerMathUtils
2025-08-27T07:22:56.1780736Z     655.5 ms  ✓ TriplotBase
2025-08-27T07:22:56.4266846Z    1429.4 ms  ✓ FillArrays
2025-08-27T07:22:56.6923277Z     619.7 ms  ✓ IndirectArrays
2025-08-27T07:22:56.7439290Z     565.5 ms  ✓ UnPack
2025-08-27T07:22:57.1394092Z     712.4 ms  ✓ Extents
2025-08-27T07:22:57.2808569Z     588.2 ms  ✓ RangeArrays
2025-08-27T07:22:57.6020597Z     857.8 ms  ✓ OrderedCollections
2025-08-27T07:22:58.0056525Z     865.9 ms  ✓ ADTypes
2025-08-27T07:22:58.0979275Z     816.7 ms  ✓ DocStringExtensions
2025-08-27T07:22:58.5922415Z     493.9 ms  ✓ IteratorInterfaceExtensions
2025-08-27T07:22:59.1997120Z     607.1 ms  ✓ DiffResults
2025-08-27T07:23:00.0578590Z     857.8 ms  ✓ Formatting
2025-08-27T07:23:00.1536056Z    2147.6 ms  ✓ OffsetArrays
2025-08-27T07:23:00.7706913Z     712.3 ms  ✓ NaNMath
2025-08-27T07:23:01.2167945Z    1062.9 ms  ✓ Requires
2025-08-27T07:23:01.6670212Z     896.0 ms  ✓ SuiteSparse
2025-08-27T07:23:02.2222730Z    1005.1 ms  ✓ WoodburyMatrices
2025-08-27T07:23:02.3974083Z     730.0 ms  ✓ Scratch
2025-08-27T07:23:03.3641382Z    5761.7 ms  ✓ BaseDirs
2025-08-27T07:23:03.6453075Z    1247.4 ms  ✓ ProgressMeter
2025-08-27T07:23:03.9534118Z    1730.6 ms  ✓ StructTypes
2025-08-27T07:23:04.2211578Z     856.7 ms  ✓ Compat
2025-08-27T07:23:04.9373376Z     715.9 ms  ✓ JLLWrappers
2025-08-27T07:23:05.4818042Z    1528.1 ms  ✓ MakieCore
2025-08-27T07:23:05.6257319Z    1980.1 ms  ✓ UnicodeFun
2025-08-27T07:23:08.8336457Z    3351.5 ms  ✓ RecipesBase
2025-08-27T07:23:12.0357737Z    3201.8 ms  ✓ PkgVersion
2025-08-27T07:23:12.6601088Z     624.0 ms  ✓ ConstructionBase → ConstructionBaseLinearAlgebraExt
2025-08-27T07:23:13.5178223Z     857.4 ms  ✓ ConstructionBase → ConstructionBaseStaticArraysExt
2025-08-27T07:23:14.3115764Z     793.5 ms  ✓ CommonSubexpressions
2025-08-27T07:23:15.3292608Z    1017.3 ms  ✓ SimpleTraits
2025-08-27T07:23:15.9874914Z     657.9 ms  ✓ IntervalSets → IntervalSetsRandomExt
2025-08-27T07:23:16.6745032Z     686.5 ms  ✓ ConstructionBase → ConstructionBaseIntervalSetsExt
2025-08-27T07:23:17.7029314Z    1027.8 ms  ✓ Permutations
2025-08-27T07:23:19.0593517Z    1355.9 ms  ✓ SignedDistanceFields
2025-08-27T07:23:19.1483881Z   14210.5 ms  ✓ SIMD
2025-08-27T07:23:20.1173463Z    1057.5 ms  ✓ Statistics → SparseArraysExt
2025-08-27T07:23:21.1434594Z    1025.5 ms  ✓ StaticArrays → StaticArraysStatisticsExt
2025-08-27T07:23:21.8127946Z     668.8 ms  ✓ IntervalSets → IntervalSetsStatisticsExt
2025-08-27T07:23:22.6000539Z     786.7 ms  ✓ AliasTables
2025-08-27T07:23:23.8465144Z    1245.9 ms  ✓ Missings
2025-08-27T07:23:24.0442641Z    4895.4 ms  ✓ FixedPointNumbers
2025-08-27T07:23:24.5436957Z     696.7 ms  ✓ Showoff
2025-08-27T07:23:25.5139526Z     969.8 ms  ✓ Primes
2025-08-27T07:23:25.8406355Z   20214.3 ms  ✓ Parsers
2025-08-27T07:23:26.1327661Z    2088.0 ms  ✓ AbstractFFTs → AbstractFFTsTestExt
2025-08-27T07:23:26.4788826Z     637.9 ms  ✓ FillArrays → FillArraysStatisticsExt
2025-08-27T07:23:26.5237626Z    1009.3 ms  ✓ FillArrays → FillArraysSparseArraysExt
2025-08-27T07:23:27.1142886Z     635.1 ms  ✓ Parameters
2025-08-27T07:23:27.1284794Z     604.3 ms  ✓ ADTypes → ADTypesConstructionBaseExt
2025-08-27T07:23:27.5622742Z    1429.2 ms  ✓ GeoInterface
2025-08-27T07:23:28.0417797Z     913.1 ms  ✓ LogExpFunctions
2025-08-27T07:23:28.4658989Z    1351.2 ms  ✓ DifferentiationInterface
2025-08-27T07:23:28.5569515Z     994.3 ms  ✓ PikaParser
2025-08-27T07:23:28.5678683Z     524.4 ms  ✓ TableTraits
2025-08-27T07:23:29.1004460Z     634.2 ms  ✓ PaddedViews
2025-08-27T07:23:29.1501397Z     592.9 ms  ✓ StackViews
2025-08-27T07:23:29.1618088Z     594.0 ms  ✓ Ratios
2025-08-27T07:23:29.7092190Z     608.4 ms  ✓ Adapt
2025-08-27T07:23:30.2901961Z    1128.0 ms  ✓ PDMats
2025-08-27T07:23:30.6470600Z     937.5 ms  ✓ AxisAlgorithms
2025-08-27T07:23:31.0211025Z     730.5 ms  ✓ RelocatableFolders
2025-08-27T07:23:31.2628205Z     615.4 ms  ✓ Compat → CompatLinearAlgebraExt
2025-08-27T07:23:32.0619816Z    1040.5 ms  ✓ Libffi_jll
2025-08-27T07:23:32.0868123Z     823.6 ms  ✓ LZO_jll
2025-08-27T07:23:32.9208464Z     858.6 ms  ✓ EarCut_jll
2025-08-27T07:23:33.1036919Z    1016.5 ms  ✓ Bzip2_jll
2025-08-27T07:23:33.8999053Z     978.7 ms  ✓ isoband_jll
2025-08-27T07:23:34.0151352Z     911.1 ms  ✓ OpenBLASConsistentFPCSR_jll
2025-08-27T07:23:34.9826827Z     967.2 ms  ✓ Rmath_jll
2025-08-27T07:23:35.0691120Z    1168.9 ms  ✓ XZ_jll
2025-08-27T07:23:35.9327485Z     863.3 ms  ✓ Xorg_xtrans_jll
2025-08-27T07:23:36.0501765Z    1067.2 ms  ✓ OpenSpecFun_jll
2025-08-27T07:23:37.0747145Z    1141.5 ms  ✓ Opus_jll
2025-08-27T07:23:37.9074943Z    8756.8 ms  ✓ FileIO
2025-08-27T07:23:38.1343414Z    1058.5 ms  ✓ x265_jll
2025-08-27T07:23:38.1345896Z    2083.7 ms  ✓ IntelOpenMP_jll
2025-08-27T07:23:39.0095002Z    1101.7 ms  ✓ libpng_jll
2025-08-27T07:23:39.0904666Z     955.6 ms  ✓ CRlibm_jll
2025-08-27T07:23:39.1768375Z    1037.1 ms  ✓ oneTBB_jll
2025-08-27T07:23:39.8733015Z     782.5 ms  ✓ Libmount_jll
2025-08-27T07:23:39.9621113Z     952.3 ms  ✓ Imath_jll
2025-08-27T07:23:40.1357343Z     958.6 ms  ✓ libfdk_aac_jll
2025-08-27T07:23:40.6093964Z     735.7 ms  ✓ Libuuid_jll
2025-08-27T07:23:40.9641425Z    1001.7 ms  ✓ FriBidi_jll
2025-08-27T07:23:41.1492037Z    1013.2 ms  ✓ LERC_jll
2025-08-27T07:23:41.3917565Z     782.1 ms  ✓ Xorg_libXau_jll
2025-08-27T07:23:41.8831326Z     918.6 ms  ✓ Ogg_jll
2025-08-27T07:23:42.1229866Z     973.5 ms  ✓ FFTW_jll
2025-08-27T07:23:42.3832165Z     991.2 ms  ✓ LAME_jll
2025-08-27T07:23:42.7476089Z     864.2 ms  ✓ Graphite2_jll
2025-08-27T07:23:43.1118494Z     988.6 ms  ✓ x264_jll
2025-08-27T07:23:43.3132160Z     929.7 ms  ✓ LLVMOpenMP_jll
2025-08-27T07:23:43.7516351Z    1003.7 ms  ✓ Libiconv_jll
2025-08-27T07:23:44.0986374Z     986.4 ms  ✓ libaom_jll
2025-08-27T07:23:44.1549181Z     841.4 ms  ✓ Xorg_libXdmcp_jll
2025-08-27T07:23:44.6111822Z     859.3 ms  ✓ Giflib_jll
2025-08-27T07:23:45.1234813Z    1024.5 ms  ✓ Expat_jll
2025-08-27T07:23:45.2383558Z     623.2 ms  ✓ IntervalSets → IntervalSetsRecipesBaseExt
2025-08-27T07:23:45.2385567Z    1083.2 ms  ✓ JpegTurbo_jll
2025-08-27T07:23:46.3845697Z    1145.8 ms  ✓ AxisArrays
2025-08-27T07:23:47.3310114Z    2207.2 ms  ✓ Setfield
2025-08-27T07:23:49.5438583Z    3159.0 ms  ✓ ColorTypes
2025-08-27T07:23:50.0909211Z    2759.6 ms  ✓ JSON
2025-08-27T07:23:50.4768209Z     932.6 ms  ✓ DifferentiationInterface → DifferentiationInterfaceStaticArraysExt
2025-08-27T07:23:50.9972197Z     906.0 ms  ✓ DifferentiationInterface → DifferentiationInterfaceSparseArraysExt
2025-08-27T07:23:51.6329015Z    1155.8 ms  ✓ Tables
2025-08-27T07:23:51.6523815Z     654.9 ms  ✓ MosaicViews
2025-08-27T07:23:52.2158400Z     582.6 ms  ✓ Ratios → RatiosFixedPointNumbersExt
2025-08-27T07:23:52.4784772Z     825.8 ms  ✓ ArrayInterface
2025-08-27T07:23:53.1097468Z     893.6 ms  ✓ Adapt → AdaptSparseArraysExt
2025-08-27T07:23:53.3160390Z     837.3 ms  ✓ Adapt → AdaptStaticArraysExt
2025-08-27T07:23:53.7345634Z     624.5 ms  ✓ OffsetArrays → OffsetArraysAdaptExt
2025-08-27T07:23:54.1853069Z     868.9 ms  ✓ FillArrays → FillArraysPDMatsExt
2025-08-27T07:23:56.2665494Z    2531.7 ms  ✓ ChainRulesCore
2025-08-27T07:23:56.6720927Z    2486.5 ms  ✓ DataStructures
2025-08-27T07:23:57.2716077Z    1004.7 ms  ✓ FreeType2_jll
2025-08-27T07:23:57.3297817Z     657.4 ms  ✓ Isoband
2025-08-27T07:23:58.3539703Z    1082.0 ms  ✓ Rmath
2025-08-27T07:24:00.3253141Z    1970.9 ms  ✓ CRlibm
2025-08-27T07:24:00.9712109Z    3641.1 ms  ✓ SpecialFunctions
2025-08-27T07:24:02.4096117Z    1437.8 ms  ✓ OpenEXR_jll
2025-08-27T07:24:03.7145046Z    1304.1 ms  ✓ libvorbis_jll
2025-08-27T07:24:04.7091827Z    4383.1 ms  ✓ MKL_jll
2025-08-27T07:24:04.8269915Z    1112.6 ms  ✓ Pixman_jll
2025-08-27T07:24:05.9455600Z    1235.8 ms  ✓ XML2_jll
2025-08-27T07:24:06.1743236Z    1346.8 ms  ✓ GettextRuntime_jll
2025-08-27T07:24:06.8237606Z   21579.8 ms  ✓ Automa
2025-08-27T07:24:06.8507063Z     904.6 ms  ✓ Xorg_libxcb_jll
2025-08-27T07:24:07.2249295Z    1050.1 ms  ✓ Libtiff_jll
2025-08-27T07:24:07.7964695Z     972.4 ms  ✓ libsixel_jll
2025-08-27T07:24:10.8734097Z    3076.5 ms  ✓ ColorVectorSpace
2025-08-27T07:24:12.5907268Z    1717.0 ms  ✓ QOI
2025-08-27T07:24:13.9942727Z    1403.0 ms  ✓ StructArrays
2025-08-27T07:24:14.1970975Z    6971.7 ms  ✓ Colors
2025-08-27T07:24:14.7941667Z     596.7 ms  ✓ ArrayInterface → ArrayInterfaceStaticArraysCoreExt
2025-08-27T07:24:15.5384134Z     743.9 ms  ✓ ArrayInterface → ArrayInterfaceSparseArraysExt
2025-08-27T07:24:16.4832582Z     944.5 ms  ✓ ChainRulesCore → ChainRulesCoreSparseArraysExt
2025-08-27T07:24:17.3984949Z     914.9 ms  ✓ StaticArrays → StaticArraysChainRulesCoreExt
2025-08-27T07:24:17.4197680Z    3424.1 ms  ✓ StableHashTraits
2025-08-27T07:24:18.0089207Z     588.8 ms  ✓ ADTypes → ADTypesChainRulesCoreExt
2025-08-27T07:24:18.0979324Z     699.1 ms  ✓ AbstractFFTs → AbstractFFTsChainRulesCoreExt
2025-08-27T07:24:18.7540317Z     655.7 ms  ✓ DifferentiationInterface → DifferentiationInterfaceChainRulesCoreExt
2025-08-27T07:24:19.3125046Z     558.1 ms  ✓ ArrayInterface → ArrayInterfaceChainRulesCoreExt
2025-08-27T07:24:19.7099323Z    1700.7 ms  ✓ LogExpFunctions → LogExpFunctionsChainRulesCoreExt
2025-08-27T07:24:20.3029386Z     990.1 ms  ✓ SortingAlgorithms
2025-08-27T07:24:21.2152095Z    1505.0 ms  ✓ QuadGK
2025-08-27T07:24:21.3243869Z    1021.1 ms  ✓ SimplePartitions
2025-08-27T07:24:22.4457163Z    1121.0 ms  ✓ FreeType
2025-08-27T07:24:23.8046572Z    1358.6 ms  ✓ Fontconfig_jll
2025-08-27T07:24:27.3170640Z    3512.0 ms  ✓ IntervalArithmetic
2025-08-27T07:24:29.6918707Z    2374.5 ms  ✓ SpecialFunctions → SpecialFunctionsChainRulesCoreExt
2025-08-27T07:24:31.4575270Z    1765.1 ms  ✓ HypergeometricFunctions
2025-08-27T07:24:32.5208743Z    1062.9 ms  ✓ DiffRules
2025-08-27T07:24:38.2051286Z   31353.5 ms  ✓ Polynomials
2025-08-27T07:24:39.1499613Z     944.5 ms  ✓ LightXML
2025-08-27T07:24:40.3995602Z    1249.3 ms  ✓ Glib_jll
2025-08-27T07:24:41.1579484Z     758.1 ms  ✓ Xorg_libX11_jll
2025-08-27T07:24:41.9725959Z     814.3 ms  ✓ ColorVectorSpace → SpecialFunctionsExt
2025-08-27T07:24:43.0611536Z    1088.0 ms  ✓ StructArrays → StructArraysSparseArraysExt
2025-08-27T07:24:43.8594727Z     797.8 ms  ✓ StructArrays → StructArraysLinearAlgebraExt
2025-08-27T07:24:44.5826345Z     722.7 ms  ✓ StructArrays → StructArraysAdaptExt
2025-08-27T07:24:45.7228906Z    1139.8 ms  ✓ StructArrays → StructArraysStaticArraysExt
2025-08-27T07:24:46.7233100Z     999.9 ms  ✓ Animations
2025-08-27T07:24:48.8159053Z    2092.1 ms  ✓ OpenEXR
2025-08-27T07:24:49.6907941Z   17169.2 ms  ✓ FFTW
2025-08-27T07:24:49.7581143Z     941.7 ms  ✓ Graphics
2025-08-27T07:24:50.5950211Z     903.9 ms  ✓ ColorBrewer
2025-08-27T07:24:57.2993097Z    6703.8 ms  ✓ ColorSchemes
2025-08-27T07:24:58.3138179Z    1014.2 ms  ✓ FiniteDiff
2025-08-27T07:25:01.5926351Z    3278.5 ms  ✓ Interpolations
2025-08-27T07:25:05.8238865Z    4230.7 ms  ✓ StatsBase
2025-08-27T07:25:07.0055118Z    1181.0 ms  ✓ IntervalArithmetic → IntervalArithmeticSparseArraysExt
2025-08-27T07:25:07.9507692Z     944.7 ms  ✓ IntervalArithmetic → IntervalArithmeticRecipesBaseExt
2025-08-27T07:25:11.0022943Z    2779.7 ms  ✓ IntervalArithmetic → IntervalArithmeticLinearAlgebraExt
2025-08-27T07:25:14.3590513Z    3351.5 ms  ✓ IntervalArithmetic → IntervalArithmeticIntervalSetsExt
2025-08-27T07:25:15.1771959Z   53960.8 ms  ✓ TiffImages
2025-08-27T07:25:16.3338675Z   26575.0 ms  ✓ ImageCore
2025-08-27T07:25:17.0498160Z    2690.2 ms  ✓ StatsFuns
2025-08-27T07:25:17.0715584Z     737.2 ms  ✓ IntervalArithmetic → IntervalArithmeticDiffRulesExt
2025-08-27T07:25:18.4776988Z    1405.8 ms  ✓ Polynomials → PolynomialsChainRulesCoreExt
2025-08-27T07:25:19.0409415Z    1990.8 ms  ✓ Polynomials → PolynomialsMakieCoreExt
2025-08-27T07:25:19.8098189Z     768.6 ms  ✓ Xorg_libXrender_jll
2025-08-27T07:25:20.1122963Z    1634.1 ms  ✓ SimplePolynomials
2025-08-27T07:25:20.6342116Z     824.1 ms  ✓ Xorg_libXext_jll
2025-08-27T07:25:21.5490978Z    6371.4 ms  ✓ ForwardDiff
2025-08-27T07:25:22.1877315Z    1553.2 ms  ✓ Polynomials → PolynomialsFFTWExt
2025-08-27T07:25:23.0228653Z     834.8 ms  ✓ FiniteDiff → FiniteDiffStaticArraysExt
2025-08-27T07:25:23.9643906Z     941.2 ms  ✓ FiniteDiff → FiniteDiffSparseArraysExt
2025-08-27T07:25:24.7281795Z     763.4 ms  ✓ DifferentiationInterface → DifferentiationInterfaceFiniteDiffExt
2025-08-27T07:25:28.3681083Z    8255.4 ms  ✓ GeometryBasics
2025-08-27T07:25:30.5092187Z    5780.6 ms  ✓ ExactPredicates
2025-08-27T07:25:32.1707461Z    3802.3 ms  ✓ ImageBase
2025-08-27T07:25:35.6713535Z    3500.1 ms  ✓ Sixel
2025-08-27T07:25:37.3812551Z   15831.6 ms  ✓ PlotUtils
2025-08-27T07:25:38.9926776Z    3320.8 ms  ✓ JpegTurbo
2025-08-27T07:25:39.6839287Z    2302.1 ms  ✓ StatsFuns → StatsFunsChainRulesCoreExt
2025-08-27T07:25:39.7140028Z    9204.4 ms  ✓ PNGFiles
2025-08-27T07:25:41.0570124Z    1342.7 ms  ✓ Cairo_jll
2025-08-27T07:25:41.4590961Z    1774.8 ms  ✓ LinearAlgebraX
2025-08-27T07:25:41.8532253Z     795.8 ms  ✓ Libglvnd_jll
2025-08-27T07:25:42.9194018Z    1065.8 ms  ✓ DifferentiationInterface → DifferentiationInterfaceForwardDiffExt
2025-08-27T07:25:43.2830622Z    1823.6 ms  ✓ ForwardDiff → ForwardDiffStaticArraysExt
2025-08-27T07:25:43.7797628Z     860.1 ms  ✓ IntervalArithmetic → IntervalArithmeticForwardDiffExt
2025-08-27T07:25:44.8749867Z    1591.5 ms  ✓ Interpolations → InterpolationsForwardDiffExt
2025-08-27T07:25:45.0818444Z    1301.8 ms  ✓ Packing
2025-08-27T07:25:45.4472617Z    6454.0 ms  ✓ Distributions
2025-08-27T07:25:46.7485099Z    1666.4 ms  ✓ ShaderAbstractions
2025-08-27T07:25:49.0487173Z    2299.9 ms  ✓ ImageAxes
2025-08-27T07:25:49.3746861Z    3927.1 ms  ✓ FreeTypeAbstraction
2025-08-27T07:25:50.4104826Z    1361.3 ms  ✓ HarfBuzz_jll
2025-08-27T07:25:50.8581155Z    1483.1 ms  ✓ libwebp_jll
2025-08-27T07:25:52.6554059Z    1797.0 ms  ✓ Distributions → DistributionsTestExt
2025-08-27T07:25:52.8070653Z    2396.3 ms  ✓ NLSolversBase
2025-08-27T07:25:54.7353999Z    2079.5 ms  ✓ SimpleRandom
2025-08-27T07:25:54.9618482Z    2154.3 ms  ✓ Distributions → DistributionsChainRulesCoreExt
2025-08-27T07:25:55.5255134Z   10650.2 ms  ✓ GridLayoutBase
2025-08-27T07:25:56.4427431Z    1706.8 ms  ✓ ImageMetadata
2025-08-27T07:25:56.6921407Z    1166.3 ms  ✓ libass_jll
2025-08-27T07:25:57.8071231Z    1363.8 ms  ✓ Pango_jll
2025-08-27T07:25:59.5688677Z    2876.4 ms  ✓ WebP
2025-08-27T07:26:00.6902357Z    2882.9 ms  ✓ LineSearches
2025-08-27T07:26:02.0352670Z    2466.1 ms  ✓ KernelDensity
2025-08-27T07:26:02.3712360Z    7409.1 ms  ✓ MathTeXEngine
2025-08-27T07:26:03.3611961Z    2657.2 ms  ✓ Netpbm
2025-08-27T07:26:04.0684147Z    2032.7 ms  ✓ FFMPEG_jll
2025-08-27T07:26:04.9044396Z    2532.9 ms  ✓ Cairo
2025-08-27T07:26:05.5353026Z    1466.5 ms  ✓ ImageIO
2025-08-27T07:26:08.0117008Z    4649.8 ms  ✓ Optim
2025-08-27T07:26:10.4664239Z    2454.3 ms  ✓ SimpleGraphs
2025-08-27T07:26:14.7321525Z    4265.2 ms  ✓ DelaunayTriangulation
2025-08-27T07:27:49.9811156Z   95247.1 ms  ✓ Makie
2025-08-27T07:28:04.0787838Z               ✗ CairoMakie
2025-08-27T07:28:04.0789699Z   268 dependencies successfully precompiled in 319 seconds. 47 already precompiled.
2025-08-27T07:28:04.0790768Z   2 dependencies had output during precompilation:
2025-08-27T07:28:04.0791576Z ┌ Formatting
2025-08-27T07:28:04.0792164Z │  ┌ Warning: DEPRECATION NOTICE
2025-08-27T07:28:04.0793022Z │  │ 
2025-08-27T07:28:04.0793907Z │  │ Formatting.jl has been unmaintained for a while, with some serious
2025-08-27T07:28:04.0795093Z │  │ correctness bugs compromising the original purpose of the package. As a result,
2025-08-27T07:28:04.0796003Z │  │ it has been deprecated - consider using an alternative, such as
2025-08-27T07:28:04.0797084Z │  │ `Format.jl` (https://github.com/JuliaString/Format.jl) or the `Printf` stdlib directly.
2025-08-27T07:28:04.0797925Z │  │ 
2025-08-27T07:28:04.0798347Z │  │ If you are not using Formatting.jl as a direct dependency, please consider
2025-08-27T07:28:04.0799014Z │  │ opening an issue on any packages you are using that do use it as a dependency.
2025-08-27T07:28:04.0799633Z │  │ From Julia 1.9 onwards, you can query `]why Formatting` to figure out which
2025-08-27T07:28:04.0800183Z │  │ package originally brings it in as a dependency.
2025-08-27T07:28:04.0800805Z │  └ @ Formatting C:\Users\runneradmin\.julia\packages\Formatting\3VxOt\src\Formatting.jl:12
2025-08-27T07:28:04.0801301Z └  
2025-08-27T07:28:04.0801549Z ┌ MKL_jll
2025-08-27T07:28:04.0801826Z │  Downloading artifact: IntelOpenMP
2025-08-27T07:28:04.0802190Z └  
2025-08-27T07:28:04.0802327Z 
2025-08-27T07:28:04.0802496Z The following 1 direct dependency failed to precompile:
2025-08-27T07:28:04.0802768Z 
2025-08-27T07:28:04.0802884Z CairoMakie 
2025-08-27T07:28:04.0803012Z 
2025-08-27T07:28:04.0803753Z Failed to precompile CairoMakie [13f3f980-e62b-5c42-98c6-ff1f3baf88f0] to "C:\\Users\\runneradmin\\.julia\\compiled\\v1.13\\CairoMakie\\jl_787A.tmp" (ProcessExited(1)).
2025-08-27T07:28:04.0805486Z ERROR: LoadError: FieldError: type Core.TypeName has no field `mt`, available fields: `name`, `module`, `singletonname`, `names`, `atomicfields`, `constfields`, `wrapper`, `Typeofwrapper`, `cache`, `linearcache`, `partial`, `hash`, `max_args`, `n_uninitialized`, `flags`, `cache_entry_count`, `max_methods`, `constprop_heuristic`
2025-08-27T07:28:04.0806563Z Stacktrace:
2025-08-27T07:28:04.0811167Z   [1] getproperty(x::Core.TypeName, f::Symbol)
2025-08-27T07:28:04.0811518Z     @ Base .\Base_compiler.jl:57
2025-08-27T07:28:04.0811874Z   [2] func2string(func::typeof(MakieCore.linesegments))
2025-08-27T07:28:04.0812312Z     @ MakieCore C:\Users\runneradmin\.julia\packages\MakieCore\tAY2U\src\recipes.jl:9
2025-08-27T07:28:04.0812899Z   [3] plotkey(::Type{MakieCore.LineSegments{Tuple{Vector{GeometryBasics.Point{2, Float32}}}}})
2025-08-27T07:28:04.0813471Z     @ MakieCore C:\Users\runneradmin\.julia\packages\MakieCore\tAY2U\src\recipes.jl:21
2025-08-27T07:28:04.0813999Z   [4] plotkey(::MakieCore.LineSegments{Tuple{Vector{GeometryBasics.Point{2, Float32}}}})
2025-08-27T07:28:04.0814560Z     @ MakieCore C:\Users\runneradmin\.julia\packages\MakieCore\tAY2U\src\recipes.jl:22
2025-08-27T07:28:04.0815225Z   [5] get_attribute(dict::MakieCore.LineSegments{Tuple{Vector{GeometryBasics.Point{2, Float32}}}}, key::Symbol, default::Nothing)
2025-08-27T07:28:04.0815867Z     @ MakieCore C:\Users\runneradmin\.julia\packages\MakieCore\tAY2U\src\attributes.jl:240
2025-08-27T07:28:04.0816483Z   [6] get_attribute(dict::MakieCore.LineSegments{Tuple{Vector{GeometryBasics.Point{2, Float32}}}}, key::Symbol)
2025-08-27T07:28:04.0817097Z     @ MakieCore C:\Users\runneradmin\.julia\packages\MakieCore\tAY2U\src\attributes.jl:237
2025-08-27T07:28:04.0817847Z   [7] draw_atomic(scene::Makie.Scene, screen::CairoMakie.Screen{CairoMakie.IMAGE}, primitive::Union{MakieCore.Lines, MakieCore.LineSegments})
2025-08-27T07:28:04.0818576Z     @ CairoMakie C:\Users\runneradmin\.julia\packages\CairoMakie\VqiwS\src\primitives.jl:6
2025-08-27T07:28:04.0819352Z   [8] draw_plot(scene::Makie.Scene, screen::CairoMakie.Screen{CairoMakie.IMAGE}, primitive::MakieCore.LineSegments{Tuple{Vector{GeometryBasics.Point{2, Float32}}}})
2025-08-27T07:28:04.0820150Z     @ CairoMakie C:\Users\runneradmin\.julia\packages\CairoMakie\VqiwS\src\infrastructure.jl:131
2025-08-27T07:28:04.0820665Z   [9] cairo_draw(screen::CairoMakie.Screen{CairoMakie.IMAGE}, scene::Makie.Scene)
2025-08-27T07:28:04.0821201Z     @ CairoMakie C:\Users\runneradmin\.julia\packages\CairoMakie\VqiwS\src\infrastructure.jl:51
2025-08-27T07:28:04.0821689Z  [10] colorbuffer(screen::CairoMakie.Screen{CairoMakie.IMAGE})
2025-08-27T07:28:04.0822125Z     @ CairoMakie C:\Users\runneradmin\.julia\packages\CairoMakie\VqiwS\src\screen.jl:307
2025-08-27T07:28:04.0822702Z  [11] colorbuffer(screen::CairoMakie.Screen{CairoMakie.IMAGE}, format::Makie.ImageStorageFormat)
2025-08-27T07:28:04.0823439Z     @ Makie C:\Users\runneradmin\.julia\packages\Makie\RgxaV\src\display.jl:363
2025-08-27T07:28:04.0824050Z  [12] colorbuffer(fig::Makie.FigureAxisPlot, format::Makie.ImageStorageFormat; update::Bool, backend::Module, screen_config::@Kwargs{})
2025-08-27T07:28:04.0824713Z     @ Makie C:\Users\runneradmin\.julia\packages\Makie\RgxaV\src\display.jl:439
2025-08-27T07:28:04.0825086Z  [13] colorbuffer
2025-08-27T07:28:04.0825405Z     @ C:\Users\runneradmin\.julia\packages\Makie\RgxaV\src\display.jl:434 [inlined]
2025-08-27T07:28:04.0825825Z  [14] colorbuffer(fig::Makie.FigureAxisPlot)
2025-08-27T07:28:04.0826186Z     @ Makie C:\Users\runneradmin\.julia\packages\Makie\RgxaV\src\display.jl:434
2025-08-27T07:28:04.0826563Z  [15] top-level scope
2025-08-27T07:28:04.0826930Z     @ C:\Users\runneradmin\.julia\packages\Makie\RgxaV\precompile\shared-precompile.jl:6
2025-08-27T07:28:04.0828583Z  [16] include(mapexpr::Function, mod::Module, _path::String)
2025-08-27T07:28:04.0829026Z     @ Base .\Base.jl:309
2025-08-27T07:28:04.0829284Z  [17] top-level scope
2025-08-27T07:28:04.0829617Z     @ C:\Users\runneradmin\.julia\packages\CairoMakie\VqiwS\src\precompiles.jl:11
2025-08-27T07:28:04.0830008Z  [18] macro expansion
2025-08-27T07:28:04.0830362Z     @ C:\Users\runneradmin\.julia\packages\PrecompileTools\Z8SWe\src\workloads.jl:73 [inlined]
2025-08-27T07:28:04.0830777Z  [19] macro expansion
2025-08-27T07:28:04.0831145Z     @ C:\Users\runneradmin\.julia\packages\CairoMakie\VqiwS\src\precompiles.jl:15 [inlined]
2025-08-27T07:28:04.0831596Z  [20] include(mapexpr::Function, mod::Module, _path::String)
2025-08-27T07:28:04.0831923Z     @ Base .\Base.jl:309
2025-08-27T07:28:04.0832164Z  [21] top-level scope
2025-08-27T07:28:04.0832473Z     @ C:\Users\runneradmin\.julia\packages\CairoMakie\VqiwS\src\CairoMakie.jl:37
2025-08-27T07:28:04.0832866Z  [22] include(mod::Module, _path::String)
2025-08-27T07:28:04.0833119Z     @ Base .\Base.jl:308
2025-08-27T07:28:04.0833829Z  [23] include_package_for_output(pkg::Base.PkgId, input::String, depot_path::Vector{String}, dl_load_path::Vector{String}, load_path::Vector{String}, concrete_deps::Vector{Pair{Base.PkgId, UInt128}}, source::Nothing)
2025-08-27T07:28:04.0834568Z     @ Base .\loading.jl:3019
2025-08-27T07:28:04.0834785Z  [24] top-level scope
2025-08-27T07:28:04.0834997Z     @ stdin:5
2025-08-27T07:28:04.0835198Z  [25] eval(m::Module, e::Any)
2025-08-27T07:28:04.0835417Z     @ Core .\boot.jl:489
2025-08-27T07:28:04.0835808Z  [26] include_string(mapexpr::typeof(identity), mod::Module, code::String, filename::String)
2025-08-27T07:28:04.0836215Z     @ Base .\loading.jl:2865
2025-08-27T07:28:04.0836426Z  [27] include_string
2025-08-27T07:28:04.0836653Z     @ .\loading.jl:2875 [inlined]
2025-08-27T07:28:04.0836904Z  [28] exec_options(opts::Base.JLOptions)
2025-08-27T07:28:04.0837183Z     @ Base .\client.jl:328
2025-08-27T07:28:04.0837421Z  [29] _start()
2025-08-27T07:28:04.0837609Z     @ Base .\client.jl:563
2025-08-27T07:28:04.0838070Z in expression starting at C:\Users\runneradmin\.julia\packages\Makie\RgxaV\precompile\shared-precompile.jl:4
2025-08-27T07:28:04.0838705Z in expression starting at C:\Users\runneradmin\.julia\packages\CairoMakie\VqiwS\src\precompiles.jl:10
2025-08-27T07:28:04.0839331Z in expression starting at C:\Users\runneradmin\.julia\packages\CairoMakie\VqiwS\src\CairoMakie.jl:1
2025-08-27T07:28:05.1172203Z in expression starting at stdin:Precompiling packages...
2025-08-27T07:28:14.9505131Z Info Given CairoMakie was explicitly requested, output will be shown live [0K
2025-08-27T07:28:14.9508714Z [0KERROR: LoadError: FieldError: type Core.TypeName has no field `mt`, available fields: `name`, `module`, `singletonname`, `names`, `atomicfields`, `constfields`, `wrapper`, `Typeofwrapper`, `cache`, `linearcache`, `partial`, `hash`, `max_args`, `n_uninitialized`, `flags`, `cache_entry_count`, `max_methods`, `constprop_heuristic`
2025-08-27T07:28:14.9510886Z [0KStacktrace:
2025-08-27T07:28:14.9576488Z [0K  [1] getproperty(x::Core.TypeName, f::Symbol)
2025-08-27T07:28:14.9582387Z [0K    @ Base .\Base_compiler.jl:57
2025-08-27T07:28:14.9586447Z [0K  [2] func2string(func::typeof(MakieCore.linesegments))
2025-08-27T07:28:14.9590983Z [0K    @ MakieCore C:\Users\runneradmin\.julia\packages\MakieCore\tAY2U\src\recipes.jl:9
2025-08-27T07:28:14.9633535Z [0K  [3] plotkey(::Type{MakieCore.LineSegments{Tuple{Vector{GeometryBasics.Point{2, Float32}}}}})
2025-08-27T07:28:14.9638428Z [0K    @ MakieCore C:\Users\runneradmin\.julia\packages\MakieCore\tAY2U\src\recipes.jl:21
2025-08-27T07:28:14.9648917Z [0K  [4] plotkey(::MakieCore.LineSegments{Tuple{Vector{GeometryBasics.Point{2, Float32}}}})
2025-08-27T07:28:14.9655480Z [0K    @ MakieCore C:\Users\runneradmin\.julia\packages\MakieCore\tAY2U\src\recipes.jl:22
2025-08-27T07:28:14.9666075Z [0K  [5] get_attribute(dict::MakieCore.LineSegments{Tuple{Vector{GeometryBasics.Point{2, Float32}}}}, key::Symbol, default::Nothing)
2025-08-27T07:28:14.9671132Z [0K    @ MakieCore C:\Users\runneradmin\.julia\packages\MakieCore\tAY2U\src\attributes.jl:240
2025-08-27T07:28:14.9680919Z [0K  [6] get_attribute(dict::MakieCore.LineSegments{Tuple{Vector{GeometryBasics.Point{2, Float32}}}}, key::Symbol)
2025-08-27T07:28:14.9685215Z [0K    @ MakieCore C:\Users\runneradmin\.julia\packages\MakieCore\tAY2U\src\attributes.jl:237
2025-08-27T07:28:14.9758813Z [0K  [7] draw_atomic(scene::Makie.Scene, screen::CairoMakie.Screen{CairoMakie.IMAGE}, primitive::Union{MakieCore.Lines, MakieCore.LineSegments})
2025-08-27T07:28:14.9764752Z [0K    @ CairoMakie C:\Users\runneradmin\.julia\packages\CairoMakie\VqiwS\src\primitives.jl:6
2025-08-27T07:28:14.9779743Z [0K  [8] draw_plot(scene::Makie.Scene, screen::CairoMakie.Screen{CairoMakie.IMAGE}, primitive::MakieCore.LineSegments{Tuple{Vector{GeometryBasics.Point{2, Float32}}}})
2025-08-27T07:28:14.9785308Z [0K    @ CairoMakie C:\Users\runneradmin\.julia\packages\CairoMakie\VqiwS\src\infrastructure.jl:131
2025-08-27T07:28:14.9791898Z [0K  [9] cairo_draw(screen::CairoMakie.Screen{CairoMakie.IMAGE}, scene::Makie.Scene)
2025-08-27T07:28:14.9797740Z [0K    @ CairoMakie C:\Users\runneradmin\.julia\packages\CairoMakie\VqiwS\src\infrastructure.jl:51
2025-08-27T07:28:14.9804408Z [0K [10] colorbuffer(screen::CairoMakie.Screen{CairoMakie.IMAGE})
2025-08-27T07:28:14.9809735Z [0K    @ CairoMakie C:\Users\runneradmin\.julia\packages\CairoMakie\VqiwS\src\screen.jl:307
2025-08-27T07:28:14.9816960Z [0K [11] colorbuffer(screen::CairoMakie.Screen{CairoMakie.IMAGE}, format::Makie.ImageStorageFormat)
2025-08-27T07:28:14.9821918Z [0K    @ Makie C:\Users\runneradmin\.julia\packages\Makie\RgxaV\src\display.jl:363
2025-08-27T07:28:14.9831051Z [0K [12] colorbuffer(fig::Makie.FigureAxisPlot, format::Makie.ImageStorageFormat; update::Bool, backend::Module, screen_config::@Kwargs{})
2025-08-27T07:28:14.9835984Z [0K    @ Makie C:\Users\runneradmin\.julia\packages\Makie\RgxaV\src\display.jl:439
2025-08-27T07:28:14.9839281Z [0K [13] colorbuffer
2025-08-27T07:28:14.9843284Z [0K    @ C:\Users\runneradmin\.julia\packages\Makie\RgxaV\src\display.jl:434 [inlined]
2025-08-27T07:28:14.9847197Z [0K [14] colorbuffer(fig::Makie.FigureAxisPlot)
2025-08-27T07:28:14.9852724Z [0K    @ Makie C:\Users\runneradmin\.julia\packages\Makie\RgxaV\src\display.jl:434
2025-08-27T07:28:14.9855320Z [0K [15] top-level scope
2025-08-27T07:28:14.9860328Z [0K    @ C:\Users\runneradmin\.julia\packages\Makie\RgxaV\precompile\shared-precompile.jl:6
2025-08-27T07:28:14.9863887Z [0K [16] include(mapexpr::Function, mod::Module, _path::String)
2025-08-27T07:28:14.9869061Z [0K    @ Base .\Base.jl:309
2025-08-27T07:28:14.9872727Z [0K [17] top-level scope
2025-08-27T07:28:14.9878172Z [0K    @ C:\Users\runneradmin\.julia\packages\CairoMakie\VqiwS\src\precompiles.jl:11
2025-08-27T07:28:14.9881645Z [0K [18] macro expansion
2025-08-27T07:28:14.9886930Z [0K    @ C:\Users\runneradmin\.julia\packages\PrecompileTools\Z8SWe\src\workloads.jl:73 [inlined]
2025-08-27T07:28:14.9889560Z [0K [19] macro expansion
2025-08-27T07:28:14.9894410Z [0K    @ C:\Users\runneradmin\.julia\packages\CairoMakie\VqiwS\src\precompiles.jl:15 [inlined]
2025-08-27T07:28:14.9898793Z [0K [20] include(mapexpr::Function, mod::Module, _path::String)
2025-08-27T07:28:14.9904104Z [0K    @ Base .\Base.jl:309
2025-08-27T07:28:14.9907589Z [0K [21] top-level scope
2025-08-27T07:28:14.9912199Z [0K    @ C:\Users\runneradmin\.julia\packages\CairoMakie\VqiwS\src\CairoMakie.jl:37
2025-08-27T07:28:14.9916948Z [0K [22] include(mod::Module, _path::String)
2025-08-27T07:28:14.9921888Z [0K    @ Base .\Base.jl:308
2025-08-27T07:28:14.9951542Z [0K [23] include_package_for_output(pkg::Base.PkgId, input::String, depot_path::Vector{String}, dl_load_path::Vector{String}, load_path::Vector{String}, concrete_deps::Vector{Pair{Base.PkgId, UInt128}}, source::Nothing)
2025-08-27T07:28:14.9955859Z [0K    @ Base .\loading.jl:3019
2025-08-27T07:28:14.9959466Z [0K [24] top-level scope
2025-08-27T07:28:14.9964056Z [0K    @ stdin:5
2025-08-27T07:28:14.9967771Z [0K [25] eval(m::Module, e::Any)
2025-08-27T07:28:14.9973504Z [0K    @ Core .\boot.jl:489
2025-08-27T07:28:14.9978245Z [0K [26] include_string(mapexpr::typeof(identity), mod::Module, code::String, filename::String)
2025-08-27T07:28:14.9983379Z [0K    @ Base .\loading.jl:2865
2025-08-27T07:28:14.9987645Z [0K [27] include_string
2025-08-27T07:28:14.9991989Z [0K    @ .\loading.jl:2875 [inlined]
2025-08-27T07:28:14.9997086Z [0K [28] exec_options(opts::Base.JLOptions)
2025-08-27T07:28:15.0001666Z [0K    @ Base .\client.jl:328
2025-08-27T07:28:15.0005450Z [0K [29] _start()
2025-08-27T07:28:15.0011390Z [0K    @ Base .\client.jl:563
2025-08-27T07:28:15.0012995Z [0Kin expression starting at C:\Users\runneradmin\.julia\packages\Makie\RgxaV\precompile\shared-precompile.jl:4
2025-08-27T07:28:15.0014403Z [0Kin expression starting at C:\Users\runneradmin\.julia\packages\CairoMakie\VqiwS\src\precompiles.jl:10
2025-08-27T07:28:15.0015691Z [0Kin expression starting at C:\Users\runneradmin\.julia\packages\CairoMakie\VqiwS\src\CairoMakie.jl:1
2025-08-27T07:28:15.0016626Z [0Kin expression starting at stdin:5
2025-08-27T07:28:15.1347152Z               ✗ CairoMakie
2025-08-27T07:28:15.1347853Z   0 dependencies successfully precompiled in 11 seconds. 314 already precompiled.
2025-08-27T07:28:15.1348404Z 
2025-08-27T07:28:15.5580464Z ERROR: The following 1 direct dependency failed to precompile:
2025-08-27T07:28:15.5580992Z 
2025-08-27T07:28:15.5581113Z CairoMakie 
2025-08-27T07:28:15.5581283Z 
2025-08-27T07:28:15.5582006Z Failed to precompile CairoMakie [13f3f980-e62b-5c42-98c6-ff1f3baf88f0] to "C:\\Users\\runneradmin\\.julia\\compiled\\v1.13\\CairoMakie\\jl_B3B1.tmp" (ProcessExited(1)).
2025-08-27T07:28:15.5583468Z ERROR: LoadError: FieldError: type Core.TypeName has no field `mt`, available fields: `name`, `module`, `singletonname`, `names`, `atomicfields`, `constfields`, `wrapper`, `Typeofwrapper`, `cache`, `linearcache`, `partial`, `hash`, `max_args`, `n_uninitialized`, `flags`, `cache_entry_count`, `max_methods`, `constprop_heuristic`
2025-08-27T07:28:15.5584536Z Stacktrace:
2025-08-27T07:28:15.5584808Z   [1] getproperty(x::Core.TypeName, f::Symbol)
2025-08-27T07:28:15.5585088Z     @ Base .\Base_compiler.jl:57
2025-08-27T07:28:15.5585404Z   [2] func2string(func::typeof(MakieCore.linesegments))
2025-08-27T07:28:15.5585849Z     @ MakieCore C:\Users\runneradmin\.julia\packages\MakieCore\tAY2U\src\recipes.jl:9
2025-08-27T07:28:15.5586395Z   [3] plotkey(::Type{MakieCore.LineSegments{Tuple{Vector{GeometryBasics.Point{2, Float32}}}}})
2025-08-27T07:28:15.5586952Z     @ MakieCore C:\Users\runneradmin\.julia\packages\MakieCore\tAY2U\src\recipes.jl:21
2025-08-27T07:28:15.5587487Z   [4] plotkey(::MakieCore.LineSegments{Tuple{Vector{GeometryBasics.Point{2, Float32}}}})
2025-08-27T07:28:15.5587988Z     @ MakieCore C:\Users\runneradmin\.julia\packages\MakieCore\tAY2U\src\recipes.jl:22
2025-08-27T07:28:15.5588853Z   [5] get_attribute(dict::MakieCore.LineSegments{Tuple{Vector{GeometryBasics.Point{2, Float32}}}}, key::Symbol, default::Nothing)
2025-08-27T07:28:15.5589825Z     @ MakieCore C:\Users\runneradmin\.julia\packages\MakieCore\tAY2U\src\attributes.jl:240
2025-08-27T07:28:15.5590414Z   [6] get_attribute(dict::MakieCore.LineSegments{Tuple{Vector{GeometryBasics.Point{2, Float32}}}}, key::Symbol)
2025-08-27T07:28:15.5591015Z     @ MakieCore C:\Users\runneradmin\.julia\packages\MakieCore\tAY2U\src\attributes.jl:237
2025-08-27T07:28:15.5591715Z   [7] draw_atomic(scene::Makie.Scene, screen::CairoMakie.Screen{CairoMakie.IMAGE}, primitive::Union{MakieCore.Lines, MakieCore.LineSegments})
2025-08-27T07:28:15.5592387Z     @ CairoMakie C:\Users\runneradmin\.julia\packages\CairoMakie\VqiwS\src\primitives.jl:6
2025-08-27T07:28:15.5593156Z   [8] draw_plot(scene::Makie.Scene, screen::CairoMakie.Screen{CairoMakie.IMAGE}, primitive::MakieCore.LineSegments{Tuple{Vector{GeometryBasics.Point{2, Float32}}}})
2025-08-27T07:28:15.5594075Z     @ CairoMakie C:\Users\runneradmin\.julia\packages\CairoMakie\VqiwS\src\infrastructure.jl:131
2025-08-27T07:28:15.5594601Z   [9] cairo_draw(screen::CairoMakie.Screen{CairoMakie.IMAGE}, scene::Makie.Scene)
2025-08-27T07:28:15.5595135Z     @ CairoMakie C:\Users\runneradmin\.julia\packages\CairoMakie\VqiwS\src\infrastructure.jl:51
2025-08-27T07:28:15.5595919Z  [10] colorbuffer(screen::CairoMakie.Screen{CairoMakie.IMAGE})
2025-08-27T07:28:15.5596683Z     @ CairoMakie C:\Users\runneradmin\.julia\packages\CairoMakie\VqiwS\src\screen.jl:307
2025-08-27T07:28:15.5597727Z  [11] colorbuffer(screen::CairoMakie.Screen{CairoMakie.IMAGE}, format::Makie.ImageStorageFormat)
2025-08-27T07:28:15.5598723Z     @ Makie C:\Users\runneradmin\.julia\packages\Makie\RgxaV\src\display.jl:363
2025-08-27T07:28:15.5599888Z  [12] colorbuffer(fig::Makie.FigureAxisPlot, format::Makie.ImageStorageFormat; update::Bool, backend::Module, screen_config::@Kwargs{})
2025-08-27T07:28:15.5600758Z     @ Makie C:\Users\runneradmin\.julia\packages\Makie\RgxaV\src\display.jl:439
2025-08-27T07:28:15.5601131Z  [13] colorbuffer
2025-08-27T07:28:15.5601441Z     @ C:\Users\runneradmin\.julia\packages\Makie\RgxaV\src\display.jl:434 [inlined]
2025-08-27T07:28:15.5601872Z  [14] colorbuffer(fig::Makie.FigureAxisPlot)
2025-08-27T07:28:15.5602257Z     @ Makie C:\Users\runneradmin\.julia\packages\Makie\RgxaV\src\display.jl:434
2025-08-27T07:28:15.5602595Z  [15] top-level scope
2025-08-27T07:28:15.5602953Z     @ C:\Users\runneradmin\.julia\packages\Makie\RgxaV\precompile\shared-precompile.jl:6
2025-08-27T07:28:15.5603390Z  [16] include(mapexpr::Function, mod::Module, _path::String)
2025-08-27T07:28:15.5603707Z     @ Base .\Base.jl:309
2025-08-27T07:28:15.5603923Z  [17] top-level scope
2025-08-27T07:28:15.5604236Z     @ C:\Users\runneradmin\.julia\packages\CairoMakie\VqiwS\src\precompiles.jl:11
2025-08-27T07:28:15.5604611Z  [18] macro expansion
2025-08-27T07:28:15.5604980Z     @ C:\Users\runneradmin\.julia\packages\PrecompileTools\Z8SWe\src\workloads.jl:73 [inlined]
2025-08-27T07:28:15.5605364Z  [19] macro expansion
2025-08-27T07:28:15.5605722Z     @ C:\Users\runneradmin\.julia\packages\CairoMakie\VqiwS\src\precompiles.jl:15 [inlined]
2025-08-27T07:28:15.5606157Z  [20] include(mapexpr::Function, mod::Module, _path::String)
2025-08-27T07:28:15.5606470Z     @ Base .\Base.jl:309
2025-08-27T07:28:15.5606699Z  [21] top-level scope
2025-08-27T07:28:15.5607003Z     @ C:\Users\runneradmin\.julia\packages\CairoMakie\VqiwS\src\CairoMakie.jl:37
2025-08-27T07:28:15.5607393Z  [22] include(mod::Module, _path::String)
2025-08-27T07:28:15.5607667Z     @ Base .\Base.jl:308
2025-08-27T07:28:15.5608342Z  [23] include_package_for_output(pkg::Base.PkgId, input::String, depot_path::Vector{String}, dl_load_path::Vector{String}, load_path::Vector{String}, concrete_deps::Vector{Pair{Base.PkgId, UInt128}}, source::Nothing)
2025-08-27T07:28:15.5609067Z     @ Base .\loading.jl:3019
2025-08-27T07:28:15.5609319Z  [24] top-level scope
2025-08-27T07:28:15.5609510Z     @ stdin:5
2025-08-27T07:28:15.5609730Z  [25] eval(m::Module, e::Any)
2025-08-27T07:28:15.5610107Z     @ Core .\boot.jl:489
2025-08-27T07:28:15.5610470Z  [26] include_string(mapexpr::typeof(identity), mod::Module, code::String, filename::String)
2025-08-27T07:28:15.5610886Z     @ Base .\loading.jl:2865
2025-08-27T07:28:15.5611093Z  [27] include_string
2025-08-27T07:28:15.5611317Z     @ .\loading.jl:2875 [inlined]
2025-08-27T07:28:15.5611593Z  [28] exec_options(opts::Base.JLOptions)
2025-08-27T07:28:15.5611848Z     @ Base .\client.jl:328
2025-08-27T07:28:15.5612074Z  [29] _start()
2025-08-27T07:28:15.5612256Z     @ Base .\client.jl:563
2025-08-27T07:28:15.5612697Z in expression starting at C:\Users\runneradmin\.julia\packages\Makie\RgxaV\precompile\shared-precompile.jl:4
2025-08-27T07:28:15.5613345Z in expression starting at C:\Users\runneradmin\.julia\packages\CairoMakie\VqiwS\src\precompiles.jl:10
2025-08-27T07:28:15.5614014Z in expression starting at C:\Users\runneradmin\.julia\packages\CairoMakie\VqiwS\src\CairoMakie.jl:1
2025-08-27T07:28:15.5614471Z in expression starting at stdin:
2025-08-27T07:28:15.8022878Z ##[error]Process completed with exit code 1.
2025-08-27T07:28:15.8227188Z Post job cleanup.
2025-08-27T07:28:15.8325154Z Post job cleanup.
2025-08-27T07:28:17.1556518Z       Active manifest files: 1 found
2025-08-27T07:28:17.2168813Z       Active artifact files: 57 found
2025-08-27T07:28:17.2196844Z       Active scratchspaces: 0 found
2025-08-27T07:28:17.3846231Z      Deleted no artifacts, repos, packages or scratchspaces
2025-08-27T07:28:22.6009807Z No existing caches found on ref `refs/heads/main` matching restore key `julia-cache;workflow=CI;job=test;os=Windows;version=nightly;os=windows-latest;arch=x64;`
2025-08-27T07:28:22.6485556Z Post job cleanup.
2025-08-27T07:28:22.8578430Z [command]"C:\Program Files\Git\bin\git.exe" version
2025-08-27T07:28:22.8791915Z git version 2.50.1.windows.1
2025-08-27T07:28:22.8858068Z Temporarily overriding HOME='D:\a\_temp\bd22d0d2-2f60-4b1f-b243-328057cb2864' before making global git config changes
2025-08-27T07:28:22.8858750Z Adding repository directory to the temporary git global config as a safe directory
2025-08-27T07:28:22.8868876Z [command]"C:\Program Files\Git\bin\git.exe" config --global --add safe.directory D:\a\JuliaTestRocket\JuliaTestRocket
2025-08-27T07:28:22.9111065Z [command]"C:\Program Files\Git\bin\git.exe" config --local --name-only --get-regexp core\.sshCommand
2025-08-27T07:28:22.9334442Z [command]"C:\Program Files\Git\bin\git.exe" submodule foreach --recursive "sh -c \"git config --local --name-only --get-regexp 'core\.sshCommand' && git config --local --unset-all 'core.sshCommand' || :\""
2025-08-27T07:28:23.3774444Z [command]"C:\Program Files\Git\bin\git.exe" config --local --name-only --get-regexp http\.https\:\/\/github\.com\/\.extraheader
2025-08-27T07:28:23.3965974Z http.https://github.com/.extraheader
2025-08-27T07:28:23.3999602Z [command]"C:\Program Files\Git\bin\git.exe" config --local --unset-all http.https://github.com/.extraheader
2025-08-27T07:28:23.4220214Z [command]"C:\Program Files\Git\bin\git.exe" submodule foreach --recursive "sh -c \"git config --local --name-only --get-regexp 'http\.https\:\/\/github\.com\/\.extraheader' && git config --local --unset-all 'http.https://github.com/.extraheader' || :\""
2025-08-27T07:28:23.8348373Z Cleaning up orphan processes
