2025-08-27T07:21:17.2654543Z ##[group]Run julia-actions/cache@v1
2025-08-27T07:21:17.2654857Z with:
2025-08-27T07:21:17.2655096Z   cache-name: julia-cache;workflow=CI;job=smoke-glmakie
2025-08-27T07:21:17.2655388Z   include-matrix: true
2025-08-27T07:21:17.2655583Z   cache-artifacts: true
2025-08-27T07:21:17.2655781Z   cache-packages: true
2025-08-27T07:21:17.2655975Z   cache-registries: true
2025-08-27T07:21:17.2656178Z   cache-compiled: true
2025-08-27T07:21:17.2656378Z   cache-scratchspaces: true
2025-08-27T07:21:17.2656589Z   cache-logs: true
2025-08-27T07:21:17.2656776Z   delete-old-caches: true
2025-08-27T07:21:17.2657381Z   token: ***
2025-08-27T07:21:17.2657607Z ##[endgroup]
2025-08-27T07:21:17.2767794Z ##[group]Run if [ -n "" ]; then
2025-08-27T07:21:17.2768158Z [36;1mif [ -n "" ]; then[0m
2025-08-27T07:21:17.2768379Z [36;1m    depot=""[0m
2025-08-27T07:21:17.2768631Z [36;1melif [ -n "$JULIA_DEPOT_PATH" ]; then[0m
2025-08-27T07:21:17.2768911Z [36;1m    # Use the first depot path[0m
2025-08-27T07:21:17.2769241Z [36;1m    depot=$(echo $JULIA_DEPOT_PATH | cut -d$PATH_DELIMITER -f1)[0m
2025-08-27T07:21:17.2769588Z [36;1melse[0m
2025-08-27T07:21:17.2769767Z [36;1m    depot="~/.julia"[0m
2025-08-27T07:21:17.2769962Z [36;1mfi[0m
2025-08-27T07:21:17.2770190Z [36;1mecho "depot=$depot" | tee -a "$GITHUB_OUTPUT"[0m
2025-08-27T07:21:17.2770449Z [36;1m[0m
2025-08-27T07:21:17.2770608Z [36;1mcache_paths=()[0m
2025-08-27T07:21:17.2770830Z [36;1martifacts_path="${depot}/artifacts"[0m
2025-08-27T07:21:17.2771140Z [36;1m[ "true" = "true" ] && cache_paths+=("$artifacts_path")[0m
2025-08-27T07:21:17.2771459Z [36;1mpackages_path="${depot}/packages"[0m
2025-08-27T07:21:17.2771737Z [36;1m[ "true" = "true" ] && cache_paths+=("$packages_path")[0m
2025-08-27T07:21:17.2772037Z [36;1mregistries_path="${depot}/registries"[0m
2025-08-27T07:21:17.2772288Z [36;1mif [ "true" = "true" ]; then[0m
2025-08-27T07:21:17.2772560Z [36;1m    if [ ! -d "${registries_path/#\~/$HOME}" ]; then[0m
2025-08-27T07:21:17.2772852Z [36;1m        cache_paths+=("$registries_path")[0m
2025-08-27T07:21:17.2773102Z [36;1m    else[0m
2025-08-27T07:21:17.2773895Z [36;1m        echo "::warning::Julia depot registries already exist. Skipping restoring of cached registries to avoid potential merge conflicts when updating. Please ensure that \`julia-actions/cache\` precedes any workflow steps which add registries."[0m
2025-08-27T07:21:17.2774730Z [36;1m    fi[0m
2025-08-27T07:21:17.2774897Z [36;1mfi[0m
2025-08-27T07:21:17.2775084Z [36;1mcompiled_path="${depot}/compiled"[0m
2025-08-27T07:21:17.2775367Z [36;1m[ "true" = "true" ] && cache_paths+=("$compiled_path")[0m
2025-08-27T07:21:17.2775682Z [36;1mscratchspaces_path="${depot}/scratchspaces"[0m
2025-08-27T07:21:17.2775994Z [36;1m[ "true" = "true" ] && cache_paths+=("$scratchspaces_path")[0m
2025-08-27T07:21:17.2776281Z [36;1mlogs_path="${depot}/logs"[0m
2025-08-27T07:21:17.2776537Z [36;1m[ "true" = "true" ] && cache_paths+=("$logs_path")[0m
2025-08-27T07:21:17.2776792Z [36;1m{[0m
2025-08-27T07:21:17.2777328Z [36;1m    echo "cache-paths<<EOF"[0m
2025-08-27T07:21:17.2777586Z [36;1m    printf "%s\n" "${cache_paths[@]}"[0m
2025-08-27T07:21:17.2777830Z [36;1m    echo "EOF"[0m
2025-08-27T07:21:17.2778029Z [36;1m} | tee -a "$GITHUB_OUTPUT"[0m
2025-08-27T07:21:17.2855306Z shell: /usr/bin/bash --noprofile --norc -e -o pipefail {0}
2025-08-27T07:21:17.2855653Z env:
2025-08-27T07:21:17.2855822Z   PATH_DELIMITER: :
2025-08-27T07:21:17.2856013Z ##[endgroup]
2025-08-27T07:21:17.2945318Z depot=~/.julia
2025-08-27T07:21:17.2959914Z cache-paths<<EOF
2025-08-27T07:21:17.2960275Z ~/.julia/artifacts
2025-08-27T07:21:17.2960578Z ~/.julia/packages
2025-08-27T07:21:17.2960847Z ~/.julia/registries
2025-08-27T07:21:17.2961041Z ~/.julia/compiled
2025-08-27T07:21:17.2961232Z ~/.julia/scratchspaces
2025-08-27T07:21:17.2961423Z ~/.julia/logs
2025-08-27T07:21:17.2961593Z EOF
2025-08-27T07:21:17.3013586Z ##[group]Run # `matrix_key` joins all of matrix keys/values (including nested objects) to ensure that concurrent runs each use a unique cache key.
2025-08-27T07:21:17.3014646Z [36;1m# `matrix_key` joins all of matrix keys/values (including nested objects) to ensure that concurrent runs each use a unique cache key.[0m
2025-08-27T07:21:17.3015261Z [36;1m# When `matrix` isn't set for the job then `MATRIX_JSON=null`.[0m
2025-08-27T07:21:17.3015665Z [36;1mif [ "true" == "true" ] && [ "$MATRIX_JSON" != "null" ]; then[0m
2025-08-27T07:21:17.3016205Z [36;1m  matrix_key=$(echo "$MATRIX_JSON" | jq 'paths(type != "object") as $p | ($p | join("-")) + "=" + (getpath($p) | tostring)' | jq -rs 'join(";") | . + ";"')[0m
2025-08-27T07:21:17.3016660Z [36;1mfi[0m
2025-08-27T07:21:17.3017165Z [36;1mrestore_key="julia-cache;workflow=CI;job=smoke-glmakie;os=Linux;${matrix_key}"[0m
2025-08-27T07:21:17.3017742Z [36;1m# URL encode any restricted characters:[0m
2025-08-27T07:21:17.3018325Z [36;1m# https://github.com/actions/toolkit/blob/5430c5d84832076372990c7c27f900878ff66dc9/packages/cache/src/cache.ts#L38-L43[0m
2025-08-27T07:21:17.3018934Z [36;1mrestore_key=$(sed 's/,/%2C/g' <<<"${restore_key}")[0m
2025-08-27T07:21:17.3019267Z [36;1mkey="${restore_key}run_id=17260080498;run_attempt=1"[0m
2025-08-27T07:21:17.3019615Z [36;1mecho "restore-key=${restore_key}" >> $GITHUB_OUTPUT[0m
2025-08-27T07:21:17.3019922Z [36;1mecho "key=${key}" >> $GITHUB_OUTPUT[0m
2025-08-27T07:21:17.3056421Z shell: /usr/bin/bash --noprofile --norc -e -o pipefail {0}
2025-08-27T07:21:17.3056738Z env:
2025-08-27T07:21:17.3056936Z   MATRIX_JSON: null
2025-08-27T07:21:17.3057339Z ##[endgroup]
2025-08-27T07:21:17.3161530Z ##[group]Run actions/cache@4d4ae6ae148a43d0fd1eda1800170683e9882738
2025-08-27T07:21:17.3161861Z with:
2025-08-27T07:21:17.3162278Z   path: ~/.julia/artifacts
~/.julia/packages
~/.julia/registries
~/.julia/compiled
~/.julia/scratchspaces
~/.julia/logs

2025-08-27T07:21:17.3162898Z   key: julia-cache;workflow=CI;job=smoke-glmakie;os=Linux;run_id=17260080498;run_attempt=1
2025-08-27T07:21:17.3163356Z   restore-keys: julia-cache;workflow=CI;job=smoke-glmakie;os=Linux;
2025-08-27T07:21:17.3163699Z   enableCrossOsArchive: false
2025-08-27T07:21:17.3163934Z   fail-on-cache-miss: false
2025-08-27T07:21:17.3164147Z   lookup-only: false
2025-08-27T07:21:17.3164334Z ##[endgroup]
2025-08-27T07:21:17.5451762Z ##[warning]Failed to restore: Cache service responded with 400
2025-08-27T07:21:17.5452946Z Cache not found for input keys: julia-cache;workflow=CI;job=smoke-glmakie;os=Linux;run_id=17260080498;run_attempt=1, julia-cache;workflow=CI;job=smoke-glmakie;os=Linux;
2025-08-27T07:21:17.5503494Z ##[group]Run mkdir -p ~/.julia
2025-08-27T07:21:17.5503785Z [36;1mmkdir -p ~/.julia[0m
2025-08-27T07:21:17.5504010Z [36;1mdu -shc ~/.julia/* || true[0m
2025-08-27T07:21:17.5543738Z shell: /usr/bin/bash --noprofile --norc -e -o pipefail {0}
2025-08-27T07:21:17.5544070Z ##[endgroup]
2025-08-27T07:21:17.5901792Z du: cannot access '/home/runner/.julia/*': No such file or directory
2025-08-27T07:21:17.5902640Z 0	total
2025-08-27T07:21:17.5939347Z ##[group]Run pyTooling/Actions/with-post-step@adef08d3bdef092282614f3b683897cefae82ee3
2025-08-27T07:21:17.5939934Z with:
2025-08-27T07:21:17.5940104Z   main: echo ""
2025-08-27T07:21:17.5940642Z   post: julia $GITHUB_ACTION_PATH/handle_caches.jl rm "bakulev/JuliaTestRocket" "julia-cache;workflow=CI;job=smoke-glmakie;os=Linux;" "refs/heads/main" "true"
2025-08-27T07:21:17.5941265Z   key: POST
2025-08-27T07:21:17.5941430Z env:
2025-08-27T07:21:17.5941772Z   GH_TOKEN: ***
2025-08-27T07:21:17.5941961Z ##[endgroup]
2025-08-27T07:21:17.6182639Z 
2025-08-27T07:21:17.6237616Z ##[group]Run echo "cache-hit=$CACHE_HIT" >> $GITHUB_OUTPUT
2025-08-27T07:21:17.6237987Z [36;1mecho "cache-hit=$CACHE_HIT" >> $GITHUB_OUTPUT[0m
2025-08-27T07:21:17.6275424Z shell: /usr/bin/bash --noprofile --norc -e -o pipefail {0}
2025-08-27T07:21:17.6275748Z env:
2025-08-27T07:21:17.6275914Z   CACHE_HIT: 
2025-08-27T07:21:17.6276084Z ##[endgroup]
